2026-08-09 01:51:15,474 | INFO | 📊 Загружена статистика SNI: 26 доменов
2026-08-09 01:51:15,474 | INFO | === SING-BOX STATUS ===
2026-08-09 01:51:15,482 | INFO | sing-box version 1.13.16

Environment: go1.25.12 linux/amd64
Tags: with_gvisor,with_quic,with_dhcp,with_wireguard,with_utls,with_acme,with_clash_api,with_tailscale,with_ccm,with_ocm,with_naive_outbound,badlinkname,tfogo_checklinkname0,with_musl
Revision: 17ec3c71af8ca946dc50bf0d927c39fc77322aec
CGO: enabled
2026-08-09 01:51:15,483 | INFO | 
--- STEP 1: FETCHING SOURCES ---
2026-08-09 01:51:15,596 | INFO | Loaded 153 lines from https://raw.githubusercontent.com/igareck/vpn-conf...
2026-08-09 01:51:15,687 | INFO | Loaded 0 lines from https://raw.githubusercontent.com/igareck/vpn-conf...
2026-08-09 01:51:15,825 | INFO | Loaded 8 lines from https://raw.githubusercontent.com/igareck/vpn-conf...
2026-08-09 01:51:15,920 | INFO | Loaded 14 lines from https://raw.githubusercontent.com/igareck/vpn-conf...
2026-08-09 01:51:16,059 | INFO | Loaded 249 lines from https://raw.githubusercontent.com/igareck/vpn-conf...
2026-08-09 01:51:16,155 | INFO | Loaded 431 lines from https://raw.githubusercontent.com/igareck/vpn-conf...
2026-08-09 01:51:16,249 | INFO | Loaded 151 lines from https://raw.githubusercontent.com/igareck/vpn-conf...
2026-08-09 01:51:16,394 | INFO | Loaded 371 lines from https://raw.githubusercontent.com/FLAT447/v2ray-li...
2026-08-09 01:51:16,394 | INFO | 
--- STEP 2: VALIDATION ---
2026-08-09 01:51:16,396 | INFO | Unique VLESS configs: 1019
2026-08-09 01:51:16,424 | INFO | Archive updated: 10000 nodes (limit 10000)
2026-08-09 01:51:16,429 | INFO | 
--- STEP 3: LIVE CHECK (1019 nodes, threads: 40) ---
2026-08-09 01:51:31,587 | INFO | ⏱️ Время проверки: 15.2 сек
2026-08-09 01:51:31,587 | INFO | 
--- RESULT: Found 107 live nodes ---
2026-08-09 01:51:31,587 | INFO | After dedup: 107
2026-08-09 01:51:31,603 | INFO | alive_archive.txt updated: 5000 nodes (limit 5000)
2026-08-09 01:51:31,603 | INFO | Subscription updated: /home/runner/work/sbornik/sbornik/subs/vless_001.txt
2026-08-09 01:51:31,603 | INFO | 
--- STATS BY PROTOCOL ---
2026-08-09 01:51:31,603 | INFO | reality: 93
2026-08-09 01:51:31,603 | INFO | tls: 5
2026-08-09 01:51:31,603 | INFO | ws: 7
2026-08-09 01:51:31,603 | INFO | other: 2
2026-08-09 01:51:31,603 | INFO | 
--- TOP SNI STATS ---
2026-08-09 01:51:31,603 | INFO | api-maps.yandex.ru: 218 успешных мутаций
2026-08-09 01:51:31,603 | INFO | mail.ru: 66 успешных мутаций
2026-08-09 01:51:31,603 | INFO | yandex.ru: 60 успешных мутаций
2026-08-09 01:51:31,603 | INFO | ozon.ru: 59 успешных мутаций
2026-08-09 01:51:31,603 | INFO | vk.com: 49 успешных мутаций
2026-08-09 01:51:31,604 | INFO | wildberries.ru: 49 успешных мутаций
2026-08-09 01:51:31,604 | INFO | ok.ru: 45 успешных мутаций
2026-08-09 01:51:31,604 | INFO | dzen.ru: 7 успешных мутаций
2026-08-09 01:51:31,604 | INFO | rutube.ru: 3 успешных мутаций
2026-08-09 01:51:31,604 | INFO | cdn.x5.ru: 1 успешных мутаций
2026-08-09 01:51:31,604 | INFO | 💾 Статистика SNI сохранена
