2026-08-26 04:40:59,070 | INFO | 📊 Загружена статистика SNI: 26 доменов
2026-08-26 04:40:59,070 | INFO | === SING-BOX STATUS ===
2026-08-26 04:40:59,077 | INFO | sing-box version 1.13.19

Environment: go1.25.12 linux/amd64
Tags: with_gvisor,with_quic,with_dhcp,with_wireguard,with_utls,with_acme,with_clash_api,with_tailscale,with_ccm,with_ocm,with_naive_outbound,badlinkname,tfogo_checklinkname0,with_musl
Revision: b5ebaa1fc0f2b94256180b95468e73ef53caa27d
CGO: enabled
2026-08-26 04:40:59,077 | INFO | 
--- STEP 1: FETCHING SOURCES ---
2026-08-26 04:40:59,155 | INFO | Loaded 92 lines from https://raw.githubusercontent.com/igareck/vpn-conf...
2026-08-26 04:40:59,275 | INFO | Loaded 0 lines from https://raw.githubusercontent.com/igareck/vpn-conf...
2026-08-26 04:40:59,394 | INFO | Loaded 41 lines from https://raw.githubusercontent.com/igareck/vpn-conf...
2026-08-26 04:40:59,515 | INFO | Loaded 16 lines from https://raw.githubusercontent.com/igareck/vpn-conf...
2026-08-26 04:40:59,635 | INFO | Loaded 97 lines from https://raw.githubusercontent.com/igareck/vpn-conf...
2026-08-26 04:40:59,720 | INFO | Loaded 121 lines from https://raw.githubusercontent.com/igareck/vpn-conf...
2026-08-26 04:40:59,817 | INFO | Loaded 153 lines from https://raw.githubusercontent.com/igareck/vpn-conf...
2026-08-26 04:41:00,220 | INFO | Loaded 489 lines from https://raw.githubusercontent.com/FLAT447/v2ray-li...
2026-08-26 04:41:00,220 | INFO | 
--- STEP 2: VALIDATION ---
2026-08-26 04:41:00,221 | INFO | Unique VLESS configs: 738
2026-08-26 04:41:00,243 | INFO | Archive updated: 10000 nodes (limit 10000)
2026-08-26 04:41:00,246 | INFO | 
--- STEP 3: LIVE CHECK (738 nodes, threads: 40) ---
2026-08-26 04:45:02,662 | INFO | ⏱️ Время проверки: 242.4 сек
2026-08-26 04:45:02,662 | INFO | 
--- RESULT: Found 101 live nodes ---
2026-08-26 04:45:02,662 | INFO | After dedup: 101
2026-08-26 04:45:02,670 | INFO | alive_archive.txt updated: 5000 nodes (limit 5000)
2026-08-26 04:45:02,671 | INFO | Subscription updated: /home/runner/work/sbornik/sbornik/subs/vless_001.txt
2026-08-26 04:45:02,671 | INFO | 
--- STATS BY PROTOCOL ---
2026-08-26 04:45:02,671 | INFO | reality: 94
2026-08-26 04:45:02,671 | INFO | ws: 6
2026-08-26 04:45:02,671 | INFO | other: 1
2026-08-26 04:45:02,671 | INFO | 
--- TOP SNI STATS ---
2026-08-26 04:45:02,671 | INFO | api-maps.yandex.ru: 259 успешных мутаций
2026-08-26 04:45:02,671 | INFO | ozon.ru: 103 успешных мутаций
2026-08-26 04:45:02,671 | INFO | yandex.ru: 96 успешных мутаций
2026-08-26 04:45:02,671 | INFO | vk.com: 91 успешных мутаций
2026-08-26 04:45:02,671 | INFO | mail.ru: 90 успешных мутаций
2026-08-26 04:45:02,671 | INFO | wildberries.ru: 84 успешных мутаций
2026-08-26 04:45:02,671 | INFO | ok.ru: 72 успешных мутаций
2026-08-26 04:45:02,671 | INFO | storage.yandex.net: 16 успешных мутаций
2026-08-26 04:45:02,671 | INFO | dzen.ru: 8 успешных мутаций
2026-08-26 04:45:02,671 | INFO | rutube.ru: 7 успешных мутаций
2026-08-26 04:45:02,671 | INFO | 💾 Статистика SNI сохранена
