2026-09-24 03:40:34,977 | INFO | 📊 Загружена статистика SNI: 26 доменов
2026-09-24 03:40:34,977 | INFO | === SING-BOX STATUS ===
2026-09-24 03:40:35,012 | INFO | sing-box version 1.14.1

Environment: go1.26.8 linux/amd64
Tags: with_gvisor,with_quic,with_dhcp,with_wireguard,with_utls,with_acme,with_clash_api,with_tailscale,with_ccm,with_ocm,with_cloudflared,with_naive_outbound,with_usbip,with_openvpn,with_openconnect,badlinkname,tfogo_checklinkname0,with_musl
Revision: 1ac1a339cb1223e9c70eae14c44411c75033c02d
CGO: enabled
2026-09-24 03:40:35,012 | INFO | 
--- STEP 1: FETCHING SOURCES ---
2026-09-24 03:40:35,052 | INFO | Loaded 54 lines from https://raw.githubusercontent.com/igareck/vpn-conf...
2026-09-24 03:40:35,114 | INFO | Loaded 0 lines from https://raw.githubusercontent.com/igareck/vpn-conf...
2026-09-24 03:40:35,144 | INFO | Loaded 3 lines from https://raw.githubusercontent.com/igareck/vpn-conf...
2026-09-24 03:40:35,183 | INFO | Loaded 3 lines from https://raw.githubusercontent.com/igareck/vpn-conf...
2026-09-24 03:40:35,213 | INFO | Loaded 57 lines from https://raw.githubusercontent.com/igareck/vpn-conf...
2026-09-24 03:40:35,242 | INFO | Loaded 130 lines from https://raw.githubusercontent.com/igareck/vpn-conf...
2026-09-24 03:40:35,274 | INFO | Loaded 153 lines from https://raw.githubusercontent.com/igareck/vpn-conf...
2026-09-24 03:40:35,353 | INFO | Loaded 43 lines from https://raw.githubusercontent.com/FLAT447/v2ray-li...
2026-09-24 03:40:35,353 | INFO | 
--- STEP 2: VALIDATION ---
2026-09-24 03:40:35,353 | INFO | Unique VLESS configs: 262
2026-09-24 03:40:35,372 | INFO | Archive updated: 10000 nodes (limit 10000)
2026-09-24 03:40:35,374 | INFO | 
--- STEP 3: LIVE CHECK (262 nodes, threads: 40) ---
2026-09-24 03:50:51,512 | INFO | ⏱️ Время проверки: 616.1 сек
2026-09-24 03:50:51,512 | INFO | 
--- RESULT: Found 53 live nodes ---
2026-09-24 03:50:51,512 | INFO | After dedup: 53
2026-09-24 03:50:51,513 | INFO | Filled from archive (+47), total: 100
2026-09-24 03:50:51,526 | INFO | alive_archive.txt updated: 5000 nodes (limit 5000)
2026-09-24 03:50:51,526 | INFO | Subscription updated: /home/runner/work/sbornik/sbornik/subs/vless_001.txt
2026-09-24 03:50:51,527 | INFO | 
--- STATS BY PROTOCOL ---
2026-09-24 03:50:51,527 | INFO | reality: 93
2026-09-24 03:50:51,527 | INFO | tls: 1
2026-09-24 03:50:51,527 | INFO | ws: 6
2026-09-24 03:50:51,527 | INFO | 
--- TOP SNI STATS ---
2026-09-24 03:50:51,527 | INFO | api-maps.yandex.ru: 268 успешных мутаций
2026-09-24 03:50:51,527 | INFO | ozon.ru: 108 успешных мутаций
2026-09-24 03:50:51,527 | INFO | yandex.ru: 98 успешных мутаций
2026-09-24 03:50:51,527 | INFO | vk.com: 94 успешных мутаций
2026-09-24 03:50:51,527 | INFO | mail.ru: 90 успешных мутаций
2026-09-24 03:50:51,527 | INFO | wildberries.ru: 86 успешных мутаций
2026-09-24 03:50:51,527 | INFO | ok.ru: 73 успешных мутаций
2026-09-24 03:50:51,527 | INFO | storage.yandex.net: 16 успешных мутаций
2026-09-24 03:50:51,527 | INFO | dzen.ru: 9 успешных мутаций
2026-09-24 03:50:51,527 | INFO | rutube.ru: 8 успешных мутаций
2026-09-24 03:50:51,528 | INFO | 💾 Статистика SNI сохранена
