2026-09-20 15:38:44,520 | INFO | 📊 Загружена статистика SNI: 26 доменов
2026-09-20 15:38:44,520 | INFO | === SING-BOX STATUS ===
2026-09-20 15:38:44,554 | INFO | sing-box version 1.14.1

Environment: go1.26.8 linux/amd64
Tags: with_gvisor,with_quic,with_dhcp,with_wireguard,with_utls,with_acme,with_clash_api,with_tailscale,with_ccm,with_ocm,with_cloudflared,with_naive_outbound,with_usbip,with_openvpn,with_openconnect,badlinkname,tfogo_checklinkname0,with_musl
Revision: 1ac1a339cb1223e9c70eae14c44411c75033c02d
CGO: enabled
2026-09-20 15:38:44,554 | INFO | 
--- STEP 1: FETCHING SOURCES ---
2026-09-20 15:38:44,632 | INFO | Loaded 26 lines from https://raw.githubusercontent.com/igareck/vpn-conf...
2026-09-20 15:38:44,702 | INFO | Loaded 0 lines from https://raw.githubusercontent.com/igareck/vpn-conf...
2026-09-20 15:38:44,776 | INFO | Loaded 9 lines from https://raw.githubusercontent.com/igareck/vpn-conf...
2026-09-20 15:38:44,827 | INFO | Loaded 3 lines from https://raw.githubusercontent.com/igareck/vpn-conf...
2026-09-20 15:38:44,883 | INFO | Loaded 33 lines from https://raw.githubusercontent.com/igareck/vpn-conf...
2026-09-20 15:38:44,935 | INFO | Loaded 174 lines from https://raw.githubusercontent.com/igareck/vpn-conf...
2026-09-20 15:38:44,962 | INFO | Loaded 147 lines from https://raw.githubusercontent.com/igareck/vpn-conf...
2026-09-20 15:38:45,083 | INFO | Loaded 23 lines from https://raw.githubusercontent.com/FLAT447/v2ray-li...
2026-09-20 15:38:45,084 | INFO | 
--- STEP 2: VALIDATION ---
2026-09-20 15:38:45,084 | INFO | Unique VLESS configs: 199
2026-09-20 15:38:45,104 | INFO | Archive updated: 10000 nodes (limit 10000)
2026-09-20 15:38:45,105 | INFO | 
--- STEP 3: LIVE CHECK (199 nodes, threads: 40) ---
2026-09-20 15:49:11,220 | INFO | ⏱️ Время проверки: 626.1 сек
2026-09-20 15:49:11,220 | INFO | 
--- RESULT: Found 75 live nodes ---
2026-09-20 15:49:11,220 | INFO | After dedup: 75
2026-09-20 15:49:11,220 | INFO | Filled from archive (+25), total: 100
2026-09-20 15:49:11,234 | INFO | alive_archive.txt updated: 5000 nodes (limit 5000)
2026-09-20 15:49:11,234 | INFO | Subscription updated: /home/runner/work/sbornik/sbornik/subs/vless_001.txt
2026-09-20 15:49:11,234 | INFO | 
--- STATS BY PROTOCOL ---
2026-09-20 15:49:11,234 | INFO | reality: 88
2026-09-20 15:49:11,234 | INFO | ws: 12
2026-09-20 15:49:11,234 | INFO | 
--- TOP SNI STATS ---
2026-09-20 15:49:11,235 | INFO | api-maps.yandex.ru: 268 успешных мутаций
2026-09-20 15:49:11,235 | INFO | ozon.ru: 108 успешных мутаций
2026-09-20 15:49:11,235 | INFO | yandex.ru: 98 успешных мутаций
2026-09-20 15:49:11,235 | INFO | vk.com: 94 успешных мутаций
2026-09-20 15:49:11,235 | INFO | mail.ru: 90 успешных мутаций
2026-09-20 15:49:11,235 | INFO | wildberries.ru: 86 успешных мутаций
2026-09-20 15:49:11,235 | INFO | ok.ru: 72 успешных мутаций
2026-09-20 15:49:11,235 | INFO | storage.yandex.net: 16 успешных мутаций
2026-09-20 15:49:11,235 | INFO | dzen.ru: 9 успешных мутаций
2026-09-20 15:49:11,235 | INFO | rutube.ru: 8 успешных мутаций
2026-09-20 15:49:11,235 | INFO | 💾 Статистика SNI сохранена
