2026-10-06 08:45:46,784 | INFO | === SING-BOX STATUS ===
2026-10-06 08:45:46,820 | INFO | sing-box version 1.14.2

Environment: go1.26.8 linux/amd64
Tags: with_gvisor,with_quic,with_dhcp,with_wireguard,with_utls,with_acme,with_clash_api,with_tailscale,with_ccm,with_ocm,with_cloudflared,with_naive_outbound,with_usbip,with_openvpn,with_openconnect,badlinkname,tfogo_checklinkname0,with_musl
Revision: af6e64c3b69e6132ebaee0e1a3d24e93903f6709
CGO: enabled
2026-10-06 08:45:46,820 | INFO | 
--- STEP 1: FETCHING SOURCES ---
2026-10-06 08:45:46,895 | INFO | Loaded 84 lines from https://raw.githubusercontent.com/igareck/vpn-configs-for-russia/refs/heads/main...
2026-10-06 08:45:46,961 | INFO | Loaded 3 lines from https://raw.githubusercontent.com/igareck/vpn-configs-for-russia/refs/heads/main...
2026-10-06 08:45:47,025 | INFO | Loaded 3 lines from https://raw.githubusercontent.com/igareck/vpn-configs-for-russia/refs/heads/main...
2026-10-06 08:45:47,147 | INFO | Loaded 87 lines from https://raw.githubusercontent.com/igareck/vpn-configs-for-russia/refs/heads/main...
2026-10-06 08:45:47,270 | INFO | Loaded 519 lines from https://raw.githubusercontent.com/igareck/vpn-configs-for-russia/main/BLACK_VLES...
2026-10-06 08:45:47,375 | INFO | Loaded 153 lines from https://raw.githubusercontent.com/igareck/vpn-configs-for-russia/main/BLACK_VLES...
2026-10-06 08:45:47,487 | INFO | Loaded 29 lines from https://raw.githubusercontent.com/FLAT447/v2ray-lists/main/WHITE_LITE.txt...
2026-10-06 08:45:47,488 | INFO | 
--- STEP 2: VALIDATION ---
2026-10-06 08:45:47,488 | INFO | Unique VLESS configs: 606
2026-10-06 08:45:47,489 | INFO | archive.txt loaded: 423 nodes
2026-10-06 08:45:47,489 | INFO | 
--- ARCHIVE TCP CLEANUP (423 nodes, threads: 40) ---
2026-10-06 08:46:07,256 | INFO | ARCHIVE TCP CLEANUP done: alive=416, removed=7, time=19.8с
2026-10-06 08:46:07,256 | INFO | 
--- STEP 3: LIVE CHECK (606 nodes, threads: 40, min_sites_ok=2) ---
2026-10-06 08:47:15,157 | INFO | ⏱️ Время проверки: 67.9 сек
2026-10-06 08:47:15,157 | INFO | 
--- RESULT: Found 169 live nodes ---
2026-10-06 08:47:15,158 | INFO | archive.txt updated: 424 nodes
2026-10-06 08:47:15,159 | INFO | Subscription updated: /home/runner/work/sbornik/sbornik/subs/vless_001.txt (100 nodes)
2026-10-06 08:47:15,159 | INFO | 
--- STATS BY TRANSPORT (live_total / dead_total | live_last / dead_last) ---
2026-10-06 08:47:15,159 | INFO | tcp: 1153 / 1301 | 65 / 46
2026-10-06 08:47:15,159 | INFO | ws: 695 / 1192 | 104 / 315
2026-10-06 08:47:15,159 | INFO | grpc: 13 / 396 | 0 / 65
2026-10-06 08:47:15,159 | INFO | xhttp: 0 / 646 | 0 / 18
2026-10-06 08:47:15,159 | INFO | 
--- STATS BY SECURITY (live_total / dead_total | live_last / dead_last) ---
2026-10-06 08:47:15,159 | INFO | none: 142 / 206 | 8 / 50
2026-10-06 08:47:15,159 | INFO | tls: 908 / 1595 | 120 / 279
2026-10-06 08:47:15,159 | INFO | reality: 811 / 1734 | 41 / 115
2026-10-06 08:47:15,160 | INFO | 💾 Статистика источников сохранена: source_stats.json
2026-10-06 08:47:15,160 | INFO | 💾 Статистика протоколов сохранена: protocol_stats.json
2026-10-06 08:47:15,160 | INFO | 
============ ИТОГ ЗАПУСКА ============
Живых из источников:          169
Оживлено из архива:           0
Удалено из архива (мёртвых):  7
Итого в подписке:             100
Итого в архиве:               424

--- ДЕТАЛИЗАЦИЯ ОШИБОК ---
dead_tcp (TCP не открылся):    63
dead_config (битый конфиг):    0
dead_start (sing-box упал):    14
dead_sites (мало сайтов):      360
dead_parse (URI не парсится):  0
======================================
2026-10-06 08:47:15,160 | INFO | 
--- ПРОВЕРКА САЙТОВ (за текущий запуск) ---
2026-10-06 08:47:15,160 | INFO | https://telegram.org: 160/529 (30.2%)
2026-10-06 08:47:15,160 | INFO | https://www.instagram.com: 163/529 (30.8%)
2026-10-06 08:47:15,160 | INFO | https://www.youtube.com: 156/529 (29.5%)
2026-10-06 08:47:15,161 | INFO | 💾 Статистика запуска сохранена: run_stats.json
