2026-08-02 17:01:17,293 | INFO | 📊 Загружена статистика SNI: 26 доменов
2026-08-02 17:01:17,294 | INFO | === SING-BOX STATUS ===
2026-08-02 17:01:17,302 | INFO | sing-box version 1.13.15

Environment: go1.25.12 linux/amd64
Tags: with_gvisor,with_quic,with_dhcp,with_wireguard,with_utls,with_acme,with_clash_api,with_tailscale,with_ccm,with_ocm,with_naive_outbound,badlinkname,tfogo_checklinkname0,with_musl
Revision: 3708fa18766cda1f11b77f6ed9c7bd61688f17df
CGO: enabled
2026-08-02 17:01:17,302 | INFO | 
--- STEP 1: FETCHING SOURCES ---
2026-08-02 17:01:17,362 | INFO | Loaded 85 lines from https://raw.githubusercontent.com/igareck/vpn-conf...
2026-08-02 17:01:17,451 | INFO | Loaded 0 lines from https://raw.githubusercontent.com/igareck/vpn-conf...
2026-08-02 17:01:17,510 | INFO | Loaded 21 lines from https://raw.githubusercontent.com/igareck/vpn-conf...
2026-08-02 17:01:17,582 | INFO | Loaded 11 lines from https://raw.githubusercontent.com/igareck/vpn-conf...
2026-08-02 17:01:17,640 | INFO | Loaded 89 lines from https://raw.githubusercontent.com/igareck/vpn-conf...
2026-08-02 17:01:17,732 | INFO | Loaded 158 lines from https://raw.githubusercontent.com/igareck/vpn-conf...
2026-08-02 17:01:17,789 | INFO | Loaded 153 lines from https://raw.githubusercontent.com/igareck/vpn-conf...
2026-08-02 17:01:17,942 | INFO | Loaded 428 lines from https://raw.githubusercontent.com/FLAT447/v2ray-li...
2026-08-02 17:01:17,943 | INFO | 
--- STEP 2: VALIDATION ---
2026-08-02 17:01:17,944 | INFO | Unique VLESS configs: 652
2026-08-02 17:01:17,968 | INFO | Archive updated: 10000 nodes (limit 10000)
2026-08-02 17:01:17,971 | INFO | 
--- STEP 3: LIVE CHECK (652 nodes, threads: 40) ---
2026-08-02 17:23:09,519 | INFO | ⏱️ Время проверки: 1311.5 сек
2026-08-02 17:23:09,520 | INFO | 
--- RESULT: Found 84 live nodes ---
2026-08-02 17:23:09,520 | INFO | After dedup: 84
2026-08-02 17:23:09,520 | INFO | Filled from archive (+16), total: 100
2026-08-02 17:23:09,528 | INFO | alive_archive.txt updated: 5000 nodes (limit 5000)
2026-08-02 17:23:09,529 | INFO | Subscription updated: /home/runner/work/sbornik/sbornik/subs/vless_001.txt
2026-08-02 17:23:09,529 | INFO | 
--- STATS BY PROTOCOL ---
2026-08-02 17:23:09,529 | INFO | reality: 42
2026-08-02 17:23:09,529 | INFO | tls: 5
2026-08-02 17:23:09,529 | INFO | ws: 51
2026-08-02 17:23:09,529 | INFO | other: 2
2026-08-02 17:23:09,529 | INFO | 
--- TOP SNI STATS ---
2026-08-02 17:23:09,529 | INFO | api-maps.yandex.ru: 180 успешных мутаций
2026-08-02 17:23:09,529 | INFO | ozon.ru: 37 успешных мутаций
2026-08-02 17:23:09,529 | INFO | mail.ru: 32 успешных мутаций
2026-08-02 17:23:09,529 | INFO | ok.ru: 28 успешных мутаций
2026-08-02 17:23:09,529 | INFO | yandex.ru: 28 успешных мутаций
2026-08-02 17:23:09,529 | INFO | vk.com: 26 успешных мутаций
2026-08-02 17:23:09,529 | INFO | wildberries.ru: 25 успешных мутаций
2026-08-02 17:23:09,529 | INFO | dzen.ru: 4 успешных мутаций
2026-08-02 17:23:09,529 | INFO | rutube.ru: 3 успешных мутаций
2026-08-02 17:23:09,529 | INFO | cdn.x5.ru: 1 успешных мутаций
2026-08-02 17:23:09,530 | INFO | 💾 Статистика SNI сохранена
