2026-08-07 05:41:19,806 | INFO | 📊 Загружена статистика SNI: 26 доменов
2026-08-07 05:41:19,806 | INFO | === SING-BOX STATUS ===
2026-08-07 05:41:19,815 | INFO | sing-box version 1.13.16

Environment: go1.25.12 linux/amd64
Tags: with_gvisor,with_quic,with_dhcp,with_wireguard,with_utls,with_acme,with_clash_api,with_tailscale,with_ccm,with_ocm,with_naive_outbound,badlinkname,tfogo_checklinkname0,with_musl
Revision: 17ec3c71af8ca946dc50bf0d927c39fc77322aec
CGO: enabled
2026-08-07 05:41:19,815 | INFO | 
--- STEP 1: FETCHING SOURCES ---
2026-08-07 05:41:19,967 | INFO | Loaded 94 lines from https://raw.githubusercontent.com/igareck/vpn-conf...
2026-08-07 05:41:20,109 | INFO | Loaded 0 lines from https://raw.githubusercontent.com/igareck/vpn-conf...
2026-08-07 05:41:20,187 | INFO | Loaded 13 lines from https://raw.githubusercontent.com/igareck/vpn-conf...
2026-08-07 05:41:20,268 | INFO | Loaded 12 lines from https://raw.githubusercontent.com/igareck/vpn-conf...
2026-08-07 05:41:20,344 | INFO | Loaded 94 lines from https://raw.githubusercontent.com/igareck/vpn-conf...
2026-08-07 05:41:20,474 | INFO | Loaded 218 lines from https://raw.githubusercontent.com/igareck/vpn-conf...
2026-08-07 05:41:20,615 | INFO | Loaded 153 lines from https://raw.githubusercontent.com/igareck/vpn-conf...
2026-08-07 05:41:20,889 | INFO | Loaded 363 lines from https://raw.githubusercontent.com/FLAT447/v2ray-li...
2026-08-07 05:41:20,890 | INFO | 
--- STEP 2: VALIDATION ---
2026-08-07 05:41:20,891 | INFO | Unique VLESS configs: 651
2026-08-07 05:41:20,932 | INFO | Archive updated: 10000 nodes (limit 10000)
2026-08-07 05:41:20,936 | INFO | 
--- STEP 3: LIVE CHECK (651 nodes, threads: 40) ---
2026-08-07 05:41:34,911 | INFO | [🎉 SNI WORKED] Нода ожила с SNI: vk.com (порт 11036)
2026-08-07 05:41:41,414 | INFO | [🎉 SNI WORKED] Нода ожила с SNI: api-maps.yandex.ru (порт 11005)
2026-08-07 05:41:41,770 | INFO | [🎉 SNI WORKED] Нода ожила с SNI: wildberries.ru (порт 11037)
2026-08-07 05:46:36,575 | INFO | ⏱️ Время проверки: 315.6 сек
2026-08-07 05:46:36,575 | INFO | 
--- RESULT: Found 105 live nodes ---
2026-08-07 05:46:36,575 | INFO | After dedup: 105
2026-08-07 05:46:36,586 | INFO | alive_archive.txt updated: 5000 nodes (limit 5000)
2026-08-07 05:46:36,587 | INFO | Subscription updated: /home/runner/work/sbornik/sbornik/subs/vless_001.txt
2026-08-07 05:46:36,587 | INFO | 
--- STATS BY PROTOCOL ---
2026-08-07 05:46:36,587 | INFO | reality: 27
2026-08-07 05:46:36,587 | INFO | ws: 76
2026-08-07 05:46:36,587 | INFO | other: 2
2026-08-07 05:46:36,587 | INFO | 
--- TOP SNI STATS ---
2026-08-07 05:46:36,587 | INFO | api-maps.yandex.ru: 183 успешных мутаций
2026-08-07 05:46:36,587 | INFO | ozon.ru: 38 успешных мутаций
2026-08-07 05:46:36,587 | INFO | mail.ru: 35 успешных мутаций
2026-08-07 05:46:36,587 | INFO | yandex.ru: 30 успешных мутаций
2026-08-07 05:46:36,587 | INFO | vk.com: 29 успешных мутаций
2026-08-07 05:46:36,587 | INFO | ok.ru: 28 успешных мутаций
2026-08-07 05:46:36,587 | INFO | wildberries.ru: 27 успешных мутаций
2026-08-07 05:46:36,587 | INFO | dzen.ru: 7 успешных мутаций
2026-08-07 05:46:36,587 | INFO | rutube.ru: 3 успешных мутаций
2026-08-07 05:46:36,587 | INFO | cdn.x5.ru: 1 успешных мутаций
2026-08-07 05:46:36,588 | INFO | 💾 Статистика SNI сохранена
