2026-08-24 04:46:29,300 | INFO | 📊 Загружена статистика SNI: 26 доменов
2026-08-24 04:46:29,300 | INFO | === SING-BOX STATUS ===
2026-08-24 04:46:29,308 | INFO | sing-box version 1.13.19

Environment: go1.25.12 linux/amd64
Tags: with_gvisor,with_quic,with_dhcp,with_wireguard,with_utls,with_acme,with_clash_api,with_tailscale,with_ccm,with_ocm,with_naive_outbound,badlinkname,tfogo_checklinkname0,with_musl
Revision: b5ebaa1fc0f2b94256180b95468e73ef53caa27d
CGO: enabled
2026-08-24 04:46:29,308 | INFO | 
--- STEP 1: FETCHING SOURCES ---
2026-08-24 04:46:29,387 | INFO | Loaded 61 lines from https://raw.githubusercontent.com/igareck/vpn-conf...
2026-08-24 04:46:29,524 | INFO | Loaded 0 lines from https://raw.githubusercontent.com/igareck/vpn-conf...
2026-08-24 04:46:29,643 | INFO | Loaded 20 lines from https://raw.githubusercontent.com/igareck/vpn-conf...
2026-08-24 04:46:29,790 | INFO | Loaded 37 lines from https://raw.githubusercontent.com/igareck/vpn-conf...
2026-08-24 04:46:29,865 | INFO | Loaded 62 lines from https://raw.githubusercontent.com/igareck/vpn-conf...
2026-08-24 04:46:30,000 | INFO | Loaded 92 lines from https://raw.githubusercontent.com/igareck/vpn-conf...
2026-08-24 04:46:30,114 | INFO | Loaded 153 lines from https://raw.githubusercontent.com/igareck/vpn-conf...
2026-08-24 04:46:30,303 | INFO | Loaded 448 lines from https://raw.githubusercontent.com/FLAT447/v2ray-li...
2026-08-24 04:46:30,304 | INFO | 
--- STEP 2: VALIDATION ---
2026-08-24 04:46:30,305 | INFO | Unique VLESS configs: 650
2026-08-24 04:46:30,331 | INFO | Archive updated: 10000 nodes (limit 10000)
2026-08-24 04:46:30,334 | INFO | 
--- STEP 3: LIVE CHECK (650 nodes, threads: 40) ---
2026-08-24 04:57:10,542 | INFO | [🎉 SNI WORKED] Нода ожила с SNI: ozon.ru (порт 11010)
2026-08-24 05:11:19,666 | INFO | ⏱️ Время проверки: 1489.3 сек
2026-08-24 05:11:19,666 | INFO | 
--- RESULT: Found 77 live nodes ---
2026-08-24 05:11:19,666 | INFO | After dedup: 77
2026-08-24 05:11:19,666 | INFO | Filled from archive (+23), total: 100
2026-08-24 05:11:19,681 | INFO | alive_archive.txt updated: 5000 nodes (limit 5000)
2026-08-24 05:11:19,681 | INFO | Subscription updated: /home/runner/work/sbornik/sbornik/subs/vless_001.txt
2026-08-24 05:11:19,681 | INFO | 
--- STATS BY PROTOCOL ---
2026-08-24 05:11:19,681 | INFO | reality: 74
2026-08-24 05:11:19,681 | INFO | tls: 3
2026-08-24 05:11:19,681 | INFO | ws: 23
2026-08-24 05:11:19,682 | INFO | 
--- TOP SNI STATS ---
2026-08-24 05:11:19,682 | INFO | api-maps.yandex.ru: 259 успешных мутаций
2026-08-24 05:11:19,682 | INFO | ozon.ru: 100 успешных мутаций
2026-08-24 05:11:19,682 | INFO | yandex.ru: 96 успешных мутаций
2026-08-24 05:11:19,682 | INFO | vk.com: 91 успешных мутаций
2026-08-24 05:11:19,682 | INFO | mail.ru: 90 успешных мутаций
2026-08-24 05:11:19,682 | INFO | wildberries.ru: 84 успешных мутаций
2026-08-24 05:11:19,682 | INFO | ok.ru: 72 успешных мутаций
2026-08-24 05:11:19,682 | INFO | storage.yandex.net: 16 успешных мутаций
2026-08-24 05:11:19,682 | INFO | dzen.ru: 8 успешных мутаций
2026-08-24 05:11:19,682 | INFO | rutube.ru: 7 успешных мутаций
2026-08-24 05:11:19,682 | INFO | 💾 Статистика SNI сохранена
