2026-10-06 11:04:22,554 | INFO | === SING-BOX STATUS ===
2026-10-06 11:04:22,590 | INFO | sing-box version 1.14.2

Environment: go1.26.8 linux/amd64
Tags: with_gvisor,with_quic,with_dhcp,with_wireguard,with_utls,with_acme,with_clash_api,with_tailscale,with_ccm,with_ocm,with_cloudflared,with_naive_outbound,with_usbip,with_openvpn,with_openconnect,badlinkname,tfogo_checklinkname0,with_musl
Revision: af6e64c3b69e6132ebaee0e1a3d24e93903f6709
CGO: enabled
2026-10-06 11:04:22,590 | INFO | 
--- STEP 1: FETCHING SOURCES ---
2026-10-06 11:04:22,632 | INFO | Loaded 88 lines from https://raw.githubusercontent.com/igareck/vpn-configs-for-russia/refs/heads/main...
2026-10-06 11:04:22,724 | INFO | Loaded 3 lines from https://raw.githubusercontent.com/igareck/vpn-configs-for-russia/refs/heads/main...
2026-10-06 11:04:22,808 | INFO | Loaded 3 lines from https://raw.githubusercontent.com/igareck/vpn-configs-for-russia/refs/heads/main...
2026-10-06 11:04:22,869 | INFO | Loaded 90 lines from https://raw.githubusercontent.com/igareck/vpn-configs-for-russia/refs/heads/main...
2026-10-06 11:04:22,901 | INFO | Loaded 386 lines from https://raw.githubusercontent.com/igareck/vpn-configs-for-russia/main/BLACK_VLES...
2026-10-06 11:04:22,932 | INFO | Loaded 153 lines from https://raw.githubusercontent.com/igareck/vpn-configs-for-russia/main/BLACK_VLES...
2026-10-06 11:04:23,028 | INFO | Loaded 30 lines from https://raw.githubusercontent.com/FLAT447/v2ray-lists/main/WHITE_LITE.txt...
2026-10-06 11:04:23,028 | INFO | 
--- STEP 2: VALIDATION ---
2026-10-06 11:04:23,029 | INFO | Unique VLESS configs: 489
2026-10-06 11:04:23,030 | INFO | archive.txt loaded: 424 nodes
2026-10-06 11:04:23,030 | INFO | 
--- ARCHIVE TCP CLEANUP (424 nodes, threads: 40) ---
2026-10-06 11:04:35,245 | INFO | ARCHIVE TCP CLEANUP done: alive=390, removed=34, time=12.2с
2026-10-06 11:04:35,246 | INFO | 
--- STEP 3: LIVE CHECK (489 nodes, threads: 40, min_sites_ok=2) ---
2026-10-06 11:05:52,963 | INFO | ⏱️ Время проверки: 77.7 сек
2026-10-06 11:05:52,964 | INFO | 
--- RESULT: Found 150 live nodes ---
2026-10-06 11:05:52,966 | INFO | archive.txt updated: 460 nodes
2026-10-06 11:05:52,966 | INFO | Subscription updated: /home/runner/work/sbornik/sbornik/subs/vless_001.txt (100 nodes)
2026-10-06 11:05:52,966 | INFO | 
--- STATS BY TRANSPORT (live_total / dead_total | live_last / dead_last) ---
2026-10-06 11:05:52,966 | INFO | tcp: 1217 / 1393 | 64 / 92
2026-10-06 11:05:52,966 | INFO | ws: 781 / 1395 | 86 / 203
2026-10-06 11:05:52,966 | INFO | grpc: 13 / 461 | 0 / 65
2026-10-06 11:05:52,966 | INFO | xhttp: 0 / 659 | 0 / 13
2026-10-06 11:05:52,966 | INFO | 
--- STATS BY SECURITY (live_total / dead_total | live_last / dead_last) ---
2026-10-06 11:05:52,966 | INFO | none: 153 / 315 | 11 / 109
2026-10-06 11:05:52,967 | INFO | tls: 1013 / 1708 | 105 / 113
2026-10-06 11:05:52,967 | INFO | reality: 845 / 1885 | 34 / 151
2026-10-06 11:05:52,967 | INFO | 💾 Статистика источников сохранена: source_stats.json
2026-10-06 11:05:52,968 | INFO | 💾 Статистика протоколов сохранена: protocol_stats.json
2026-10-06 11:05:52,968 | INFO | 
============ ИТОГ ЗАПУСКА ============
Живых из источников:          150
Оживлено из архива:           0
Удалено из архива (мёртвых):  34
Итого в подписке:             100
Итого в архиве:               460

--- ДЕТАЛИЗАЦИЯ ОШИБОК ---
dead_tcp (TCP не открылся):    85
dead_config (битый конфиг):    0
dead_start (sing-box упал):    11
dead_sites (мало сайтов):      243
dead_parse (URI не парсится):  0
======================================
2026-10-06 11:05:52,968 | INFO | 
--- ПРОВЕРКА САЙТОВ (за текущий запуск) ---
2026-10-06 11:05:52,968 | INFO | https://telegram.org: 153/393 (38.9%)
2026-10-06 11:05:52,968 | INFO | https://www.instagram.com: 151/393 (38.4%)
2026-10-06 11:05:52,968 | INFO | https://www.youtube.com: 149/393 (37.9%)
2026-10-06 11:05:52,968 | INFO | 💾 Статистика запуска сохранена: run_stats.json
