2026-09-24 23:04:24,176 | INFO | 📊 Загружена статистика SNI: 26 доменов
2026-09-24 23:04:24,176 | INFO | === SING-BOX STATUS ===
2026-09-24 23:04:24,208 | INFO | sing-box version 1.14.2

Environment: go1.26.8 linux/amd64
Tags: with_gvisor,with_quic,with_dhcp,with_wireguard,with_utls,with_acme,with_clash_api,with_tailscale,with_ccm,with_ocm,with_cloudflared,with_naive_outbound,with_usbip,with_openvpn,with_openconnect,badlinkname,tfogo_checklinkname0,with_musl
Revision: af6e64c3b69e6132ebaee0e1a3d24e93903f6709
CGO: enabled
2026-09-24 23:04:24,208 | INFO | 
--- STEP 1: FETCHING SOURCES ---
2026-09-24 23:04:24,284 | INFO | Loaded 52 lines from https://raw.githubusercontent.com/igareck/vpn-conf...
2026-09-24 23:04:24,412 | INFO | Loaded 0 lines from https://raw.githubusercontent.com/igareck/vpn-conf...
2026-09-24 23:04:24,491 | INFO | Loaded 16 lines from https://raw.githubusercontent.com/igareck/vpn-conf...
2026-09-24 23:04:24,585 | INFO | Loaded 3 lines from https://raw.githubusercontent.com/igareck/vpn-conf...
2026-09-24 23:04:24,643 | INFO | Loaded 59 lines from https://raw.githubusercontent.com/igareck/vpn-conf...
2026-09-24 23:04:24,742 | INFO | Loaded 76 lines from https://raw.githubusercontent.com/igareck/vpn-conf...
2026-09-24 23:04:24,868 | INFO | Loaded 110 lines from https://raw.githubusercontent.com/igareck/vpn-conf...
2026-09-24 23:04:24,998 | INFO | Loaded 31 lines from https://raw.githubusercontent.com/FLAT447/v2ray-li...
2026-09-24 23:04:24,998 | INFO | 
--- STEP 2: VALIDATION ---
2026-09-24 23:04:24,998 | INFO | Unique VLESS configs: 162
2026-09-24 23:04:25,015 | INFO | Archive updated: 10000 nodes (limit 10000)
2026-09-24 23:04:25,016 | INFO | 
--- STEP 3: LIVE CHECK (162 nodes, threads: 40) ---
2026-09-24 23:09:16,830 | INFO | ⏱️ Время проверки: 291.8 сек
2026-09-24 23:09:16,830 | INFO | 
--- RESULT: Found 82 live nodes ---
2026-09-24 23:09:16,830 | INFO | After dedup: 82
2026-09-24 23:09:16,830 | INFO | Filled from archive (+18), total: 100
2026-09-24 23:09:16,838 | INFO | alive_archive.txt updated: 5000 nodes (limit 5000)
2026-09-24 23:09:16,838 | INFO | Subscription updated: /home/runner/work/sbornik/sbornik/subs/vless_001.txt
2026-09-24 23:09:16,838 | INFO | 
--- STATS BY PROTOCOL ---
2026-09-24 23:09:16,839 | INFO | reality: 58
2026-09-24 23:09:16,839 | INFO | ws: 42
2026-09-24 23:09:16,839 | INFO | 
--- TOP SNI STATS ---
2026-09-24 23:09:16,839 | INFO | api-maps.yandex.ru: 268 успешных мутаций
2026-09-24 23:09:16,839 | INFO | ozon.ru: 108 успешных мутаций
2026-09-24 23:09:16,839 | INFO | yandex.ru: 98 успешных мутаций
2026-09-24 23:09:16,839 | INFO | vk.com: 94 успешных мутаций
2026-09-24 23:09:16,839 | INFO | mail.ru: 90 успешных мутаций
2026-09-24 23:09:16,839 | INFO | wildberries.ru: 86 успешных мутаций
2026-09-24 23:09:16,839 | INFO | ok.ru: 73 успешных мутаций
2026-09-24 23:09:16,839 | INFO | storage.yandex.net: 16 успешных мутаций
2026-09-24 23:09:16,839 | INFO | dzen.ru: 9 успешных мутаций
2026-09-24 23:09:16,839 | INFO | rutube.ru: 8 успешных мутаций
2026-09-24 23:09:16,839 | INFO | 💾 Статистика SNI сохранена
