2026-08-19 12:49:57,606 | INFO | 📊 Загружена статистика SNI: 26 доменов
2026-08-19 12:49:57,606 | INFO | === SING-BOX STATUS ===
2026-08-19 12:49:57,615 | INFO | sing-box version 1.13.19

Environment: go1.25.12 linux/amd64
Tags: with_gvisor,with_quic,with_dhcp,with_wireguard,with_utls,with_acme,with_clash_api,with_tailscale,with_ccm,with_ocm,with_naive_outbound,badlinkname,tfogo_checklinkname0,with_musl
Revision: b5ebaa1fc0f2b94256180b95468e73ef53caa27d
CGO: enabled
2026-08-19 12:49:57,615 | INFO | 
--- STEP 1: FETCHING SOURCES ---
2026-08-19 12:49:57,700 | INFO | Loaded 11 lines from https://raw.githubusercontent.com/igareck/vpn-conf...
2026-08-19 12:49:57,778 | INFO | Loaded 0 lines from https://raw.githubusercontent.com/igareck/vpn-conf...
2026-08-19 12:49:57,842 | INFO | Loaded 4 lines from https://raw.githubusercontent.com/igareck/vpn-conf...
2026-08-19 12:49:57,930 | INFO | Loaded 15 lines from https://raw.githubusercontent.com/igareck/vpn-conf...
2026-08-19 12:49:57,959 | INFO | Loaded 11 lines from https://raw.githubusercontent.com/igareck/vpn-conf...
2026-08-19 12:49:58,038 | INFO | Loaded 208 lines from https://raw.githubusercontent.com/igareck/vpn-conf...
2026-08-19 12:49:58,131 | INFO | Loaded 153 lines from https://raw.githubusercontent.com/igareck/vpn-conf...
2026-08-19 12:49:58,417 | INFO | Loaded 471 lines from https://raw.githubusercontent.com/FLAT447/v2ray-li...
2026-08-19 12:49:58,417 | INFO | 
--- STEP 2: VALIDATION ---
2026-08-19 12:49:58,419 | INFO | Unique VLESS configs: 658
2026-08-19 12:49:58,454 | INFO | Archive updated: 10000 nodes (limit 10000)
2026-08-19 12:49:58,457 | INFO | 
--- STEP 3: LIVE CHECK (658 nodes, threads: 40) ---
2026-08-19 12:52:45,674 | INFO | ⏱️ Время проверки: 167.2 сек
2026-08-19 12:52:45,675 | INFO | 
--- RESULT: Found 100 live nodes ---
2026-08-19 12:52:45,675 | INFO | After dedup: 100
2026-08-19 12:52:45,685 | INFO | alive_archive.txt updated: 5000 nodes (limit 5000)
2026-08-19 12:52:45,685 | INFO | Subscription updated: /home/runner/work/sbornik/sbornik/subs/vless_001.txt
2026-08-19 12:52:45,685 | INFO | 
--- STATS BY PROTOCOL ---
2026-08-19 12:52:45,685 | INFO | reality: 94
2026-08-19 12:52:45,685 | INFO | tls: 2
2026-08-19 12:52:45,685 | INFO | ws: 1
2026-08-19 12:52:45,685 | INFO | other: 3
2026-08-19 12:52:45,685 | INFO | 
--- TOP SNI STATS ---
2026-08-19 12:52:45,686 | INFO | api-maps.yandex.ru: 257 успешных мутаций
2026-08-19 12:52:45,686 | INFO | yandex.ru: 96 успешных мутаций
2026-08-19 12:52:45,686 | INFO | ozon.ru: 93 успешных мутаций
2026-08-19 12:52:45,686 | INFO | vk.com: 90 успешных мутаций
2026-08-19 12:52:45,686 | INFO | mail.ru: 90 успешных мутаций
2026-08-19 12:52:45,686 | INFO | wildberries.ru: 84 успешных мутаций
2026-08-19 12:52:45,686 | INFO | ok.ru: 72 успешных мутаций
2026-08-19 12:52:45,686 | INFO | storage.yandex.net: 14 успешных мутаций
2026-08-19 12:52:45,686 | INFO | rutube.ru: 7 успешных мутаций
2026-08-19 12:52:45,686 | INFO | dzen.ru: 7 успешных мутаций
2026-08-19 12:52:45,686 | INFO | 💾 Статистика SNI сохранена
