2026-09-12 18:11:06,581 | INFO | 📊 Загружена статистика SNI: 26 доменов
2026-09-12 18:11:06,581 | INFO | === SING-BOX STATUS ===
2026-09-12 18:11:06,617 | INFO | sing-box version 1.14.0

Environment: go1.26.7 linux/amd64
Tags: with_gvisor,with_quic,with_dhcp,with_wireguard,with_utls,with_acme,with_clash_api,with_tailscale,with_ccm,with_ocm,with_cloudflared,with_naive_outbound,with_usbip,with_openvpn,with_openconnect,badlinkname,tfogo_checklinkname0,with_musl
Revision: 0b8995879f29a9b98ee027bc17b75e101445b238
CGO: enabled
2026-09-12 18:11:06,617 | INFO | 
--- STEP 1: FETCHING SOURCES ---
2026-09-12 18:11:06,651 | INFO | Loaded 75 lines from https://raw.githubusercontent.com/igareck/vpn-conf...
2026-09-12 18:11:06,751 | INFO | Loaded 0 lines from https://raw.githubusercontent.com/igareck/vpn-conf...
2026-09-12 18:11:06,890 | INFO | Loaded 13 lines from https://raw.githubusercontent.com/igareck/vpn-conf...
2026-09-12 18:11:07,019 | INFO | Loaded 8 lines from https://raw.githubusercontent.com/igareck/vpn-conf...
2026-09-12 18:11:07,091 | INFO | Loaded 75 lines from https://raw.githubusercontent.com/igareck/vpn-conf...
2026-09-12 18:11:07,243 | INFO | Loaded 137 lines from https://raw.githubusercontent.com/igareck/vpn-conf...
2026-09-12 18:11:07,464 | INFO | Loaded 122 lines from https://raw.githubusercontent.com/igareck/vpn-conf...
2026-09-12 18:11:07,658 | INFO | Loaded 240 lines from https://raw.githubusercontent.com/FLAT447/v2ray-li...
2026-09-12 18:11:07,658 | INFO | 
--- STEP 2: VALIDATION ---
2026-09-12 18:11:07,659 | INFO | Unique VLESS configs: 460
2026-09-12 18:11:07,687 | INFO | Archive updated: 10000 nodes (limit 10000)
2026-09-12 18:11:07,689 | INFO | 
--- STEP 3: LIVE CHECK (460 nodes, threads: 40) ---
2026-09-12 18:19:34,600 | INFO | ⏱️ Время проверки: 506.9 сек
2026-09-12 18:19:34,600 | INFO | 
--- RESULT: Found 100 live nodes ---
2026-09-12 18:19:34,600 | INFO | After dedup: 100
2026-09-12 18:19:34,610 | INFO | alive_archive.txt updated: 5000 nodes (limit 5000)
2026-09-12 18:19:34,610 | INFO | Subscription updated: /home/runner/work/sbornik/sbornik/subs/vless_001.txt
2026-09-12 18:19:34,610 | INFO | 
--- STATS BY PROTOCOL ---
2026-09-12 18:19:34,610 | INFO | reality: 47
2026-09-12 18:19:34,610 | INFO | tls: 47
2026-09-12 18:19:34,610 | INFO | ws: 5
2026-09-12 18:19:34,611 | INFO | other: 1
2026-09-12 18:19:34,611 | INFO | 
--- TOP SNI STATS ---
2026-09-12 18:19:34,611 | INFO | api-maps.yandex.ru: 268 успешных мутаций
2026-09-12 18:19:34,611 | INFO | ozon.ru: 108 успешных мутаций
2026-09-12 18:19:34,611 | INFO | yandex.ru: 98 успешных мутаций
2026-09-12 18:19:34,611 | INFO | vk.com: 94 успешных мутаций
2026-09-12 18:19:34,611 | INFO | mail.ru: 90 успешных мутаций
2026-09-12 18:19:34,611 | INFO | wildberries.ru: 86 успешных мутаций
2026-09-12 18:19:34,611 | INFO | ok.ru: 72 успешных мутаций
2026-09-12 18:19:34,611 | INFO | storage.yandex.net: 16 успешных мутаций
2026-09-12 18:19:34,611 | INFO | dzen.ru: 9 успешных мутаций
2026-09-12 18:19:34,611 | INFO | rutube.ru: 8 успешных мутаций
2026-09-12 18:19:34,611 | INFO | 💾 Статистика SNI сохранена
