2026-08-21 01:22:35,028 | INFO | 📊 Загружена статистика SNI: 26 доменов
2026-08-21 01:22:35,029 | INFO | === SING-BOX STATUS ===
2026-08-21 01:22:35,036 | INFO | sing-box version 1.13.19

Environment: go1.25.12 linux/amd64
Tags: with_gvisor,with_quic,with_dhcp,with_wireguard,with_utls,with_acme,with_clash_api,with_tailscale,with_ccm,with_ocm,with_naive_outbound,badlinkname,tfogo_checklinkname0,with_musl
Revision: b5ebaa1fc0f2b94256180b95468e73ef53caa27d
CGO: enabled
2026-08-21 01:22:35,036 | INFO | 
--- STEP 1: FETCHING SOURCES ---
2026-08-21 01:22:35,092 | INFO | Loaded 93 lines from https://raw.githubusercontent.com/igareck/vpn-conf...
2026-08-21 01:22:35,216 | INFO | Loaded 0 lines from https://raw.githubusercontent.com/igareck/vpn-conf...
2026-08-21 01:22:35,536 | INFO | Loaded 14 lines from https://raw.githubusercontent.com/igareck/vpn-conf...
2026-08-21 01:22:35,657 | INFO | Loaded 54 lines from https://raw.githubusercontent.com/igareck/vpn-conf...
2026-08-21 01:22:35,774 | INFO | Loaded 93 lines from https://raw.githubusercontent.com/igareck/vpn-conf...
2026-08-21 01:22:36,125 | INFO | Loaded 129 lines from https://raw.githubusercontent.com/igareck/vpn-conf...
2026-08-21 01:22:36,251 | INFO | Loaded 153 lines from https://raw.githubusercontent.com/igareck/vpn-conf...
2026-08-21 01:22:36,643 | INFO | Loaded 440 lines from https://raw.githubusercontent.com/FLAT447/v2ray-li...
2026-08-21 01:22:36,643 | INFO | 
--- STEP 2: VALIDATION ---
2026-08-21 01:22:36,645 | INFO | Unique VLESS configs: 709
2026-08-21 01:22:36,671 | INFO | Archive updated: 10000 nodes (limit 10000)
2026-08-21 01:22:36,675 | INFO | 
--- STEP 3: LIVE CHECK (709 nodes, threads: 40) ---
2026-08-21 01:26:31,163 | INFO | ⏱️ Время проверки: 234.5 сек
2026-08-21 01:26:31,163 | INFO | 
--- RESULT: Found 103 live nodes ---
2026-08-21 01:26:31,163 | INFO | After dedup: 103
2026-08-21 01:26:31,175 | INFO | alive_archive.txt updated: 5000 nodes (limit 5000)
2026-08-21 01:26:31,175 | INFO | Subscription updated: /home/runner/work/sbornik/sbornik/subs/vless_001.txt
2026-08-21 01:26:31,175 | INFO | 
--- STATS BY PROTOCOL ---
2026-08-21 01:26:31,175 | INFO | reality: 61
2026-08-21 01:26:31,175 | INFO | tls: 7
2026-08-21 01:26:31,175 | INFO | ws: 24
2026-08-21 01:26:31,175 | INFO | other: 11
2026-08-21 01:26:31,175 | INFO | 
--- TOP SNI STATS ---
2026-08-21 01:26:31,175 | INFO | api-maps.yandex.ru: 257 успешных мутаций
2026-08-21 01:26:31,175 | INFO | yandex.ru: 96 успешных мутаций
2026-08-21 01:26:31,175 | INFO | ozon.ru: 93 успешных мутаций
2026-08-21 01:26:31,175 | INFO | vk.com: 90 успешных мутаций
2026-08-21 01:26:31,175 | INFO | mail.ru: 90 успешных мутаций
2026-08-21 01:26:31,175 | INFO | wildberries.ru: 84 успешных мутаций
2026-08-21 01:26:31,175 | INFO | ok.ru: 72 успешных мутаций
2026-08-21 01:26:31,176 | INFO | storage.yandex.net: 14 успешных мутаций
2026-08-21 01:26:31,176 | INFO | dzen.ru: 8 успешных мутаций
2026-08-21 01:26:31,176 | INFO | rutube.ru: 7 успешных мутаций
2026-08-21 01:26:31,176 | INFO | 💾 Статистика SNI сохранена
