2026-07-31 02:56:49,370 | INFO | 📊 Загружена статистика SNI: 26 доменов
2026-07-31 02:56:49,370 | INFO | === SING-BOX STATUS ===
2026-07-31 02:56:49,378 | INFO | sing-box version 1.13.15

Environment: go1.25.12 linux/amd64
Tags: with_gvisor,with_quic,with_dhcp,with_wireguard,with_utls,with_acme,with_clash_api,with_tailscale,with_ccm,with_ocm,with_naive_outbound,badlinkname,tfogo_checklinkname0,with_musl
Revision: 3708fa18766cda1f11b77f6ed9c7bd61688f17df
CGO: enabled
2026-07-31 02:56:49,378 | INFO | 
--- STEP 1: FETCHING SOURCES ---
2026-07-31 02:56:49,512 | INFO | Loaded 153 lines from https://raw.githubusercontent.com/igareck/vpn-conf...
2026-07-31 02:56:49,608 | INFO | Loaded 0 lines from https://raw.githubusercontent.com/igareck/vpn-conf...
2026-07-31 02:56:49,744 | INFO | Loaded 280 lines from https://raw.githubusercontent.com/igareck/vpn-conf...
2026-07-31 02:56:49,888 | INFO | Loaded 19 lines from https://raw.githubusercontent.com/igareck/vpn-conf...
2026-07-31 02:56:49,974 | INFO | Loaded 375 lines from https://raw.githubusercontent.com/igareck/vpn-conf...
2026-07-31 02:56:50,105 | INFO | Loaded 291 lines from https://raw.githubusercontent.com/igareck/vpn-conf...
2026-07-31 02:56:50,238 | INFO | Loaded 153 lines from https://raw.githubusercontent.com/igareck/vpn-conf...
2026-07-31 02:56:50,396 | INFO | Loaded 375 lines from https://raw.githubusercontent.com/FLAT447/v2ray-li...
2026-07-31 02:56:50,396 | INFO | 
--- STEP 2: VALIDATION ---
2026-07-31 02:56:50,398 | INFO | Unique VLESS configs: 999
2026-07-31 02:56:50,426 | INFO | Archive updated: 10000 nodes (limit 10000)
2026-07-31 02:56:50,431 | INFO | 
--- STEP 3: LIVE CHECK (999 nodes, threads: 40) ---
2026-07-31 02:57:05,912 | INFO | ⏱️ Время проверки: 15.5 сек
2026-07-31 02:57:05,912 | INFO | 
--- RESULT: Found 120 live nodes ---
2026-07-31 02:57:05,912 | INFO | After dedup: 120
2026-07-31 02:57:05,929 | INFO | alive_archive.txt updated: 5000 nodes (limit 5000)
2026-07-31 02:57:05,929 | INFO | Subscription updated: /home/runner/work/sbornik/sbornik/subs/vless_001.txt
2026-07-31 02:57:05,929 | INFO | 
--- STATS BY PROTOCOL ---
2026-07-31 02:57:05,929 | INFO | reality: 82
2026-07-31 02:57:05,929 | INFO | tls: 1
2026-07-31 02:57:05,929 | INFO | ws: 31
2026-07-31 02:57:05,929 | INFO | other: 6
2026-07-31 02:57:05,929 | INFO | 
--- TOP SNI STATS ---
2026-07-31 02:57:05,929 | INFO | api-maps.yandex.ru: 107 успешных мутаций
2026-07-31 02:57:05,929 | INFO | ozon.ru: 37 успешных мутаций
2026-07-31 02:57:05,930 | INFO | mail.ru: 32 успешных мутаций
2026-07-31 02:57:05,930 | INFO | ok.ru: 28 успешных мутаций
2026-07-31 02:57:05,930 | INFO | yandex.ru: 28 успешных мутаций
2026-07-31 02:57:05,930 | INFO | vk.com: 26 успешных мутаций
2026-07-31 02:57:05,930 | INFO | wildberries.ru: 25 успешных мутаций
2026-07-31 02:57:05,930 | INFO | rutube.ru: 2 успешных мутаций
2026-07-31 02:57:05,930 | INFO | dzen.ru: 2 успешных мутаций
2026-07-31 02:57:05,930 | INFO | cdn.x5.ru: 1 успешных мутаций
2026-07-31 02:57:05,930 | INFO | 💾 Статистика SNI сохранена
