2026-09-06 03:28:30,136 | INFO | 📊 Загружена статистика SNI: 26 доменов
2026-09-06 03:28:30,137 | INFO | === SING-BOX STATUS ===
2026-09-06 03:28:30,170 | INFO | sing-box version 1.14.0

Environment: go1.26.7 linux/amd64
Tags: with_gvisor,with_quic,with_dhcp,with_wireguard,with_utls,with_acme,with_clash_api,with_tailscale,with_ccm,with_ocm,with_cloudflared,with_naive_outbound,with_usbip,with_openvpn,with_openconnect,badlinkname,tfogo_checklinkname0,with_musl
Revision: 0b8995879f29a9b98ee027bc17b75e101445b238
CGO: enabled
2026-09-06 03:28:30,170 | INFO | 
--- STEP 1: FETCHING SOURCES ---
2026-09-06 03:28:30,301 | INFO | Loaded 56 lines from https://raw.githubusercontent.com/igareck/vpn-conf...
2026-09-06 03:28:30,422 | INFO | Loaded 0 lines from https://raw.githubusercontent.com/igareck/vpn-conf...
2026-09-06 03:28:30,524 | INFO | Loaded 8 lines from https://raw.githubusercontent.com/igareck/vpn-conf...
2026-09-06 03:28:30,664 | INFO | Loaded 8 lines from https://raw.githubusercontent.com/igareck/vpn-conf...
2026-09-06 03:28:30,787 | INFO | Loaded 57 lines from https://raw.githubusercontent.com/igareck/vpn-conf...
2026-09-06 03:28:30,884 | INFO | Loaded 78 lines from https://raw.githubusercontent.com/igareck/vpn-conf...
2026-09-06 03:28:31,000 | INFO | Loaded 136 lines from https://raw.githubusercontent.com/igareck/vpn-conf...
2026-09-06 03:28:31,151 | INFO | Loaded 7 lines from https://raw.githubusercontent.com/FLAT447/v2ray-li...
2026-09-06 03:28:31,151 | INFO | 
--- STEP 2: VALIDATION ---
2026-09-06 03:28:31,152 | INFO | Unique VLESS configs: 167
2026-09-06 03:28:31,185 | INFO | Archive updated: 10000 nodes (limit 10000)
2026-09-06 03:28:31,186 | INFO | 
--- STEP 3: LIVE CHECK (167 nodes, threads: 40) ---
2026-09-06 03:32:38,971 | INFO | ⏱️ Время проверки: 247.8 сек
2026-09-06 03:32:38,971 | INFO | 
--- RESULT: Found 60 live nodes ---
2026-09-06 03:32:38,971 | INFO | After dedup: 60
2026-09-06 03:32:38,971 | INFO | Filled from archive (+40), total: 100
2026-09-06 03:32:38,983 | INFO | alive_archive.txt updated: 5000 nodes (limit 5000)
2026-09-06 03:32:38,983 | INFO | Subscription updated: /home/runner/work/sbornik/sbornik/subs/vless_001.txt
2026-09-06 03:32:38,983 | INFO | 
--- STATS BY PROTOCOL ---
2026-09-06 03:32:38,983 | INFO | reality: 61
2026-09-06 03:32:38,984 | INFO | tls: 8
2026-09-06 03:32:38,984 | INFO | ws: 31
2026-09-06 03:32:38,984 | INFO | 
--- TOP SNI STATS ---
2026-09-06 03:32:38,984 | INFO | api-maps.yandex.ru: 262 успешных мутаций
2026-09-06 03:32:38,984 | INFO | ozon.ru: 108 успешных мутаций
2026-09-06 03:32:38,984 | INFO | yandex.ru: 98 успешных мутаций
2026-09-06 03:32:38,984 | INFO | vk.com: 92 успешных мутаций
2026-09-06 03:32:38,984 | INFO | mail.ru: 90 успешных мутаций
2026-09-06 03:32:38,984 | INFO | wildberries.ru: 86 успешных мутаций
2026-09-06 03:32:38,984 | INFO | ok.ru: 72 успешных мутаций
2026-09-06 03:32:38,984 | INFO | storage.yandex.net: 16 успешных мутаций
2026-09-06 03:32:38,984 | INFO | rutube.ru: 8 успешных мутаций
2026-09-06 03:32:38,984 | INFO | dzen.ru: 8 успешных мутаций
2026-09-06 03:32:38,984 | INFO | 💾 Статистика SNI сохранена
