2026-10-06 01:10:46,243 | INFO | === SING-BOX STATUS ===
2026-10-06 01:10:46,278 | INFO | sing-box version 1.14.2

Environment: go1.26.8 linux/amd64
Tags: with_gvisor,with_quic,with_dhcp,with_wireguard,with_utls,with_acme,with_clash_api,with_tailscale,with_ccm,with_ocm,with_cloudflared,with_naive_outbound,with_usbip,with_openvpn,with_openconnect,badlinkname,tfogo_checklinkname0,with_musl
Revision: af6e64c3b69e6132ebaee0e1a3d24e93903f6709
CGO: enabled
2026-10-06 01:10:46,278 | INFO | 
--- STEP 1: FETCHING SOURCES ---
2026-10-06 01:10:46,369 | INFO | Loaded 111 lines from https://raw.githubusercontent.com/igareck/vpn-configs-for-russia/refs/heads/main...
2026-10-06 01:10:46,521 | INFO | Loaded 21 lines from https://raw.githubusercontent.com/igareck/vpn-configs-for-russia/refs/heads/main...
2026-10-06 01:10:46,662 | INFO | Loaded 8 lines from https://raw.githubusercontent.com/igareck/vpn-configs-for-russia/refs/heads/main...
2026-10-06 01:10:46,743 | INFO | Loaded 118 lines from https://raw.githubusercontent.com/igareck/vpn-configs-for-russia/refs/heads/main...
2026-10-06 01:10:46,863 | INFO | Loaded 196 lines from https://raw.githubusercontent.com/igareck/vpn-configs-for-russia/main/BLACK_VLES...
2026-10-06 01:10:46,984 | INFO | Loaded 151 lines from https://raw.githubusercontent.com/igareck/vpn-configs-for-russia/main/BLACK_VLES...
2026-10-06 01:10:47,158 | INFO | Loaded 21 lines from https://raw.githubusercontent.com/FLAT447/v2ray-lists/main/WHITE_LITE.txt...
2026-10-06 01:10:47,159 | INFO | 
--- STEP 2: VALIDATION ---
2026-10-06 01:10:47,159 | INFO | Unique VLESS configs: 327
2026-10-06 01:10:47,160 | INFO | archive.txt loaded: 141 nodes
2026-10-06 01:10:47,160 | INFO | 
--- ARCHIVE TCP CLEANUP (141 nodes, threads: 40) ---
2026-10-06 01:10:51,872 | INFO | ARCHIVE TCP CLEANUP done: alive=137, removed=4, time=4.7с
2026-10-06 01:10:51,872 | INFO | 
--- STEP 3: LIVE CHECK (327 nodes, threads: 40, min_sites_ok=2) ---
2026-10-06 01:11:44,998 | INFO | ⏱️ Время проверки: 53.1 сек
2026-10-06 01:11:44,999 | INFO | 
--- RESULT: Found 187 live nodes ---
2026-10-06 01:11:45,000 | INFO | archive.txt updated: 305 nodes
2026-10-06 01:11:45,000 | INFO | Subscription updated: /home/runner/work/sbornik/sbornik/subs/vless_001.txt (100 nodes)
2026-10-06 01:11:45,000 | INFO | 
--- STATS BY TRANSPORT (live_total / dead_total | live_last / dead_last) ---
2026-10-06 01:11:45,000 | INFO | tcp: 962 / 1114 | 78 / 51
2026-10-06 01:11:45,000 | INFO | ws: 332 / 303 | 96 / 29
2026-10-06 01:11:45,000 | INFO | grpc: 13 / 172 | 13 / 23
2026-10-06 01:11:45,000 | INFO | xhttp: 0 / 589 | 0 / 41
2026-10-06 01:11:45,000 | INFO | 
--- STATS BY SECURITY (live_total / dead_total | live_last / dead_last) ---
2026-10-06 01:11:45,000 | INFO | none: 103 / 72 | 5 / 0
2026-10-06 01:11:45,000 | INFO | tls: 516 / 796 | 114 / 62
2026-10-06 01:11:45,000 | INFO | reality: 688 / 1310 | 68 / 82
2026-10-06 01:11:45,001 | INFO | 💾 Статистика источников сохранена: source_stats.json
2026-10-06 01:11:45,001 | INFO | 💾 Статистика протоколов сохранена: protocol_stats.json
2026-10-06 01:11:45,001 | INFO | 
============ ИТОГ ЗАПУСКА ============
Живых из источников:          187
Оживлено из архива:           0
Удалено из архива (мёртвых):  4
Итого в подписке:             100
Итого в архиве:               305

--- ДЕТАЛИЗАЦИЯ ОШИБОК ---
dead_tcp (TCP не открылся):    6
dead_config (битый конфиг):    0
dead_start (sing-box упал):    36
dead_sites (мало сайтов):      98
dead_parse (URI не парсится):  0
======================================
2026-10-06 01:11:45,001 | INFO | 
--- ПРОВЕРКА САЙТОВ (за текущий запуск) ---
2026-10-06 01:11:45,002 | INFO | https://telegram.org: 184/285 (64.6%)
2026-10-06 01:11:45,002 | INFO | https://www.instagram.com: 179/285 (62.8%)
2026-10-06 01:11:45,002 | INFO | https://www.youtube.com: 185/285 (64.9%)
2026-10-06 01:11:45,002 | INFO | 💾 Статистика запуска сохранена: run_stats.json
