2026-08-31 04:20:11,787 | INFO | 📊 Загружена статистика SNI: 26 доменов
2026-08-31 04:20:11,787 | INFO | === SING-BOX STATUS ===
2026-08-31 04:20:11,821 | INFO | sing-box version 1.14.0

Environment: go1.26.7 linux/amd64
Tags: with_gvisor,with_quic,with_dhcp,with_wireguard,with_utls,with_acme,with_clash_api,with_tailscale,with_ccm,with_ocm,with_cloudflared,with_naive_outbound,with_usbip,with_openvpn,with_openconnect,badlinkname,tfogo_checklinkname0,with_musl
Revision: 0b8995879f29a9b98ee027bc17b75e101445b238
CGO: enabled
2026-08-31 04:20:11,821 | INFO | 
--- STEP 1: FETCHING SOURCES ---
2026-08-31 04:20:12,001 | INFO | Loaded 42 lines from https://raw.githubusercontent.com/igareck/vpn-conf...
2026-08-31 04:20:12,097 | INFO | Loaded 0 lines from https://raw.githubusercontent.com/igareck/vpn-conf...
2026-08-31 04:20:12,215 | INFO | Loaded 13 lines from https://raw.githubusercontent.com/igareck/vpn-conf...
2026-08-31 04:20:12,243 | INFO | Loaded 39 lines from https://raw.githubusercontent.com/igareck/vpn-conf...
2026-08-31 04:20:12,273 | INFO | Loaded 45 lines from https://raw.githubusercontent.com/igareck/vpn-conf...
2026-08-31 04:20:12,461 | INFO | Loaded 136 lines from https://raw.githubusercontent.com/igareck/vpn-conf...
2026-08-31 04:20:12,584 | INFO | Loaded 153 lines from https://raw.githubusercontent.com/igareck/vpn-conf...
2026-08-31 04:20:12,911 | INFO | Loaded 2916 lines from https://raw.githubusercontent.com/FLAT447/v2ray-li...
2026-08-31 04:20:12,911 | INFO | 
--- STEP 2: VALIDATION ---
2026-08-31 04:20:12,920 | INFO | Unique VLESS configs: 2986
2026-08-31 04:20:12,950 | INFO | Archive updated: 10000 nodes (limit 10000)
2026-08-31 04:20:12,993 | INFO | 
--- STEP 3: LIVE CHECK (2986 nodes, threads: 40) ---
2026-08-31 04:23:00,787 | INFO | ⏱️ Время проверки: 167.8 сек
2026-08-31 04:23:00,788 | INFO | 
--- RESULT: Found 100 live nodes ---
2026-08-31 04:23:00,788 | INFO | After dedup: 100
2026-08-31 04:23:00,802 | INFO | alive_archive.txt updated: 5000 nodes (limit 5000)
2026-08-31 04:23:00,803 | INFO | Subscription updated: /home/runner/work/sbornik/sbornik/subs/vless_001.txt
2026-08-31 04:23:00,803 | INFO | 
--- STATS BY PROTOCOL ---
2026-08-31 04:23:00,803 | INFO | reality: 58
2026-08-31 04:23:00,803 | INFO | ws: 35
2026-08-31 04:23:00,803 | INFO | other: 7
2026-08-31 04:23:00,803 | INFO | 
--- TOP SNI STATS ---
2026-08-31 04:23:00,803 | INFO | api-maps.yandex.ru: 262 успешных мутаций
2026-08-31 04:23:00,803 | INFO | ozon.ru: 107 успешных мутаций
2026-08-31 04:23:00,803 | INFO | yandex.ru: 98 успешных мутаций
2026-08-31 04:23:00,803 | INFO | vk.com: 91 успешных мутаций
2026-08-31 04:23:00,803 | INFO | mail.ru: 90 успешных мутаций
2026-08-31 04:23:00,803 | INFO | wildberries.ru: 86 успешных мутаций
2026-08-31 04:23:00,803 | INFO | ok.ru: 72 успешных мутаций
2026-08-31 04:23:00,803 | INFO | storage.yandex.net: 16 успешных мутаций
2026-08-31 04:23:00,804 | INFO | rutube.ru: 8 успешных мутаций
2026-08-31 04:23:00,804 | INFO | dzen.ru: 8 успешных мутаций
2026-08-31 04:23:00,804 | INFO | 💾 Статистика SNI сохранена
