2026-08-25 08:43:41,036 | INFO | 📊 Загружена статистика SNI: 26 доменов
2026-08-25 08:43:41,036 | INFO | === SING-BOX STATUS ===
2026-08-25 08:43:41,044 | INFO | sing-box version 1.13.19

Environment: go1.25.12 linux/amd64
Tags: with_gvisor,with_quic,with_dhcp,with_wireguard,with_utls,with_acme,with_clash_api,with_tailscale,with_ccm,with_ocm,with_naive_outbound,badlinkname,tfogo_checklinkname0,with_musl
Revision: b5ebaa1fc0f2b94256180b95468e73ef53caa27d
CGO: enabled
2026-08-25 08:43:41,044 | INFO | 
--- STEP 1: FETCHING SOURCES ---
2026-08-25 08:43:41,079 | INFO | Loaded 153 lines from https://raw.githubusercontent.com/igareck/vpn-conf...
2026-08-25 08:43:41,108 | INFO | Loaded 0 lines from https://raw.githubusercontent.com/igareck/vpn-conf...
2026-08-25 08:43:41,138 | INFO | Loaded 23 lines from https://raw.githubusercontent.com/igareck/vpn-conf...
2026-08-25 08:43:41,167 | INFO | Loaded 24 lines from https://raw.githubusercontent.com/igareck/vpn-conf...
2026-08-25 08:43:41,197 | INFO | Loaded 175 lines from https://raw.githubusercontent.com/igareck/vpn-conf...
2026-08-25 08:43:41,228 | INFO | Loaded 335 lines from https://raw.githubusercontent.com/igareck/vpn-conf...
2026-08-25 08:43:41,256 | INFO | Loaded 153 lines from https://raw.githubusercontent.com/igareck/vpn-conf...
2026-08-25 08:43:41,365 | INFO | Loaded 470 lines from https://raw.githubusercontent.com/FLAT447/v2ray-li...
2026-08-25 08:43:41,366 | INFO | 
--- STEP 2: VALIDATION ---
2026-08-25 08:43:41,368 | INFO | Unique VLESS configs: 943
2026-08-25 08:43:41,394 | INFO | Archive updated: 10000 nodes (limit 10000)
2026-08-25 08:43:41,399 | INFO | 
--- STEP 3: LIVE CHECK (943 nodes, threads: 40) ---
2026-08-25 08:50:57,915 | INFO | ⏱️ Время проверки: 436.5 сек
2026-08-25 08:50:57,916 | INFO | 
--- RESULT: Found 101 live nodes ---
2026-08-25 08:50:57,916 | INFO | After dedup: 101
2026-08-25 08:50:57,928 | INFO | alive_archive.txt updated: 5000 nodes (limit 5000)
2026-08-25 08:50:57,928 | INFO | Subscription updated: /home/runner/work/sbornik/sbornik/subs/vless_001.txt
2026-08-25 08:50:57,928 | INFO | 
--- STATS BY PROTOCOL ---
2026-08-25 08:50:57,928 | INFO | reality: 94
2026-08-25 08:50:57,929 | INFO | ws: 6
2026-08-25 08:50:57,929 | INFO | other: 1
2026-08-25 08:50:57,929 | INFO | 
--- TOP SNI STATS ---
2026-08-25 08:50:57,929 | INFO | api-maps.yandex.ru: 259 успешных мутаций
2026-08-25 08:50:57,929 | INFO | ozon.ru: 100 успешных мутаций
2026-08-25 08:50:57,929 | INFO | yandex.ru: 96 успешных мутаций
2026-08-25 08:50:57,929 | INFO | vk.com: 91 успешных мутаций
2026-08-25 08:50:57,929 | INFO | mail.ru: 90 успешных мутаций
2026-08-25 08:50:57,929 | INFO | wildberries.ru: 84 успешных мутаций
2026-08-25 08:50:57,929 | INFO | ok.ru: 72 успешных мутаций
2026-08-25 08:50:57,929 | INFO | storage.yandex.net: 16 успешных мутаций
2026-08-25 08:50:57,929 | INFO | dzen.ru: 8 успешных мутаций
2026-08-25 08:50:57,929 | INFO | rutube.ru: 7 успешных мутаций
2026-08-25 08:50:57,930 | INFO | 💾 Статистика SNI сохранена
