2026-09-15 16:29:37,056 | INFO | 📊 Загружена статистика SNI: 26 доменов
2026-09-15 16:29:37,056 | INFO | === SING-BOX STATUS ===
2026-09-15 16:29:37,092 | INFO | sing-box version 1.14.1

Environment: go1.26.8 linux/amd64
Tags: with_gvisor,with_quic,with_dhcp,with_wireguard,with_utls,with_acme,with_clash_api,with_tailscale,with_ccm,with_ocm,with_cloudflared,with_naive_outbound,with_usbip,with_openvpn,with_openconnect,badlinkname,tfogo_checklinkname0,with_musl
Revision: 1ac1a339cb1223e9c70eae14c44411c75033c02d
CGO: enabled
2026-09-15 16:29:37,092 | INFO | 
--- STEP 1: FETCHING SOURCES ---
2026-09-15 16:29:37,228 | INFO | Loaded 60 lines from https://raw.githubusercontent.com/igareck/vpn-conf...
2026-09-15 16:29:37,358 | INFO | Loaded 0 lines from https://raw.githubusercontent.com/igareck/vpn-conf...
2026-09-15 16:29:37,506 | INFO | Loaded 3 lines from https://raw.githubusercontent.com/igareck/vpn-conf...
2026-09-15 16:29:37,671 | INFO | Loaded 9 lines from https://raw.githubusercontent.com/igareck/vpn-conf...
2026-09-15 16:29:37,786 | INFO | Loaded 61 lines from https://raw.githubusercontent.com/igareck/vpn-conf...
2026-09-15 16:29:37,898 | INFO | Loaded 133 lines from https://raw.githubusercontent.com/igareck/vpn-conf...
2026-09-15 16:29:38,003 | INFO | Loaded 114 lines from https://raw.githubusercontent.com/igareck/vpn-conf...
2026-09-15 16:29:38,176 | INFO | Loaded 98 lines from https://raw.githubusercontent.com/FLAT447/v2ray-li...
2026-09-15 16:29:38,176 | INFO | 
--- STEP 2: VALIDATION ---
2026-09-15 16:29:38,177 | INFO | Unique VLESS configs: 276
2026-09-15 16:29:38,201 | INFO | Archive updated: 10000 nodes (limit 10000)
2026-09-15 16:29:38,202 | INFO | 
--- STEP 3: LIVE CHECK (276 nodes, threads: 40) ---
2026-09-15 16:30:10,213 | INFO | ⏱️ Время проверки: 32.0 сек
2026-09-15 16:30:10,213 | INFO | 
--- RESULT: Found 109 live nodes ---
2026-09-15 16:30:10,213 | INFO | After dedup: 109
2026-09-15 16:30:10,224 | INFO | alive_archive.txt updated: 5000 nodes (limit 5000)
2026-09-15 16:30:10,224 | INFO | Subscription updated: /home/runner/work/sbornik/sbornik/subs/vless_001.txt
2026-09-15 16:30:10,225 | INFO | 
--- STATS BY PROTOCOL ---
2026-09-15 16:30:10,225 | INFO | reality: 107
2026-09-15 16:30:10,225 | INFO | ws: 2
2026-09-15 16:30:10,225 | INFO | 
--- TOP SNI STATS ---
2026-09-15 16:30:10,225 | INFO | api-maps.yandex.ru: 268 успешных мутаций
2026-09-15 16:30:10,225 | INFO | ozon.ru: 108 успешных мутаций
2026-09-15 16:30:10,225 | INFO | yandex.ru: 98 успешных мутаций
2026-09-15 16:30:10,225 | INFO | vk.com: 94 успешных мутаций
2026-09-15 16:30:10,225 | INFO | mail.ru: 90 успешных мутаций
2026-09-15 16:30:10,225 | INFO | wildberries.ru: 86 успешных мутаций
2026-09-15 16:30:10,225 | INFO | ok.ru: 72 успешных мутаций
2026-09-15 16:30:10,225 | INFO | storage.yandex.net: 16 успешных мутаций
2026-09-15 16:30:10,225 | INFO | dzen.ru: 9 успешных мутаций
2026-09-15 16:30:10,225 | INFO | rutube.ru: 8 успешных мутаций
2026-09-15 16:30:10,225 | INFO | 💾 Статистика SNI сохранена
