2026-08-02 02:55:11,310 | INFO | 📊 Загружена статистика SNI: 26 доменов
2026-08-02 02:55:11,310 | INFO | === SING-BOX STATUS ===
2026-08-02 02:55:11,318 | INFO | sing-box version 1.13.15

Environment: go1.25.12 linux/amd64
Tags: with_gvisor,with_quic,with_dhcp,with_wireguard,with_utls,with_acme,with_clash_api,with_tailscale,with_ccm,with_ocm,with_naive_outbound,badlinkname,tfogo_checklinkname0,with_musl
Revision: 3708fa18766cda1f11b77f6ed9c7bd61688f17df
CGO: enabled
2026-08-02 02:55:11,318 | INFO | 
--- STEP 1: FETCHING SOURCES ---
2026-08-02 02:55:11,446 | INFO | Loaded 153 lines from https://raw.githubusercontent.com/igareck/vpn-conf...
2026-08-02 02:55:11,580 | INFO | Loaded 0 lines from https://raw.githubusercontent.com/igareck/vpn-conf...
2026-08-02 02:55:11,656 | INFO | Loaded 51 lines from https://raw.githubusercontent.com/igareck/vpn-conf...
2026-08-02 02:55:11,783 | INFO | Loaded 10 lines from https://raw.githubusercontent.com/igareck/vpn-conf...
2026-08-02 02:55:11,889 | INFO | Loaded 231 lines from https://raw.githubusercontent.com/igareck/vpn-conf...
2026-08-02 02:55:11,996 | INFO | Loaded 276 lines from https://raw.githubusercontent.com/igareck/vpn-conf...
2026-08-02 02:55:12,114 | INFO | Loaded 153 lines from https://raw.githubusercontent.com/igareck/vpn-conf...
2026-08-02 02:55:12,276 | INFO | Loaded 480 lines from https://raw.githubusercontent.com/FLAT447/v2ray-li...
2026-08-02 02:55:12,276 | INFO | 
--- STEP 2: VALIDATION ---
2026-08-02 02:55:12,279 | INFO | Unique VLESS configs: 961
2026-08-02 02:55:12,306 | INFO | Archive updated: 10000 nodes (limit 10000)
2026-08-02 02:55:12,311 | INFO | 
--- STEP 3: LIVE CHECK (961 nodes, threads: 40) ---
2026-08-02 02:55:35,049 | INFO | ⏱️ Время проверки: 22.7 сек
2026-08-02 02:55:35,049 | INFO | 
--- RESULT: Found 105 live nodes ---
2026-08-02 02:55:35,049 | INFO | After dedup: 105
2026-08-02 02:55:35,063 | INFO | alive_archive.txt updated: 5000 nodes (limit 5000)
2026-08-02 02:55:35,063 | INFO | Subscription updated: /home/runner/work/sbornik/sbornik/subs/vless_001.txt
2026-08-02 02:55:35,063 | INFO | 
--- STATS BY PROTOCOL ---
2026-08-02 02:55:35,063 | INFO | reality: 36
2026-08-02 02:55:35,063 | INFO | ws: 68
2026-08-02 02:55:35,063 | INFO | other: 1
2026-08-02 02:55:35,063 | INFO | 
--- TOP SNI STATS ---
2026-08-02 02:55:35,063 | INFO | api-maps.yandex.ru: 175 успешных мутаций
2026-08-02 02:55:35,063 | INFO | ozon.ru: 37 успешных мутаций
2026-08-02 02:55:35,063 | INFO | mail.ru: 32 успешных мутаций
2026-08-02 02:55:35,063 | INFO | ok.ru: 28 успешных мутаций
2026-08-02 02:55:35,064 | INFO | yandex.ru: 28 успешных мутаций
2026-08-02 02:55:35,064 | INFO | vk.com: 26 успешных мутаций
2026-08-02 02:55:35,064 | INFO | wildberries.ru: 25 успешных мутаций
2026-08-02 02:55:35,064 | INFO | dzen.ru: 4 успешных мутаций
2026-08-02 02:55:35,064 | INFO | rutube.ru: 3 успешных мутаций
2026-08-02 02:55:35,064 | INFO | cdn.x5.ru: 1 успешных мутаций
2026-08-02 02:55:35,064 | INFO | 💾 Статистика SNI сохранена
