2026-09-03 03:29:19,598 | INFO | 📊 Загружена статистика SNI: 26 доменов
2026-09-03 03:29:19,599 | INFO | === SING-BOX STATUS ===
2026-09-03 03:29:19,634 | INFO | sing-box version 1.14.0

Environment: go1.26.7 linux/amd64
Tags: with_gvisor,with_quic,with_dhcp,with_wireguard,with_utls,with_acme,with_clash_api,with_tailscale,with_ccm,with_ocm,with_cloudflared,with_naive_outbound,with_usbip,with_openvpn,with_openconnect,badlinkname,tfogo_checklinkname0,with_musl
Revision: 0b8995879f29a9b98ee027bc17b75e101445b238
CGO: enabled
2026-09-03 03:29:19,634 | INFO | 
--- STEP 1: FETCHING SOURCES ---
2026-09-03 03:29:19,671 | INFO | Loaded 114 lines from https://raw.githubusercontent.com/igareck/vpn-conf...
2026-09-03 03:29:19,702 | INFO | Loaded 0 lines from https://raw.githubusercontent.com/igareck/vpn-conf...
2026-09-03 03:29:19,733 | INFO | Loaded 16 lines from https://raw.githubusercontent.com/igareck/vpn-conf...
2026-09-03 03:29:19,763 | INFO | Loaded 22 lines from https://raw.githubusercontent.com/igareck/vpn-conf...
2026-09-03 03:29:19,792 | INFO | Loaded 117 lines from https://raw.githubusercontent.com/igareck/vpn-conf...
2026-09-03 03:29:19,823 | INFO | Loaded 150 lines from https://raw.githubusercontent.com/igareck/vpn-conf...
2026-09-03 03:29:19,854 | INFO | Loaded 147 lines from https://raw.githubusercontent.com/igareck/vpn-conf...
2026-09-03 03:29:20,015 | INFO | Loaded 2128 lines from https://raw.githubusercontent.com/FLAT447/v2ray-li...
2026-09-03 03:29:20,015 | INFO | 
--- STEP 2: VALIDATION ---
2026-09-03 03:29:20,021 | INFO | Unique VLESS configs: 2306
2026-09-03 03:29:20,054 | INFO | Archive updated: 10000 nodes (limit 10000)
2026-09-03 03:29:20,078 | INFO | 
--- STEP 3: LIVE CHECK (2306 nodes, threads: 40) ---
2026-09-03 03:38:34,703 | INFO | ⏱️ Время проверки: 554.6 сек
2026-09-03 03:38:34,703 | INFO | 
--- RESULT: Found 103 live nodes ---
2026-09-03 03:38:34,703 | INFO | After dedup: 103
2026-09-03 03:38:34,715 | INFO | alive_archive.txt updated: 5000 nodes (limit 5000)
2026-09-03 03:38:34,715 | INFO | Subscription updated: /home/runner/work/sbornik/sbornik/subs/vless_001.txt
2026-09-03 03:38:34,715 | INFO | 
--- STATS BY PROTOCOL ---
2026-09-03 03:38:34,715 | INFO | reality: 14
2026-09-03 03:38:34,715 | INFO | tls: 29
2026-09-03 03:38:34,715 | INFO | ws: 52
2026-09-03 03:38:34,715 | INFO | other: 8
2026-09-03 03:38:34,715 | INFO | 
--- TOP SNI STATS ---
2026-09-03 03:38:34,715 | INFO | api-maps.yandex.ru: 262 успешных мутаций
2026-09-03 03:38:34,715 | INFO | ozon.ru: 108 успешных мутаций
2026-09-03 03:38:34,716 | INFO | yandex.ru: 98 успешных мутаций
2026-09-03 03:38:34,716 | INFO | vk.com: 92 успешных мутаций
2026-09-03 03:38:34,716 | INFO | mail.ru: 90 успешных мутаций
2026-09-03 03:38:34,716 | INFO | wildberries.ru: 86 успешных мутаций
2026-09-03 03:38:34,716 | INFO | ok.ru: 72 успешных мутаций
2026-09-03 03:38:34,716 | INFO | storage.yandex.net: 16 успешных мутаций
2026-09-03 03:38:34,716 | INFO | rutube.ru: 8 успешных мутаций
2026-09-03 03:38:34,716 | INFO | dzen.ru: 8 успешных мутаций
2026-09-03 03:38:34,716 | INFO | 💾 Статистика SNI сохранена
