2026-08-17 16:29:10,207 | INFO | 📊 Загружена статистика SNI: 26 доменов
2026-08-17 16:29:10,207 | INFO | === SING-BOX STATUS ===
2026-08-17 16:29:10,214 | INFO | sing-box version 1.13.19

Environment: go1.25.12 linux/amd64
Tags: with_gvisor,with_quic,with_dhcp,with_wireguard,with_utls,with_acme,with_clash_api,with_tailscale,with_ccm,with_ocm,with_naive_outbound,badlinkname,tfogo_checklinkname0,with_musl
Revision: b5ebaa1fc0f2b94256180b95468e73ef53caa27d
CGO: enabled
2026-08-17 16:29:10,214 | INFO | 
--- STEP 1: FETCHING SOURCES ---
2026-08-17 16:29:10,326 | INFO | Loaded 122 lines from https://raw.githubusercontent.com/igareck/vpn-conf...
2026-08-17 16:29:10,424 | INFO | Loaded 0 lines from https://raw.githubusercontent.com/igareck/vpn-conf...
2026-08-17 16:29:10,550 | INFO | Loaded 3 lines from https://raw.githubusercontent.com/igareck/vpn-conf...
2026-08-17 16:29:10,662 | INFO | Loaded 10 lines from https://raw.githubusercontent.com/igareck/vpn-conf...
2026-08-17 16:29:10,805 | INFO | Loaded 127 lines from https://raw.githubusercontent.com/igareck/vpn-conf...
2026-08-17 16:29:10,931 | INFO | Loaded 156 lines from https://raw.githubusercontent.com/igareck/vpn-conf...
2026-08-17 16:29:11,031 | INFO | Loaded 153 lines from https://raw.githubusercontent.com/igareck/vpn-conf...
2026-08-17 16:29:11,389 | INFO | Loaded 416 lines from https://raw.githubusercontent.com/FLAT447/v2ray-li...
2026-08-17 16:29:11,390 | INFO | 
--- STEP 2: VALIDATION ---
2026-08-17 16:29:11,391 | INFO | Unique VLESS configs: 690
2026-08-17 16:29:11,412 | INFO | Archive updated: 10000 nodes (limit 10000)
2026-08-17 16:29:11,415 | INFO | 
--- STEP 3: LIVE CHECK (690 nodes, threads: 40) ---
2026-08-17 16:39:09,539 | INFO | ⏱️ Время проверки: 598.1 сек
2026-08-17 16:39:09,540 | INFO | 
--- RESULT: Found 105 live nodes ---
2026-08-17 16:39:09,540 | INFO | After dedup: 105
2026-08-17 16:39:09,547 | INFO | alive_archive.txt updated: 5000 nodes (limit 5000)
2026-08-17 16:39:09,547 | INFO | Subscription updated: /home/runner/work/sbornik/sbornik/subs/vless_001.txt
2026-08-17 16:39:09,547 | INFO | 
--- STATS BY PROTOCOL ---
2026-08-17 16:39:09,547 | INFO | reality: 79
2026-08-17 16:39:09,548 | INFO | ws: 20
2026-08-17 16:39:09,548 | INFO | other: 6
2026-08-17 16:39:09,548 | INFO | 
--- TOP SNI STATS ---
2026-08-17 16:39:09,548 | INFO | api-maps.yandex.ru: 257 успешных мутаций
2026-08-17 16:39:09,548 | INFO | yandex.ru: 96 успешных мутаций
2026-08-17 16:39:09,548 | INFO | ozon.ru: 93 успешных мутаций
2026-08-17 16:39:09,548 | INFO | vk.com: 90 успешных мутаций
2026-08-17 16:39:09,548 | INFO | mail.ru: 90 успешных мутаций
2026-08-17 16:39:09,548 | INFO | wildberries.ru: 84 успешных мутаций
2026-08-17 16:39:09,548 | INFO | ok.ru: 72 успешных мутаций
2026-08-17 16:39:09,548 | INFO | storage.yandex.net: 14 успешных мутаций
2026-08-17 16:39:09,548 | INFO | dzen.ru: 7 успешных мутаций
2026-08-17 16:39:09,548 | INFO | rutube.ru: 6 успешных мутаций
2026-08-17 16:39:09,548 | INFO | 💾 Статистика SNI сохранена
