2026-08-18 16:33:04,655 | INFO | 📊 Загружена статистика SNI: 26 доменов
2026-08-18 16:33:04,655 | INFO | === SING-BOX STATUS ===
2026-08-18 16:33:04,664 | INFO | sing-box version 1.13.19

Environment: go1.25.12 linux/amd64
Tags: with_gvisor,with_quic,with_dhcp,with_wireguard,with_utls,with_acme,with_clash_api,with_tailscale,with_ccm,with_ocm,with_naive_outbound,badlinkname,tfogo_checklinkname0,with_musl
Revision: b5ebaa1fc0f2b94256180b95468e73ef53caa27d
CGO: enabled
2026-08-18 16:33:04,664 | INFO | 
--- STEP 1: FETCHING SOURCES ---
2026-08-18 16:33:04,709 | INFO | Loaded 64 lines from https://raw.githubusercontent.com/igareck/vpn-conf...
2026-08-18 16:33:04,756 | INFO | Loaded 0 lines from https://raw.githubusercontent.com/igareck/vpn-conf...
2026-08-18 16:33:04,799 | INFO | Loaded 13 lines from https://raw.githubusercontent.com/igareck/vpn-conf...
2026-08-18 16:33:04,841 | INFO | Loaded 18 lines from https://raw.githubusercontent.com/igareck/vpn-conf...
2026-08-18 16:33:04,883 | INFO | Loaded 71 lines from https://raw.githubusercontent.com/igareck/vpn-conf...
2026-08-18 16:33:04,927 | INFO | Loaded 131 lines from https://raw.githubusercontent.com/igareck/vpn-conf...
2026-08-18 16:33:04,976 | INFO | Loaded 153 lines from https://raw.githubusercontent.com/igareck/vpn-conf...
2026-08-18 16:33:05,044 | INFO | Loaded 419 lines from https://raw.githubusercontent.com/FLAT447/v2ray-li...
2026-08-18 16:33:05,045 | INFO | 
--- STEP 2: VALIDATION ---
2026-08-18 16:33:05,046 | INFO | Unique VLESS configs: 630
2026-08-18 16:33:05,075 | INFO | Archive updated: 10000 nodes (limit 10000)
2026-08-18 16:33:05,079 | INFO | 
--- STEP 3: LIVE CHECK (630 nodes, threads: 40) ---
2026-08-18 16:48:25,458 | INFO | ⏱️ Время проверки: 920.4 сек
2026-08-18 16:48:25,458 | INFO | 
--- RESULT: Found 100 live nodes ---
2026-08-18 16:48:25,458 | INFO | After dedup: 100
2026-08-18 16:48:25,467 | INFO | alive_archive.txt updated: 5000 nodes (limit 5000)
2026-08-18 16:48:25,468 | INFO | Subscription updated: /home/runner/work/sbornik/sbornik/subs/vless_001.txt
2026-08-18 16:48:25,468 | INFO | 
--- STATS BY PROTOCOL ---
2026-08-18 16:48:25,468 | INFO | reality: 52
2026-08-18 16:48:25,468 | INFO | tls: 21
2026-08-18 16:48:25,468 | INFO | ws: 26
2026-08-18 16:48:25,468 | INFO | other: 1
2026-08-18 16:48:25,468 | INFO | 
--- TOP SNI STATS ---
2026-08-18 16:48:25,468 | INFO | api-maps.yandex.ru: 257 успешных мутаций
2026-08-18 16:48:25,468 | INFO | yandex.ru: 96 успешных мутаций
2026-08-18 16:48:25,468 | INFO | ozon.ru: 93 успешных мутаций
2026-08-18 16:48:25,468 | INFO | vk.com: 90 успешных мутаций
2026-08-18 16:48:25,468 | INFO | mail.ru: 90 успешных мутаций
2026-08-18 16:48:25,468 | INFO | wildberries.ru: 84 успешных мутаций
2026-08-18 16:48:25,468 | INFO | ok.ru: 72 успешных мутаций
2026-08-18 16:48:25,468 | INFO | storage.yandex.net: 14 успешных мутаций
2026-08-18 16:48:25,468 | INFO | dzen.ru: 7 успешных мутаций
2026-08-18 16:48:25,468 | INFO | rutube.ru: 6 успешных мутаций
2026-08-18 16:48:25,468 | INFO | 💾 Статистика SNI сохранена
