2026-08-11 01:51:18,313 | INFO | 📊 Загружена статистика SNI: 26 доменов
2026-08-11 01:51:18,313 | INFO | === SING-BOX STATUS ===
2026-08-11 01:51:18,320 | INFO | sing-box version 1.13.18

Environment: go1.25.12 linux/amd64
Tags: with_gvisor,with_quic,with_dhcp,with_wireguard,with_utls,with_acme,with_clash_api,with_tailscale,with_ccm,with_ocm,with_naive_outbound,badlinkname,tfogo_checklinkname0,with_musl
Revision: 45ca32dcb966f07f97fc888fe8586e359dbe8405
CGO: enabled
2026-08-11 01:51:18,320 | INFO | 
--- STEP 1: FETCHING SOURCES ---
2026-08-11 01:51:18,423 | INFO | Loaded 153 lines from https://raw.githubusercontent.com/igareck/vpn-conf...
2026-08-11 01:51:18,562 | INFO | Loaded 0 lines from https://raw.githubusercontent.com/igareck/vpn-conf...
2026-08-11 01:51:18,737 | INFO | Loaded 12 lines from https://raw.githubusercontent.com/igareck/vpn-conf...
2026-08-11 01:51:19,026 | INFO | Loaded 10 lines from https://raw.githubusercontent.com/igareck/vpn-conf...
2026-08-11 01:51:19,118 | INFO | Loaded 154 lines from https://raw.githubusercontent.com/igareck/vpn-conf...
2026-08-11 01:51:19,280 | INFO | Loaded 170 lines from https://raw.githubusercontent.com/igareck/vpn-conf...
2026-08-11 01:51:19,437 | INFO | Loaded 146 lines from https://raw.githubusercontent.com/igareck/vpn-conf...
2026-08-11 01:51:19,639 | INFO | Loaded 392 lines from https://raw.githubusercontent.com/FLAT447/v2ray-li...
2026-08-11 01:51:19,639 | INFO | 
--- STEP 2: VALIDATION ---
2026-08-11 01:51:19,640 | INFO | Unique VLESS configs: 690
2026-08-11 01:51:19,664 | INFO | Archive updated: 10000 nodes (limit 10000)
2026-08-11 01:51:19,667 | INFO | 
--- STEP 3: LIVE CHECK (690 nodes, threads: 40) ---
2026-08-11 01:56:02,213 | INFO | ⏱️ Время проверки: 282.5 сек
2026-08-11 01:56:02,213 | INFO | 
--- RESULT: Found 101 live nodes ---
2026-08-11 01:56:02,213 | INFO | After dedup: 101
2026-08-11 01:56:02,222 | INFO | alive_archive.txt updated: 5000 nodes (limit 5000)
2026-08-11 01:56:02,222 | INFO | Subscription updated: /home/runner/work/sbornik/sbornik/subs/vless_001.txt
2026-08-11 01:56:02,222 | INFO | 
--- STATS BY PROTOCOL ---
2026-08-11 01:56:02,222 | INFO | reality: 63
2026-08-11 01:56:02,222 | INFO | tls: 1
2026-08-11 01:56:02,222 | INFO | ws: 32
2026-08-11 01:56:02,222 | INFO | other: 5
2026-08-11 01:56:02,222 | INFO | 
--- TOP SNI STATS ---
2026-08-11 01:56:02,223 | INFO | api-maps.yandex.ru: 245 успешных мутаций
2026-08-11 01:56:02,223 | INFO | yandex.ru: 87 успешных мутаций
2026-08-11 01:56:02,223 | INFO | ozon.ru: 87 успешных мутаций
2026-08-11 01:56:02,223 | INFO | mail.ru: 81 успешных мутаций
2026-08-11 01:56:02,223 | INFO | wildberries.ru: 79 успешных мутаций
2026-08-11 01:56:02,223 | INFO | vk.com: 78 успешных мутаций
2026-08-11 01:56:02,223 | INFO | ok.ru: 68 успешных мутаций
2026-08-11 01:56:02,223 | INFO | dzen.ru: 7 успешных мутаций
2026-08-11 01:56:02,223 | INFO | rutube.ru: 5 успешных мутаций
2026-08-11 01:56:02,223 | INFO | storage.yandex.net: 5 успешных мутаций
2026-08-11 01:56:02,223 | INFO | 💾 Статистика SNI сохранена
