2026-09-14 17:52:30,956 | INFO | 📊 Загружена статистика SNI: 26 доменов
2026-09-14 17:52:30,956 | INFO | === SING-BOX STATUS ===
2026-09-14 17:52:30,992 | INFO | sing-box version 1.14.0

Environment: go1.26.7 linux/amd64
Tags: with_gvisor,with_quic,with_dhcp,with_wireguard,with_utls,with_acme,with_clash_api,with_tailscale,with_ccm,with_ocm,with_cloudflared,with_naive_outbound,with_usbip,with_openvpn,with_openconnect,badlinkname,tfogo_checklinkname0,with_musl
Revision: 0b8995879f29a9b98ee027bc17b75e101445b238
CGO: enabled
2026-09-14 17:52:30,992 | INFO | 
--- STEP 1: FETCHING SOURCES ---
2026-09-14 17:52:31,040 | INFO | Loaded 134 lines from https://raw.githubusercontent.com/igareck/vpn-conf...
2026-09-14 17:52:31,081 | INFO | Loaded 0 lines from https://raw.githubusercontent.com/igareck/vpn-conf...
2026-09-14 17:52:31,125 | INFO | Loaded 13 lines from https://raw.githubusercontent.com/igareck/vpn-conf...
2026-09-14 17:52:31,169 | INFO | Loaded 8 lines from https://raw.githubusercontent.com/igareck/vpn-conf...
2026-09-14 17:52:31,216 | INFO | Loaded 134 lines from https://raw.githubusercontent.com/igareck/vpn-conf...
2026-09-14 17:52:31,261 | INFO | Loaded 63 lines from https://raw.githubusercontent.com/igareck/vpn-conf...
2026-09-14 17:52:31,304 | INFO | Loaded 104 lines from https://raw.githubusercontent.com/igareck/vpn-conf...
2026-09-14 17:52:31,411 | INFO | Loaded 164 lines from https://raw.githubusercontent.com/FLAT447/v2ray-li...
2026-09-14 17:52:31,411 | INFO | 
--- STEP 2: VALIDATION ---
2026-09-14 17:52:31,412 | INFO | Unique VLESS configs: 362
2026-09-14 17:52:31,439 | INFO | Archive updated: 10000 nodes (limit 10000)
2026-09-14 17:52:31,441 | INFO | 
--- STEP 3: LIVE CHECK (362 nodes, threads: 40) ---
2026-09-14 18:02:24,271 | INFO | ⏱️ Время проверки: 592.8 сек
2026-09-14 18:02:24,272 | INFO | 
--- RESULT: Found 45 live nodes ---
2026-09-14 18:02:24,272 | INFO | After dedup: 45
2026-09-14 18:02:24,272 | INFO | Filled from archive (+55), total: 100
2026-09-14 18:02:24,283 | INFO | alive_archive.txt updated: 5000 nodes (limit 5000)
2026-09-14 18:02:24,284 | INFO | Subscription updated: /home/runner/work/sbornik/sbornik/subs/vless_001.txt
2026-09-14 18:02:24,284 | INFO | 
--- STATS BY PROTOCOL ---
2026-09-14 18:02:24,284 | INFO | reality: 82
2026-09-14 18:02:24,284 | INFO | ws: 15
2026-09-14 18:02:24,284 | INFO | other: 3
2026-09-14 18:02:24,284 | INFO | 
--- TOP SNI STATS ---
2026-09-14 18:02:24,284 | INFO | api-maps.yandex.ru: 268 успешных мутаций
2026-09-14 18:02:24,284 | INFO | ozon.ru: 108 успешных мутаций
2026-09-14 18:02:24,284 | INFO | yandex.ru: 98 успешных мутаций
2026-09-14 18:02:24,284 | INFO | vk.com: 94 успешных мутаций
2026-09-14 18:02:24,284 | INFO | mail.ru: 90 успешных мутаций
2026-09-14 18:02:24,284 | INFO | wildberries.ru: 86 успешных мутаций
2026-09-14 18:02:24,284 | INFO | ok.ru: 72 успешных мутаций
2026-09-14 18:02:24,284 | INFO | storage.yandex.net: 16 успешных мутаций
2026-09-14 18:02:24,284 | INFO | dzen.ru: 9 успешных мутаций
2026-09-14 18:02:24,284 | INFO | rutube.ru: 8 успешных мутаций
2026-09-14 18:02:24,284 | INFO | 💾 Статистика SNI сохранена
