2026-09-12 03:38:54,459 | INFO | 📊 Загружена статистика SNI: 26 доменов
2026-09-12 03:38:54,459 | INFO | === SING-BOX STATUS ===
2026-09-12 03:38:54,494 | INFO | sing-box version 1.14.0

Environment: go1.26.7 linux/amd64
Tags: with_gvisor,with_quic,with_dhcp,with_wireguard,with_utls,with_acme,with_clash_api,with_tailscale,with_ccm,with_ocm,with_cloudflared,with_naive_outbound,with_usbip,with_openvpn,with_openconnect,badlinkname,tfogo_checklinkname0,with_musl
Revision: 0b8995879f29a9b98ee027bc17b75e101445b238
CGO: enabled
2026-09-12 03:38:54,494 | INFO | 
--- STEP 1: FETCHING SOURCES ---
2026-09-12 03:38:54,531 | INFO | Loaded 89 lines from https://raw.githubusercontent.com/igareck/vpn-conf...
2026-09-12 03:38:54,586 | INFO | Loaded 0 lines from https://raw.githubusercontent.com/igareck/vpn-conf...
2026-09-12 03:38:54,617 | INFO | Loaded 24 lines from https://raw.githubusercontent.com/igareck/vpn-conf...
2026-09-12 03:38:54,648 | INFO | Loaded 3 lines from https://raw.githubusercontent.com/igareck/vpn-conf...
2026-09-12 03:38:54,677 | INFO | Loaded 89 lines from https://raw.githubusercontent.com/igareck/vpn-conf...
2026-09-12 03:38:54,709 | INFO | Loaded 135 lines from https://raw.githubusercontent.com/igareck/vpn-conf...
2026-09-12 03:38:54,762 | INFO | Loaded 153 lines from https://raw.githubusercontent.com/igareck/vpn-conf...
2026-09-12 03:38:54,869 | INFO | Loaded 126 lines from https://raw.githubusercontent.com/FLAT447/v2ray-li...
2026-09-12 03:38:54,869 | INFO | 
--- STEP 2: VALIDATION ---
2026-09-12 03:38:54,870 | INFO | Unique VLESS configs: 361
2026-09-12 03:38:54,899 | INFO | Archive updated: 10000 nodes (limit 10000)
2026-09-12 03:38:54,901 | INFO | 
--- STEP 3: LIVE CHECK (361 nodes, threads: 40) ---
2026-09-12 03:42:07,038 | INFO | ⏱️ Время проверки: 192.1 сек
2026-09-12 03:42:07,039 | INFO | 
--- RESULT: Found 100 live nodes ---
2026-09-12 03:42:07,039 | INFO | After dedup: 100
2026-09-12 03:42:07,050 | INFO | alive_archive.txt updated: 5000 nodes (limit 5000)
2026-09-12 03:42:07,051 | INFO | Subscription updated: /home/runner/work/sbornik/sbornik/subs/vless_001.txt
2026-09-12 03:42:07,051 | INFO | 
--- STATS BY PROTOCOL ---
2026-09-12 03:42:07,051 | INFO | reality: 59
2026-09-12 03:42:07,051 | INFO | tls: 8
2026-09-12 03:42:07,051 | INFO | ws: 33
2026-09-12 03:42:07,051 | INFO | 
--- TOP SNI STATS ---
2026-09-12 03:42:07,051 | INFO | api-maps.yandex.ru: 268 успешных мутаций
2026-09-12 03:42:07,051 | INFO | ozon.ru: 108 успешных мутаций
2026-09-12 03:42:07,051 | INFO | yandex.ru: 98 успешных мутаций
2026-09-12 03:42:07,051 | INFO | vk.com: 94 успешных мутаций
2026-09-12 03:42:07,051 | INFO | mail.ru: 90 успешных мутаций
2026-09-12 03:42:07,051 | INFO | wildberries.ru: 86 успешных мутаций
2026-09-12 03:42:07,051 | INFO | ok.ru: 72 успешных мутаций
2026-09-12 03:42:07,051 | INFO | storage.yandex.net: 16 успешных мутаций
2026-09-12 03:42:07,051 | INFO | dzen.ru: 9 успешных мутаций
2026-09-12 03:42:07,051 | INFO | rutube.ru: 8 успешных мутаций
2026-09-12 03:42:07,052 | INFO | 💾 Статистика SNI сохранена
