2026-08-08 12:51:02,844 | INFO | 📊 Загружена статистика SNI: 26 доменов
2026-08-08 12:51:02,844 | INFO | === SING-BOX STATUS ===
2026-08-08 12:51:02,853 | INFO | sing-box version 1.13.16

Environment: go1.25.12 linux/amd64
Tags: with_gvisor,with_quic,with_dhcp,with_wireguard,with_utls,with_acme,with_clash_api,with_tailscale,with_ccm,with_ocm,with_naive_outbound,badlinkname,tfogo_checklinkname0,with_musl
Revision: 17ec3c71af8ca946dc50bf0d927c39fc77322aec
CGO: enabled
2026-08-08 12:51:02,853 | INFO | 
--- STEP 1: FETCHING SOURCES ---
2026-08-08 12:51:02,933 | INFO | Loaded 94 lines from https://raw.githubusercontent.com/igareck/vpn-conf...
2026-08-08 12:51:03,071 | INFO | Loaded 0 lines from https://raw.githubusercontent.com/igareck/vpn-conf...
2026-08-08 12:51:03,194 | INFO | Loaded 4 lines from https://raw.githubusercontent.com/igareck/vpn-conf...
2026-08-08 12:51:03,320 | INFO | Loaded 15 lines from https://raw.githubusercontent.com/igareck/vpn-conf...
2026-08-08 12:51:03,395 | INFO | Loaded 94 lines from https://raw.githubusercontent.com/igareck/vpn-conf...
2026-08-08 12:51:03,526 | INFO | Loaded 251 lines from https://raw.githubusercontent.com/igareck/vpn-conf...
2026-08-08 12:51:03,642 | INFO | Loaded 152 lines from https://raw.githubusercontent.com/igareck/vpn-conf...
2026-08-08 12:51:03,770 | INFO | Loaded 385 lines from https://raw.githubusercontent.com/FLAT447/v2ray-li...
2026-08-08 12:51:03,770 | INFO | 
--- STEP 2: VALIDATION ---
2026-08-08 12:51:03,772 | INFO | Unique VLESS configs: 717
2026-08-08 12:51:03,807 | INFO | Archive updated: 10000 nodes (limit 10000)
2026-08-08 12:51:03,810 | INFO | 
--- STEP 3: LIVE CHECK (717 nodes, threads: 40) ---
2026-08-08 12:51:11,212 | INFO | [🎉 SNI WORKED] Нода ожила с SNI: mail.ru (порт 11000)
2026-08-08 12:51:11,356 | INFO | [🎉 SNI WORKED] Нода ожила с SNI: api-maps.yandex.ru (порт 11004)
2026-08-08 12:51:12,592 | INFO | [🎉 SNI WORKED] Нода ожила с SNI: ok.ru (порт 11002)
2026-08-08 12:51:16,163 | INFO | [🎉 SNI WORKED] Нода ожила с SNI: vk.com (порт 11009)
2026-08-08 12:51:16,932 | INFO | [🎉 SNI WORKED] Нода ожила с SNI: ok.ru (порт 11010)
2026-08-08 12:51:17,498 | INFO | [🎉 SNI WORKED] Нода ожила с SNI: yandex.ru (порт 11034)
2026-08-08 12:51:17,586 | INFO | [🎉 SNI WORKED] Нода ожила с SNI: ok.ru (порт 11026)
2026-08-08 12:51:20,594 | INFO | [🎉 SNI WORKED] Нода ожила с SNI: ozon.ru (порт 11005)
2026-08-08 12:51:22,561 | INFO | [🎉 SNI WORKED] Нода ожила с SNI: api-maps.yandex.ru (порт 11036)
2026-08-08 12:51:26,022 | INFO | [🎉 SNI WORKED] Нода ожила с SNI: mail.ru (порт 11002)
2026-08-08 12:51:26,184 | INFO | [🎉 SNI WORKED] Нода ожила с SNI: ozon.ru (порт 11001)
2026-08-08 12:51:29,473 | INFO | [🎉 SNI WORKED] Нода ожила с SNI: wildberries.ru (порт 11006)
2026-08-08 12:51:32,546 | INFO | [🎉 SNI WORKED] Нода ожила с SNI: vk.com (порт 11008)
2026-08-08 12:51:33,462 | INFO | [🎉 SNI WORKED] Нода ожила с SNI: api-maps.yandex.ru (порт 11007)
2026-08-08 12:51:33,933 | INFO | [🎉 SNI WORKED] Нода ожила с SNI: api-maps.yandex.ru (порт 11004)
2026-08-08 12:51:35,472 | INFO | [🎉 SNI WORKED] Нода ожила с SNI: wildberries.ru (порт 11035)
2026-08-08 12:51:47,141 | INFO | [🎉 SNI WORKED] Нода ожила с SNI: vk.com (порт 11003)
2026-08-08 12:51:54,501 | INFO | [🎉 SNI WORKED] Нода ожила с SNI: mail.ru (порт 11033)
2026-08-08 12:55:33,283 | INFO | [🎉 SNI WORKED] Нода ожила с SNI: mail.ru (порт 11032)
2026-08-08 12:55:36,543 | INFO | [🎉 SNI WORKED] Нода ожила с SNI: vk.com (порт 11014)
2026-08-08 12:55:39,782 | INFO | [🎉 SNI WORKED] Нода ожила с SNI: yandex.ru (порт 11020)
2026-08-08 12:55:43,920 | INFO | [🎉 SNI WORKED] Нода ожила с SNI: ozon.ru (порт 11036)
2026-08-08 12:55:45,975 | INFO | [🎉 SNI WORKED] Нода ожила с SNI: ok.ru (порт 11034)
2026-08-08 12:55:46,429 | INFO | [🎉 SNI WORKED] Нода ожила с SNI: wildberries.ru (порт 11002)
2026-08-08 12:55:47,066 | INFO | [🎉 SNI WORKED] Нода ожила с SNI: mail.ru (порт 11011)
2026-08-08 12:55:48,209 | INFO | [🎉 SNI WORKED] Нода ожила с SNI: wildberries.ru (порт 11007)
2026-08-08 12:55:49,757 | INFO | [🎉 SNI WORKED] Нода ожила с SNI: mail.ru (порт 11032)
2026-08-08 12:55:50,435 | INFO | [🎉 SNI WORKED] Нода ожила с SNI: api-maps.yandex.ru (порт 11004)
2026-08-08 12:55:50,718 | INFO | [🎉 SNI WORKED] Нода ожила с SNI: wildberries.ru (порт 11008)
2026-08-08 12:55:50,813 | INFO | [🎉 SNI WORKED] Нода ожила с SNI: wildberries.ru (порт 11014)
2026-08-08 12:55:51,312 | INFO | [🎉 SNI WORKED] Нода ожила с SNI: api-maps.yandex.ru (порт 11000)
2026-08-08 12:55:52,132 | INFO | [🎉 SNI WORKED] Нода ожила с SNI: mail.ru (порт 11035)
2026-08-08 12:55:54,526 | INFO | [🎉 SNI WORKED] Нода ожила с SNI: api-maps.yandex.ru (порт 11011)
2026-08-08 12:55:55,328 | INFO | [🎉 SNI WORKED] Нода ожила с SNI: ozon.ru (порт 11026)
2026-08-08 12:55:55,921 | INFO | ⏱️ Время проверки: 292.1 сек
2026-08-08 12:55:55,921 | INFO | 
--- RESULT: Found 104 live nodes ---
2026-08-08 12:55:55,921 | INFO | After dedup: 104
2026-08-08 12:55:55,932 | INFO | alive_archive.txt updated: 5000 nodes (limit 5000)
2026-08-08 12:55:55,932 | INFO | Subscription updated: /home/runner/work/sbornik/sbornik/subs/vless_001.txt
2026-08-08 12:55:55,932 | INFO | 
--- STATS BY PROTOCOL ---
2026-08-08 12:55:55,932 | INFO | reality: 96
2026-08-08 12:55:55,932 | INFO | tls: 6
2026-08-08 12:55:55,932 | INFO | ws: 2
2026-08-08 12:55:55,933 | INFO | 
--- TOP SNI STATS ---
2026-08-08 12:55:55,933 | INFO | api-maps.yandex.ru: 207 успешных мутаций
2026-08-08 12:55:55,933 | INFO | mail.ru: 58 успешных мутаций
2026-08-08 12:55:55,933 | INFO | yandex.ru: 54 успешных мутаций
2026-08-08 12:55:55,933 | INFO | ozon.ru: 52 успешных мутаций
2026-08-08 12:55:55,933 | INFO | vk.com: 48 успешных мутаций
2026-08-08 12:55:55,933 | INFO | ok.ru: 43 успешных мутаций
2026-08-08 12:55:55,933 | INFO | wildberries.ru: 43 успешных мутаций
2026-08-08 12:55:55,933 | INFO | dzen.ru: 7 успешных мутаций
2026-08-08 12:55:55,933 | INFO | rutube.ru: 3 успешных мутаций
2026-08-08 12:55:55,933 | INFO | cdn.x5.ru: 1 успешных мутаций
2026-08-08 12:55:55,933 | INFO | 💾 Статистика SNI сохранена
