2026-09-13 03:46:05,476 | INFO | 📊 Загружена статистика SNI: 26 доменов
2026-09-13 03:46:05,476 | INFO | === SING-BOX STATUS ===
2026-09-13 03:46:05,500 | INFO | sing-box version 1.14.0

Environment: go1.26.7 linux/amd64
Tags: with_gvisor,with_quic,with_dhcp,with_wireguard,with_utls,with_acme,with_clash_api,with_tailscale,with_ccm,with_ocm,with_cloudflared,with_naive_outbound,with_usbip,with_openvpn,with_openconnect,badlinkname,tfogo_checklinkname0,with_musl
Revision: 0b8995879f29a9b98ee027bc17b75e101445b238
CGO: enabled
2026-09-13 03:46:05,500 | INFO | 
--- STEP 1: FETCHING SOURCES ---
2026-09-13 03:46:05,601 | INFO | Loaded 118 lines from https://raw.githubusercontent.com/igareck/vpn-conf...
2026-09-13 03:46:05,687 | INFO | Loaded 0 lines from https://raw.githubusercontent.com/igareck/vpn-conf...
2026-09-13 03:46:05,768 | INFO | Loaded 25 lines from https://raw.githubusercontent.com/igareck/vpn-conf...
2026-09-13 03:46:05,825 | INFO | Loaded 3 lines from https://raw.githubusercontent.com/igareck/vpn-conf...
2026-09-13 03:46:05,918 | INFO | Loaded 118 lines from https://raw.githubusercontent.com/igareck/vpn-conf...
2026-09-13 03:46:06,029 | INFO | Loaded 289 lines from https://raw.githubusercontent.com/igareck/vpn-conf...
2026-09-13 03:46:06,192 | INFO | Loaded 153 lines from https://raw.githubusercontent.com/igareck/vpn-conf...
2026-09-13 03:46:06,348 | INFO | Loaded 271 lines from https://raw.githubusercontent.com/FLAT447/v2ray-li...
2026-09-13 03:46:06,348 | INFO | 
--- STEP 2: VALIDATION ---
2026-09-13 03:46:06,348 | INFO | Unique VLESS configs: 632
2026-09-13 03:46:06,369 | INFO | Archive updated: 10000 nodes (limit 10000)
2026-09-13 03:46:06,371 | INFO | 
--- STEP 3: LIVE CHECK (632 nodes, threads: 40) ---
2026-09-13 03:46:21,452 | INFO | ⏱️ Время проверки: 15.1 сек
2026-09-13 03:46:21,452 | INFO | 
--- RESULT: Found 111 live nodes ---
2026-09-13 03:46:21,453 | INFO | After dedup: 111
2026-09-13 03:46:21,463 | INFO | alive_archive.txt updated: 5000 nodes (limit 5000)
2026-09-13 03:46:21,463 | INFO | Subscription updated: /home/runner/work/sbornik/sbornik/subs/vless_001.txt
2026-09-13 03:46:21,463 | INFO | 
--- STATS BY PROTOCOL ---
2026-09-13 03:46:21,463 | INFO | reality: 44
2026-09-13 03:46:21,464 | INFO | tls: 20
2026-09-13 03:46:21,464 | INFO | ws: 47
2026-09-13 03:46:21,464 | INFO | 
--- TOP SNI STATS ---
2026-09-13 03:46:21,464 | INFO | api-maps.yandex.ru: 268 успешных мутаций
2026-09-13 03:46:21,464 | INFO | ozon.ru: 108 успешных мутаций
2026-09-13 03:46:21,464 | INFO | yandex.ru: 98 успешных мутаций
2026-09-13 03:46:21,464 | INFO | vk.com: 94 успешных мутаций
2026-09-13 03:46:21,464 | INFO | mail.ru: 90 успешных мутаций
2026-09-13 03:46:21,464 | INFO | wildberries.ru: 86 успешных мутаций
2026-09-13 03:46:21,464 | INFO | ok.ru: 72 успешных мутаций
2026-09-13 03:46:21,464 | INFO | storage.yandex.net: 16 успешных мутаций
2026-09-13 03:46:21,464 | INFO | dzen.ru: 9 успешных мутаций
2026-09-13 03:46:21,464 | INFO | rutube.ru: 8 успешных мутаций
2026-09-13 03:46:21,464 | INFO | 💾 Статистика SNI сохранена
