2026-09-10 03:36:01,952 | INFO | 📊 Загружена статистика SNI: 26 доменов
2026-09-10 03:36:01,952 | INFO | === SING-BOX STATUS ===
2026-09-10 03:36:01,979 | INFO | sing-box version 1.14.0

Environment: go1.26.7 linux/amd64
Tags: with_gvisor,with_quic,with_dhcp,with_wireguard,with_utls,with_acme,with_clash_api,with_tailscale,with_ccm,with_ocm,with_cloudflared,with_naive_outbound,with_usbip,with_openvpn,with_openconnect,badlinkname,tfogo_checklinkname0,with_musl
Revision: 0b8995879f29a9b98ee027bc17b75e101445b238
CGO: enabled
2026-09-10 03:36:01,980 | INFO | 
--- STEP 1: FETCHING SOURCES ---
2026-09-10 03:36:02,107 | INFO | Loaded 71 lines from https://raw.githubusercontent.com/igareck/vpn-conf...
2026-09-10 03:36:02,201 | INFO | Loaded 0 lines from https://raw.githubusercontent.com/igareck/vpn-conf...
2026-09-10 03:36:02,324 | INFO | Loaded 19 lines from https://raw.githubusercontent.com/igareck/vpn-conf...
2026-09-10 03:36:02,510 | INFO | Loaded 8 lines from https://raw.githubusercontent.com/igareck/vpn-conf...
2026-09-10 03:36:02,635 | INFO | Loaded 72 lines from https://raw.githubusercontent.com/igareck/vpn-conf...
2026-09-10 03:36:02,750 | INFO | Loaded 40 lines from https://raw.githubusercontent.com/igareck/vpn-conf...
2026-09-10 03:36:02,866 | INFO | Loaded 134 lines from https://raw.githubusercontent.com/igareck/vpn-conf...
2026-09-10 03:36:02,990 | INFO | Loaded 141 lines from https://raw.githubusercontent.com/FLAT447/v2ray-li...
2026-09-10 03:36:02,991 | INFO | 
--- STEP 2: VALIDATION ---
2026-09-10 03:36:02,991 | INFO | Unique VLESS configs: 222
2026-09-10 03:36:03,016 | INFO | Archive updated: 10000 nodes (limit 10000)
2026-09-10 03:36:03,018 | INFO | 
--- STEP 3: LIVE CHECK (222 nodes, threads: 40) ---
2026-09-10 03:36:30,666 | INFO | ⏱️ Время проверки: 27.6 сек
2026-09-10 03:36:30,666 | INFO | 
--- RESULT: Found 101 live nodes ---
2026-09-10 03:36:30,666 | INFO | After dedup: 101
2026-09-10 03:36:30,674 | INFO | alive_archive.txt updated: 5000 nodes (limit 5000)
2026-09-10 03:36:30,674 | INFO | Subscription updated: /home/runner/work/sbornik/sbornik/subs/vless_001.txt
2026-09-10 03:36:30,674 | INFO | 
--- STATS BY PROTOCOL ---
2026-09-10 03:36:30,674 | INFO | reality: 55
2026-09-10 03:36:30,674 | INFO | ws: 44
2026-09-10 03:36:30,675 | INFO | other: 2
2026-09-10 03:36:30,675 | INFO | 
--- TOP SNI STATS ---
2026-09-10 03:36:30,675 | INFO | api-maps.yandex.ru: 264 успешных мутаций
2026-09-10 03:36:30,675 | INFO | ozon.ru: 108 успешных мутаций
2026-09-10 03:36:30,675 | INFO | yandex.ru: 98 успешных мутаций
2026-09-10 03:36:30,675 | INFO | vk.com: 94 успешных мутаций
2026-09-10 03:36:30,675 | INFO | mail.ru: 90 успешных мутаций
2026-09-10 03:36:30,675 | INFO | wildberries.ru: 86 успешных мутаций
2026-09-10 03:36:30,675 | INFO | ok.ru: 72 успешных мутаций
2026-09-10 03:36:30,675 | INFO | storage.yandex.net: 16 успешных мутаций
2026-09-10 03:36:30,675 | INFO | dzen.ru: 9 успешных мутаций
2026-09-10 03:36:30,675 | INFO | rutube.ru: 8 успешных мутаций
2026-09-10 03:36:30,675 | INFO | 💾 Статистика SNI сохранена
