2026-08-15 12:40:03,219 | INFO | 📊 Загружена статистика SNI: 26 доменов
2026-08-15 12:40:03,219 | INFO | === SING-BOX STATUS ===
2026-08-15 12:40:03,227 | INFO | sing-box version 1.13.18

Environment: go1.25.12 linux/amd64
Tags: with_gvisor,with_quic,with_dhcp,with_wireguard,with_utls,with_acme,with_clash_api,with_tailscale,with_ccm,with_ocm,with_naive_outbound,badlinkname,tfogo_checklinkname0,with_musl
Revision: 45ca32dcb966f07f97fc888fe8586e359dbe8405
CGO: enabled
2026-08-15 12:40:03,227 | INFO | 
--- STEP 1: FETCHING SOURCES ---
2026-08-15 12:40:03,314 | INFO | Loaded 138 lines from https://raw.githubusercontent.com/igareck/vpn-conf...
2026-08-15 12:40:03,442 | INFO | Loaded 0 lines from https://raw.githubusercontent.com/igareck/vpn-conf...
2026-08-15 12:40:03,518 | INFO | Loaded 7 lines from https://raw.githubusercontent.com/igareck/vpn-conf...
2026-08-15 12:40:03,593 | INFO | Loaded 26 lines from https://raw.githubusercontent.com/igareck/vpn-conf...
2026-08-15 12:40:03,668 | INFO | Loaded 139 lines from https://raw.githubusercontent.com/igareck/vpn-conf...
2026-08-15 12:40:03,782 | INFO | Loaded 126 lines from https://raw.githubusercontent.com/igareck/vpn-conf...
2026-08-15 12:40:03,911 | INFO | Loaded 140 lines from https://raw.githubusercontent.com/igareck/vpn-conf...
2026-08-15 12:40:04,099 | INFO | Loaded 425 lines from https://raw.githubusercontent.com/FLAT447/v2ray-li...
2026-08-15 12:40:04,099 | INFO | 
--- STEP 2: VALIDATION ---
2026-08-15 12:40:04,101 | INFO | Unique VLESS configs: 747
2026-08-15 12:40:04,127 | INFO | Archive updated: 10000 nodes (limit 10000)
2026-08-15 12:40:04,131 | INFO | 
--- STEP 3: LIVE CHECK (747 nodes, threads: 40) ---
2026-08-15 12:48:27,884 | INFO | ⏱️ Время проверки: 503.8 сек
2026-08-15 12:48:27,884 | INFO | 
--- RESULT: Found 100 live nodes ---
2026-08-15 12:48:27,884 | INFO | After dedup: 100
2026-08-15 12:48:27,896 | INFO | alive_archive.txt updated: 5000 nodes (limit 5000)
2026-08-15 12:48:27,896 | INFO | Subscription updated: /home/runner/work/sbornik/sbornik/subs/vless_001.txt
2026-08-15 12:48:27,896 | INFO | 
--- STATS BY PROTOCOL ---
2026-08-15 12:48:27,896 | INFO | reality: 39
2026-08-15 12:48:27,896 | INFO | tls: 44
2026-08-15 12:48:27,896 | INFO | ws: 17
2026-08-15 12:48:27,896 | INFO | 
--- TOP SNI STATS ---
2026-08-15 12:48:27,896 | INFO | api-maps.yandex.ru: 257 успешных мутаций
2026-08-15 12:48:27,896 | INFO | yandex.ru: 96 успешных мутаций
2026-08-15 12:48:27,896 | INFO | ozon.ru: 93 успешных мутаций
2026-08-15 12:48:27,896 | INFO | vk.com: 90 успешных мутаций
2026-08-15 12:48:27,896 | INFO | mail.ru: 90 успешных мутаций
2026-08-15 12:48:27,896 | INFO | wildberries.ru: 84 успешных мутаций
2026-08-15 12:48:27,896 | INFO | ok.ru: 72 успешных мутаций
2026-08-15 12:48:27,896 | INFO | storage.yandex.net: 14 успешных мутаций
2026-08-15 12:48:27,897 | INFO | dzen.ru: 7 успешных мутаций
2026-08-15 12:48:27,897 | INFO | rutube.ru: 6 успешных мутаций
2026-08-15 12:48:27,897 | INFO | 💾 Статистика SNI сохранена
