2026-09-17 16:28:07,418 | INFO | 📊 Загружена статистика SNI: 26 доменов
2026-09-17 16:28:07,418 | INFO | === SING-BOX STATUS ===
2026-09-17 16:28:07,453 | INFO | sing-box version 1.14.1

Environment: go1.26.8 linux/amd64
Tags: with_gvisor,with_quic,with_dhcp,with_wireguard,with_utls,with_acme,with_clash_api,with_tailscale,with_ccm,with_ocm,with_cloudflared,with_naive_outbound,with_usbip,with_openvpn,with_openconnect,badlinkname,tfogo_checklinkname0,with_musl
Revision: 1ac1a339cb1223e9c70eae14c44411c75033c02d
CGO: enabled
2026-09-17 16:28:07,453 | INFO | 
--- STEP 1: FETCHING SOURCES ---
2026-09-17 16:28:07,506 | INFO | Loaded 29 lines from https://raw.githubusercontent.com/igareck/vpn-conf...
2026-09-17 16:28:07,590 | INFO | Loaded 0 lines from https://raw.githubusercontent.com/igareck/vpn-conf...
2026-09-17 16:28:07,637 | INFO | Loaded 13 lines from https://raw.githubusercontent.com/igareck/vpn-conf...
2026-09-17 16:28:07,714 | INFO | Loaded 3 lines from https://raw.githubusercontent.com/igareck/vpn-conf...
2026-09-17 16:28:07,761 | INFO | Loaded 33 lines from https://raw.githubusercontent.com/igareck/vpn-conf...
2026-09-17 16:28:07,804 | INFO | Loaded 100 lines from https://raw.githubusercontent.com/igareck/vpn-conf...
2026-09-17 16:28:07,847 | INFO | Loaded 110 lines from https://raw.githubusercontent.com/igareck/vpn-conf...
2026-09-17 16:28:07,953 | INFO | Loaded 23 lines from https://raw.githubusercontent.com/FLAT447/v2ray-li...
2026-09-17 16:28:07,953 | INFO | 
--- STEP 2: VALIDATION ---
2026-09-17 16:28:07,954 | INFO | Unique VLESS configs: 142
2026-09-17 16:28:07,976 | INFO | Archive updated: 10000 nodes (limit 10000)
2026-09-17 16:28:07,978 | INFO | 
--- STEP 3: LIVE CHECK (142 nodes, threads: 40) ---
2026-09-17 16:38:22,483 | INFO | ⏱️ Время проверки: 614.5 сек
2026-09-17 16:38:22,483 | INFO | 
--- RESULT: Found 25 live nodes ---
2026-09-17 16:38:22,483 | INFO | After dedup: 25
2026-09-17 16:38:22,484 | INFO | Filled from archive (+75), total: 100
2026-09-17 16:38:22,498 | INFO | alive_archive.txt updated: 5000 nodes (limit 5000)
2026-09-17 16:38:22,498 | INFO | Subscription updated: /home/runner/work/sbornik/sbornik/subs/vless_001.txt
2026-09-17 16:38:22,498 | INFO | 
--- STATS BY PROTOCOL ---
2026-09-17 16:38:22,498 | INFO | reality: 97
2026-09-17 16:38:22,498 | INFO | ws: 2
2026-09-17 16:38:22,498 | INFO | other: 1
2026-09-17 16:38:22,498 | INFO | 
--- TOP SNI STATS ---
2026-09-17 16:38:22,498 | INFO | api-maps.yandex.ru: 268 успешных мутаций
2026-09-17 16:38:22,498 | INFO | ozon.ru: 108 успешных мутаций
2026-09-17 16:38:22,498 | INFO | yandex.ru: 98 успешных мутаций
2026-09-17 16:38:22,499 | INFO | vk.com: 94 успешных мутаций
2026-09-17 16:38:22,499 | INFO | mail.ru: 90 успешных мутаций
2026-09-17 16:38:22,499 | INFO | wildberries.ru: 86 успешных мутаций
2026-09-17 16:38:22,499 | INFO | ok.ru: 72 успешных мутаций
2026-09-17 16:38:22,499 | INFO | storage.yandex.net: 16 успешных мутаций
2026-09-17 16:38:22,499 | INFO | dzen.ru: 9 успешных мутаций
2026-09-17 16:38:22,499 | INFO | rutube.ru: 8 успешных мутаций
2026-09-17 16:38:22,499 | INFO | 💾 Статистика SNI сохранена
