2026-09-13 18:35:34,562 | INFO | 📊 Загружена статистика SNI: 26 доменов
2026-09-13 18:35:34,562 | INFO | === SING-BOX STATUS ===
2026-09-13 18:35:34,610 | INFO | sing-box version 1.14.0

Environment: go1.26.7 linux/amd64
Tags: with_gvisor,with_quic,with_dhcp,with_wireguard,with_utls,with_acme,with_clash_api,with_tailscale,with_ccm,with_ocm,with_cloudflared,with_naive_outbound,with_usbip,with_openvpn,with_openconnect,badlinkname,tfogo_checklinkname0,with_musl
Revision: 0b8995879f29a9b98ee027bc17b75e101445b238
CGO: enabled
2026-09-13 18:35:34,611 | INFO | 
--- STEP 1: FETCHING SOURCES ---
2026-09-13 18:35:34,702 | INFO | Loaded 85 lines from https://raw.githubusercontent.com/igareck/vpn-conf...
2026-09-13 18:35:34,853 | INFO | Loaded 0 lines from https://raw.githubusercontent.com/igareck/vpn-conf...
2026-09-13 18:35:34,932 | INFO | Loaded 19 lines from https://raw.githubusercontent.com/igareck/vpn-conf...
2026-09-13 18:35:35,009 | INFO | Loaded 3 lines from https://raw.githubusercontent.com/igareck/vpn-conf...
2026-09-13 18:35:35,088 | INFO | Loaded 85 lines from https://raw.githubusercontent.com/igareck/vpn-conf...
2026-09-13 18:35:35,258 | INFO | Loaded 156 lines from https://raw.githubusercontent.com/igareck/vpn-conf...
2026-09-13 18:35:35,381 | INFO | Loaded 111 lines from https://raw.githubusercontent.com/igareck/vpn-conf...
2026-09-13 18:35:35,538 | INFO | Loaded 108 lines from https://raw.githubusercontent.com/FLAT447/v2ray-li...
2026-09-13 18:35:35,538 | INFO | 
--- STEP 2: VALIDATION ---
2026-09-13 18:35:35,539 | INFO | Unique VLESS configs: 326
2026-09-13 18:35:35,566 | INFO | Archive updated: 10000 nodes (limit 10000)
2026-09-13 18:35:35,569 | INFO | 
--- STEP 3: LIVE CHECK (326 nodes, threads: 40) ---
2026-09-13 18:51:40,765 | INFO | ⏱️ Время проверки: 965.2 сек
2026-09-13 18:51:40,765 | INFO | 
--- RESULT: Found 34 live nodes ---
2026-09-13 18:51:40,765 | INFO | After dedup: 34
2026-09-13 18:51:40,765 | INFO | Filled from archive (+66), total: 100
2026-09-13 18:51:40,779 | INFO | alive_archive.txt updated: 5000 nodes (limit 5000)
2026-09-13 18:51:40,780 | INFO | Subscription updated: /home/runner/work/sbornik/sbornik/subs/vless_001.txt
2026-09-13 18:51:40,780 | INFO | 
--- STATS BY PROTOCOL ---
2026-09-13 18:51:40,780 | INFO | reality: 46
2026-09-13 18:51:40,780 | INFO | tls: 6
2026-09-13 18:51:40,780 | INFO | ws: 47
2026-09-13 18:51:40,780 | INFO | other: 1
2026-09-13 18:51:40,780 | INFO | 
--- TOP SNI STATS ---
2026-09-13 18:51:40,780 | INFO | api-maps.yandex.ru: 268 успешных мутаций
2026-09-13 18:51:40,780 | INFO | ozon.ru: 108 успешных мутаций
2026-09-13 18:51:40,780 | INFO | yandex.ru: 98 успешных мутаций
2026-09-13 18:51:40,780 | INFO | vk.com: 94 успешных мутаций
2026-09-13 18:51:40,780 | INFO | mail.ru: 90 успешных мутаций
2026-09-13 18:51:40,780 | INFO | wildberries.ru: 86 успешных мутаций
2026-09-13 18:51:40,780 | INFO | ok.ru: 72 успешных мутаций
2026-09-13 18:51:40,780 | INFO | storage.yandex.net: 16 успешных мутаций
2026-09-13 18:51:40,780 | INFO | dzen.ru: 9 успешных мутаций
2026-09-13 18:51:40,780 | INFO | rutube.ru: 8 успешных мутаций
2026-09-13 18:51:40,780 | INFO | 💾 Статистика SNI сохранена
