2026-09-27 19:36:34,877 | INFO | 📊 Загружена статистика SNI: 26 доменов
2026-09-27 19:36:34,877 | INFO | === SING-BOX STATUS ===
2026-09-27 19:36:34,913 | INFO | sing-box version 1.14.2

Environment: go1.26.8 linux/amd64
Tags: with_gvisor,with_quic,with_dhcp,with_wireguard,with_utls,with_acme,with_clash_api,with_tailscale,with_ccm,with_ocm,with_cloudflared,with_naive_outbound,with_usbip,with_openvpn,with_openconnect,badlinkname,tfogo_checklinkname0,with_musl
Revision: af6e64c3b69e6132ebaee0e1a3d24e93903f6709
CGO: enabled
2026-09-27 19:36:34,913 | INFO | 
--- STEP 1: FETCHING SOURCES ---
2026-09-27 19:36:35,039 | INFO | Loaded 72 lines from https://raw.githubusercontent.com/igareck/vpn-conf...
2026-09-27 19:36:35,133 | INFO | Loaded 0 lines from https://raw.githubusercontent.com/igareck/vpn-conf...
2026-09-27 19:36:35,228 | INFO | Loaded 3 lines from https://raw.githubusercontent.com/igareck/vpn-conf...
2026-09-27 19:36:35,322 | INFO | Loaded 4 lines from https://raw.githubusercontent.com/igareck/vpn-conf...
2026-09-27 19:36:35,415 | INFO | Loaded 78 lines from https://raw.githubusercontent.com/igareck/vpn-conf...
2026-09-27 19:36:35,532 | INFO | Loaded 122 lines from https://raw.githubusercontent.com/igareck/vpn-conf...
2026-09-27 19:36:35,642 | INFO | Loaded 132 lines from https://raw.githubusercontent.com/igareck/vpn-conf...
2026-09-27 19:36:35,764 | INFO | Loaded 40 lines from https://raw.githubusercontent.com/FLAT447/v2ray-li...
2026-09-27 19:36:35,764 | INFO | 
--- STEP 2: VALIDATION ---
2026-09-27 19:36:35,765 | INFO | Unique VLESS configs: 257
2026-09-27 19:36:35,785 | INFO | Archive updated: 10000 nodes (limit 10000)
2026-09-27 19:36:35,787 | INFO | 
--- STEP 3: LIVE CHECK (257 nodes, threads: 40) ---
2026-09-27 19:44:29,778 | INFO | ⏱️ Время проверки: 474.0 сек
2026-09-27 19:44:29,778 | INFO | 
--- RESULT: Found 83 live nodes ---
2026-09-27 19:44:29,778 | INFO | After dedup: 83
2026-09-27 19:44:29,778 | INFO | Filled from archive (+17), total: 100
2026-09-27 19:44:29,790 | INFO | alive_archive.txt updated: 5000 nodes (limit 5000)
2026-09-27 19:44:29,791 | INFO | Subscription updated: /home/runner/work/sbornik/sbornik/subs/vless_001.txt
2026-09-27 19:44:29,791 | INFO | 
--- STATS BY PROTOCOL ---
2026-09-27 19:44:29,791 | INFO | reality: 46
2026-09-27 19:44:29,791 | INFO | tls: 28
2026-09-27 19:44:29,791 | INFO | ws: 24
2026-09-27 19:44:29,791 | INFO | other: 2
2026-09-27 19:44:29,791 | INFO | 
--- TOP SNI STATS ---
2026-09-27 19:44:29,791 | INFO | api-maps.yandex.ru: 268 успешных мутаций
2026-09-27 19:44:29,791 | INFO | ozon.ru: 108 успешных мутаций
2026-09-27 19:44:29,791 | INFO | yandex.ru: 98 успешных мутаций
2026-09-27 19:44:29,791 | INFO | vk.com: 94 успешных мутаций
2026-09-27 19:44:29,792 | INFO | mail.ru: 90 успешных мутаций
2026-09-27 19:44:29,792 | INFO | wildberries.ru: 86 успешных мутаций
2026-09-27 19:44:29,792 | INFO | ok.ru: 73 успешных мутаций
2026-09-27 19:44:29,792 | INFO | storage.yandex.net: 16 успешных мутаций
2026-09-27 19:44:29,792 | INFO | dzen.ru: 9 успешных мутаций
2026-09-27 19:44:29,792 | INFO | rutube.ru: 8 успешных мутаций
2026-09-27 19:44:29,792 | INFO | 💾 Статистика SNI сохранена
