2026-08-05 14:12:03,937 | INFO | 📊 Загружена статистика SNI: 26 доменов
2026-08-05 14:12:03,937 | INFO | === SING-BOX STATUS ===
2026-08-05 14:12:03,946 | INFO | sing-box version 1.13.16

Environment: go1.25.12 linux/amd64
Tags: with_gvisor,with_quic,with_dhcp,with_wireguard,with_utls,with_acme,with_clash_api,with_tailscale,with_ccm,with_ocm,with_naive_outbound,badlinkname,tfogo_checklinkname0,with_musl
Revision: 17ec3c71af8ca946dc50bf0d927c39fc77322aec
CGO: enabled
2026-08-05 14:12:03,946 | INFO | 
--- STEP 1: FETCHING SOURCES ---
2026-08-05 14:12:03,991 | INFO | Loaded 123 lines from https://raw.githubusercontent.com/igareck/vpn-conf...
2026-08-05 14:12:04,056 | INFO | Loaded 0 lines from https://raw.githubusercontent.com/igareck/vpn-conf...
2026-08-05 14:12:04,099 | INFO | Loaded 83 lines from https://raw.githubusercontent.com/igareck/vpn-conf...
2026-08-05 14:12:04,140 | INFO | Loaded 3 lines from https://raw.githubusercontent.com/igareck/vpn-conf...
2026-08-05 14:12:04,181 | INFO | Loaded 123 lines from https://raw.githubusercontent.com/igareck/vpn-conf...
2026-08-05 14:12:04,223 | INFO | Loaded 154 lines from https://raw.githubusercontent.com/igareck/vpn-conf...
2026-08-05 14:12:04,270 | INFO | Loaded 152 lines from https://raw.githubusercontent.com/igareck/vpn-conf...
2026-08-05 14:12:04,364 | INFO | Loaded 368 lines from https://raw.githubusercontent.com/FLAT447/v2ray-li...
2026-08-05 14:12:04,364 | INFO | 
--- STEP 2: VALIDATION ---
2026-08-05 14:12:04,366 | INFO | Unique VLESS configs: 624
2026-08-05 14:12:04,398 | INFO | Archive updated: 10000 nodes (limit 10000)
2026-08-05 14:12:04,402 | INFO | 
--- STEP 3: LIVE CHECK (624 nodes, threads: 40) ---
2026-08-05 14:13:30,562 | INFO | ⏱️ Время проверки: 86.2 сек
2026-08-05 14:13:30,563 | INFO | 
--- RESULT: Found 107 live nodes ---
2026-08-05 14:13:30,563 | INFO | After dedup: 107
2026-08-05 14:13:30,573 | INFO | alive_archive.txt updated: 5000 nodes (limit 5000)
2026-08-05 14:13:30,573 | INFO | Subscription updated: /home/runner/work/sbornik/sbornik/subs/vless_001.txt
2026-08-05 14:13:30,574 | INFO | 
--- STATS BY PROTOCOL ---
2026-08-05 14:13:30,574 | INFO | reality: 58
2026-08-05 14:13:30,574 | INFO | ws: 44
2026-08-05 14:13:30,574 | INFO | other: 5
2026-08-05 14:13:30,574 | INFO | 
--- TOP SNI STATS ---
2026-08-05 14:13:30,574 | INFO | api-maps.yandex.ru: 180 успешных мутаций
2026-08-05 14:13:30,574 | INFO | ozon.ru: 38 успешных мутаций
2026-08-05 14:13:30,574 | INFO | mail.ru: 33 успешных мутаций
2026-08-05 14:13:30,574 | INFO | yandex.ru: 30 успешных мутаций
2026-08-05 14:13:30,574 | INFO | ok.ru: 28 успешных мутаций
2026-08-05 14:13:30,574 | INFO | vk.com: 26 успешных мутаций
2026-08-05 14:13:30,574 | INFO | wildberries.ru: 25 успешных мутаций
2026-08-05 14:13:30,574 | INFO | dzen.ru: 7 успешных мутаций
2026-08-05 14:13:30,574 | INFO | rutube.ru: 3 успешных мутаций
2026-08-05 14:13:30,574 | INFO | cdn.x5.ru: 1 успешных мутаций
2026-08-05 14:13:30,574 | INFO | 💾 Статистика SNI сохранена
