2026-09-25 09:30:45,000 | INFO | 📊 Загружена статистика SNI: 26 доменов
2026-09-25 09:30:45,000 | INFO | === SING-BOX STATUS ===
2026-09-25 09:30:45,036 | INFO | sing-box version 1.14.2

Environment: go1.26.8 linux/amd64
Tags: with_gvisor,with_quic,with_dhcp,with_wireguard,with_utls,with_acme,with_clash_api,with_tailscale,with_ccm,with_ocm,with_cloudflared,with_naive_outbound,with_usbip,with_openvpn,with_openconnect,badlinkname,tfogo_checklinkname0,with_musl
Revision: af6e64c3b69e6132ebaee0e1a3d24e93903f6709
CGO: enabled
2026-09-25 09:30:45,036 | INFO | 
--- STEP 1: FETCHING SOURCES ---
2026-09-25 09:30:45,083 | INFO | Loaded 40 lines from https://raw.githubusercontent.com/igareck/vpn-conf...
2026-09-25 09:30:45,159 | INFO | Loaded 0 lines from https://raw.githubusercontent.com/igareck/vpn-conf...
2026-09-25 09:30:45,201 | INFO | Loaded 18 lines from https://raw.githubusercontent.com/igareck/vpn-conf...
2026-09-25 09:30:45,242 | INFO | Loaded 3 lines from https://raw.githubusercontent.com/igareck/vpn-conf...
2026-09-25 09:30:45,286 | INFO | Loaded 46 lines from https://raw.githubusercontent.com/igareck/vpn-conf...
2026-09-25 09:30:45,329 | INFO | Loaded 101 lines from https://raw.githubusercontent.com/igareck/vpn-conf...
2026-09-25 09:30:45,423 | INFO | Loaded 146 lines from https://raw.githubusercontent.com/igareck/vpn-conf...
2026-09-25 09:30:45,530 | INFO | Loaded 148 lines from https://raw.githubusercontent.com/FLAT447/v2ray-li...
2026-09-25 09:30:45,531 | INFO | 
--- STEP 2: VALIDATION ---
2026-09-25 09:30:45,531 | INFO | Unique VLESS configs: 293
2026-09-25 09:30:45,550 | INFO | Archive updated: 10000 nodes (limit 10000)
2026-09-25 09:30:45,552 | INFO | 
--- STEP 3: LIVE CHECK (293 nodes, threads: 40) ---
2026-09-25 09:35:11,569 | INFO | ⏱️ Время проверки: 266.0 сек
2026-09-25 09:35:11,569 | INFO | 
--- RESULT: Found 103 live nodes ---
2026-09-25 09:35:11,569 | INFO | After dedup: 103
2026-09-25 09:35:11,580 | INFO | alive_archive.txt updated: 5000 nodes (limit 5000)
2026-09-25 09:35:11,581 | INFO | Subscription updated: /home/runner/work/sbornik/sbornik/subs/vless_001.txt
2026-09-25 09:35:11,581 | INFO | 
--- STATS BY PROTOCOL ---
2026-09-25 09:35:11,581 | INFO | reality: 9
2026-09-25 09:35:11,581 | INFO | ws: 91
2026-09-25 09:35:11,581 | INFO | other: 3
2026-09-25 09:35:11,581 | INFO | 
--- TOP SNI STATS ---
2026-09-25 09:35:11,582 | INFO | api-maps.yandex.ru: 268 успешных мутаций
2026-09-25 09:35:11,582 | INFO | ozon.ru: 108 успешных мутаций
2026-09-25 09:35:11,582 | INFO | yandex.ru: 98 успешных мутаций
2026-09-25 09:35:11,582 | INFO | vk.com: 94 успешных мутаций
2026-09-25 09:35:11,582 | INFO | mail.ru: 90 успешных мутаций
2026-09-25 09:35:11,582 | INFO | wildberries.ru: 86 успешных мутаций
2026-09-25 09:35:11,582 | INFO | ok.ru: 73 успешных мутаций
2026-09-25 09:35:11,582 | INFO | storage.yandex.net: 16 успешных мутаций
2026-09-25 09:35:11,582 | INFO | dzen.ru: 9 успешных мутаций
2026-09-25 09:35:11,582 | INFO | rutube.ru: 8 успешных мутаций
2026-09-25 09:35:11,582 | INFO | 💾 Статистика SNI сохранена
