2026-08-02 20:57:21,473 | INFO | 📊 Загружена статистика SNI: 26 доменов
2026-08-02 20:57:21,473 | INFO | === SING-BOX STATUS ===
2026-08-02 20:57:21,480 | INFO | sing-box version 1.13.15

Environment: go1.25.12 linux/amd64
Tags: with_gvisor,with_quic,with_dhcp,with_wireguard,with_utls,with_acme,with_clash_api,with_tailscale,with_ccm,with_ocm,with_naive_outbound,badlinkname,tfogo_checklinkname0,with_musl
Revision: 3708fa18766cda1f11b77f6ed9c7bd61688f17df
CGO: enabled
2026-08-02 20:57:21,481 | INFO | 
--- STEP 1: FETCHING SOURCES ---
2026-08-02 20:57:21,746 | INFO | Loaded 127 lines from https://raw.githubusercontent.com/igareck/vpn-conf...
2026-08-02 20:57:21,982 | INFO | Loaded 0 lines from https://raw.githubusercontent.com/igareck/vpn-conf...
2026-08-02 20:57:22,032 | INFO | Loaded 18 lines from https://raw.githubusercontent.com/igareck/vpn-conf...
2026-08-02 20:57:22,135 | INFO | Loaded 7 lines from https://raw.githubusercontent.com/igareck/vpn-conf...
2026-08-02 20:57:22,211 | INFO | Loaded 131 lines from https://raw.githubusercontent.com/igareck/vpn-conf...
2026-08-02 20:57:22,443 | INFO | Loaded 187 lines from https://raw.githubusercontent.com/igareck/vpn-conf...
2026-08-02 20:57:22,685 | INFO | Loaded 153 lines from https://raw.githubusercontent.com/igareck/vpn-conf...
2026-08-02 20:57:22,851 | INFO | Loaded 442 lines from https://raw.githubusercontent.com/FLAT447/v2ray-li...
2026-08-02 20:57:22,851 | INFO | 
--- STEP 2: VALIDATION ---
2026-08-02 20:57:22,852 | INFO | Unique VLESS configs: 742
2026-08-02 20:57:22,876 | INFO | Archive updated: 10000 nodes (limit 10000)
2026-08-02 20:57:22,879 | INFO | 
--- STEP 3: LIVE CHECK (742 nodes, threads: 40) ---
2026-08-02 21:02:42,873 | INFO | ⏱️ Время проверки: 320.0 сек
2026-08-02 21:02:42,873 | INFO | 
--- RESULT: Found 100 live nodes ---
2026-08-02 21:02:42,873 | INFO | After dedup: 100
2026-08-02 21:02:42,882 | INFO | alive_archive.txt updated: 5000 nodes (limit 5000)
2026-08-02 21:02:42,882 | INFO | Subscription updated: /home/runner/work/sbornik/sbornik/subs/vless_001.txt
2026-08-02 21:02:42,883 | INFO | 
--- STATS BY PROTOCOL ---
2026-08-02 21:02:42,883 | INFO | reality: 19
2026-08-02 21:02:42,883 | INFO | tls: 2
2026-08-02 21:02:42,883 | INFO | ws: 77
2026-08-02 21:02:42,883 | INFO | other: 2
2026-08-02 21:02:42,883 | INFO | 
--- TOP SNI STATS ---
2026-08-02 21:02:42,883 | INFO | api-maps.yandex.ru: 180 успешных мутаций
2026-08-02 21:02:42,883 | INFO | ozon.ru: 37 успешных мутаций
2026-08-02 21:02:42,883 | INFO | mail.ru: 32 успешных мутаций
2026-08-02 21:02:42,883 | INFO | ok.ru: 28 успешных мутаций
2026-08-02 21:02:42,883 | INFO | yandex.ru: 28 успешных мутаций
2026-08-02 21:02:42,883 | INFO | vk.com: 26 успешных мутаций
2026-08-02 21:02:42,883 | INFO | wildberries.ru: 25 успешных мутаций
2026-08-02 21:02:42,883 | INFO | dzen.ru: 4 успешных мутаций
2026-08-02 21:02:42,883 | INFO | rutube.ru: 3 успешных мутаций
2026-08-02 21:02:42,883 | INFO | cdn.x5.ru: 1 успешных мутаций
2026-08-02 21:02:42,883 | INFO | 💾 Статистика SNI сохранена
