2026-08-12 02:03:47,240 | INFO | 📊 Загружена статистика SNI: 26 доменов
2026-08-12 02:03:47,241 | INFO | === SING-BOX STATUS ===
2026-08-12 02:03:47,249 | INFO | sing-box version 1.13.18

Environment: go1.25.12 linux/amd64
Tags: with_gvisor,with_quic,with_dhcp,with_wireguard,with_utls,with_acme,with_clash_api,with_tailscale,with_ccm,with_ocm,with_naive_outbound,badlinkname,tfogo_checklinkname0,with_musl
Revision: 45ca32dcb966f07f97fc888fe8586e359dbe8405
CGO: enabled
2026-08-12 02:03:47,249 | INFO | 
--- STEP 1: FETCHING SOURCES ---
2026-08-12 02:03:47,296 | INFO | Loaded 132 lines from https://raw.githubusercontent.com/igareck/vpn-conf...
2026-08-12 02:03:47,362 | INFO | Loaded 0 lines from https://raw.githubusercontent.com/igareck/vpn-conf...
2026-08-12 02:03:47,407 | INFO | Loaded 23 lines from https://raw.githubusercontent.com/igareck/vpn-conf...
2026-08-12 02:03:47,452 | INFO | Loaded 11 lines from https://raw.githubusercontent.com/igareck/vpn-conf...
2026-08-12 02:03:47,492 | INFO | Loaded 132 lines from https://raw.githubusercontent.com/igareck/vpn-conf...
2026-08-12 02:03:47,543 | INFO | Loaded 139 lines from https://raw.githubusercontent.com/igareck/vpn-conf...
2026-08-12 02:03:47,627 | INFO | Loaded 144 lines from https://raw.githubusercontent.com/igareck/vpn-conf...
2026-08-12 02:03:47,715 | INFO | Loaded 385 lines from https://raw.githubusercontent.com/FLAT447/v2ray-li...
2026-08-12 02:03:47,715 | INFO | 
--- STEP 2: VALIDATION ---
2026-08-12 02:03:47,716 | INFO | Unique VLESS configs: 669
2026-08-12 02:03:47,745 | INFO | Archive updated: 10000 nodes (limit 10000)
2026-08-12 02:03:47,749 | INFO | 
--- STEP 3: LIVE CHECK (669 nodes, threads: 40) ---
2026-08-12 02:11:57,149 | INFO | ⏱️ Время проверки: 489.4 сек
2026-08-12 02:11:57,149 | INFO | 
--- RESULT: Found 110 live nodes ---
2026-08-12 02:11:57,149 | INFO | After dedup: 110
2026-08-12 02:11:57,162 | INFO | alive_archive.txt updated: 5000 nodes (limit 5000)
2026-08-12 02:11:57,162 | INFO | Subscription updated: /home/runner/work/sbornik/sbornik/subs/vless_001.txt
2026-08-12 02:11:57,162 | INFO | 
--- STATS BY PROTOCOL ---
2026-08-12 02:11:57,163 | INFO | reality: 25
2026-08-12 02:11:57,163 | INFO | tls: 57
2026-08-12 02:11:57,163 | INFO | ws: 24
2026-08-12 02:11:57,163 | INFO | other: 4
2026-08-12 02:11:57,163 | INFO | 
--- TOP SNI STATS ---
2026-08-12 02:11:57,163 | INFO | api-maps.yandex.ru: 250 успешных мутаций
2026-08-12 02:11:57,163 | INFO | yandex.ru: 92 успешных мутаций
2026-08-12 02:11:57,163 | INFO | ozon.ru: 92 успешных мутаций
2026-08-12 02:11:57,163 | INFO | mail.ru: 89 успешных мутаций
2026-08-12 02:11:57,163 | INFO | vk.com: 86 успешных мутаций
2026-08-12 02:11:57,163 | INFO | wildberries.ru: 82 успешных мутаций
2026-08-12 02:11:57,163 | INFO | ok.ru: 70 успешных мутаций
2026-08-12 02:11:57,163 | INFO | storage.yandex.net: 10 успешных мутаций
2026-08-12 02:11:57,163 | INFO | dzen.ru: 7 успешных мутаций
2026-08-12 02:11:57,163 | INFO | rutube.ru: 5 успешных мутаций
2026-08-12 02:11:57,163 | INFO | 💾 Статистика SNI сохранена
