2026-09-29 11:22:38,624 | INFO | 📊 Обнаружен старый формат статистики SNI — выполнена совместимая конвертация
2026-09-29 11:22:38,624 | INFO | 📊 Загружена статистика SNI: 26 доменов
2026-09-29 11:22:38,624 | INFO | === SING-BOX STATUS ===
2026-09-29 11:22:38,648 | INFO | sing-box version 1.14.2

Environment: go1.26.8 linux/amd64
Tags: with_gvisor,with_quic,with_dhcp,with_wireguard,with_utls,with_acme,with_clash_api,with_tailscale,with_ccm,with_ocm,with_cloudflared,with_naive_outbound,with_usbip,with_openvpn,with_openconnect,badlinkname,tfogo_checklinkname0,with_musl
Revision: af6e64c3b69e6132ebaee0e1a3d24e93903f6709
CGO: enabled
2026-09-29 11:22:38,648 | INFO | 
--- STEP 1: FETCHING SOURCES ---
2026-09-29 11:22:38,770 | INFO | Loaded 28 lines from https://raw.githubusercontent.com/igareck/vpn-conf...
2026-09-29 11:22:38,925 | INFO | Loaded 0 lines from https://raw.githubusercontent.com/igareck/vpn-conf...
2026-09-29 11:22:39,006 | INFO | Loaded 15 lines from https://raw.githubusercontent.com/igareck/vpn-conf...
2026-09-29 11:22:39,091 | INFO | Loaded 3 lines from https://raw.githubusercontent.com/igareck/vpn-conf...
2026-09-29 11:22:39,261 | INFO | Loaded 39 lines from https://raw.githubusercontent.com/igareck/vpn-conf...
2026-09-29 11:22:39,346 | INFO | Loaded 30 lines from https://raw.githubusercontent.com/igareck/vpn-conf...
2026-09-29 11:22:39,512 | INFO | Loaded 41 lines from https://raw.githubusercontent.com/igareck/vpn-conf...
2026-09-29 11:22:39,675 | INFO | Loaded 47 lines from https://raw.githubusercontent.com/FLAT447/v2ray-li...
2026-09-29 11:22:39,676 | INFO | 
--- STEP 2: VALIDATION ---
2026-09-29 11:22:39,676 | INFO | Unique VLESS configs: 84
2026-09-29 11:22:39,688 | INFO | Archive updated: 10000 nodes (limit 10000)
2026-09-29 11:22:39,689 | INFO | 
--- STEP 3: LIVE CHECK (84 nodes, threads: 40) ---
2026-09-29 11:28:56,921 | INFO | ⏱️ Время проверки: 377.2 сек
2026-09-29 11:28:56,921 | INFO | 
--- RESULT: Found 13 live nodes ---
2026-09-29 11:28:56,921 | INFO | After dedup: 13
2026-09-29 11:28:56,921 | INFO | Filled from archive (+87), total: 100
2026-09-29 11:28:56,928 | INFO | alive_archive.txt updated: 5000 nodes (limit 5000)
2026-09-29 11:28:56,929 | INFO | Subscription updated: /home/runner/work/sbornik/sbornik/subs/vless_001.txt
2026-09-29 11:28:56,929 | INFO | 
--- STATS BY PROTOCOL ---
2026-09-29 11:28:56,929 | INFO | reality: 53
2026-09-29 11:28:56,929 | INFO | tls: 2
2026-09-29 11:28:56,929 | INFO | ws: 43
2026-09-29 11:28:56,929 | INFO | other: 2
2026-09-29 11:28:56,929 | INFO | 
--- TOP SNI STATS ---
2026-09-29 11:28:56,929 | INFO | api-maps.yandex.ru: 268/299 успешных (89.6%)
2026-09-29 11:28:56,929 | INFO | ozon.ru: 108/139 успешных (77.7%)
2026-09-29 11:28:56,929 | INFO | yandex.ru: 99/130 успешных (76.2%)
2026-09-29 11:28:56,929 | INFO | vk.com: 94/125 успешных (75.2%)
2026-09-29 11:28:56,929 | INFO | mail.ru: 90/121 успешных (74.4%)
2026-09-29 11:28:56,929 | INFO | wildberries.ru: 86/117 успешных (73.5%)
2026-09-29 11:28:56,929 | INFO | ok.ru: 73/104 успешных (70.2%)
2026-09-29 11:28:56,929 | INFO | storage.yandex.net: 16/47 успешных (34.0%)
2026-09-29 11:28:56,929 | INFO | dzen.ru: 9/40 успешных (22.5%)
2026-09-29 11:28:56,929 | INFO | rutube.ru: 8/39 успешных (20.5%)
2026-09-29 11:28:56,929 | INFO | kinopoisk.ru: 5/36 успешных (13.9%)
2026-09-29 11:28:56,929 | INFO | gosuslugi.ru: 2/33 успешных (6.1%)
2026-09-29 11:28:56,929 | INFO | cdn.x5.ru: 1/32 успешных (3.1%)
2026-09-29 11:28:56,929 | INFO | tbank.ru: 1/32 успешных (3.1%)
2026-09-29 11:28:56,929 | INFO | avito.ru: 1/32 успешных (3.1%)
2026-09-29 11:28:56,930 | INFO | 💾 Статистика SNI сохранена
