2026-08-22 01:17:52,197 | INFO | 📊 Загружена статистика SNI: 26 доменов
2026-08-22 01:17:52,197 | INFO | === SING-BOX STATUS ===
2026-08-22 01:17:52,205 | INFO | sing-box version 1.13.19

Environment: go1.25.12 linux/amd64
Tags: with_gvisor,with_quic,with_dhcp,with_wireguard,with_utls,with_acme,with_clash_api,with_tailscale,with_ccm,with_ocm,with_naive_outbound,badlinkname,tfogo_checklinkname0,with_musl
Revision: b5ebaa1fc0f2b94256180b95468e73ef53caa27d
CGO: enabled
2026-08-22 01:17:52,205 | INFO | 
--- STEP 1: FETCHING SOURCES ---
2026-08-22 01:17:52,331 | INFO | Loaded 91 lines from https://raw.githubusercontent.com/igareck/vpn-conf...
2026-08-22 01:17:52,498 | INFO | Loaded 0 lines from https://raw.githubusercontent.com/igareck/vpn-conf...
2026-08-22 01:17:52,602 | INFO | Loaded 12 lines from https://raw.githubusercontent.com/igareck/vpn-conf...
2026-08-22 01:17:52,702 | INFO | Loaded 56 lines from https://raw.githubusercontent.com/igareck/vpn-conf...
2026-08-22 01:17:52,812 | INFO | Loaded 96 lines from https://raw.githubusercontent.com/igareck/vpn-conf...
2026-08-22 01:17:53,014 | INFO | Loaded 140 lines from https://raw.githubusercontent.com/igareck/vpn-conf...
2026-08-22 01:17:53,135 | INFO | Loaded 153 lines from https://raw.githubusercontent.com/igareck/vpn-conf...
2026-08-22 01:17:53,313 | INFO | Loaded 439 lines from https://raw.githubusercontent.com/FLAT447/v2ray-li...
2026-08-22 01:17:53,313 | INFO | 
--- STEP 2: VALIDATION ---
2026-08-22 01:17:53,315 | INFO | Unique VLESS configs: 683
2026-08-22 01:17:53,341 | INFO | Archive updated: 10000 nodes (limit 10000)
2026-08-22 01:17:53,344 | INFO | 
--- STEP 3: LIVE CHECK (683 nodes, threads: 40) ---
2026-08-22 01:23:53,125 | INFO | ⏱️ Время проверки: 359.8 сек
2026-08-22 01:23:53,125 | INFO | 
--- RESULT: Found 100 live nodes ---
2026-08-22 01:23:53,125 | INFO | After dedup: 100
2026-08-22 01:23:53,136 | INFO | alive_archive.txt updated: 5000 nodes (limit 5000)
2026-08-22 01:23:53,136 | INFO | Subscription updated: /home/runner/work/sbornik/sbornik/subs/vless_001.txt
2026-08-22 01:23:53,136 | INFO | 
--- STATS BY PROTOCOL ---
2026-08-22 01:23:53,136 | INFO | reality: 47
2026-08-22 01:23:53,136 | INFO | tls: 11
2026-08-22 01:23:53,136 | INFO | ws: 42
2026-08-22 01:23:53,137 | INFO | 
--- TOP SNI STATS ---
2026-08-22 01:23:53,137 | INFO | api-maps.yandex.ru: 258 успешных мутаций
2026-08-22 01:23:53,137 | INFO | yandex.ru: 96 успешных мутаций
2026-08-22 01:23:53,137 | INFO | ozon.ru: 93 успешных мутаций
2026-08-22 01:23:53,137 | INFO | vk.com: 90 успешных мутаций
2026-08-22 01:23:53,137 | INFO | mail.ru: 90 успешных мутаций
2026-08-22 01:23:53,137 | INFO | wildberries.ru: 84 успешных мутаций
2026-08-22 01:23:53,137 | INFO | ok.ru: 72 успешных мутаций
2026-08-22 01:23:53,137 | INFO | storage.yandex.net: 15 успешных мутаций
2026-08-22 01:23:53,137 | INFO | dzen.ru: 8 успешных мутаций
2026-08-22 01:23:53,137 | INFO | rutube.ru: 7 успешных мутаций
2026-08-22 01:23:53,137 | INFO | 💾 Статистика SNI сохранена
