2026-08-04 06:29:08,733 | INFO | 📊 Загружена статистика SNI: 26 доменов
2026-08-04 06:29:08,733 | INFO | === SING-BOX STATUS ===
2026-08-04 06:29:08,743 | INFO | sing-box version 1.13.16

Environment: go1.25.12 linux/amd64
Tags: with_gvisor,with_quic,with_dhcp,with_wireguard,with_utls,with_acme,with_clash_api,with_tailscale,with_ccm,with_ocm,with_naive_outbound,badlinkname,tfogo_checklinkname0,with_musl
Revision: 17ec3c71af8ca946dc50bf0d927c39fc77322aec
CGO: enabled
2026-08-04 06:29:08,743 | INFO | 
--- STEP 1: FETCHING SOURCES ---
2026-08-04 06:29:08,793 | INFO | Loaded 80 lines from https://raw.githubusercontent.com/igareck/vpn-conf...
2026-08-04 06:29:08,864 | INFO | Loaded 0 lines from https://raw.githubusercontent.com/igareck/vpn-conf...
2026-08-04 06:29:08,902 | INFO | Loaded 10 lines from https://raw.githubusercontent.com/igareck/vpn-conf...
2026-08-04 06:29:08,945 | INFO | Loaded 51 lines from https://raw.githubusercontent.com/igareck/vpn-conf...
2026-08-04 06:29:08,984 | INFO | Loaded 84 lines from https://raw.githubusercontent.com/igareck/vpn-conf...
2026-08-04 06:29:09,046 | INFO | Loaded 272 lines from https://raw.githubusercontent.com/igareck/vpn-conf...
2026-08-04 06:29:09,112 | INFO | Loaded 153 lines from https://raw.githubusercontent.com/igareck/vpn-conf...
2026-08-04 06:29:09,229 | INFO | Loaded 368 lines from https://raw.githubusercontent.com/FLAT447/v2ray-li...
2026-08-04 06:29:09,229 | INFO | 
--- STEP 2: VALIDATION ---
2026-08-04 06:29:09,231 | INFO | Unique VLESS configs: 755
2026-08-04 06:29:09,264 | INFO | Archive updated: 10000 nodes (limit 10000)
2026-08-04 06:29:09,268 | INFO | 
--- STEP 3: LIVE CHECK (755 nodes, threads: 40) ---
2026-08-04 06:37:27,981 | INFO | ⏱️ Время проверки: 498.7 сек
2026-08-04 06:37:27,982 | INFO | 
--- RESULT: Found 102 live nodes ---
2026-08-04 06:37:27,982 | INFO | After dedup: 102
2026-08-04 06:37:27,991 | INFO | alive_archive.txt updated: 5000 nodes (limit 5000)
2026-08-04 06:37:27,992 | INFO | Subscription updated: /home/runner/work/sbornik/sbornik/subs/vless_001.txt
2026-08-04 06:37:27,992 | INFO | 
--- STATS BY PROTOCOL ---
2026-08-04 06:37:27,992 | INFO | reality: 57
2026-08-04 06:37:27,992 | INFO | tls: 1
2026-08-04 06:37:27,992 | INFO | ws: 44
2026-08-04 06:37:27,992 | INFO | 
--- TOP SNI STATS ---
2026-08-04 06:37:27,992 | INFO | api-maps.yandex.ru: 180 успешных мутаций
2026-08-04 06:37:27,992 | INFO | ozon.ru: 37 успешных мутаций
2026-08-04 06:37:27,992 | INFO | mail.ru: 32 успешных мутаций
2026-08-04 06:37:27,992 | INFO | ok.ru: 28 успешных мутаций
2026-08-04 06:37:27,992 | INFO | yandex.ru: 28 успешных мутаций
2026-08-04 06:37:27,992 | INFO | vk.com: 26 успешных мутаций
2026-08-04 06:37:27,992 | INFO | wildberries.ru: 25 успешных мутаций
2026-08-04 06:37:27,992 | INFO | dzen.ru: 6 успешных мутаций
2026-08-04 06:37:27,992 | INFO | rutube.ru: 3 успешных мутаций
2026-08-04 06:37:27,992 | INFO | cdn.x5.ru: 1 успешных мутаций
2026-08-04 06:37:27,992 | INFO | 💾 Статистика SNI сохранена
