2026-10-09 20:37:04,720 | INFO | === SING-BOX STATUS ===
2026-10-09 20:37:04,755 | INFO | sing-box version 1.14.3

Environment: go1.26.8 linux/amd64
Tags: with_gvisor,with_quic,with_dhcp,with_wireguard,with_utls,with_acme,with_clash_api,with_tailscale,with_ccm,with_ocm,with_cloudflared,with_naive_outbound,with_usbip,with_openvpn,with_openconnect,badlinkname,tfogo_checklinkname0,with_musl
Revision: 7054cac5124465ffdb145870d7c01885566711b1
CGO: enabled
2026-10-09 20:37:04,755 | INFO | 
--- STEP 1: FETCHING SOURCES ---
2026-10-09 20:37:04,789 | INFO | Loaded 64 lines from https://raw.githubusercontent.com/igareck/vpn-configs-for-russia/refs/heads/main...
2026-10-09 20:37:04,826 | INFO | Loaded 7 lines from https://raw.githubusercontent.com/igareck/vpn-configs-for-russia/refs/heads/main...
2026-10-09 20:37:04,854 | INFO | Loaded 3 lines from https://raw.githubusercontent.com/igareck/vpn-configs-for-russia/refs/heads/main...
2026-10-09 20:37:04,885 | INFO | Loaded 67 lines from https://raw.githubusercontent.com/igareck/vpn-configs-for-russia/refs/heads/main...
2026-10-09 20:37:04,938 | INFO | Loaded 278 lines from https://raw.githubusercontent.com/igareck/vpn-configs-for-russia/main/BLACK_VLES...
2026-10-09 20:37:04,996 | INFO | Loaded 152 lines from https://raw.githubusercontent.com/igareck/vpn-configs-for-russia/main/BLACK_VLES...
2026-10-09 20:37:05,073 | INFO | Loaded 60 lines from https://raw.githubusercontent.com/FLAT447/v2ray-lists/main/WHITE_LITE.txt...
2026-10-09 20:37:05,074 | INFO | 
--- STEP 2: VALIDATION ---
2026-10-09 20:37:05,074 | INFO | Unique VLESS configs: 382
2026-10-09 20:37:05,077 | INFO | archive.txt loaded: 2535 nodes
2026-10-09 20:37:05,077 | INFO | 
--- ARCHIVE TCP CLEANUP (2535 nodes, threads: 40) ---
2026-10-09 20:37:10,596 | INFO | ARCHIVE TCP CLEANUP done: alive=2523, removed=12, time=5.5с
2026-10-09 20:37:10,596 | INFO | 
--- STEP 3: LIVE CHECK (382 nodes, threads: 40, min_sites_ok=2) ---
2026-10-09 20:38:22,562 | INFO | ⏱️ Время проверки: 72.0 сек
2026-10-09 20:38:22,562 | INFO | 
--- RESULT: Found 219 live nodes ---
2026-10-09 20:38:22,570 | INFO | archive.txt updated: 2602 nodes
2026-10-09 20:38:22,571 | INFO | Subscription updated: /home/runner/work/sbornik/sbornik/subs/vless_001.txt (100 nodes)
2026-10-09 20:38:22,571 | INFO | 
--- STATS BY TRANSPORT (live_total / dead_total | live_last / dead_last) ---
2026-10-09 20:38:22,571 | INFO | tcp: 1673 / 2146 | 59 / 54
2026-10-09 20:38:22,571 | INFO | ws: 4254 / 3688 | 160 / 62
2026-10-09 20:38:22,571 | INFO | grpc: 23 / 896 | 0 / 27
2026-10-09 20:38:22,571 | INFO | xhttp: 0 / 1076 | 0 / 32
2026-10-09 20:38:22,571 | INFO | 
--- STATS BY SECURITY (live_total / dead_total | live_last / dead_last) ---
2026-10-09 20:38:22,571 | INFO | none: 466 / 613 | 10 / 6
2026-10-09 20:38:22,571 | INFO | tls: 4356 / 4369 | 185 / 85
2026-10-09 20:38:22,571 | INFO | reality: 1128 / 2824 | 24 / 84
2026-10-09 20:38:22,571 | INFO | 💾 Статистика источников сохранена: source_stats.json
2026-10-09 20:38:22,572 | INFO | 💾 Статистика протоколов сохранена: protocol_stats.json
2026-10-09 20:38:22,572 | INFO | 
============ ИТОГ ЗАПУСКА ============
Живых из источников:          219
Оживлено из архива:           0
Удалено из архива (мёртвых):  12
Итого в подписке:             100
Итого в архиве:               2602

--- ДЕТАЛИЗАЦИЯ ОШИБОК ---
dead_tcp (TCP не открылся):    17
dead_config (битый конфиг):    0
dead_start (sing-box упал):    26
dead_sites (мало сайтов):      120
dead_parse (URI не парсится):  0
======================================
2026-10-09 20:38:22,572 | INFO | 
--- ПРОВЕРКА САЙТОВ (за текущий запуск) ---
2026-10-09 20:38:22,572 | INFO | https://telegram.org: 189/339 (55.8%)
2026-10-09 20:38:22,572 | INFO | https://www.instagram.com: 208/339 (61.4%)
2026-10-09 20:38:22,572 | INFO | https://www.youtube.com: 237/339 (69.9%)
2026-10-09 20:38:22,573 | INFO | 💾 Статистика запуска сохранена: run_stats.json
