2026-08-23 01:25:05,190 | INFO | 📊 Загружена статистика SNI: 26 доменов
2026-08-23 01:25:05,190 | INFO | === SING-BOX STATUS ===
2026-08-23 01:25:05,199 | INFO | sing-box version 1.13.19

Environment: go1.25.12 linux/amd64
Tags: with_gvisor,with_quic,with_dhcp,with_wireguard,with_utls,with_acme,with_clash_api,with_tailscale,with_ccm,with_ocm,with_naive_outbound,badlinkname,tfogo_checklinkname0,with_musl
Revision: b5ebaa1fc0f2b94256180b95468e73ef53caa27d
CGO: enabled
2026-08-23 01:25:05,199 | INFO | 
--- STEP 1: FETCHING SOURCES ---
2026-08-23 01:25:05,275 | INFO | Loaded 40 lines from https://raw.githubusercontent.com/igareck/vpn-conf...
2026-08-23 01:25:05,349 | INFO | Loaded 0 lines from https://raw.githubusercontent.com/igareck/vpn-conf...
2026-08-23 01:25:05,424 | INFO | Loaded 8 lines from https://raw.githubusercontent.com/igareck/vpn-conf...
2026-08-23 01:25:05,504 | INFO | Loaded 34 lines from https://raw.githubusercontent.com/igareck/vpn-conf...
2026-08-23 01:25:05,533 | INFO | Loaded 40 lines from https://raw.githubusercontent.com/igareck/vpn-conf...
2026-08-23 01:25:05,664 | INFO | Loaded 204 lines from https://raw.githubusercontent.com/igareck/vpn-conf...
2026-08-23 01:25:05,737 | INFO | Loaded 153 lines from https://raw.githubusercontent.com/igareck/vpn-conf...
2026-08-23 01:25:05,858 | INFO | Loaded 449 lines from https://raw.githubusercontent.com/FLAT447/v2ray-li...
2026-08-23 01:25:05,858 | INFO | 
--- STEP 2: VALIDATION ---
2026-08-23 01:25:05,860 | INFO | Unique VLESS configs: 683
2026-08-23 01:25:05,887 | INFO | Archive updated: 10000 nodes (limit 10000)
2026-08-23 01:25:05,891 | INFO | 
--- STEP 3: LIVE CHECK (683 nodes, threads: 40) ---
2026-08-23 01:25:49,680 | INFO | ⏱️ Время проверки: 43.8 сек
2026-08-23 01:25:49,680 | INFO | 
--- RESULT: Found 108 live nodes ---
2026-08-23 01:25:49,680 | INFO | After dedup: 108
2026-08-23 01:25:49,691 | INFO | alive_archive.txt updated: 5000 nodes (limit 5000)
2026-08-23 01:25:49,692 | INFO | Subscription updated: /home/runner/work/sbornik/sbornik/subs/vless_001.txt
2026-08-23 01:25:49,692 | INFO | 
--- STATS BY PROTOCOL ---
2026-08-23 01:25:49,692 | INFO | reality: 76
2026-08-23 01:25:49,692 | INFO | tls: 19
2026-08-23 01:25:49,692 | INFO | ws: 13
2026-08-23 01:25:49,692 | INFO | 
--- TOP SNI STATS ---
2026-08-23 01:25:49,692 | INFO | api-maps.yandex.ru: 258 успешных мутаций
2026-08-23 01:25:49,692 | INFO | yandex.ru: 96 успешных мутаций
2026-08-23 01:25:49,692 | INFO | ozon.ru: 93 успешных мутаций
2026-08-23 01:25:49,692 | INFO | vk.com: 90 успешных мутаций
2026-08-23 01:25:49,692 | INFO | mail.ru: 90 успешных мутаций
2026-08-23 01:25:49,692 | INFO | wildberries.ru: 84 успешных мутаций
2026-08-23 01:25:49,692 | INFO | ok.ru: 72 успешных мутаций
2026-08-23 01:25:49,692 | INFO | storage.yandex.net: 15 успешных мутаций
2026-08-23 01:25:49,692 | INFO | dzen.ru: 8 успешных мутаций
2026-08-23 01:25:49,693 | INFO | rutube.ru: 7 успешных мутаций
2026-08-23 01:25:49,693 | INFO | 💾 Статистика SNI сохранена
