2026-07-28 17:36:58,179 | INFO | 📊 Загружена статистика SNI: 26 доменов
2026-07-28 17:36:58,179 | INFO | === SING-BOX STATUS ===
2026-07-28 17:36:58,188 | INFO | sing-box version 1.13.14

Environment: go1.25.11 linux/amd64
Tags: with_gvisor,with_quic,with_dhcp,with_wireguard,with_utls,with_acme,with_clash_api,with_tailscale,with_ccm,with_ocm,with_naive_outbound,badlinkname,tfogo_checklinkname0,with_musl
Revision: 25a600db24f7680ad9806ce5427bd0ab8afe1114
CGO: enabled
2026-07-28 17:36:58,188 | INFO | 
--- STEP 1: FETCHING SOURCES ---
2026-07-28 17:36:58,309 | INFO | Loaded 153 lines from https://raw.githubusercontent.com/igareck/vpn-conf...
2026-07-28 17:36:58,445 | INFO | Loaded 0 lines from https://raw.githubusercontent.com/igareck/vpn-conf...
2026-07-28 17:36:58,523 | INFO | Loaded 144 lines from https://raw.githubusercontent.com/igareck/vpn-conf...
2026-07-28 17:36:58,662 | INFO | Loaded 8 lines from https://raw.githubusercontent.com/igareck/vpn-conf...
2026-07-28 17:36:58,739 | INFO | Loaded 226 lines from https://raw.githubusercontent.com/igareck/vpn-conf...
2026-07-28 17:36:58,854 | INFO | Loaded 215 lines from https://raw.githubusercontent.com/igareck/vpn-conf...
2026-07-28 17:36:58,999 | INFO | Loaded 153 lines from https://raw.githubusercontent.com/igareck/vpn-conf...
2026-07-28 17:36:59,264 | INFO | Loaded 456 lines from https://raw.githubusercontent.com/FLAT447/v2ray-li...
2026-07-28 17:36:59,264 | INFO | 
--- STEP 2: VALIDATION ---
2026-07-28 17:36:59,266 | INFO | Unique VLESS configs: 790
2026-07-28 17:36:59,294 | INFO | Archive updated: 10000 nodes (limit 10000)
2026-07-28 17:36:59,298 | INFO | 
--- STEP 3: LIVE CHECK (790 nodes, threads: 40) ---
2026-07-28 17:37:17,696 | INFO | ⏱️ Время проверки: 18.4 сек
2026-07-28 17:37:17,697 | INFO | 
--- RESULT: Found 113 live nodes ---
2026-07-28 17:37:17,697 | INFO | After dedup: 113
2026-07-28 17:37:17,714 | INFO | alive_archive.txt updated: 5000 nodes (limit 5000)
2026-07-28 17:37:17,714 | INFO | Subscription updated: /home/runner/work/sbornik/sbornik/subs/vless_001.txt
2026-07-28 17:37:17,714 | INFO | 
--- STATS BY PROTOCOL ---
2026-07-28 17:37:17,714 | INFO | reality: 75
2026-07-28 17:37:17,714 | INFO | tls: 1
2026-07-28 17:37:17,714 | INFO | ws: 34
2026-07-28 17:37:17,714 | INFO | other: 3
2026-07-28 17:37:17,714 | INFO | 
--- TOP SNI STATS ---
2026-07-28 17:37:17,714 | INFO | api-maps.yandex.ru: 54 успешных мутаций
2026-07-28 17:37:17,714 | INFO | ozon.ru: 37 успешных мутаций
2026-07-28 17:37:17,715 | INFO | mail.ru: 32 успешных мутаций
2026-07-28 17:37:17,715 | INFO | ok.ru: 28 успешных мутаций
2026-07-28 17:37:17,715 | INFO | yandex.ru: 28 успешных мутаций
2026-07-28 17:37:17,715 | INFO | vk.com: 26 успешных мутаций
2026-07-28 17:37:17,715 | INFO | wildberries.ru: 25 успешных мутаций
2026-07-28 17:37:17,715 | INFO | dzen.ru: 2 успешных мутаций
2026-07-28 17:37:17,715 | INFO | rutube.ru: 1 успешных мутаций
2026-07-28 17:37:17,715 | INFO | cdn.x5.ru: 1 успешных мутаций
2026-07-28 17:37:17,715 | INFO | 💾 Статистика SNI сохранена
