2026-08-12 16:57:54,782 | INFO | 📊 Загружена статистика SNI: 26 доменов
2026-08-12 16:57:54,782 | INFO | === SING-BOX STATUS ===
2026-08-12 16:57:54,789 | INFO | sing-box version 1.13.18

Environment: go1.25.12 linux/amd64
Tags: with_gvisor,with_quic,with_dhcp,with_wireguard,with_utls,with_acme,with_clash_api,with_tailscale,with_ccm,with_ocm,with_naive_outbound,badlinkname,tfogo_checklinkname0,with_musl
Revision: 45ca32dcb966f07f97fc888fe8586e359dbe8405
CGO: enabled
2026-08-12 16:57:54,789 | INFO | 
--- STEP 1: FETCHING SOURCES ---
2026-08-12 16:57:54,844 | INFO | Loaded 67 lines from https://raw.githubusercontent.com/igareck/vpn-conf...
2026-08-12 16:57:54,950 | INFO | Loaded 0 lines from https://raw.githubusercontent.com/igareck/vpn-conf...
2026-08-12 16:57:55,243 | INFO | Loaded 7 lines from https://raw.githubusercontent.com/igareck/vpn-conf...
2026-08-12 16:57:55,290 | INFO | Loaded 9 lines from https://raw.githubusercontent.com/igareck/vpn-conf...
2026-08-12 16:57:55,585 | INFO | Loaded 67 lines from https://raw.githubusercontent.com/igareck/vpn-conf...
2026-08-12 16:57:55,693 | INFO | Loaded 121 lines from https://raw.githubusercontent.com/igareck/vpn-conf...
2026-08-12 16:57:55,823 | INFO | Loaded 153 lines from https://raw.githubusercontent.com/igareck/vpn-conf...
2026-08-12 16:57:56,003 | INFO | Loaded 342 lines from https://raw.githubusercontent.com/FLAT447/v2ray-li...
2026-08-12 16:57:56,003 | INFO | 
--- STEP 2: VALIDATION ---
2026-08-12 16:57:56,004 | INFO | Unique VLESS configs: 555
2026-08-12 16:57:56,027 | INFO | Archive updated: 10000 nodes (limit 10000)
2026-08-12 16:57:56,030 | INFO | 
--- STEP 3: LIVE CHECK (555 nodes, threads: 40) ---
2026-08-12 17:20:24,882 | INFO | ⏱️ Время проверки: 1348.9 сек
2026-08-12 17:20:24,882 | INFO | 
--- RESULT: Found 97 live nodes ---
2026-08-12 17:20:24,883 | INFO | After dedup: 97
2026-08-12 17:20:24,883 | INFO | Filled from archive (+3), total: 100
2026-08-12 17:20:24,890 | INFO | alive_archive.txt updated: 5000 nodes (limit 5000)
2026-08-12 17:20:24,891 | INFO | Subscription updated: /home/runner/work/sbornik/sbornik/subs/vless_001.txt
2026-08-12 17:20:24,891 | INFO | 
--- STATS BY PROTOCOL ---
2026-08-12 17:20:24,891 | INFO | reality: 65
2026-08-12 17:20:24,891 | INFO | tls: 3
2026-08-12 17:20:24,891 | INFO | ws: 32
2026-08-12 17:20:24,891 | INFO | 
--- TOP SNI STATS ---
2026-08-12 17:20:24,891 | INFO | api-maps.yandex.ru: 253 успешных мутаций
2026-08-12 17:20:24,891 | INFO | yandex.ru: 95 успешных мутаций
2026-08-12 17:20:24,891 | INFO | ozon.ru: 93 успешных мутаций
2026-08-12 17:20:24,891 | INFO | mail.ru: 90 успешных мутаций
2026-08-12 17:20:24,891 | INFO | vk.com: 89 успешных мутаций
2026-08-12 17:20:24,891 | INFO | wildberries.ru: 84 успешных мутаций
2026-08-12 17:20:24,891 | INFO | ok.ru: 71 успешных мутаций
2026-08-12 17:20:24,891 | INFO | storage.yandex.net: 12 успешных мутаций
2026-08-12 17:20:24,891 | INFO | dzen.ru: 7 успешных мутаций
2026-08-12 17:20:24,891 | INFO | rutube.ru: 5 успешных мутаций
2026-08-12 17:20:24,891 | INFO | 💾 Статистика SNI сохранена
