2026-08-19 16:32:58,895 | INFO | 📊 Загружена статистика SNI: 26 доменов
2026-08-19 16:32:58,896 | INFO | === SING-BOX STATUS ===
2026-08-19 16:32:58,902 | INFO | sing-box version 1.13.19

Environment: go1.25.12 linux/amd64
Tags: with_gvisor,with_quic,with_dhcp,with_wireguard,with_utls,with_acme,with_clash_api,with_tailscale,with_ccm,with_ocm,with_naive_outbound,badlinkname,tfogo_checklinkname0,with_musl
Revision: b5ebaa1fc0f2b94256180b95468e73ef53caa27d
CGO: enabled
2026-08-19 16:32:58,902 | INFO | 
--- STEP 1: FETCHING SOURCES ---
2026-08-19 16:32:59,005 | INFO | Loaded 92 lines from https://raw.githubusercontent.com/igareck/vpn-conf...
2026-08-19 16:32:59,100 | INFO | Loaded 0 lines from https://raw.githubusercontent.com/igareck/vpn-conf...
2026-08-19 16:32:59,193 | INFO | Loaded 5 lines from https://raw.githubusercontent.com/igareck/vpn-conf...
2026-08-19 16:32:59,296 | INFO | Loaded 8 lines from https://raw.githubusercontent.com/igareck/vpn-conf...
2026-08-19 16:32:59,355 | INFO | Loaded 92 lines from https://raw.githubusercontent.com/igareck/vpn-conf...
2026-08-19 16:32:59,460 | INFO | Loaded 128 lines from https://raw.githubusercontent.com/igareck/vpn-conf...
2026-08-19 16:32:59,564 | INFO | Loaded 153 lines from https://raw.githubusercontent.com/igareck/vpn-conf...
2026-08-19 16:32:59,751 | INFO | Loaded 474 lines from https://raw.githubusercontent.com/FLAT447/v2ray-li...
2026-08-19 16:32:59,751 | INFO | 
--- STEP 2: VALIDATION ---
2026-08-19 16:32:59,752 | INFO | Unique VLESS configs: 686
2026-08-19 16:32:59,772 | INFO | Archive updated: 10000 nodes (limit 10000)
2026-08-19 16:32:59,774 | INFO | 
--- STEP 3: LIVE CHECK (686 nodes, threads: 40) ---
2026-08-19 16:33:53,139 | INFO | ⏱️ Время проверки: 53.4 сек
2026-08-19 16:33:53,139 | INFO | 
--- RESULT: Found 100 live nodes ---
2026-08-19 16:33:53,139 | INFO | After dedup: 100
2026-08-19 16:33:53,146 | INFO | alive_archive.txt updated: 5000 nodes (limit 5000)
2026-08-19 16:33:53,146 | INFO | Subscription updated: /home/runner/work/sbornik/sbornik/subs/vless_001.txt
2026-08-19 16:33:53,146 | INFO | 
--- STATS BY PROTOCOL ---
2026-08-19 16:33:53,146 | INFO | reality: 90
2026-08-19 16:33:53,146 | INFO | ws: 10
2026-08-19 16:33:53,147 | INFO | 
--- TOP SNI STATS ---
2026-08-19 16:33:53,147 | INFO | api-maps.yandex.ru: 257 успешных мутаций
2026-08-19 16:33:53,147 | INFO | yandex.ru: 96 успешных мутаций
2026-08-19 16:33:53,147 | INFO | ozon.ru: 93 успешных мутаций
2026-08-19 16:33:53,147 | INFO | vk.com: 90 успешных мутаций
2026-08-19 16:33:53,147 | INFO | mail.ru: 90 успешных мутаций
2026-08-19 16:33:53,147 | INFO | wildberries.ru: 84 успешных мутаций
2026-08-19 16:33:53,147 | INFO | ok.ru: 72 успешных мутаций
2026-08-19 16:33:53,147 | INFO | storage.yandex.net: 14 успешных мутаций
2026-08-19 16:33:53,147 | INFO | rutube.ru: 7 успешных мутаций
2026-08-19 16:33:53,147 | INFO | dzen.ru: 7 успешных мутаций
2026-08-19 16:33:53,147 | INFO | 💾 Статистика SNI сохранена
