2026-09-10 08:43:44,701 | INFO | 📊 Загружена статистика SNI: 26 доменов
2026-09-10 08:43:44,702 | INFO | === SING-BOX STATUS ===
2026-09-10 08:43:44,737 | INFO | sing-box version 1.14.0

Environment: go1.26.7 linux/amd64
Tags: with_gvisor,with_quic,with_dhcp,with_wireguard,with_utls,with_acme,with_clash_api,with_tailscale,with_ccm,with_ocm,with_cloudflared,with_naive_outbound,with_usbip,with_openvpn,with_openconnect,badlinkname,tfogo_checklinkname0,with_musl
Revision: 0b8995879f29a9b98ee027bc17b75e101445b238
CGO: enabled
2026-09-10 08:43:44,737 | INFO | 
--- STEP 1: FETCHING SOURCES ---
2026-09-10 08:43:44,773 | INFO | Loaded 30 lines from https://raw.githubusercontent.com/igareck/vpn-conf...
2026-09-10 08:43:44,835 | INFO | Loaded 0 lines from https://raw.githubusercontent.com/igareck/vpn-conf...
2026-09-10 08:43:44,867 | INFO | Loaded 23 lines from https://raw.githubusercontent.com/igareck/vpn-conf...
2026-09-10 08:43:44,899 | INFO | Loaded 3 lines from https://raw.githubusercontent.com/igareck/vpn-conf...
2026-09-10 08:43:44,935 | INFO | Loaded 30 lines from https://raw.githubusercontent.com/igareck/vpn-conf...
2026-09-10 08:43:44,971 | INFO | Loaded 28 lines from https://raw.githubusercontent.com/igareck/vpn-conf...
2026-09-10 08:43:45,001 | INFO | Loaded 75 lines from https://raw.githubusercontent.com/igareck/vpn-conf...
2026-09-10 08:43:45,066 | INFO | Loaded 270 lines from https://raw.githubusercontent.com/FLAT447/v2ray-li...
2026-09-10 08:43:45,067 | INFO | 
--- STEP 2: VALIDATION ---
2026-09-10 08:43:45,068 | INFO | Unique VLESS configs: 312
2026-09-10 08:43:45,097 | INFO | Archive updated: 10000 nodes (limit 10000)
2026-09-10 08:43:45,099 | INFO | 
--- STEP 3: LIVE CHECK (312 nodes, threads: 40) ---
2026-09-10 08:45:00,403 | INFO | ⏱️ Время проверки: 75.3 сек
2026-09-10 08:45:00,403 | INFO | 
--- RESULT: Found 101 live nodes ---
2026-09-10 08:45:00,403 | INFO | After dedup: 101
2026-09-10 08:45:00,414 | INFO | alive_archive.txt updated: 5000 nodes (limit 5000)
2026-09-10 08:45:00,415 | INFO | Subscription updated: /home/runner/work/sbornik/sbornik/subs/vless_001.txt
2026-09-10 08:45:00,415 | INFO | 
--- STATS BY PROTOCOL ---
2026-09-10 08:45:00,415 | INFO | reality: 14
2026-09-10 08:45:00,415 | INFO | tls: 12
2026-09-10 08:45:00,415 | INFO | ws: 74
2026-09-10 08:45:00,415 | INFO | other: 1
2026-09-10 08:45:00,415 | INFO | 
--- TOP SNI STATS ---
2026-09-10 08:45:00,415 | INFO | api-maps.yandex.ru: 264 успешных мутаций
2026-09-10 08:45:00,415 | INFO | ozon.ru: 108 успешных мутаций
2026-09-10 08:45:00,415 | INFO | yandex.ru: 98 успешных мутаций
2026-09-10 08:45:00,416 | INFO | vk.com: 94 успешных мутаций
2026-09-10 08:45:00,416 | INFO | mail.ru: 90 успешных мутаций
2026-09-10 08:45:00,416 | INFO | wildberries.ru: 86 успешных мутаций
2026-09-10 08:45:00,416 | INFO | ok.ru: 72 успешных мутаций
2026-09-10 08:45:00,416 | INFO | storage.yandex.net: 16 успешных мутаций
2026-09-10 08:45:00,416 | INFO | dzen.ru: 9 успешных мутаций
2026-09-10 08:45:00,416 | INFO | rutube.ru: 8 успешных мутаций
2026-09-10 08:45:00,416 | INFO | 💾 Статистика SNI сохранена
