2026-09-11 16:03:15,429 | INFO | 📊 Загружена статистика SNI: 26 доменов
2026-09-11 16:03:15,429 | INFO | === SING-BOX STATUS ===
2026-09-11 16:03:15,457 | INFO | sing-box version 1.14.0

Environment: go1.26.7 linux/amd64
Tags: with_gvisor,with_quic,with_dhcp,with_wireguard,with_utls,with_acme,with_clash_api,with_tailscale,with_ccm,with_ocm,with_cloudflared,with_naive_outbound,with_usbip,with_openvpn,with_openconnect,badlinkname,tfogo_checklinkname0,with_musl
Revision: 0b8995879f29a9b98ee027bc17b75e101445b238
CGO: enabled
2026-09-11 16:03:15,457 | INFO | 
--- STEP 1: FETCHING SOURCES ---
2026-09-11 16:03:15,524 | INFO | Loaded 75 lines from https://raw.githubusercontent.com/igareck/vpn-conf...
2026-09-11 16:03:15,637 | INFO | Loaded 0 lines from https://raw.githubusercontent.com/igareck/vpn-conf...
2026-09-11 16:03:15,771 | INFO | Loaded 18 lines from https://raw.githubusercontent.com/igareck/vpn-conf...
2026-09-11 16:03:15,856 | INFO | Loaded 3 lines from https://raw.githubusercontent.com/igareck/vpn-conf...
2026-09-11 16:03:15,921 | INFO | Loaded 75 lines from https://raw.githubusercontent.com/igareck/vpn-conf...
2026-09-11 16:03:15,992 | INFO | Loaded 23 lines from https://raw.githubusercontent.com/igareck/vpn-conf...
2026-09-11 16:03:16,048 | INFO | Loaded 54 lines from https://raw.githubusercontent.com/igareck/vpn-conf...
2026-09-11 16:03:16,197 | INFO | Loaded 125 lines from https://raw.githubusercontent.com/FLAT447/v2ray-li...
2026-09-11 16:03:16,197 | INFO | 
--- STEP 2: VALIDATION ---
2026-09-11 16:03:16,198 | INFO | Unique VLESS configs: 209
2026-09-11 16:03:16,330 | INFO | Archive updated: 10000 nodes (limit 10000)
2026-09-11 16:03:16,331 | INFO | 
--- STEP 3: LIVE CHECK (209 nodes, threads: 40) ---
2026-09-11 16:08:22,735 | INFO | ⏱️ Время проверки: 306.4 сек
2026-09-11 16:08:22,735 | INFO | 
--- RESULT: Found 47 live nodes ---
2026-09-11 16:08:22,735 | INFO | After dedup: 47
2026-09-11 16:08:22,735 | INFO | Filled from archive (+53), total: 100
2026-09-11 16:08:22,744 | INFO | alive_archive.txt updated: 5000 nodes (limit 5000)
2026-09-11 16:08:22,744 | INFO | Subscription updated: /home/runner/work/sbornik/sbornik/subs/vless_001.txt
2026-09-11 16:08:22,744 | INFO | 
--- STATS BY PROTOCOL ---
2026-09-11 16:08:22,744 | INFO | reality: 82
2026-09-11 16:08:22,744 | INFO | tls: 2
2026-09-11 16:08:22,744 | INFO | ws: 16
2026-09-11 16:08:22,744 | INFO | 
--- TOP SNI STATS ---
2026-09-11 16:08:22,744 | INFO | api-maps.yandex.ru: 268 успешных мутаций
2026-09-11 16:08:22,744 | INFO | ozon.ru: 108 успешных мутаций
2026-09-11 16:08:22,744 | INFO | yandex.ru: 98 успешных мутаций
2026-09-11 16:08:22,744 | INFO | vk.com: 94 успешных мутаций
2026-09-11 16:08:22,744 | INFO | mail.ru: 90 успешных мутаций
2026-09-11 16:08:22,744 | INFO | wildberries.ru: 86 успешных мутаций
2026-09-11 16:08:22,744 | INFO | ok.ru: 72 успешных мутаций
2026-09-11 16:08:22,744 | INFO | storage.yandex.net: 16 успешных мутаций
2026-09-11 16:08:22,745 | INFO | dzen.ru: 9 успешных мутаций
2026-09-11 16:08:22,745 | INFO | rutube.ru: 8 успешных мутаций
2026-09-11 16:08:22,745 | INFO | 💾 Статистика SNI сохранена
