2026-09-15 03:53:45,525 | INFO | 📊 Загружена статистика SNI: 26 доменов
2026-09-15 03:53:45,525 | INFO | === SING-BOX STATUS ===
2026-09-15 03:53:45,560 | INFO | sing-box version 1.14.1

Environment: go1.26.8 linux/amd64
Tags: with_gvisor,with_quic,with_dhcp,with_wireguard,with_utls,with_acme,with_clash_api,with_tailscale,with_ccm,with_ocm,with_cloudflared,with_naive_outbound,with_usbip,with_openvpn,with_openconnect,badlinkname,tfogo_checklinkname0,with_musl
Revision: 1ac1a339cb1223e9c70eae14c44411c75033c02d
CGO: enabled
2026-09-15 03:53:45,560 | INFO | 
--- STEP 1: FETCHING SOURCES ---
2026-09-15 03:53:45,853 | INFO | Loaded 23 lines from https://raw.githubusercontent.com/igareck/vpn-conf...
2026-09-15 03:53:45,972 | INFO | Loaded 0 lines from https://raw.githubusercontent.com/igareck/vpn-conf...
2026-09-15 03:53:46,255 | INFO | Loaded 3 lines from https://raw.githubusercontent.com/igareck/vpn-conf...
2026-09-15 03:53:46,545 | INFO | Loaded 3 lines from https://raw.githubusercontent.com/igareck/vpn-conf...
2026-09-15 03:53:46,663 | INFO | Loaded 26 lines from https://raw.githubusercontent.com/igareck/vpn-conf...
2026-09-15 03:53:46,790 | INFO | Loaded 199 lines from https://raw.githubusercontent.com/igareck/vpn-conf...
2026-09-15 03:53:46,889 | INFO | Loaded 147 lines from https://raw.githubusercontent.com/igareck/vpn-conf...
2026-09-15 03:53:47,046 | INFO | Loaded 124 lines from https://raw.githubusercontent.com/FLAT447/v2ray-li...
2026-09-15 03:53:47,046 | INFO | 
--- STEP 2: VALIDATION ---
2026-09-15 03:53:47,047 | INFO | Unique VLESS configs: 309
2026-09-15 03:53:47,071 | INFO | Archive updated: 10000 nodes (limit 10000)
2026-09-15 03:53:47,073 | INFO | 
--- STEP 3: LIVE CHECK (309 nodes, threads: 40) ---
2026-09-15 03:54:15,263 | INFO | ⏱️ Время проверки: 28.2 сек
2026-09-15 03:54:15,263 | INFO | 
--- RESULT: Found 102 live nodes ---
2026-09-15 03:54:15,263 | INFO | After dedup: 102
2026-09-15 03:54:15,275 | INFO | alive_archive.txt updated: 5000 nodes (limit 5000)
2026-09-15 03:54:15,275 | INFO | Subscription updated: /home/runner/work/sbornik/sbornik/subs/vless_001.txt
2026-09-15 03:54:15,276 | INFO | 
--- STATS BY PROTOCOL ---
2026-09-15 03:54:15,276 | INFO | reality: 62
2026-09-15 03:54:15,276 | INFO | ws: 40
2026-09-15 03:54:15,276 | INFO | 
--- TOP SNI STATS ---
2026-09-15 03:54:15,276 | INFO | api-maps.yandex.ru: 268 успешных мутаций
2026-09-15 03:54:15,276 | INFO | ozon.ru: 108 успешных мутаций
2026-09-15 03:54:15,276 | INFO | yandex.ru: 98 успешных мутаций
2026-09-15 03:54:15,276 | INFO | vk.com: 94 успешных мутаций
2026-09-15 03:54:15,276 | INFO | mail.ru: 90 успешных мутаций
2026-09-15 03:54:15,276 | INFO | wildberries.ru: 86 успешных мутаций
2026-09-15 03:54:15,276 | INFO | ok.ru: 72 успешных мутаций
2026-09-15 03:54:15,276 | INFO | storage.yandex.net: 16 успешных мутаций
2026-09-15 03:54:15,276 | INFO | dzen.ru: 9 успешных мутаций
2026-09-15 03:54:15,276 | INFO | rutube.ru: 8 успешных мутаций
2026-09-15 03:54:15,277 | INFO | 💾 Статистика SNI сохранена
