2026-09-11 08:42:37,950 | INFO | 📊 Загружена статистика SNI: 26 доменов
2026-09-11 08:42:37,950 | INFO | === SING-BOX STATUS ===
2026-09-11 08:42:37,972 | INFO | sing-box version 1.14.0

Environment: go1.26.7 linux/amd64
Tags: with_gvisor,with_quic,with_dhcp,with_wireguard,with_utls,with_acme,with_clash_api,with_tailscale,with_ccm,with_ocm,with_cloudflared,with_naive_outbound,with_usbip,with_openvpn,with_openconnect,badlinkname,tfogo_checklinkname0,with_musl
Revision: 0b8995879f29a9b98ee027bc17b75e101445b238
CGO: enabled
2026-09-11 08:42:37,972 | INFO | 
--- STEP 1: FETCHING SOURCES ---
2026-09-11 08:42:38,126 | INFO | Loaded 66 lines from https://raw.githubusercontent.com/igareck/vpn-conf...
2026-09-11 08:42:38,285 | INFO | Loaded 0 lines from https://raw.githubusercontent.com/igareck/vpn-conf...
2026-09-11 08:42:38,415 | INFO | Loaded 20 lines from https://raw.githubusercontent.com/igareck/vpn-conf...
2026-09-11 08:42:38,537 | INFO | Loaded 4 lines from https://raw.githubusercontent.com/igareck/vpn-conf...
2026-09-11 08:42:38,716 | INFO | Loaded 67 lines from https://raw.githubusercontent.com/igareck/vpn-conf...
2026-09-11 08:42:38,842 | INFO | Loaded 244 lines from https://raw.githubusercontent.com/igareck/vpn-conf...
2026-09-11 08:42:38,985 | INFO | Loaded 153 lines from https://raw.githubusercontent.com/igareck/vpn-conf...
2026-09-11 08:42:39,155 | INFO | Loaded 251 lines from https://raw.githubusercontent.com/FLAT447/v2ray-li...
2026-09-11 08:42:39,155 | INFO | 
--- STEP 2: VALIDATION ---
2026-09-11 08:42:39,156 | INFO | Unique VLESS configs: 545
2026-09-11 08:42:39,222 | INFO | Archive updated: 10000 nodes (limit 10000)
2026-09-11 08:42:39,224 | INFO | 
--- STEP 3: LIVE CHECK (545 nodes, threads: 40) ---
2026-09-11 08:44:45,370 | INFO | ⏱️ Время проверки: 126.1 сек
2026-09-11 08:44:45,370 | INFO | 
--- RESULT: Found 106 live nodes ---
2026-09-11 08:44:45,370 | INFO | After dedup: 106
2026-09-11 08:44:45,376 | INFO | alive_archive.txt updated: 5000 nodes (limit 5000)
2026-09-11 08:44:45,376 | INFO | Subscription updated: /home/runner/work/sbornik/sbornik/subs/vless_001.txt
2026-09-11 08:44:45,376 | INFO | 
--- STATS BY PROTOCOL ---
2026-09-11 08:44:45,376 | INFO | reality: 45
2026-09-11 08:44:45,376 | INFO | tls: 2
2026-09-11 08:44:45,376 | INFO | ws: 58
2026-09-11 08:44:45,376 | INFO | other: 1
2026-09-11 08:44:45,376 | INFO | 
--- TOP SNI STATS ---
2026-09-11 08:44:45,376 | INFO | api-maps.yandex.ru: 268 успешных мутаций
2026-09-11 08:44:45,377 | INFO | ozon.ru: 108 успешных мутаций
2026-09-11 08:44:45,377 | INFO | yandex.ru: 98 успешных мутаций
2026-09-11 08:44:45,377 | INFO | vk.com: 94 успешных мутаций
2026-09-11 08:44:45,377 | INFO | mail.ru: 90 успешных мутаций
2026-09-11 08:44:45,377 | INFO | wildberries.ru: 86 успешных мутаций
2026-09-11 08:44:45,377 | INFO | ok.ru: 72 успешных мутаций
2026-09-11 08:44:45,377 | INFO | storage.yandex.net: 16 успешных мутаций
2026-09-11 08:44:45,377 | INFO | dzen.ru: 9 успешных мутаций
2026-09-11 08:44:45,377 | INFO | rutube.ru: 8 успешных мутаций
2026-09-11 08:44:45,377 | INFO | 💾 Статистика SNI сохранена
