2026-08-14 13:09:30,546 | INFO | 📊 Загружена статистика SNI: 26 доменов
2026-08-14 13:09:30,547 | INFO | === SING-BOX STATUS ===
2026-08-14 13:09:30,554 | INFO | sing-box version 1.13.18

Environment: go1.25.12 linux/amd64
Tags: with_gvisor,with_quic,with_dhcp,with_wireguard,with_utls,with_acme,with_clash_api,with_tailscale,with_ccm,with_ocm,with_naive_outbound,badlinkname,tfogo_checklinkname0,with_musl
Revision: 45ca32dcb966f07f97fc888fe8586e359dbe8405
CGO: enabled
2026-08-14 13:09:30,554 | INFO | 
--- STEP 1: FETCHING SOURCES ---
2026-08-14 13:09:30,618 | INFO | Loaded 28 lines from https://raw.githubusercontent.com/igareck/vpn-conf...
2026-08-14 13:09:30,725 | INFO | Loaded 0 lines from https://raw.githubusercontent.com/igareck/vpn-conf...
2026-08-14 13:09:30,863 | INFO | Loaded 3 lines from https://raw.githubusercontent.com/igareck/vpn-conf...
2026-08-14 13:09:30,930 | INFO | Loaded 3 lines from https://raw.githubusercontent.com/igareck/vpn-conf...
2026-08-14 13:09:31,056 | INFO | Loaded 28 lines from https://raw.githubusercontent.com/igareck/vpn-conf...
2026-08-14 13:09:31,174 | INFO | Loaded 35 lines from https://raw.githubusercontent.com/igareck/vpn-conf...
2026-08-14 13:09:31,279 | INFO | Loaded 61 lines from https://raw.githubusercontent.com/igareck/vpn-conf...
2026-08-14 13:09:31,450 | INFO | Loaded 504 lines from https://raw.githubusercontent.com/FLAT447/v2ray-li...
2026-08-14 13:09:31,451 | INFO | 
--- STEP 2: VALIDATION ---
2026-08-14 13:09:31,451 | INFO | Unique VLESS configs: 307
2026-08-14 13:09:31,476 | INFO | Archive updated: 10000 nodes (limit 10000)
2026-08-14 13:09:31,477 | INFO | 
--- STEP 3: LIVE CHECK (307 nodes, threads: 40) ---
2026-08-14 13:11:24,137 | INFO | ⏱️ Время проверки: 112.7 сек
2026-08-14 13:11:24,138 | INFO | 
--- RESULT: Found 104 live nodes ---
2026-08-14 13:11:24,138 | INFO | After dedup: 104
2026-08-14 13:11:24,148 | INFO | alive_archive.txt updated: 5000 nodes (limit 5000)
2026-08-14 13:11:24,148 | INFO | Subscription updated: /home/runner/work/sbornik/sbornik/subs/vless_001.txt
2026-08-14 13:11:24,149 | INFO | 
--- STATS BY PROTOCOL ---
2026-08-14 13:11:24,149 | INFO | reality: 25
2026-08-14 13:11:24,149 | INFO | tls: 16
2026-08-14 13:11:24,149 | INFO | ws: 63
2026-08-14 13:11:24,149 | INFO | 
--- TOP SNI STATS ---
2026-08-14 13:11:24,149 | INFO | api-maps.yandex.ru: 253 успешных мутаций
2026-08-14 13:11:24,149 | INFO | yandex.ru: 96 успешных мутаций
2026-08-14 13:11:24,149 | INFO | ozon.ru: 93 успешных мутаций
2026-08-14 13:11:24,149 | INFO | vk.com: 90 успешных мутаций
2026-08-14 13:11:24,149 | INFO | mail.ru: 90 успешных мутаций
2026-08-14 13:11:24,149 | INFO | wildberries.ru: 84 успешных мутаций
2026-08-14 13:11:24,149 | INFO | ok.ru: 71 успешных мутаций
2026-08-14 13:11:24,149 | INFO | storage.yandex.net: 14 успешных мутаций
2026-08-14 13:11:24,149 | INFO | dzen.ru: 7 успешных мутаций
2026-08-14 13:11:24,149 | INFO | rutube.ru: 6 успешных мутаций
2026-08-14 13:11:24,149 | INFO | 💾 Статистика SNI сохранена
