2026-10-10 04:51:24,397 | INFO | === SING-BOX STATUS ===
2026-10-10 04:51:24,432 | INFO | sing-box version 1.14.3

Environment: go1.26.8 linux/amd64
Tags: with_gvisor,with_quic,with_dhcp,with_wireguard,with_utls,with_acme,with_clash_api,with_tailscale,with_ccm,with_ocm,with_cloudflared,with_naive_outbound,with_usbip,with_openvpn,with_openconnect,badlinkname,tfogo_checklinkname0,with_musl
Revision: 7054cac5124465ffdb145870d7c01885566711b1
CGO: enabled
2026-10-10 04:51:24,432 | INFO | 
--- STEP 1: FETCHING SOURCES ---
2026-10-10 04:51:24,501 | INFO | Loaded 134 lines from https://raw.githubusercontent.com/igareck/vpn-configs-for-russia/refs/heads/main...
2026-10-10 04:51:24,586 | INFO | Loaded 22 lines from https://raw.githubusercontent.com/igareck/vpn-configs-for-russia/refs/heads/main...
2026-10-10 04:51:24,708 | INFO | Loaded 21 lines from https://raw.githubusercontent.com/igareck/vpn-configs-for-russia/refs/heads/main...
2026-10-10 04:51:24,757 | INFO | Loaded 142 lines from https://raw.githubusercontent.com/igareck/vpn-configs-for-russia/refs/heads/main...
2026-10-10 04:51:24,900 | INFO | Loaded 3856 lines from https://raw.githubusercontent.com/igareck/vpn-configs-for-russia/main/BLACK_VLES...
2026-10-10 04:51:24,951 | INFO | Loaded 153 lines from https://raw.githubusercontent.com/igareck/vpn-configs-for-russia/main/BLACK_VLES...
2026-10-10 04:51:25,074 | INFO | Loaded 19 lines from https://raw.githubusercontent.com/FLAT447/v2ray-lists/main/WHITE_LITE.txt...
2026-10-10 04:51:25,074 | INFO | 
--- STEP 2: VALIDATION ---
2026-10-10 04:51:25,076 | INFO | Unique VLESS configs: 4000
2026-10-10 04:51:25,083 | INFO | archive.txt loaded: 2602 nodes
2026-10-10 04:51:25,083 | INFO | 
--- ARCHIVE TCP CLEANUP (2602 nodes, threads: 40) ---
2026-10-10 04:51:33,644 | INFO | ARCHIVE TCP CLEANUP done: alive=2590, removed=12, time=8.6с
2026-10-10 04:51:33,645 | INFO | 
--- STEP 3: LIVE CHECK (4000 nodes, threads: 40, min_sites_ok=2) ---
2026-10-10 04:58:08,346 | INFO | ⏱️ Время проверки: 394.7 сек
2026-10-10 04:58:08,346 | INFO | 
--- RESULT: Found 2477 live nodes ---
2026-10-10 04:58:08,392 | INFO | archive.txt updated: 4186 nodes
2026-10-10 04:58:08,392 | INFO | Subscription updated: /home/runner/work/sbornik/sbornik/subs/vless_001.txt (100 nodes)
2026-10-10 04:58:08,392 | INFO | 
--- STATS BY TRANSPORT (live_total / dead_total | live_last / dead_last) ---
2026-10-10 04:58:08,392 | INFO | tcp: 1737 / 2220 | 64 / 74
2026-10-10 04:58:08,392 | INFO | ws: 6666 / 5093 | 2412 / 1405
2026-10-10 04:58:08,393 | INFO | grpc: 24 / 929 | 1 / 33
2026-10-10 04:58:08,393 | INFO | xhttp: 0 / 1099 | 0 / 23
2026-10-10 04:58:08,393 | INFO | 
--- STATS BY SECURITY (live_total / dead_total | live_last / dead_last) ---
2026-10-10 04:58:08,393 | INFO | none: 1594 / 1477 | 1128 / 864
2026-10-10 04:58:08,393 | INFO | tls: 5651 / 4940 | 1295 / 571
2026-10-10 04:58:08,393 | INFO | reality: 1182 / 2924 | 54 / 100
2026-10-10 04:58:08,393 | INFO | 💾 Статистика источников сохранена: source_stats.json
2026-10-10 04:58:08,394 | INFO | 💾 Статистика протоколов сохранена: protocol_stats.json
2026-10-10 04:58:08,394 | INFO | 
============ ИТОГ ЗАПУСКА ============
Живых из источников:          2477
Оживлено из архива:           0
Удалено из архива (мёртвых):  12
Итого в подписке:             100
Итого в архиве:               4186

--- ДЕТАЛИЗАЦИЯ ОШИБОК ---
dead_tcp (TCP не открылся):    16
dead_config (битый конфиг):    0
dead_start (sing-box упал):    23
dead_sites (мало сайтов):      1484
dead_parse (URI не парсится):  0
======================================
2026-10-10 04:58:08,394 | INFO | 
--- ПРОВЕРКА САЙТОВ (за текущий запуск) ---
2026-10-10 04:58:08,394 | INFO | https://telegram.org: 2523/3961 (63.7%)
2026-10-10 04:58:08,394 | INFO | https://www.instagram.com: 2486/3961 (62.8%)
2026-10-10 04:58:08,394 | INFO | https://www.youtube.com: 2398/3961 (60.5%)
2026-10-10 04:58:08,394 | INFO | 💾 Статистика запуска сохранена: run_stats.json
