2026-07-30 17:36:28,569 | INFO | 📊 Загружена статистика SNI: 26 доменов
2026-07-30 17:36:28,570 | INFO | === SING-BOX STATUS ===
2026-07-30 17:36:28,579 | INFO | sing-box version 1.13.15

Environment: go1.25.12 linux/amd64
Tags: with_gvisor,with_quic,with_dhcp,with_wireguard,with_utls,with_acme,with_clash_api,with_tailscale,with_ccm,with_ocm,with_naive_outbound,badlinkname,tfogo_checklinkname0,with_musl
Revision: 3708fa18766cda1f11b77f6ed9c7bd61688f17df
CGO: enabled
2026-07-30 17:36:28,579 | INFO | 
--- STEP 1: FETCHING SOURCES ---
2026-07-30 17:36:28,612 | INFO | Loaded 107 lines from https://raw.githubusercontent.com/igareck/vpn-conf...
2026-07-30 17:36:28,640 | INFO | Loaded 0 lines from https://raw.githubusercontent.com/igareck/vpn-conf...
2026-07-30 17:36:28,667 | INFO | Loaded 31 lines from https://raw.githubusercontent.com/igareck/vpn-conf...
2026-07-30 17:36:28,695 | INFO | Loaded 22 lines from https://raw.githubusercontent.com/igareck/vpn-conf...
2026-07-30 17:36:28,724 | INFO | Loaded 112 lines from https://raw.githubusercontent.com/igareck/vpn-conf...
2026-07-30 17:36:28,853 | INFO | Loaded 152 lines from https://raw.githubusercontent.com/igareck/vpn-conf...
2026-07-30 17:36:28,992 | INFO | Loaded 153 lines from https://raw.githubusercontent.com/igareck/vpn-conf...
2026-07-30 17:36:29,440 | INFO | Loaded 399 lines from https://raw.githubusercontent.com/FLAT447/v2ray-li...
2026-07-30 17:36:29,440 | INFO | 
--- STEP 2: VALIDATION ---
2026-07-30 17:36:29,442 | INFO | Unique VLESS configs: 619
2026-07-30 17:36:29,473 | INFO | Archive updated: 10000 nodes (limit 10000)
2026-07-30 17:36:29,477 | INFO | 
--- STEP 3: LIVE CHECK (619 nodes, threads: 40) ---
2026-07-30 17:37:10,258 | INFO | [🎉 SNI WORKED] Нода ожила с SNI: api-maps.yandex.ru (порт 11002)
2026-07-30 17:37:16,173 | INFO | [🎉 SNI WORKED] Нода ожила с SNI: api-maps.yandex.ru (порт 11005)
2026-07-30 17:37:28,028 | INFO | [🎉 SNI WORKED] Нода ожила с SNI: api-maps.yandex.ru (порт 11026)
2026-07-30 17:37:30,492 | INFO | [🎉 SNI WORKED] Нода ожила с SNI: api-maps.yandex.ru (порт 11019)
2026-07-30 17:37:34,499 | INFO | [🎉 SNI WORKED] Нода ожила с SNI: api-maps.yandex.ru (порт 11017)
2026-07-30 17:37:46,308 | INFO | [🎉 SNI WORKED] Нода ожила с SNI: api-maps.yandex.ru (порт 11003)
2026-07-30 17:37:47,373 | INFO | [🎉 SNI WORKED] Нода ожила с SNI: api-maps.yandex.ru (порт 11010)
2026-07-30 17:37:49,663 | INFO | [🎉 SNI WORKED] Нода ожила с SNI: api-maps.yandex.ru (порт 11036)
2026-07-30 17:41:07,242 | INFO | ⏱️ Время проверки: 277.8 сек
2026-07-30 17:41:07,242 | INFO | 
--- RESULT: Found 101 live nodes ---
2026-07-30 17:41:07,242 | INFO | After dedup: 101
2026-07-30 17:41:07,255 | INFO | alive_archive.txt updated: 5000 nodes (limit 5000)
2026-07-30 17:41:07,256 | INFO | Subscription updated: /home/runner/work/sbornik/sbornik/subs/vless_001.txt
2026-07-30 17:41:07,256 | INFO | 
--- STATS BY PROTOCOL ---
2026-07-30 17:41:07,256 | INFO | reality: 33
2026-07-30 17:41:07,256 | INFO | tls: 2
2026-07-30 17:41:07,256 | INFO | ws: 57
2026-07-30 17:41:07,256 | INFO | other: 9
2026-07-30 17:41:07,256 | INFO | 
--- TOP SNI STATS ---
2026-07-30 17:41:07,256 | INFO | api-maps.yandex.ru: 103 успешных мутаций
2026-07-30 17:41:07,256 | INFO | ozon.ru: 37 успешных мутаций
2026-07-30 17:41:07,256 | INFO | mail.ru: 32 успешных мутаций
2026-07-30 17:41:07,256 | INFO | ok.ru: 28 успешных мутаций
2026-07-30 17:41:07,256 | INFO | yandex.ru: 28 успешных мутаций
2026-07-30 17:41:07,257 | INFO | vk.com: 26 успешных мутаций
2026-07-30 17:41:07,257 | INFO | wildberries.ru: 25 успешных мутаций
2026-07-30 17:41:07,257 | INFO | rutube.ru: 2 успешных мутаций
2026-07-30 17:41:07,257 | INFO | dzen.ru: 2 успешных мутаций
2026-07-30 17:41:07,257 | INFO | cdn.x5.ru: 1 успешных мутаций
2026-07-30 17:41:07,257 | INFO | 💾 Статистика SNI сохранена
