2026-10-05 04:37:29,381 | INFO | === SING-BOX STATUS ===
2026-10-05 04:37:29,415 | INFO | sing-box version 1.14.2

Environment: go1.26.8 linux/amd64
Tags: with_gvisor,with_quic,with_dhcp,with_wireguard,with_utls,with_acme,with_clash_api,with_tailscale,with_ccm,with_ocm,with_cloudflared,with_naive_outbound,with_usbip,with_openvpn,with_openconnect,badlinkname,tfogo_checklinkname0,with_musl
Revision: af6e64c3b69e6132ebaee0e1a3d24e93903f6709
CGO: enabled
2026-10-05 04:37:29,416 | INFO | 
--- STEP 1: FETCHING SOURCES ---
2026-10-05 04:37:29,453 | INFO | Loaded 67 lines from https://raw.githubusercontent.com/igareck/vpn-configs-for-russia/refs/heads/main...
2026-10-05 04:37:29,539 | INFO | Loaded 3 lines from https://raw.githubusercontent.com/igareck/vpn-configs-for-russia/refs/heads/main...
2026-10-05 04:37:29,569 | INFO | Loaded 32 lines from https://raw.githubusercontent.com/igareck/vpn-configs-for-russia/refs/heads/main...
2026-10-05 04:37:29,597 | INFO | Loaded 69 lines from https://raw.githubusercontent.com/igareck/vpn-configs-for-russia/refs/heads/main...
2026-10-05 04:37:29,685 | INFO | Loaded 361 lines from https://raw.githubusercontent.com/igareck/vpn-configs-for-russia/main/BLACK_VLES...
2026-10-05 04:37:29,805 | INFO | Loaded 153 lines from https://raw.githubusercontent.com/igareck/vpn-configs-for-russia/main/BLACK_VLES...
2026-10-05 04:37:29,880 | INFO | Loaded 46 lines from https://raw.githubusercontent.com/FLAT447/v2ray-lists/main/WHITE_LITE.txt...
2026-10-05 04:37:29,880 | INFO | 
--- STEP 2: VALIDATION ---
2026-10-05 04:37:29,881 | INFO | Unique VLESS configs: 473
2026-10-05 04:37:29,883 | INFO | archive.txt loaded: 247 nodes
2026-10-05 04:37:29,883 | INFO | 
--- ARCHIVE TCP CLEANUP (247 nodes, threads: 40) ---
2026-10-05 04:37:34,105 | INFO | ARCHIVE TCP CLEANUP done: alive=221, removed=26, time=4.2с
2026-10-05 04:37:34,105 | INFO | 
--- STEP 3: LIVE CHECK (473 nodes, threads: 40, min_sites_ok=2) ---
2026-10-05 04:38:38,379 | INFO | ⏱️ Время проверки: 64.3 сек
2026-10-05 04:38:38,379 | INFO | 
--- RESULT: Found 183 live nodes ---
2026-10-05 04:38:38,380 | INFO | archive.txt updated: 332 nodes
2026-10-05 04:38:38,381 | INFO | Subscription updated: /home/runner/work/sbornik/sbornik/subs/vless_001.txt (100 nodes)
2026-10-05 04:38:38,381 | INFO | 
--- STATS BY TRANSPORT (live_total / dead_total | live_last / dead_last) ---
2026-10-05 04:38:38,381 | INFO | tcp: 806 / 816 | 151 / 147
2026-10-05 04:38:38,381 | INFO | ws: 214 / 242 | 32 / 35
2026-10-05 04:38:38,381 | INFO | grpc: 0 / 127 | 0 / 38
2026-10-05 04:38:38,381 | INFO | xhttp: 0 / 524 | 0 / 96
2026-10-05 04:38:38,381 | INFO | 
--- STATS BY SECURITY (live_total / dead_total | live_last / dead_last) ---
2026-10-05 04:38:38,381 | INFO | none: 85 / 49 | 18 / 14
2026-10-05 04:38:38,381 | INFO | tls: 382 / 657 | 60 / 108
2026-10-05 04:38:38,381 | INFO | reality: 553 / 1003 | 105 / 194
2026-10-05 04:38:38,382 | INFO | 💾 Статистика источников сохранена: source_stats.json
2026-10-05 04:38:38,382 | INFO | 💾 Статистика протоколов сохранена: protocol_stats.json
2026-10-05 04:38:38,382 | INFO | 
============ ИТОГ ЗАПУСКА ============
Живых из источников:          183
Оживлено из архива:           0
Удалено из архива (мёртвых):  26
Итого в подписке:             100
Итого в архиве:               332

--- ДЕТАЛИЗАЦИЯ ОШИБОК ---
dead_tcp (TCP не открылся):    22
dead_config (битый конфиг):    0
dead_start (sing-box упал):    95
dead_sites (мало сайтов):      173
dead_parse (URI не парсится):  0
======================================
2026-10-05 04:38:38,382 | INFO | 
--- ПРОВЕРКА САЙТОВ (за текущий запуск) ---
2026-10-05 04:38:38,382 | INFO | https://telegram.org: 174/356 (48.9%)
2026-10-05 04:38:38,382 | INFO | https://www.instagram.com: 183/356 (51.4%)
2026-10-05 04:38:38,382 | INFO | https://www.youtube.com: 206/356 (57.9%)
2026-10-05 04:38:38,383 | INFO | 💾 Статистика запуска сохранена: run_stats.json
