2026-09-26 19:05:04,876 | INFO | 📊 Загружена статистика SNI: 26 доменов
2026-09-26 19:05:04,876 | INFO | === SING-BOX STATUS ===
2026-09-26 19:05:04,908 | INFO | sing-box version 1.14.2

Environment: go1.26.8 linux/amd64
Tags: with_gvisor,with_quic,with_dhcp,with_wireguard,with_utls,with_acme,with_clash_api,with_tailscale,with_ccm,with_ocm,with_cloudflared,with_naive_outbound,with_usbip,with_openvpn,with_openconnect,badlinkname,tfogo_checklinkname0,with_musl
Revision: af6e64c3b69e6132ebaee0e1a3d24e93903f6709
CGO: enabled
2026-09-26 19:05:04,909 | INFO | 
--- STEP 1: FETCHING SOURCES ---
2026-09-26 19:05:05,209 | INFO | Loaded 39 lines from https://raw.githubusercontent.com/igareck/vpn-conf...
2026-09-26 19:05:05,501 | INFO | Loaded 0 lines from https://raw.githubusercontent.com/igareck/vpn-conf...
2026-09-26 19:05:05,551 | INFO | Loaded 3 lines from https://raw.githubusercontent.com/igareck/vpn-conf...
2026-09-26 19:05:05,856 | INFO | Loaded 4 lines from https://raw.githubusercontent.com/igareck/vpn-conf...
2026-09-26 19:05:05,916 | INFO | Loaded 46 lines from https://raw.githubusercontent.com/igareck/vpn-conf...
2026-09-26 19:05:05,965 | INFO | Loaded 106 lines from https://raw.githubusercontent.com/igareck/vpn-conf...
2026-09-26 19:05:06,068 | INFO | Loaded 153 lines from https://raw.githubusercontent.com/igareck/vpn-conf...
2026-09-26 19:05:06,245 | INFO | Loaded 36 lines from https://raw.githubusercontent.com/FLAT447/v2ray-li...
2026-09-26 19:05:06,245 | INFO | 
--- STEP 2: VALIDATION ---
2026-09-26 19:05:06,246 | INFO | Unique VLESS configs: 202
2026-09-26 19:05:06,265 | INFO | Archive updated: 10000 nodes (limit 10000)
2026-09-26 19:05:06,266 | INFO | 
--- STEP 3: LIVE CHECK (202 nodes, threads: 40) ---
2026-09-26 19:12:53,620 | INFO | ⏱️ Время проверки: 467.4 сек
2026-09-26 19:12:53,620 | INFO | 
--- RESULT: Found 35 live nodes ---
2026-09-26 19:12:53,620 | INFO | After dedup: 35
2026-09-26 19:12:53,621 | INFO | Filled from archive (+65), total: 100
2026-09-26 19:12:53,634 | INFO | alive_archive.txt updated: 5000 nodes (limit 5000)
2026-09-26 19:12:53,635 | INFO | Subscription updated: /home/runner/work/sbornik/sbornik/subs/vless_001.txt
2026-09-26 19:12:53,635 | INFO | 
--- STATS BY PROTOCOL ---
2026-09-26 19:12:53,635 | INFO | reality: 65
2026-09-26 19:12:53,635 | INFO | tls: 14
2026-09-26 19:12:53,635 | INFO | ws: 17
2026-09-26 19:12:53,635 | INFO | other: 4
2026-09-26 19:12:53,635 | INFO | 
--- TOP SNI STATS ---
2026-09-26 19:12:53,635 | INFO | api-maps.yandex.ru: 268 успешных мутаций
2026-09-26 19:12:53,635 | INFO | ozon.ru: 108 успешных мутаций
2026-09-26 19:12:53,635 | INFO | yandex.ru: 98 успешных мутаций
2026-09-26 19:12:53,635 | INFO | vk.com: 94 успешных мутаций
2026-09-26 19:12:53,635 | INFO | mail.ru: 90 успешных мутаций
2026-09-26 19:12:53,635 | INFO | wildberries.ru: 86 успешных мутаций
2026-09-26 19:12:53,635 | INFO | ok.ru: 73 успешных мутаций
2026-09-26 19:12:53,636 | INFO | storage.yandex.net: 16 успешных мутаций
2026-09-26 19:12:53,636 | INFO | dzen.ru: 9 успешных мутаций
2026-09-26 19:12:53,636 | INFO | rutube.ru: 8 успешных мутаций
2026-09-26 19:12:53,636 | INFO | 💾 Статистика SNI сохранена
