2026-08-20 01:18:48,935 | INFO | 📊 Загружена статистика SNI: 26 доменов
2026-08-20 01:18:48,935 | INFO | === SING-BOX STATUS ===
2026-08-20 01:18:48,942 | INFO | sing-box version 1.13.19

Environment: go1.25.12 linux/amd64
Tags: with_gvisor,with_quic,with_dhcp,with_wireguard,with_utls,with_acme,with_clash_api,with_tailscale,with_ccm,with_ocm,with_naive_outbound,badlinkname,tfogo_checklinkname0,with_musl
Revision: b5ebaa1fc0f2b94256180b95468e73ef53caa27d
CGO: enabled
2026-08-20 01:18:48,943 | INFO | 
--- STEP 1: FETCHING SOURCES ---
2026-08-20 01:18:49,092 | INFO | Loaded 101 lines from https://raw.githubusercontent.com/igareck/vpn-conf...
2026-08-20 01:18:49,228 | INFO | Loaded 0 lines from https://raw.githubusercontent.com/igareck/vpn-conf...
2026-08-20 01:18:49,280 | INFO | Loaded 26 lines from https://raw.githubusercontent.com/igareck/vpn-conf...
2026-08-20 01:18:49,411 | INFO | Loaded 45 lines from https://raw.githubusercontent.com/igareck/vpn-conf...
2026-08-20 01:18:49,507 | INFO | Loaded 101 lines from https://raw.githubusercontent.com/igareck/vpn-conf...
2026-08-20 01:18:49,658 | INFO | Loaded 128 lines from https://raw.githubusercontent.com/igareck/vpn-conf...
2026-08-20 01:18:49,819 | INFO | Loaded 153 lines from https://raw.githubusercontent.com/igareck/vpn-conf...
2026-08-20 01:18:50,009 | INFO | Loaded 464 lines from https://raw.githubusercontent.com/FLAT447/v2ray-li...
2026-08-20 01:18:50,010 | INFO | 
--- STEP 2: VALIDATION ---
2026-08-20 01:18:50,011 | INFO | Unique VLESS configs: 689
2026-08-20 01:18:50,143 | INFO | Archive updated: 10000 nodes (limit 10000)
2026-08-20 01:18:50,145 | INFO | 
--- STEP 3: LIVE CHECK (689 nodes, threads: 40) ---
2026-08-20 01:23:10,392 | INFO | ⏱️ Время проверки: 260.2 сек
2026-08-20 01:23:10,392 | INFO | 
--- RESULT: Found 103 live nodes ---
2026-08-20 01:23:10,392 | INFO | After dedup: 103
2026-08-20 01:23:10,401 | INFO | alive_archive.txt updated: 5000 nodes (limit 5000)
2026-08-20 01:23:10,401 | INFO | Subscription updated: /home/runner/work/sbornik/sbornik/subs/vless_001.txt
2026-08-20 01:23:10,401 | INFO | 
--- STATS BY PROTOCOL ---
2026-08-20 01:23:10,401 | INFO | reality: 88
2026-08-20 01:23:10,401 | INFO | ws: 14
2026-08-20 01:23:10,401 | INFO | other: 1
2026-08-20 01:23:10,401 | INFO | 
--- TOP SNI STATS ---
2026-08-20 01:23:10,401 | INFO | api-maps.yandex.ru: 257 успешных мутаций
2026-08-20 01:23:10,401 | INFO | yandex.ru: 96 успешных мутаций
2026-08-20 01:23:10,401 | INFO | ozon.ru: 93 успешных мутаций
2026-08-20 01:23:10,401 | INFO | vk.com: 90 успешных мутаций
2026-08-20 01:23:10,401 | INFO | mail.ru: 90 успешных мутаций
2026-08-20 01:23:10,401 | INFO | wildberries.ru: 84 успешных мутаций
2026-08-20 01:23:10,401 | INFO | ok.ru: 72 успешных мутаций
2026-08-20 01:23:10,401 | INFO | storage.yandex.net: 14 успешных мутаций
2026-08-20 01:23:10,401 | INFO | rutube.ru: 7 успешных мутаций
2026-08-20 01:23:10,401 | INFO | dzen.ru: 7 успешных мутаций
2026-08-20 01:23:10,402 | INFO | 💾 Статистика SNI сохранена
