2026-09-13 15:46:57,087 | INFO | 📊 Загружена статистика SNI: 26 доменов
2026-09-13 15:46:57,087 | INFO | === SING-BOX STATUS ===
2026-09-13 15:46:57,122 | INFO | sing-box version 1.14.0

Environment: go1.26.7 linux/amd64
Tags: with_gvisor,with_quic,with_dhcp,with_wireguard,with_utls,with_acme,with_clash_api,with_tailscale,with_ccm,with_ocm,with_cloudflared,with_naive_outbound,with_usbip,with_openvpn,with_openconnect,badlinkname,tfogo_checklinkname0,with_musl
Revision: 0b8995879f29a9b98ee027bc17b75e101445b238
CGO: enabled
2026-09-13 15:46:57,122 | INFO | 
--- STEP 1: FETCHING SOURCES ---
2026-09-13 15:46:57,229 | INFO | Loaded 71 lines from https://raw.githubusercontent.com/igareck/vpn-conf...
2026-09-13 15:46:57,352 | INFO | Loaded 0 lines from https://raw.githubusercontent.com/igareck/vpn-conf...
2026-09-13 15:46:57,475 | INFO | Loaded 15 lines from https://raw.githubusercontent.com/igareck/vpn-conf...
2026-09-13 15:46:57,602 | INFO | Loaded 3 lines from https://raw.githubusercontent.com/igareck/vpn-conf...
2026-09-13 15:46:57,810 | INFO | Loaded 71 lines from https://raw.githubusercontent.com/igareck/vpn-conf...
2026-09-13 15:46:58,043 | INFO | Loaded 130 lines from https://raw.githubusercontent.com/igareck/vpn-conf...
2026-09-13 15:46:58,162 | INFO | Loaded 148 lines from https://raw.githubusercontent.com/igareck/vpn-conf...
2026-09-13 15:46:58,337 | INFO | Loaded 108 lines from https://raw.githubusercontent.com/FLAT447/v2ray-li...
2026-09-13 15:46:58,337 | INFO | 
--- STEP 2: VALIDATION ---
2026-09-13 15:46:58,338 | INFO | Unique VLESS configs: 286
2026-09-13 15:46:58,363 | INFO | Archive updated: 10000 nodes (limit 10000)
2026-09-13 15:46:58,365 | INFO | 
--- STEP 3: LIVE CHECK (286 nodes, threads: 40) ---
2026-09-13 16:00:40,422 | INFO | ⏱️ Время проверки: 822.1 сек
2026-09-13 16:00:40,422 | INFO | 
--- RESULT: Found 35 live nodes ---
2026-09-13 16:00:40,422 | INFO | After dedup: 35
2026-09-13 16:00:40,422 | INFO | Filled from archive (+65), total: 100
2026-09-13 16:00:40,435 | INFO | alive_archive.txt updated: 5000 nodes (limit 5000)
2026-09-13 16:00:40,435 | INFO | Subscription updated: /home/runner/work/sbornik/sbornik/subs/vless_001.txt
2026-09-13 16:00:40,435 | INFO | 
--- STATS BY PROTOCOL ---
2026-09-13 16:00:40,435 | INFO | reality: 38
2026-09-13 16:00:40,435 | INFO | tls: 6
2026-09-13 16:00:40,436 | INFO | ws: 56
2026-09-13 16:00:40,436 | INFO | 
--- TOP SNI STATS ---
2026-09-13 16:00:40,436 | INFO | api-maps.yandex.ru: 268 успешных мутаций
2026-09-13 16:00:40,436 | INFO | ozon.ru: 108 успешных мутаций
2026-09-13 16:00:40,436 | INFO | yandex.ru: 98 успешных мутаций
2026-09-13 16:00:40,436 | INFO | vk.com: 94 успешных мутаций
2026-09-13 16:00:40,436 | INFO | mail.ru: 90 успешных мутаций
2026-09-13 16:00:40,436 | INFO | wildberries.ru: 86 успешных мутаций
2026-09-13 16:00:40,436 | INFO | ok.ru: 72 успешных мутаций
2026-09-13 16:00:40,436 | INFO | storage.yandex.net: 16 успешных мутаций
2026-09-13 16:00:40,436 | INFO | dzen.ru: 9 успешных мутаций
2026-09-13 16:00:40,436 | INFO | rutube.ru: 8 успешных мутаций
2026-09-13 16:00:40,436 | INFO | 💾 Статистика SNI сохранена
