2026-09-09 08:46:19,854 | INFO | 📊 Загружена статистика SNI: 26 доменов
2026-09-09 08:46:19,854 | INFO | === SING-BOX STATUS ===
2026-09-09 08:46:19,882 | INFO | sing-box version 1.14.0

Environment: go1.26.7 linux/amd64
Tags: with_gvisor,with_quic,with_dhcp,with_wireguard,with_utls,with_acme,with_clash_api,with_tailscale,with_ccm,with_ocm,with_cloudflared,with_naive_outbound,with_usbip,with_openvpn,with_openconnect,badlinkname,tfogo_checklinkname0,with_musl
Revision: 0b8995879f29a9b98ee027bc17b75e101445b238
CGO: enabled
2026-09-09 08:46:19,882 | INFO | 
--- STEP 1: FETCHING SOURCES ---
2026-09-09 08:46:19,994 | INFO | Loaded 38 lines from https://raw.githubusercontent.com/igareck/vpn-conf...
2026-09-09 08:46:20,124 | INFO | Loaded 0 lines from https://raw.githubusercontent.com/igareck/vpn-conf...
2026-09-09 08:46:20,377 | INFO | Loaded 23 lines from https://raw.githubusercontent.com/igareck/vpn-conf...
2026-09-09 08:46:20,458 | INFO | Loaded 3 lines from https://raw.githubusercontent.com/igareck/vpn-conf...
2026-09-09 08:46:20,679 | INFO | Loaded 38 lines from https://raw.githubusercontent.com/igareck/vpn-conf...
2026-09-09 08:46:20,742 | INFO | Loaded 74 lines from https://raw.githubusercontent.com/igareck/vpn-conf...
2026-09-09 08:46:20,812 | INFO | Loaded 116 lines from https://raw.githubusercontent.com/igareck/vpn-conf...
2026-09-09 08:46:21,004 | INFO | Loaded 173 lines from https://raw.githubusercontent.com/FLAT447/v2ray-li...
2026-09-09 08:46:21,004 | INFO | 
--- STEP 2: VALIDATION ---
2026-09-09 08:46:21,004 | INFO | Unique VLESS configs: 288
2026-09-09 08:46:21,030 | INFO | Archive updated: 10000 nodes (limit 10000)
2026-09-09 08:46:21,031 | INFO | 
--- STEP 3: LIVE CHECK (288 nodes, threads: 40) ---
2026-09-09 08:53:10,200 | INFO | ⏱️ Время проверки: 409.2 сек
2026-09-09 08:53:10,200 | INFO | 
--- RESULT: Found 56 live nodes ---
2026-09-09 08:53:10,200 | INFO | After dedup: 56
2026-09-09 08:53:10,200 | INFO | Filled from archive (+44), total: 100
2026-09-09 08:53:10,210 | INFO | alive_archive.txt updated: 5000 nodes (limit 5000)
2026-09-09 08:53:10,210 | INFO | Subscription updated: /home/runner/work/sbornik/sbornik/subs/vless_001.txt
2026-09-09 08:53:10,210 | INFO | 
--- STATS BY PROTOCOL ---
2026-09-09 08:53:10,210 | INFO | reality: 65
2026-09-09 08:53:10,210 | INFO | ws: 30
2026-09-09 08:53:10,210 | INFO | other: 5
2026-09-09 08:53:10,210 | INFO | 
--- TOP SNI STATS ---
2026-09-09 08:53:10,210 | INFO | api-maps.yandex.ru: 264 успешных мутаций
2026-09-09 08:53:10,211 | INFO | ozon.ru: 108 успешных мутаций
2026-09-09 08:53:10,211 | INFO | yandex.ru: 98 успешных мутаций
2026-09-09 08:53:10,211 | INFO | vk.com: 94 успешных мутаций
2026-09-09 08:53:10,211 | INFO | mail.ru: 90 успешных мутаций
2026-09-09 08:53:10,211 | INFO | wildberries.ru: 86 успешных мутаций
2026-09-09 08:53:10,211 | INFO | ok.ru: 72 успешных мутаций
2026-09-09 08:53:10,211 | INFO | storage.yandex.net: 16 успешных мутаций
2026-09-09 08:53:10,211 | INFO | dzen.ru: 9 успешных мутаций
2026-09-09 08:53:10,211 | INFO | rutube.ru: 8 успешных мутаций
2026-09-09 08:53:10,211 | INFO | 💾 Статистика SNI сохранена
