2026-10-04 19:17:23,010 | INFO | === SING-BOX STATUS ===
2026-10-04 19:17:23,032 | INFO | sing-box version 1.14.2

Environment: go1.26.8 linux/amd64
Tags: with_gvisor,with_quic,with_dhcp,with_wireguard,with_utls,with_acme,with_clash_api,with_tailscale,with_ccm,with_ocm,with_cloudflared,with_naive_outbound,with_usbip,with_openvpn,with_openconnect,badlinkname,tfogo_checklinkname0,with_musl
Revision: af6e64c3b69e6132ebaee0e1a3d24e93903f6709
CGO: enabled
2026-10-04 19:17:23,032 | INFO | 
--- STEP 1: FETCHING SOURCES ---
2026-10-04 19:17:23,081 | INFO | Loaded 34 lines from https://raw.githubusercontent.com/igareck/vpn-configs-for-russia/refs/heads/main...
2026-10-04 19:17:23,178 | INFO | Loaded 13 lines from https://raw.githubusercontent.com/igareck/vpn-configs-for-russia/refs/heads/main...
2026-10-04 19:17:23,243 | INFO | Loaded 10 lines from https://raw.githubusercontent.com/igareck/vpn-configs-for-russia/refs/heads/main...
2026-10-04 19:17:23,289 | INFO | Loaded 35 lines from https://raw.githubusercontent.com/igareck/vpn-configs-for-russia/refs/heads/main...
2026-10-04 19:17:23,376 | INFO | Loaded 124 lines from https://raw.githubusercontent.com/igareck/vpn-configs-for-russia/main/BLACK_VLES...
2026-10-04 19:17:23,474 | INFO | Loaded 153 lines from https://raw.githubusercontent.com/igareck/vpn-configs-for-russia/main/BLACK_VLES...
2026-10-04 19:17:23,598 | INFO | Loaded 36 lines from https://raw.githubusercontent.com/FLAT447/v2ray-lists/main/WHITE_LITE.txt...
2026-10-04 19:17:23,598 | INFO | 
--- STEP 2: VALIDATION ---
2026-10-04 19:17:23,599 | INFO | Unique VLESS configs: 224
2026-10-04 19:17:23,599 | INFO | archive.txt loaded: 129 nodes
2026-10-04 19:17:23,599 | INFO | 
--- ARCHIVE TCP CLEANUP (129 nodes, threads: 40) ---
2026-10-04 19:17:25,738 | INFO | ARCHIVE TCP CLEANUP done: alive=128, removed=1, time=2.1с
2026-10-04 19:17:25,738 | INFO | 
--- STEP 3: LIVE CHECK (224 nodes, threads: 40, min_sites_ok=2) ---
2026-10-04 19:17:57,943 | INFO | ⏱️ Время проверки: 32.2 сек
2026-10-04 19:17:57,943 | INFO | 
--- RESULT: Found 52 live nodes ---
2026-10-04 19:17:57,943 | INFO | 
--- FILL FROM ARCHIVE (need 48 more, threads: 40) ---
2026-10-04 19:18:01,246 | INFO | [ARCHIVE DEAD 0/3] Нода из архива мертва, удаляю
2026-10-04 19:18:01,534 | INFO | [ARCHIVE DEAD 0/3] Нода из архива мертва, удаляю
2026-10-04 19:18:01,552 | INFO | [ARCHIVE DEAD 0/3] Нода из архива мертва, удаляю
2026-10-04 19:18:01,563 | INFO | [ARCHIVE DEAD 0/3] Нода из архива мертва, удаляю
2026-10-04 19:18:01,580 | INFO | [ARCHIVE DEAD 0/3] Нода из архива мертва, удаляю
2026-10-04 19:18:01,586 | INFO | [ARCHIVE DEAD 0/3] Нода из архива мертва, удаляю
2026-10-04 19:18:02,658 | INFO | [ARCHIVE LIVE 3/3] Нода из архива рабочая, добавляю
2026-10-04 19:18:02,706 | INFO | [ARCHIVE LIVE 3/3] Нода из архива рабочая, добавляю
2026-10-04 19:18:02,719 | INFO | [ARCHIVE LIVE 3/3] Нода из архива рабочая, добавляю
2026-10-04 19:18:02,746 | INFO | [ARCHIVE LIVE 3/3] Нода из архива рабочая, добавляю
2026-10-04 19:18:02,778 | INFO | [ARCHIVE LIVE 3/3] Нода из архива рабочая, добавляю
2026-10-04 19:18:03,350 | INFO | [ARCHIVE LIVE 3/3] Нода из архива рабочая, добавляю
2026-10-04 19:18:03,675 | INFO | [ARCHIVE LIVE 3/3] Нода из архива рабочая, добавляю
2026-10-04 19:18:03,705 | INFO | [ARCHIVE LIVE 3/3] Нода из архива рабочая, добавляю
2026-10-04 19:18:04,104 | INFO | [ARCHIVE LIVE 3/3] Нода из архива рабочая, добавляю
2026-10-04 19:18:04,168 | INFO | [ARCHIVE LIVE 3/3] Нода из архива рабочая, добавляю
2026-10-04 19:18:04,355 | INFO | [ARCHIVE LIVE 3/3] Нода из архива рабочая, добавляю
2026-10-04 19:18:04,389 | INFO | [ARCHIVE LIVE 2/3] Нода из архива рабочая, добавляю
2026-10-04 19:18:04,414 | INFO | [ARCHIVE LIVE 3/3] Нода из архива рабочая, добавляю
2026-10-04 19:18:04,428 | INFO | [ARCHIVE LIVE 3/3] Нода из архива рабочая, добавляю
2026-10-04 19:18:04,439 | INFO | [ARCHIVE LIVE 3/3] Нода из архива рабочая, добавляю
2026-10-04 19:18:04,502 | INFO | [ARCHIVE LIVE 2/3] Нода из архива рабочая, добавляю
2026-10-04 19:18:04,635 | INFO | [ARCHIVE LIVE 2/3] Нода из архива рабочая, добавляю
2026-10-04 19:18:04,797 | INFO | [ARCHIVE LIVE 2/3] Нода из архива рабочая, добавляю
2026-10-04 19:18:04,974 | INFO | [ARCHIVE LIVE 2/3] Нода из архива рабочая, добавляю
2026-10-04 19:18:05,639 | INFO | [ARCHIVE LIVE 3/3] Нода из архива рабочая, добавляю
2026-10-04 19:18:05,662 | INFO | [ARCHIVE LIVE 2/3] Нода из архива рабочая, добавляю
2026-10-04 19:18:05,670 | INFO | [ARCHIVE LIVE 2/3] Нода из архива рабочая, добавляю
2026-10-04 19:18:05,692 | INFO | [ARCHIVE DEAD 0/3] Нода из архива мертва, удаляю
2026-10-04 19:18:05,700 | INFO | [ARCHIVE DEAD 0/3] Нода из архива мертва, удаляю
2026-10-04 19:18:05,796 | INFO | [ARCHIVE LIVE 2/3] Нода из архива рабочая, добавляю
2026-10-04 19:18:06,226 | INFO | [ARCHIVE LIVE 3/3] Нода из архива рабочая, добавляю
2026-10-04 19:18:06,287 | INFO | [ARCHIVE DEAD 1/3] Нода из архива мертва, удаляю
2026-10-04 19:18:06,335 | INFO | [ARCHIVE LIVE 3/3] Нода из архива рабочая, добавляю
2026-10-04 19:18:06,451 | INFO | [ARCHIVE LIVE 2/3] Нода из архива рабочая, добавляю
2026-10-04 19:18:06,750 | INFO | [ARCHIVE LIVE 3/3] Нода из архива рабочая, добавляю
2026-10-04 19:18:06,832 | INFO | [ARCHIVE DEAD 0/3] Нода из архива мертва, удаляю
2026-10-04 19:18:08,068 | INFO | [ARCHIVE LIVE 3/3] Нода из архива рабочая, добавляю
2026-10-04 19:18:08,088 | INFO | [ARCHIVE LIVE 3/3] Нода из архива рабочая, добавляю
2026-10-04 19:18:08,212 | INFO | [ARCHIVE LIVE 3/3] Нода из архива рабочая, добавляю
2026-10-04 19:18:08,441 | INFO | [ARCHIVE LIVE 3/3] Нода из архива рабочая, добавляю
2026-10-04 19:18:08,671 | INFO | [ARCHIVE LIVE 3/3] Нода из архива рабочая, добавляю
2026-10-04 19:18:08,933 | INFO | [ARCHIVE LIVE 3/3] Нода из архива рабочая, добавляю
2026-10-04 19:18:09,024 | INFO | [ARCHIVE LIVE 3/3] Нода из архива рабочая, добавляю
2026-10-04 19:18:09,045 | INFO | [ARCHIVE LIVE 3/3] Нода из архива рабочая, добавляю
2026-10-04 19:18:09,058 | INFO | [ARCHIVE LIVE 3/3] Нода из архива рабочая, добавляю
2026-10-04 19:18:09,116 | INFO | [ARCHIVE LIVE 3/3] Нода из архива рабочая, добавляю
2026-10-04 19:18:09,123 | INFO | [ARCHIVE DEAD 1/3] Нода из архива мертва, удаляю
2026-10-04 19:18:09,146 | INFO | [ARCHIVE LIVE 3/3] Нода из архива рабочая, добавляю
2026-10-04 19:18:09,248 | INFO | [ARCHIVE LIVE 3/3] Нода из архива рабочая, добавляю
2026-10-04 19:18:09,305 | INFO | [ARCHIVE LIVE 3/3] Нода из архива рабочая, добавляю
2026-10-04 19:18:09,423 | INFO | [ARCHIVE LIVE 3/3] Нода из архива рабочая, добавляю
2026-10-04 19:18:09,477 | INFO | [ARCHIVE LIVE 3/3] Нода из архива рабочая, добавляю
2026-10-04 19:18:09,586 | INFO | [ARCHIVE LIVE 3/3] Нода из архива рабочая, добавляю
2026-10-04 19:18:09,658 | INFO | [ARCHIVE LIVE 3/3] Нода из архива рабочая, добавляю
2026-10-04 19:18:09,662 | INFO | [ARCHIVE LIVE 2/3] Нода из архива рабочая, добавляю
2026-10-04 19:18:09,675 | INFO | [ARCHIVE LIVE 3/3] Нода из архива рабочая, добавляю
2026-10-04 19:18:09,738 | INFO | [ARCHIVE LIVE 3/3] Нода из архива рабочая, добавляю
2026-10-04 19:18:09,806 | INFO | [ARCHIVE LIVE 3/3] Нода из архива рабочая, добавляю
2026-10-04 19:18:09,810 | INFO | [ARCHIVE DEAD 0/3] Нода из архива мертва, удаляю
2026-10-04 19:18:09,812 | INFO | [ARCHIVE DEAD 0/3] Нода из архива мертва, удаляю
2026-10-04 19:18:09,812 | INFO | [ARCHIVE DEAD 0/3] Нода из архива мертва, удаляю
2026-10-04 19:18:09,816 | INFO | [ARCHIVE DEAD 0/3] Нода из архива мертва, удаляю
2026-10-04 19:18:09,834 | INFO | [ARCHIVE DEAD 0/3] Нода из архива мертва, удаляю
2026-10-04 19:18:09,854 | INFO | [ARCHIVE DEAD 0/3] Нода из архива мертва, удаляю
2026-10-04 19:18:09,861 | INFO | [ARCHIVE DEAD 0/3] Нода из архива мертва, удаляю
2026-10-04 19:18:09,869 | INFO | [ARCHIVE DEAD 0/3] Нода из архива мертва, удаляю
2026-10-04 19:18:09,871 | INFO | [ARCHIVE DEAD 0/3] Нода из архива мертва, удаляю
2026-10-04 19:18:09,873 | INFO | [ARCHIVE DEAD 0/3] Нода из архива мертва, удаляю
2026-10-04 19:18:09,873 | INFO | [ARCHIVE DEAD 0/3] Нода из архива мертва, удаляю
2026-10-04 19:18:09,877 | INFO | [ARCHIVE DEAD 0/3] Нода из архива мертва, удаляю
2026-10-04 19:18:09,885 | INFO | [ARCHIVE DEAD 0/3] Нода из архива мертва, удаляю
2026-10-04 19:18:09,887 | INFO | [ARCHIVE DEAD 0/3] Нода из архива мертва, удаляю
2026-10-04 19:18:09,892 | INFO | [ARCHIVE DEAD 0/3] Нода из архива мертва, удаляю
2026-10-04 19:18:09,897 | INFO | [ARCHIVE DEAD 0/3] Нода из архива мертва, удаляю
2026-10-04 19:18:09,903 | INFO | [ARCHIVE DEAD 0/3] Нода из архива мертва, удаляю
2026-10-04 19:18:09,959 | INFO | [ARCHIVE DEAD 0/3] Нода из архива мертва, удаляю
2026-10-04 19:18:10,005 | INFO | [ARCHIVE DEAD 1/3] Нода из архива мертва, удаляю
2026-10-04 19:18:10,141 | INFO | [ARCHIVE DEAD 1/3] Нода из архива мертва, удаляю
2026-10-04 19:18:10,343 | INFO | [ARCHIVE DEAD 0/3] Нода из архива мертва, удаляю
2026-10-04 19:18:10,441 | INFO | [ARCHIVE DEAD 1/3] Нода из архива мертва, удаляю
2026-10-04 19:18:10,457 | INFO | [ARCHIVE DEAD 0/3] Нода из архива мертва, удаляю
2026-10-04 19:18:10,668 | INFO | [ARCHIVE DEAD 0/3] Нода из архива мертва, удаляю
2026-10-04 19:18:11,200 | INFO | [ARCHIVE DEAD 1/3] Нода из архива мертва, удаляю
2026-10-04 19:18:11,273 | INFO | [ARCHIVE DEAD 1/3] Нода из архива мертва, удаляю
2026-10-04 19:18:11,318 | INFO | [ARCHIVE DEAD 0/3] Нода из архива мертва, удаляю
2026-10-04 19:18:11,396 | INFO | [ARCHIVE DEAD 0/3] Нода из архива мертва, удаляю
2026-10-04 19:18:11,527 | INFO | [ARCHIVE DEAD 1/3] Нода из архива мертва, удаляю
2026-10-04 19:18:11,731 | INFO | [ARCHIVE TCP FAIL] Нода из архива недоступна, удаляю
2026-10-04 19:18:12,072 | INFO | [ARCHIVE DEAD 0/3] Нода из архива мертва, удаляю
2026-10-04 19:18:12,073 | INFO | archive.txt updated: 123 nodes
2026-10-04 19:18:12,073 | INFO | Subscription updated: /home/runner/work/sbornik/sbornik/subs/vless_001.txt (100 nodes)
2026-10-04 19:18:12,073 | INFO | 
--- STATS BY TRANSPORT (live_total / dead_total | live_last / dead_last) ---
2026-10-04 19:18:12,073 | INFO | tcp: 524 / 630 | 84 / 81
2026-10-04 19:18:12,073 | INFO | ws: 159 / 199 | 16 / 20
2026-10-04 19:18:12,073 | INFO | grpc: 0 / 69 | 0 / 14
2026-10-04 19:18:12,073 | INFO | xhttp: 0 / 324 | 0 / 100
2026-10-04 19:18:12,073 | INFO | 
--- STATS BY SECURITY (live_total / dead_total | live_last / dead_last) ---
2026-10-04 19:18:12,073 | INFO | none: 56 / 31 | 11 / 7
2026-10-04 19:18:12,073 | INFO | tls: 280 / 456 | 29 / 93
2026-10-04 19:18:12,074 | INFO | reality: 347 / 735 | 60 / 115
2026-10-04 19:18:12,074 | INFO | 💾 Статистика источников сохранена: source_stats.json
2026-10-04 19:18:12,074 | INFO | 💾 Статистика протоколов сохранена: protocol_stats.json
2026-10-04 19:18:12,074 | INFO | 
============ ИТОГ ЗАПУСКА ============
Живых из источников:          52
Оживлено из архива:           48
Удалено из архива (мёртвых):  43
Итого в подписке:             100
Итого в архиве:               123

--- ДЕТАЛИЗАЦИЯ ОШИБОК ---
dead_tcp (TCP не открылся):    23
dead_config (битый конфиг):    0
dead_start (sing-box упал):    86
dead_sites (мало сайтов):      63
dead_parse (URI не парсится):  0
======================================
2026-10-04 19:18:12,074 | INFO | 
--- ПРОВЕРКА САЙТОВ (за текущий запуск) ---
2026-10-04 19:18:12,074 | INFO | https://telegram.org: 98/194 (50.5%)
2026-10-04 19:18:12,074 | INFO | https://www.instagram.com: 110/184 (59.8%)
2026-10-04 19:18:12,074 | INFO | https://www.youtube.com: 116/182 (63.7%)
2026-10-04 19:18:12,075 | INFO | 💾 Статистика запуска сохранена: run_stats.json
