2026-09-21 23:03:15,578 | INFO | 📊 Загружена статистика SNI: 26 доменов
2026-09-21 23:03:15,579 | INFO | === SING-BOX STATUS ===
2026-09-21 23:03:15,614 | INFO | sing-box version 1.14.1

Environment: go1.26.8 linux/amd64
Tags: with_gvisor,with_quic,with_dhcp,with_wireguard,with_utls,with_acme,with_clash_api,with_tailscale,with_ccm,with_ocm,with_cloudflared,with_naive_outbound,with_usbip,with_openvpn,with_openconnect,badlinkname,tfogo_checklinkname0,with_musl
Revision: 1ac1a339cb1223e9c70eae14c44411c75033c02d
CGO: enabled
2026-09-21 23:03:15,614 | INFO | 
--- STEP 1: FETCHING SOURCES ---
2026-09-21 23:03:15,651 | INFO | Loaded 25 lines from https://raw.githubusercontent.com/igareck/vpn-conf...
2026-09-21 23:03:15,715 | INFO | Loaded 0 lines from https://raw.githubusercontent.com/igareck/vpn-conf...
2026-09-21 23:03:15,759 | INFO | Loaded 3 lines from https://raw.githubusercontent.com/igareck/vpn-conf...
2026-09-21 23:03:15,795 | INFO | Loaded 3 lines from https://raw.githubusercontent.com/igareck/vpn-conf...
2026-09-21 23:03:15,824 | INFO | Loaded 29 lines from https://raw.githubusercontent.com/igareck/vpn-conf...
2026-09-21 23:03:15,856 | INFO | Loaded 141 lines from https://raw.githubusercontent.com/igareck/vpn-conf...
2026-09-21 23:03:15,888 | INFO | Loaded 98 lines from https://raw.githubusercontent.com/igareck/vpn-conf...
2026-09-21 23:03:15,989 | INFO | Loaded 25 lines from https://raw.githubusercontent.com/FLAT447/v2ray-li...
2026-09-21 23:03:15,989 | INFO | 
--- STEP 2: VALIDATION ---
2026-09-21 23:03:15,990 | INFO | Unique VLESS configs: 182
2026-09-21 23:03:16,010 | INFO | Archive updated: 10000 nodes (limit 10000)
2026-09-21 23:03:16,011 | INFO | 
--- STEP 3: LIVE CHECK (182 nodes, threads: 40) ---
2026-09-21 23:03:34,750 | INFO | ⏱️ Время проверки: 18.7 сек
2026-09-21 23:03:34,750 | INFO | 
--- RESULT: Found 105 live nodes ---
2026-09-21 23:03:34,751 | INFO | After dedup: 105
2026-09-21 23:03:34,761 | INFO | alive_archive.txt updated: 5000 nodes (limit 5000)
2026-09-21 23:03:34,761 | INFO | Subscription updated: /home/runner/work/sbornik/sbornik/subs/vless_001.txt
2026-09-21 23:03:34,761 | INFO | 
--- STATS BY PROTOCOL ---
2026-09-21 23:03:34,761 | INFO | reality: 33
2026-09-21 23:03:34,761 | INFO | tls: 70
2026-09-21 23:03:34,762 | INFO | ws: 1
2026-09-21 23:03:34,762 | INFO | other: 1
2026-09-21 23:03:34,762 | INFO | 
--- TOP SNI STATS ---
2026-09-21 23:03:34,762 | INFO | api-maps.yandex.ru: 268 успешных мутаций
2026-09-21 23:03:34,762 | INFO | ozon.ru: 108 успешных мутаций
2026-09-21 23:03:34,762 | INFO | yandex.ru: 98 успешных мутаций
2026-09-21 23:03:34,762 | INFO | vk.com: 94 успешных мутаций
2026-09-21 23:03:34,762 | INFO | mail.ru: 90 успешных мутаций
2026-09-21 23:03:34,762 | INFO | wildberries.ru: 86 успешных мутаций
2026-09-21 23:03:34,762 | INFO | ok.ru: 72 успешных мутаций
2026-09-21 23:03:34,762 | INFO | storage.yandex.net: 16 успешных мутаций
2026-09-21 23:03:34,762 | INFO | dzen.ru: 9 успешных мутаций
2026-09-21 23:03:34,762 | INFO | rutube.ru: 8 успешных мутаций
2026-09-21 23:03:34,762 | INFO | 💾 Статистика SNI сохранена
