2026-09-20 22:15:00,880 | INFO | 📊 Загружена статистика SNI: 26 доменов
2026-09-20 22:15:00,880 | INFO | === SING-BOX STATUS ===
2026-09-20 22:15:00,914 | INFO | sing-box version 1.14.1

Environment: go1.26.8 linux/amd64
Tags: with_gvisor,with_quic,with_dhcp,with_wireguard,with_utls,with_acme,with_clash_api,with_tailscale,with_ccm,with_ocm,with_cloudflared,with_naive_outbound,with_usbip,with_openvpn,with_openconnect,badlinkname,tfogo_checklinkname0,with_musl
Revision: 1ac1a339cb1223e9c70eae14c44411c75033c02d
CGO: enabled
2026-09-20 22:15:00,914 | INFO | 
--- STEP 1: FETCHING SOURCES ---
2026-09-20 22:15:00,945 | INFO | Loaded 35 lines from https://raw.githubusercontent.com/igareck/vpn-conf...
2026-09-20 22:15:01,069 | INFO | Loaded 0 lines from https://raw.githubusercontent.com/igareck/vpn-conf...
2026-09-20 22:15:01,167 | INFO | Loaded 6 lines from https://raw.githubusercontent.com/igareck/vpn-conf...
2026-09-20 22:15:01,269 | INFO | Loaded 3 lines from https://raw.githubusercontent.com/igareck/vpn-conf...
2026-09-20 22:15:01,297 | INFO | Loaded 40 lines from https://raw.githubusercontent.com/igareck/vpn-conf...
2026-09-20 22:15:01,435 | INFO | Loaded 134 lines from https://raw.githubusercontent.com/igareck/vpn-conf...
2026-09-20 22:15:01,562 | INFO | Loaded 127 lines from https://raw.githubusercontent.com/igareck/vpn-conf...
2026-09-20 22:15:01,720 | INFO | Loaded 23 lines from https://raw.githubusercontent.com/FLAT447/v2ray-li...
2026-09-20 22:15:01,720 | INFO | 
--- STEP 2: VALIDATION ---
2026-09-20 22:15:01,721 | INFO | Unique VLESS configs: 169
2026-09-20 22:15:01,741 | INFO | Archive updated: 10000 nodes (limit 10000)
2026-09-20 22:15:01,743 | INFO | 
--- STEP 3: LIVE CHECK (169 nodes, threads: 40) ---
2026-09-20 22:15:25,417 | INFO | ⏱️ Время проверки: 23.7 сек
2026-09-20 22:15:25,417 | INFO | 
--- RESULT: Found 102 live nodes ---
2026-09-20 22:15:25,418 | INFO | After dedup: 102
2026-09-20 22:15:25,430 | INFO | alive_archive.txt updated: 5000 nodes (limit 5000)
2026-09-20 22:15:25,431 | INFO | Subscription updated: /home/runner/work/sbornik/sbornik/subs/vless_001.txt
2026-09-20 22:15:25,431 | INFO | 
--- STATS BY PROTOCOL ---
2026-09-20 22:15:25,431 | INFO | reality: 100
2026-09-20 22:15:25,431 | INFO | ws: 1
2026-09-20 22:15:25,431 | INFO | other: 1
2026-09-20 22:15:25,431 | INFO | 
--- TOP SNI STATS ---
2026-09-20 22:15:25,431 | INFO | api-maps.yandex.ru: 268 успешных мутаций
2026-09-20 22:15:25,431 | INFO | ozon.ru: 108 успешных мутаций
2026-09-20 22:15:25,431 | INFO | yandex.ru: 98 успешных мутаций
2026-09-20 22:15:25,431 | INFO | vk.com: 94 успешных мутаций
2026-09-20 22:15:25,431 | INFO | mail.ru: 90 успешных мутаций
2026-09-20 22:15:25,431 | INFO | wildberries.ru: 86 успешных мутаций
2026-09-20 22:15:25,431 | INFO | ok.ru: 72 успешных мутаций
2026-09-20 22:15:25,431 | INFO | storage.yandex.net: 16 успешных мутаций
2026-09-20 22:15:25,431 | INFO | dzen.ru: 9 успешных мутаций
2026-09-20 22:15:25,432 | INFO | rutube.ru: 8 успешных мутаций
2026-09-20 22:15:25,432 | INFO | 💾 Статистика SNI сохранена
