2026-09-06 18:05:40,459 | INFO | 📊 Загружена статистика SNI: 26 доменов
2026-09-06 18:05:40,459 | INFO | === SING-BOX STATUS ===
2026-09-06 18:05:40,493 | INFO | sing-box version 1.14.0

Environment: go1.26.7 linux/amd64
Tags: with_gvisor,with_quic,with_dhcp,with_wireguard,with_utls,with_acme,with_clash_api,with_tailscale,with_ccm,with_ocm,with_cloudflared,with_naive_outbound,with_usbip,with_openvpn,with_openconnect,badlinkname,tfogo_checklinkname0,with_musl
Revision: 0b8995879f29a9b98ee027bc17b75e101445b238
CGO: enabled
2026-09-06 18:05:40,493 | INFO | 
--- STEP 1: FETCHING SOURCES ---
2026-09-06 18:05:40,638 | INFO | Loaded 19 lines from https://raw.githubusercontent.com/igareck/vpn-conf...
2026-09-06 18:05:40,750 | INFO | Loaded 0 lines from https://raw.githubusercontent.com/igareck/vpn-conf...
2026-09-06 18:05:40,877 | INFO | Loaded 8 lines from https://raw.githubusercontent.com/igareck/vpn-conf...
2026-09-06 18:05:40,993 | INFO | Loaded 8 lines from https://raw.githubusercontent.com/igareck/vpn-conf...
2026-09-06 18:05:41,046 | INFO | Loaded 19 lines from https://raw.githubusercontent.com/igareck/vpn-conf...
2026-09-06 18:05:41,102 | INFO | Loaded 148 lines from https://raw.githubusercontent.com/igareck/vpn-conf...
2026-09-06 18:05:41,246 | INFO | Loaded 153 lines from https://raw.githubusercontent.com/igareck/vpn-conf...
2026-09-06 18:05:41,402 | INFO | Loaded 12 lines from https://raw.githubusercontent.com/FLAT447/v2ray-li...
2026-09-06 18:05:41,402 | INFO | 
--- STEP 2: VALIDATION ---
2026-09-06 18:05:41,402 | INFO | Unique VLESS configs: 188
2026-09-06 18:05:41,433 | INFO | Archive updated: 10000 nodes (limit 10000)
2026-09-06 18:05:41,435 | INFO | 
--- STEP 3: LIVE CHECK (188 nodes, threads: 40) ---
2026-09-06 18:10:56,364 | INFO | ⏱️ Время проверки: 314.9 сек
2026-09-06 18:10:56,365 | INFO | 
--- RESULT: Found 75 live nodes ---
2026-09-06 18:10:56,365 | INFO | After dedup: 75
2026-09-06 18:10:56,365 | INFO | Filled from archive (+25), total: 100
2026-09-06 18:10:56,374 | INFO | alive_archive.txt updated: 5000 nodes (limit 5000)
2026-09-06 18:10:56,374 | INFO | Subscription updated: /home/runner/work/sbornik/sbornik/subs/vless_001.txt
2026-09-06 18:10:56,374 | INFO | 
--- STATS BY PROTOCOL ---
2026-09-06 18:10:56,374 | INFO | reality: 42
2026-09-06 18:10:56,374 | INFO | tls: 37
2026-09-06 18:10:56,374 | INFO | ws: 19
2026-09-06 18:10:56,374 | INFO | other: 2
2026-09-06 18:10:56,374 | INFO | 
--- TOP SNI STATS ---
2026-09-06 18:10:56,374 | INFO | api-maps.yandex.ru: 262 успешных мутаций
2026-09-06 18:10:56,374 | INFO | ozon.ru: 108 успешных мутаций
2026-09-06 18:10:56,374 | INFO | yandex.ru: 98 успешных мутаций
2026-09-06 18:10:56,374 | INFO | vk.com: 92 успешных мутаций
2026-09-06 18:10:56,374 | INFO | mail.ru: 90 успешных мутаций
2026-09-06 18:10:56,374 | INFO | wildberries.ru: 86 успешных мутаций
2026-09-06 18:10:56,374 | INFO | ok.ru: 72 успешных мутаций
2026-09-06 18:10:56,374 | INFO | storage.yandex.net: 16 успешных мутаций
2026-09-06 18:10:56,375 | INFO | rutube.ru: 8 успешных мутаций
2026-09-06 18:10:56,375 | INFO | dzen.ru: 8 успешных мутаций
2026-09-06 18:10:56,375 | INFO | 💾 Статистика SNI сохранена
