2026-07-28 10:37:23,634 | INFO | 📊 Загружена статистика SNI: 26 доменов
2026-07-28 10:37:23,634 | INFO | === SING-BOX STATUS ===
2026-07-28 10:37:23,642 | INFO | sing-box version 1.13.14

Environment: go1.25.11 linux/amd64
Tags: with_gvisor,with_quic,with_dhcp,with_wireguard,with_utls,with_acme,with_clash_api,with_tailscale,with_ccm,with_ocm,with_naive_outbound,badlinkname,tfogo_checklinkname0,with_musl
Revision: 25a600db24f7680ad9806ce5427bd0ab8afe1114
CGO: enabled
2026-07-28 10:37:23,642 | INFO | 
--- STEP 1: FETCHING SOURCES ---
2026-07-28 10:37:23,761 | INFO | Loaded 153 lines from https://raw.githubusercontent.com/igareck/vpn-conf...
2026-07-28 10:37:23,835 | INFO | Loaded 0 lines from https://raw.githubusercontent.com/igareck/vpn-conf...
2026-07-28 10:37:23,909 | INFO | Loaded 91 lines from https://raw.githubusercontent.com/igareck/vpn-conf...
2026-07-28 10:37:23,986 | INFO | Loaded 4 lines from https://raw.githubusercontent.com/igareck/vpn-conf...
2026-07-28 10:37:24,063 | INFO | Loaded 176 lines from https://raw.githubusercontent.com/igareck/vpn-conf...
2026-07-28 10:37:24,198 | INFO | Loaded 243 lines from https://raw.githubusercontent.com/igareck/vpn-conf...
2026-07-28 10:37:24,315 | INFO | Loaded 153 lines from https://raw.githubusercontent.com/igareck/vpn-conf...
2026-07-28 10:37:24,473 | INFO | Loaded 446 lines from https://raw.githubusercontent.com/FLAT447/v2ray-li...
2026-07-28 10:37:24,473 | INFO | 
--- STEP 2: VALIDATION ---
2026-07-28 10:37:24,475 | INFO | Unique VLESS configs: 773
2026-07-28 10:37:24,502 | INFO | Archive updated: 10000 nodes (limit 10000)
2026-07-28 10:37:24,506 | INFO | 
--- STEP 3: LIVE CHECK (773 nodes, threads: 40) ---
2026-07-28 10:38:28,740 | INFO | [🎉 SNI WORKED] Нода ожила с SNI: api-maps.yandex.ru (порт 11017)
2026-07-28 10:38:29,968 | INFO | [🎉 SNI WORKED] Нода ожила с SNI: api-maps.yandex.ru (порт 11026)
2026-07-28 10:39:29,833 | INFO | [🎉 SNI WORKED] Нода ожила с SNI: api-maps.yandex.ru (порт 11031)
2026-07-28 10:39:48,541 | INFO | [🎉 SNI WORKED] Нода ожила с SNI: api-maps.yandex.ru (порт 11021)
2026-07-28 10:39:48,541 | INFO | ⏱️ Время проверки: 144.0 сек
2026-07-28 10:39:48,541 | INFO | 
--- RESULT: Found 102 live nodes ---
2026-07-28 10:39:48,541 | INFO | After dedup: 102
2026-07-28 10:39:48,555 | INFO | alive_archive.txt updated: 5000 nodes (limit 5000)
2026-07-28 10:39:48,555 | INFO | Subscription updated: /home/runner/work/sbornik/sbornik/subs/vless_001.txt
2026-07-28 10:39:48,555 | INFO | 
--- STATS BY PROTOCOL ---
2026-07-28 10:39:48,555 | INFO | reality: 88
2026-07-28 10:39:48,555 | INFO | tls: 1
2026-07-28 10:39:48,555 | INFO | grpc: 1
2026-07-28 10:39:48,555 | INFO | ws: 8
2026-07-28 10:39:48,555 | INFO | other: 4
2026-07-28 10:39:48,555 | INFO | 
--- TOP SNI STATS ---
2026-07-28 10:39:48,555 | INFO | api-maps.yandex.ru: 49 успешных мутаций
2026-07-28 10:39:48,555 | INFO | ozon.ru: 37 успешных мутаций
2026-07-28 10:39:48,556 | INFO | mail.ru: 32 успешных мутаций
2026-07-28 10:39:48,556 | INFO | ok.ru: 28 успешных мутаций
2026-07-28 10:39:48,556 | INFO | yandex.ru: 28 успешных мутаций
2026-07-28 10:39:48,556 | INFO | vk.com: 26 успешных мутаций
2026-07-28 10:39:48,556 | INFO | wildberries.ru: 25 успешных мутаций
2026-07-28 10:39:48,556 | INFO | dzen.ru: 2 успешных мутаций
2026-07-28 10:39:48,556 | INFO | rutube.ru: 1 успешных мутаций
2026-07-28 10:39:48,556 | INFO | cdn.x5.ru: 1 успешных мутаций
2026-07-28 10:39:48,556 | INFO | 💾 Статистика SNI сохранена
