2026-07-27 14:39:03,996 | INFO | 📊 Загружена статистика SNI: 26 доменов
2026-07-27 14:39:03,997 | INFO | === SING-BOX STATUS ===
2026-07-27 14:39:04,004 | INFO | sing-box version 1.13.14

Environment: go1.25.11 linux/amd64
Tags: with_gvisor,with_quic,with_dhcp,with_wireguard,with_utls,with_acme,with_clash_api,with_tailscale,with_ccm,with_ocm,with_naive_outbound,badlinkname,tfogo_checklinkname0,with_musl
Revision: 25a600db24f7680ad9806ce5427bd0ab8afe1114
CGO: enabled
2026-07-27 14:39:04,004 | INFO | 
--- STEP 1: FETCHING SOURCES ---
2026-07-27 14:39:04,195 | INFO | Loaded 129 lines from https://raw.githubusercontent.com/igareck/vpn-conf...
2026-07-27 14:39:04,322 | INFO | Loaded 0 lines from https://raw.githubusercontent.com/igareck/vpn-conf...
2026-07-27 14:39:04,475 | INFO | Loaded 65 lines from https://raw.githubusercontent.com/igareck/vpn-conf...
2026-07-27 14:39:04,619 | INFO | Loaded 26 lines from https://raw.githubusercontent.com/igareck/vpn-conf...
2026-07-27 14:39:04,696 | INFO | Loaded 135 lines from https://raw.githubusercontent.com/igareck/vpn-conf...
2026-07-27 14:39:04,848 | INFO | Loaded 158 lines from https://raw.githubusercontent.com/igareck/vpn-conf...
2026-07-27 14:39:04,983 | INFO | Loaded 153 lines from https://raw.githubusercontent.com/igareck/vpn-conf...
2026-07-27 14:39:05,239 | INFO | Loaded 447 lines from https://raw.githubusercontent.com/FLAT447/v2ray-li...
2026-07-27 14:39:05,240 | INFO | 
--- STEP 2: VALIDATION ---
2026-07-27 14:39:05,241 | INFO | Unique VLESS configs: 673
2026-07-27 14:39:05,267 | INFO | Archive updated: 10000 nodes (limit 10000)
2026-07-27 14:39:05,271 | INFO | 
--- STEP 3: LIVE CHECK (673 nodes, threads: 40) ---
2026-07-27 14:39:31,078 | INFO | ⏱️ Время проверки: 25.8 сек
2026-07-27 14:39:31,078 | INFO | 
--- RESULT: Found 104 live nodes ---
2026-07-27 14:39:31,078 | INFO | After dedup: 104
2026-07-27 14:39:31,090 | INFO | alive_archive.txt updated: 5000 nodes (limit 5000)
2026-07-27 14:39:31,090 | INFO | Subscription updated: /home/runner/work/sbornik/sbornik/subs/vless_001.txt
2026-07-27 14:39:31,090 | INFO | 
--- STATS BY PROTOCOL ---
2026-07-27 14:39:31,090 | INFO | reality: 78
2026-07-27 14:39:31,090 | INFO | ws: 16
2026-07-27 14:39:31,091 | INFO | other: 10
2026-07-27 14:39:31,091 | INFO | 
--- TOP SNI STATS ---
2026-07-27 14:39:31,091 | INFO | api-maps.yandex.ru: 40 успешных мутаций
2026-07-27 14:39:31,091 | INFO | ozon.ru: 36 успешных мутаций
2026-07-27 14:39:31,091 | INFO | mail.ru: 30 успешных мутаций
2026-07-27 14:39:31,091 | INFO | ok.ru: 28 успешных мутаций
2026-07-27 14:39:31,091 | INFO | yandex.ru: 28 успешных мутаций
2026-07-27 14:39:31,091 | INFO | vk.com: 25 успешных мутаций
2026-07-27 14:39:31,091 | INFO | wildberries.ru: 25 успешных мутаций
2026-07-27 14:39:31,091 | INFO | dzen.ru: 2 успешных мутаций
2026-07-27 14:39:31,091 | INFO | rutube.ru: 1 успешных мутаций
2026-07-27 14:39:31,091 | INFO | cdn.x5.ru: 1 успешных мутаций
2026-07-27 14:39:31,091 | INFO | 💾 Статистика SNI сохранена
