2026-08-28 10:08:19,839 | INFO | 📊 Загружена статистика SNI: 26 доменов
2026-08-28 10:08:19,839 | INFO | === SING-BOX STATUS ===
2026-08-28 10:08:19,847 | INFO | sing-box version 1.13.19

Environment: go1.25.12 linux/amd64
Tags: with_gvisor,with_quic,with_dhcp,with_wireguard,with_utls,with_acme,with_clash_api,with_tailscale,with_ccm,with_ocm,with_naive_outbound,badlinkname,tfogo_checklinkname0,with_musl
Revision: b5ebaa1fc0f2b94256180b95468e73ef53caa27d
CGO: enabled
2026-08-28 10:08:19,847 | INFO | 
--- STEP 1: FETCHING SOURCES ---
2026-08-28 10:08:19,879 | INFO | Loaded 31 lines from https://raw.githubusercontent.com/igareck/vpn-conf...
2026-08-28 10:08:20,022 | INFO | Loaded 0 lines from https://raw.githubusercontent.com/igareck/vpn-conf...
2026-08-28 10:08:20,149 | INFO | Loaded 3 lines from https://raw.githubusercontent.com/igareck/vpn-conf...
2026-08-28 10:08:20,268 | INFO | Loaded 14 lines from https://raw.githubusercontent.com/igareck/vpn-conf...
2026-08-28 10:08:20,392 | INFO | Loaded 33 lines from https://raw.githubusercontent.com/igareck/vpn-conf...
2026-08-28 10:08:20,534 | INFO | Loaded 72 lines from https://raw.githubusercontent.com/igareck/vpn-conf...
2026-08-28 10:08:20,670 | INFO | Loaded 121 lines from https://raw.githubusercontent.com/igareck/vpn-conf...
2026-08-28 10:08:20,822 | INFO | Loaded 135 lines from https://raw.githubusercontent.com/FLAT447/v2ray-li...
2026-08-28 10:08:20,822 | INFO | 
--- STEP 2: VALIDATION ---
2026-08-28 10:08:20,823 | INFO | Unique VLESS configs: 264
2026-08-28 10:08:20,849 | INFO | Archive updated: 10000 nodes (limit 10000)
2026-08-28 10:08:20,851 | INFO | 
--- STEP 3: LIVE CHECK (264 nodes, threads: 40) ---
2026-08-28 10:17:57,192 | INFO | ⏱️ Время проверки: 576.3 сек
2026-08-28 10:17:57,192 | INFO | 
--- RESULT: Found 50 live nodes ---
2026-08-28 10:17:57,192 | INFO | After dedup: 50
2026-08-28 10:17:57,192 | INFO | Filled from archive (+50), total: 100
2026-08-28 10:17:57,204 | INFO | alive_archive.txt updated: 5000 nodes (limit 5000)
2026-08-28 10:17:57,205 | INFO | Subscription updated: /home/runner/work/sbornik/sbornik/subs/vless_001.txt
2026-08-28 10:17:57,205 | INFO | 
--- STATS BY PROTOCOL ---
2026-08-28 10:17:57,205 | INFO | reality: 88
2026-08-28 10:17:57,205 | INFO | ws: 10
2026-08-28 10:17:57,205 | INFO | other: 2
2026-08-28 10:17:57,205 | INFO | 
--- TOP SNI STATS ---
2026-08-28 10:17:57,205 | INFO | api-maps.yandex.ru: 259 успешных мутаций
2026-08-28 10:17:57,205 | INFO | ozon.ru: 107 успешных мутаций
2026-08-28 10:17:57,205 | INFO | yandex.ru: 97 успешных мутаций
2026-08-28 10:17:57,205 | INFO | vk.com: 91 успешных мутаций
2026-08-28 10:17:57,205 | INFO | mail.ru: 90 успешных мутаций
2026-08-28 10:17:57,205 | INFO | wildberries.ru: 86 успешных мутаций
2026-08-28 10:17:57,205 | INFO | ok.ru: 72 успешных мутаций
2026-08-28 10:17:57,205 | INFO | storage.yandex.net: 16 успешных мутаций
2026-08-28 10:17:57,205 | INFO | dzen.ru: 8 успешных мутаций
2026-08-28 10:17:57,205 | INFO | rutube.ru: 7 успешных мутаций
2026-08-28 10:17:57,206 | INFO | 💾 Статистика SNI сохранена
