2026-09-06 08:26:24,590 | INFO | 📊 Загружена статистика SNI: 26 доменов
2026-09-06 08:26:24,591 | INFO | === SING-BOX STATUS ===
2026-09-06 08:26:24,618 | INFO | sing-box version 1.14.0

Environment: go1.26.7 linux/amd64
Tags: with_gvisor,with_quic,with_dhcp,with_wireguard,with_utls,with_acme,with_clash_api,with_tailscale,with_ccm,with_ocm,with_cloudflared,with_naive_outbound,with_usbip,with_openvpn,with_openconnect,badlinkname,tfogo_checklinkname0,with_musl
Revision: 0b8995879f29a9b98ee027bc17b75e101445b238
CGO: enabled
2026-09-06 08:26:24,618 | INFO | 
--- STEP 1: FETCHING SOURCES ---
2026-09-06 08:26:24,738 | INFO | Loaded 134 lines from https://raw.githubusercontent.com/igareck/vpn-conf...
2026-09-06 08:26:24,855 | INFO | Loaded 0 lines from https://raw.githubusercontent.com/igareck/vpn-conf...
2026-09-06 08:26:24,960 | INFO | Loaded 4 lines from https://raw.githubusercontent.com/igareck/vpn-conf...
2026-09-06 08:26:25,051 | INFO | Loaded 3 lines from https://raw.githubusercontent.com/igareck/vpn-conf...
2026-09-06 08:26:25,114 | INFO | Loaded 134 lines from https://raw.githubusercontent.com/igareck/vpn-conf...
2026-09-06 08:26:25,217 | INFO | Loaded 145 lines from https://raw.githubusercontent.com/igareck/vpn-conf...
2026-09-06 08:26:25,325 | INFO | Loaded 153 lines from https://raw.githubusercontent.com/igareck/vpn-conf...
2026-09-06 08:26:25,466 | INFO | Loaded 4 lines from https://raw.githubusercontent.com/FLAT447/v2ray-li...
2026-09-06 08:26:25,466 | INFO | 
--- STEP 2: VALIDATION ---
2026-09-06 08:26:25,467 | INFO | Unique VLESS configs: 317
2026-09-06 08:26:25,495 | INFO | Archive updated: 10000 nodes (limit 10000)
2026-09-06 08:26:25,496 | INFO | 
--- STEP 3: LIVE CHECK (317 nodes, threads: 40) ---
2026-09-06 08:26:55,924 | INFO | ⏱️ Время проверки: 30.4 сек
2026-09-06 08:26:55,924 | INFO | 
--- RESULT: Found 110 live nodes ---
2026-09-06 08:26:55,924 | INFO | After dedup: 110
2026-09-06 08:26:55,932 | INFO | alive_archive.txt updated: 5000 nodes (limit 5000)
2026-09-06 08:26:55,932 | INFO | Subscription updated: /home/runner/work/sbornik/sbornik/subs/vless_001.txt
2026-09-06 08:26:55,932 | INFO | 
--- STATS BY PROTOCOL ---
2026-09-06 08:26:55,932 | INFO | reality: 107
2026-09-06 08:26:55,932 | INFO | tls: 3
2026-09-06 08:26:55,932 | INFO | 
--- TOP SNI STATS ---
2026-09-06 08:26:55,932 | INFO | api-maps.yandex.ru: 262 успешных мутаций
2026-09-06 08:26:55,932 | INFO | ozon.ru: 108 успешных мутаций
2026-09-06 08:26:55,932 | INFO | yandex.ru: 98 успешных мутаций
2026-09-06 08:26:55,932 | INFO | vk.com: 92 успешных мутаций
2026-09-06 08:26:55,932 | INFO | mail.ru: 90 успешных мутаций
2026-09-06 08:26:55,932 | INFO | wildberries.ru: 86 успешных мутаций
2026-09-06 08:26:55,932 | INFO | ok.ru: 72 успешных мутаций
2026-09-06 08:26:55,932 | INFO | storage.yandex.net: 16 успешных мутаций
2026-09-06 08:26:55,932 | INFO | rutube.ru: 8 успешных мутаций
2026-09-06 08:26:55,932 | INFO | dzen.ru: 8 успешных мутаций
2026-09-06 08:26:55,933 | INFO | 💾 Статистика SNI сохранена
