2026-09-22 03:50:17,404 | INFO | 📊 Загружена статистика SNI: 26 доменов
2026-09-22 03:50:17,404 | INFO | === SING-BOX STATUS ===
2026-09-22 03:50:17,438 | INFO | sing-box version 1.14.1

Environment: go1.26.8 linux/amd64
Tags: with_gvisor,with_quic,with_dhcp,with_wireguard,with_utls,with_acme,with_clash_api,with_tailscale,with_ccm,with_ocm,with_cloudflared,with_naive_outbound,with_usbip,with_openvpn,with_openconnect,badlinkname,tfogo_checklinkname0,with_musl
Revision: 1ac1a339cb1223e9c70eae14c44411c75033c02d
CGO: enabled
2026-09-22 03:50:17,439 | INFO | 
--- STEP 1: FETCHING SOURCES ---
2026-09-22 03:50:17,485 | INFO | Loaded 53 lines from https://raw.githubusercontent.com/igareck/vpn-conf...
2026-09-22 03:50:17,549 | INFO | Loaded 0 lines from https://raw.githubusercontent.com/igareck/vpn-conf...
2026-09-22 03:50:17,589 | INFO | Loaded 3 lines from https://raw.githubusercontent.com/igareck/vpn-conf...
2026-09-22 03:50:17,629 | INFO | Loaded 13 lines from https://raw.githubusercontent.com/igareck/vpn-conf...
2026-09-22 03:50:17,674 | INFO | Loaded 58 lines from https://raw.githubusercontent.com/igareck/vpn-conf...
2026-09-22 03:50:17,713 | INFO | Loaded 124 lines from https://raw.githubusercontent.com/igareck/vpn-conf...
2026-09-22 03:50:17,794 | INFO | Loaded 153 lines from https://raw.githubusercontent.com/igareck/vpn-conf...
2026-09-22 03:50:17,885 | INFO | Loaded 28 lines from https://raw.githubusercontent.com/FLAT447/v2ray-li...
2026-09-22 03:50:17,885 | INFO | 
--- STEP 2: VALIDATION ---
2026-09-22 03:50:17,886 | INFO | Unique VLESS configs: 243
2026-09-22 03:50:17,905 | INFO | Archive updated: 10000 nodes (limit 10000)
2026-09-22 03:50:17,906 | INFO | 
--- STEP 3: LIVE CHECK (243 nodes, threads: 40) ---
2026-09-22 03:56:17,530 | INFO | [🎉 SNI WORKED] Нода ожила с SNI: ok.ru (порт 11020)
2026-09-22 04:02:00,732 | INFO | ⏱️ Время проверки: 702.8 сек
2026-09-22 04:02:00,732 | INFO | 
--- RESULT: Found 97 live nodes ---
2026-09-22 04:02:00,732 | INFO | After dedup: 97
2026-09-22 04:02:00,732 | INFO | Filled from archive (+3), total: 100
2026-09-22 04:02:00,742 | INFO | alive_archive.txt updated: 5000 nodes (limit 5000)
2026-09-22 04:02:00,743 | INFO | Subscription updated: /home/runner/work/sbornik/sbornik/subs/vless_001.txt
2026-09-22 04:02:00,743 | INFO | 
--- STATS BY PROTOCOL ---
2026-09-22 04:02:00,743 | INFO | reality: 81
2026-09-22 04:02:00,743 | INFO | tls: 9
2026-09-22 04:02:00,743 | INFO | ws: 7
2026-09-22 04:02:00,743 | INFO | other: 3
2026-09-22 04:02:00,743 | INFO | 
--- TOP SNI STATS ---
2026-09-22 04:02:00,743 | INFO | api-maps.yandex.ru: 268 успешных мутаций
2026-09-22 04:02:00,743 | INFO | ozon.ru: 108 успешных мутаций
2026-09-22 04:02:00,743 | INFO | yandex.ru: 98 успешных мутаций
2026-09-22 04:02:00,743 | INFO | vk.com: 94 успешных мутаций
2026-09-22 04:02:00,743 | INFO | mail.ru: 90 успешных мутаций
2026-09-22 04:02:00,744 | INFO | wildberries.ru: 86 успешных мутаций
2026-09-22 04:02:00,744 | INFO | ok.ru: 73 успешных мутаций
2026-09-22 04:02:00,744 | INFO | storage.yandex.net: 16 успешных мутаций
2026-09-22 04:02:00,744 | INFO | dzen.ru: 9 успешных мутаций
2026-09-22 04:02:00,744 | INFO | rutube.ru: 8 успешных мутаций
2026-09-22 04:02:00,744 | INFO | 💾 Статистика SNI сохранена
