2026-08-29 22:28:03,966 | INFO | 📊 Загружена статистика SNI: 26 доменов
2026-08-29 22:28:03,966 | INFO | === SING-BOX STATUS ===
2026-08-29 22:28:03,974 | INFO | sing-box version 1.13.20

Environment: go1.25.12 linux/amd64
Tags: with_gvisor,with_quic,with_dhcp,with_wireguard,with_utls,with_acme,with_clash_api,with_tailscale,with_ccm,with_ocm,with_naive_outbound,badlinkname,tfogo_checklinkname0,with_musl
Revision: 56f91dfeabd6f4edbd437dfcc1e5b0ebc856b778
CGO: enabled
2026-08-29 22:28:03,974 | INFO | 
--- STEP 1: FETCHING SOURCES ---
2026-08-29 22:28:04,102 | INFO | Loaded 32 lines from https://raw.githubusercontent.com/igareck/vpn-conf...
2026-08-29 22:28:04,224 | INFO | Loaded 0 lines from https://raw.githubusercontent.com/igareck/vpn-conf...
2026-08-29 22:28:04,320 | INFO | Loaded 13 lines from https://raw.githubusercontent.com/igareck/vpn-conf...
2026-08-29 22:28:04,348 | INFO | Loaded 22 lines from https://raw.githubusercontent.com/igareck/vpn-conf...
2026-08-29 22:28:04,445 | INFO | Loaded 40 lines from https://raw.githubusercontent.com/igareck/vpn-conf...
2026-08-29 22:28:04,574 | INFO | Loaded 117 lines from https://raw.githubusercontent.com/igareck/vpn-conf...
2026-08-29 22:28:04,726 | INFO | Loaded 153 lines from https://raw.githubusercontent.com/igareck/vpn-conf...
2026-08-29 22:28:05,033 | INFO | Loaded 3006 lines from https://raw.githubusercontent.com/FLAT447/v2ray-li...
2026-08-29 22:28:05,034 | INFO | 
--- STEP 2: VALIDATION ---
2026-08-29 22:28:05,041 | INFO | Unique VLESS configs: 3016
2026-08-29 22:28:05,070 | INFO | Archive updated: 10000 nodes (limit 10000)
2026-08-29 22:28:05,109 | INFO | 
--- STEP 3: LIVE CHECK (3016 nodes, threads: 40) ---
2026-08-29 22:31:04,693 | INFO | ⏱️ Время проверки: 179.6 сек
2026-08-29 22:31:04,694 | INFO | 
--- RESULT: Found 102 live nodes ---
2026-08-29 22:31:04,694 | INFO | After dedup: 102
2026-08-29 22:31:04,705 | INFO | alive_archive.txt updated: 5000 nodes (limit 5000)
2026-08-29 22:31:04,705 | INFO | Subscription updated: /home/runner/work/sbornik/sbornik/subs/vless_001.txt
2026-08-29 22:31:04,705 | INFO | 
--- STATS BY PROTOCOL ---
2026-08-29 22:31:04,705 | INFO | reality: 54
2026-08-29 22:31:04,705 | INFO | ws: 42
2026-08-29 22:31:04,705 | INFO | other: 6
2026-08-29 22:31:04,705 | INFO | 
--- TOP SNI STATS ---
2026-08-29 22:31:04,705 | INFO | api-maps.yandex.ru: 259 успешных мутаций
2026-08-29 22:31:04,705 | INFO | ozon.ru: 107 успешных мутаций
2026-08-29 22:31:04,706 | INFO | yandex.ru: 98 успешных мутаций
2026-08-29 22:31:04,706 | INFO | vk.com: 91 успешных мутаций
2026-08-29 22:31:04,706 | INFO | mail.ru: 90 успешных мутаций
2026-08-29 22:31:04,706 | INFO | wildberries.ru: 86 успешных мутаций
2026-08-29 22:31:04,706 | INFO | ok.ru: 72 успешных мутаций
2026-08-29 22:31:04,706 | INFO | storage.yandex.net: 16 успешных мутаций
2026-08-29 22:31:04,706 | INFO | rutube.ru: 8 успешных мутаций
2026-08-29 22:31:04,706 | INFO | dzen.ru: 8 успешных мутаций
2026-08-29 22:31:04,706 | INFO | 💾 Статистика SNI сохранена
