2026-09-06 15:05:59,853 | INFO | 📊 Загружена статистика SNI: 26 доменов
2026-09-06 15:05:59,854 | INFO | === SING-BOX STATUS ===
2026-09-06 15:05:59,889 | INFO | sing-box version 1.14.0

Environment: go1.26.7 linux/amd64
Tags: with_gvisor,with_quic,with_dhcp,with_wireguard,with_utls,with_acme,with_clash_api,with_tailscale,with_ccm,with_ocm,with_cloudflared,with_naive_outbound,with_usbip,with_openvpn,with_openconnect,badlinkname,tfogo_checklinkname0,with_musl
Revision: 0b8995879f29a9b98ee027bc17b75e101445b238
CGO: enabled
2026-09-06 15:05:59,889 | INFO | 
--- STEP 1: FETCHING SOURCES ---
2026-09-06 15:05:59,936 | INFO | Loaded 24 lines from https://raw.githubusercontent.com/igareck/vpn-conf...
2026-09-06 15:06:00,003 | INFO | Loaded 0 lines from https://raw.githubusercontent.com/igareck/vpn-conf...
2026-09-06 15:06:00,043 | INFO | Loaded 8 lines from https://raw.githubusercontent.com/igareck/vpn-conf...
2026-09-06 15:06:00,084 | INFO | Loaded 3 lines from https://raw.githubusercontent.com/igareck/vpn-conf...
2026-09-06 15:06:00,143 | INFO | Loaded 26 lines from https://raw.githubusercontent.com/igareck/vpn-conf...
2026-09-06 15:06:00,185 | INFO | Loaded 74 lines from https://raw.githubusercontent.com/igareck/vpn-conf...
2026-09-06 15:06:00,228 | INFO | Loaded 118 lines from https://raw.githubusercontent.com/igareck/vpn-conf...
2026-09-06 15:06:00,307 | INFO | Loaded 12 lines from https://raw.githubusercontent.com/FLAT447/v2ray-li...
2026-09-06 15:06:00,307 | INFO | 
--- STEP 2: VALIDATION ---
2026-09-06 15:06:00,307 | INFO | Unique VLESS configs: 131
2026-09-06 15:06:00,344 | INFO | Archive updated: 10000 nodes (limit 10000)
2026-09-06 15:06:00,345 | INFO | 
--- STEP 3: LIVE CHECK (131 nodes, threads: 40) ---
2026-09-06 15:10:03,186 | INFO | ⏱️ Время проверки: 242.8 сек
2026-09-06 15:10:03,186 | INFO | 
--- RESULT: Found 34 live nodes ---
2026-09-06 15:10:03,187 | INFO | After dedup: 34
2026-09-06 15:10:03,187 | INFO | Filled from archive (+66), total: 100
2026-09-06 15:10:03,199 | INFO | alive_archive.txt updated: 5000 nodes (limit 5000)
2026-09-06 15:10:03,199 | INFO | Subscription updated: /home/runner/work/sbornik/sbornik/subs/vless_001.txt
2026-09-06 15:10:03,199 | INFO | 
--- STATS BY PROTOCOL ---
2026-09-06 15:10:03,199 | INFO | reality: 78
2026-09-06 15:10:03,199 | INFO | tls: 18
2026-09-06 15:10:03,199 | INFO | other: 4
2026-09-06 15:10:03,199 | INFO | 
--- TOP SNI STATS ---
2026-09-06 15:10:03,200 | INFO | api-maps.yandex.ru: 262 успешных мутаций
2026-09-06 15:10:03,200 | INFO | ozon.ru: 108 успешных мутаций
2026-09-06 15:10:03,200 | INFO | yandex.ru: 98 успешных мутаций
2026-09-06 15:10:03,200 | INFO | vk.com: 92 успешных мутаций
2026-09-06 15:10:03,200 | INFO | mail.ru: 90 успешных мутаций
2026-09-06 15:10:03,200 | INFO | wildberries.ru: 86 успешных мутаций
2026-09-06 15:10:03,200 | INFO | ok.ru: 72 успешных мутаций
2026-09-06 15:10:03,200 | INFO | storage.yandex.net: 16 успешных мутаций
2026-09-06 15:10:03,200 | INFO | rutube.ru: 8 успешных мутаций
2026-09-06 15:10:03,200 | INFO | dzen.ru: 8 успешных мутаций
2026-09-06 15:10:03,200 | INFO | 💾 Статистика SNI сохранена
