2026-09-04 22:11:31,421 | INFO | 📊 Загружена статистика SNI: 26 доменов
2026-09-04 22:11:31,421 | INFO | === SING-BOX STATUS ===
2026-09-04 22:11:31,455 | INFO | sing-box version 1.14.0

Environment: go1.26.7 linux/amd64
Tags: with_gvisor,with_quic,with_dhcp,with_wireguard,with_utls,with_acme,with_clash_api,with_tailscale,with_ccm,with_ocm,with_cloudflared,with_naive_outbound,with_usbip,with_openvpn,with_openconnect,badlinkname,tfogo_checklinkname0,with_musl
Revision: 0b8995879f29a9b98ee027bc17b75e101445b238
CGO: enabled
2026-09-04 22:11:31,455 | INFO | 
--- STEP 1: FETCHING SOURCES ---
2026-09-04 22:11:31,755 | INFO | Loaded 73 lines from https://raw.githubusercontent.com/igareck/vpn-conf...
2026-09-04 22:11:32,733 | INFO | Loaded 0 lines from https://raw.githubusercontent.com/igareck/vpn-conf...
2026-09-04 22:11:33,029 | INFO | Loaded 8 lines from https://raw.githubusercontent.com/igareck/vpn-conf...
2026-09-04 22:11:33,078 | INFO | Loaded 10 lines from https://raw.githubusercontent.com/igareck/vpn-conf...
2026-09-04 22:11:33,230 | INFO | Loaded 74 lines from https://raw.githubusercontent.com/igareck/vpn-conf...
2026-09-04 22:11:33,388 | INFO | Loaded 145 lines from https://raw.githubusercontent.com/igareck/vpn-conf...
2026-09-04 22:11:33,532 | INFO | Loaded 125 lines from https://raw.githubusercontent.com/igareck/vpn-conf...
2026-09-04 22:11:33,777 | INFO | Loaded 1806 lines from https://raw.githubusercontent.com/FLAT447/v2ray-li...
2026-09-04 22:11:33,778 | INFO | 
--- STEP 2: VALIDATION ---
2026-09-04 22:11:33,782 | INFO | Unique VLESS configs: 1969
2026-09-04 22:11:33,815 | INFO | Archive updated: 10000 nodes (limit 10000)
2026-09-04 22:11:33,829 | INFO | 
--- STEP 3: LIVE CHECK (1969 nodes, threads: 40) ---
2026-09-04 22:17:45,674 | INFO | ⏱️ Время проверки: 371.8 сек
2026-09-04 22:17:45,675 | INFO | 
--- RESULT: Found 102 live nodes ---
2026-09-04 22:17:45,675 | INFO | After dedup: 102
2026-09-04 22:17:45,684 | INFO | alive_archive.txt updated: 5000 nodes (limit 5000)
2026-09-04 22:17:45,685 | INFO | Subscription updated: /home/runner/work/sbornik/sbornik/subs/vless_001.txt
2026-09-04 22:17:45,685 | INFO | 
--- STATS BY PROTOCOL ---
2026-09-04 22:17:45,685 | INFO | reality: 29
2026-09-04 22:17:45,685 | INFO | tls: 29
2026-09-04 22:17:45,685 | INFO | ws: 38
2026-09-04 22:17:45,685 | INFO | other: 6
2026-09-04 22:17:45,685 | INFO | 
--- TOP SNI STATS ---
2026-09-04 22:17:45,685 | INFO | api-maps.yandex.ru: 262 успешных мутаций
2026-09-04 22:17:45,685 | INFO | ozon.ru: 108 успешных мутаций
2026-09-04 22:17:45,685 | INFO | yandex.ru: 98 успешных мутаций
2026-09-04 22:17:45,685 | INFO | vk.com: 92 успешных мутаций
2026-09-04 22:17:45,685 | INFO | mail.ru: 90 успешных мутаций
2026-09-04 22:17:45,685 | INFO | wildberries.ru: 86 успешных мутаций
2026-09-04 22:17:45,685 | INFO | ok.ru: 72 успешных мутаций
2026-09-04 22:17:45,685 | INFO | storage.yandex.net: 16 успешных мутаций
2026-09-04 22:17:45,685 | INFO | rutube.ru: 8 успешных мутаций
2026-09-04 22:17:45,685 | INFO | dzen.ru: 8 успешных мутаций
2026-09-04 22:17:45,686 | INFO | 💾 Статистика SNI сохранена
