2026-08-11 16:58:27,272 | INFO | 📊 Загружена статистика SNI: 26 доменов
2026-08-11 16:58:27,272 | INFO | === SING-BOX STATUS ===
2026-08-11 16:58:27,279 | INFO | sing-box version 1.13.18

Environment: go1.25.12 linux/amd64
Tags: with_gvisor,with_quic,with_dhcp,with_wireguard,with_utls,with_acme,with_clash_api,with_tailscale,with_ccm,with_ocm,with_naive_outbound,badlinkname,tfogo_checklinkname0,with_musl
Revision: 45ca32dcb966f07f97fc888fe8586e359dbe8405
CGO: enabled
2026-08-11 16:58:27,279 | INFO | 
--- STEP 1: FETCHING SOURCES ---
2026-08-11 16:58:27,443 | INFO | Loaded 45 lines from https://raw.githubusercontent.com/igareck/vpn-conf...
2026-08-11 16:58:27,621 | INFO | Loaded 0 lines from https://raw.githubusercontent.com/igareck/vpn-conf...
2026-08-11 16:58:27,735 | INFO | Loaded 8 lines from https://raw.githubusercontent.com/igareck/vpn-conf...
2026-08-11 16:58:27,899 | INFO | Loaded 17 lines from https://raw.githubusercontent.com/igareck/vpn-conf...
2026-08-11 16:58:28,057 | INFO | Loaded 45 lines from https://raw.githubusercontent.com/igareck/vpn-conf...
2026-08-11 16:58:28,227 | INFO | Loaded 87 lines from https://raw.githubusercontent.com/igareck/vpn-conf...
2026-08-11 16:58:28,251 | INFO | Loaded 142 lines from https://raw.githubusercontent.com/igareck/vpn-conf...
2026-08-11 16:58:28,590 | INFO | Loaded 347 lines from https://raw.githubusercontent.com/FLAT447/v2ray-li...
2026-08-11 16:58:28,591 | INFO | 
--- STEP 2: VALIDATION ---
2026-08-11 16:58:28,591 | INFO | Unique VLESS configs: 507
2026-08-11 16:58:28,642 | INFO | Archive updated: 10000 nodes (limit 10000)
2026-08-11 16:58:28,644 | INFO | 
--- STEP 3: LIVE CHECK (507 nodes, threads: 40) ---
2026-08-11 16:59:05,721 | INFO | [🎉 SNI WORKED] Нода ожила с SNI: yandex.ru (порт 11012)
2026-08-11 16:59:14,522 | INFO | [🎉 SNI WORKED] Нода ожила с SNI: yandex.ru (порт 11035)
2026-08-11 16:59:19,474 | INFO | [🎉 SNI WORKED] Нода ожила с SNI: yandex.ru (порт 11033)
2026-08-11 16:59:43,930 | INFO | [🎉 SNI WORKED] Нода ожила с SNI: yandex.ru (порт 11011)
2026-08-11 17:12:53,793 | INFO | ⏱️ Время проверки: 865.1 сек
2026-08-11 17:12:53,794 | INFO | 
--- RESULT: Found 100 live nodes ---
2026-08-11 17:12:53,794 | INFO | After dedup: 100
2026-08-11 17:12:53,801 | INFO | alive_archive.txt updated: 5000 nodes (limit 5000)
2026-08-11 17:12:53,801 | INFO | Subscription updated: /home/runner/work/sbornik/sbornik/subs/vless_001.txt
2026-08-11 17:12:53,801 | INFO | 
--- STATS BY PROTOCOL ---
2026-08-11 17:12:53,802 | INFO | reality: 37
2026-08-11 17:12:53,802 | INFO | tls: 52
2026-08-11 17:12:53,802 | INFO | ws: 11
2026-08-11 17:12:53,802 | INFO | 
--- TOP SNI STATS ---
2026-08-11 17:12:53,802 | INFO | api-maps.yandex.ru: 250 успешных мутаций
2026-08-11 17:12:53,802 | INFO | yandex.ru: 92 успешных мутаций
2026-08-11 17:12:53,802 | INFO | ozon.ru: 92 успешных мутаций
2026-08-11 17:12:53,802 | INFO | mail.ru: 89 успешных мутаций
2026-08-11 17:12:53,802 | INFO | vk.com: 86 успешных мутаций
2026-08-11 17:12:53,802 | INFO | wildberries.ru: 82 успешных мутаций
2026-08-11 17:12:53,802 | INFO | ok.ru: 70 успешных мутаций
2026-08-11 17:12:53,802 | INFO | storage.yandex.net: 10 успешных мутаций
2026-08-11 17:12:53,802 | INFO | dzen.ru: 7 успешных мутаций
2026-08-11 17:12:53,802 | INFO | rutube.ru: 5 успешных мутаций
2026-08-11 17:12:53,802 | INFO | 💾 Статистика SNI сохранена
