2026-08-05 21:11:18,482 | INFO | 📊 Загружена статистика SNI: 26 доменов
2026-08-05 21:11:18,483 | INFO | === SING-BOX STATUS ===
2026-08-05 21:11:18,491 | INFO | sing-box version 1.13.16

Environment: go1.25.12 linux/amd64
Tags: with_gvisor,with_quic,with_dhcp,with_wireguard,with_utls,with_acme,with_clash_api,with_tailscale,with_ccm,with_ocm,with_naive_outbound,badlinkname,tfogo_checklinkname0,with_musl
Revision: 17ec3c71af8ca946dc50bf0d927c39fc77322aec
CGO: enabled
2026-08-05 21:11:18,491 | INFO | 
--- STEP 1: FETCHING SOURCES ---
2026-08-05 21:11:18,610 | INFO | Loaded 29 lines from https://raw.githubusercontent.com/igareck/vpn-conf...
2026-08-05 21:11:18,738 | INFO | Loaded 0 lines from https://raw.githubusercontent.com/igareck/vpn-conf...
2026-08-05 21:11:18,798 | INFO | Loaded 3 lines from https://raw.githubusercontent.com/igareck/vpn-conf...
2026-08-05 21:11:18,864 | INFO | Loaded 8 lines from https://raw.githubusercontent.com/igareck/vpn-conf...
2026-08-05 21:11:18,919 | INFO | Loaded 29 lines from https://raw.githubusercontent.com/igareck/vpn-conf...
2026-08-05 21:11:19,048 | INFO | Loaded 129 lines from https://raw.githubusercontent.com/igareck/vpn-conf...
2026-08-05 21:11:19,206 | INFO | Loaded 153 lines from https://raw.githubusercontent.com/igareck/vpn-conf...
2026-08-05 21:11:19,413 | INFO | Loaded 371 lines from https://raw.githubusercontent.com/FLAT447/v2ray-li...
2026-08-05 21:11:19,413 | INFO | 
--- STEP 2: VALIDATION ---
2026-08-05 21:11:19,414 | INFO | Unique VLESS configs: 508
2026-08-05 21:11:19,440 | INFO | Archive updated: 10000 nodes (limit 10000)
2026-08-05 21:11:19,442 | INFO | 
--- STEP 3: LIVE CHECK (508 nodes, threads: 40) ---
2026-08-05 21:12:22,229 | INFO | ⏱️ Время проверки: 62.8 сек
2026-08-05 21:12:22,229 | INFO | 
--- RESULT: Found 100 live nodes ---
2026-08-05 21:12:22,229 | INFO | After dedup: 100
2026-08-05 21:12:22,241 | INFO | alive_archive.txt updated: 5000 nodes (limit 5000)
2026-08-05 21:12:22,242 | INFO | Subscription updated: /home/runner/work/sbornik/sbornik/subs/vless_001.txt
2026-08-05 21:12:22,242 | INFO | 
--- STATS BY PROTOCOL ---
2026-08-05 21:12:22,242 | INFO | reality: 37
2026-08-05 21:12:22,242 | INFO | tls: 7
2026-08-05 21:12:22,242 | INFO | ws: 55
2026-08-05 21:12:22,242 | INFO | other: 1
2026-08-05 21:12:22,242 | INFO | 
--- TOP SNI STATS ---
2026-08-05 21:12:22,242 | INFO | api-maps.yandex.ru: 180 успешных мутаций
2026-08-05 21:12:22,242 | INFO | ozon.ru: 38 успешных мутаций
2026-08-05 21:12:22,242 | INFO | mail.ru: 33 успешных мутаций
2026-08-05 21:12:22,242 | INFO | yandex.ru: 30 успешных мутаций
2026-08-05 21:12:22,242 | INFO | ok.ru: 28 успешных мутаций
2026-08-05 21:12:22,242 | INFO | vk.com: 26 успешных мутаций
2026-08-05 21:12:22,242 | INFO | wildberries.ru: 25 успешных мутаций
2026-08-05 21:12:22,242 | INFO | dzen.ru: 7 успешных мутаций
2026-08-05 21:12:22,242 | INFO | rutube.ru: 3 успешных мутаций
2026-08-05 21:12:22,242 | INFO | cdn.x5.ru: 1 успешных мутаций
2026-08-05 21:12:22,243 | INFO | 💾 Статистика SNI сохранена
