2026-09-27 13:37:38,320 | INFO | 📊 Загружена статистика SNI: 26 доменов
2026-09-27 13:37:38,320 | INFO | === SING-BOX STATUS ===
2026-09-27 13:37:38,356 | INFO | sing-box version 1.14.2

Environment: go1.26.8 linux/amd64
Tags: with_gvisor,with_quic,with_dhcp,with_wireguard,with_utls,with_acme,with_clash_api,with_tailscale,with_ccm,with_ocm,with_cloudflared,with_naive_outbound,with_usbip,with_openvpn,with_openconnect,badlinkname,tfogo_checklinkname0,with_musl
Revision: af6e64c3b69e6132ebaee0e1a3d24e93903f6709
CGO: enabled
2026-09-27 13:37:38,356 | INFO | 
--- STEP 1: FETCHING SOURCES ---
2026-09-27 13:37:38,438 | INFO | Loaded 64 lines from https://raw.githubusercontent.com/igareck/vpn-conf...
2026-09-27 13:37:38,541 | INFO | Loaded 0 lines from https://raw.githubusercontent.com/igareck/vpn-conf...
2026-09-27 13:37:38,589 | INFO | Loaded 3 lines from https://raw.githubusercontent.com/igareck/vpn-conf...
2026-09-27 13:37:38,663 | INFO | Loaded 4 lines from https://raw.githubusercontent.com/igareck/vpn-conf...
2026-09-27 13:37:38,728 | INFO | Loaded 71 lines from https://raw.githubusercontent.com/igareck/vpn-conf...
2026-09-27 13:37:38,835 | INFO | Loaded 123 lines from https://raw.githubusercontent.com/igareck/vpn-conf...
2026-09-27 13:37:38,902 | INFO | Loaded 153 lines from https://raw.githubusercontent.com/igareck/vpn-conf...
2026-09-27 13:37:39,046 | INFO | Loaded 56 lines from https://raw.githubusercontent.com/FLAT447/v2ray-li...
2026-09-27 13:37:39,046 | INFO | 
--- STEP 2: VALIDATION ---
2026-09-27 13:37:39,047 | INFO | Unique VLESS configs: 298
2026-09-27 13:37:39,065 | INFO | Archive updated: 10000 nodes (limit 10000)
2026-09-27 13:37:39,067 | INFO | 
--- STEP 3: LIVE CHECK (298 nodes, threads: 40) ---
2026-09-27 13:46:08,493 | INFO | ⏱️ Время проверки: 509.4 сек
2026-09-27 13:46:08,493 | INFO | 
--- RESULT: Found 97 live nodes ---
2026-09-27 13:46:08,494 | INFO | After dedup: 97
2026-09-27 13:46:08,494 | INFO | Filled from archive (+3), total: 100
2026-09-27 13:46:08,506 | INFO | alive_archive.txt updated: 5000 nodes (limit 5000)
2026-09-27 13:46:08,506 | INFO | Subscription updated: /home/runner/work/sbornik/sbornik/subs/vless_001.txt
2026-09-27 13:46:08,507 | INFO | 
--- STATS BY PROTOCOL ---
2026-09-27 13:46:08,507 | INFO | reality: 25
2026-09-27 13:46:08,507 | INFO | tls: 48
2026-09-27 13:46:08,507 | INFO | ws: 26
2026-09-27 13:46:08,507 | INFO | other: 1
2026-09-27 13:46:08,507 | INFO | 
--- TOP SNI STATS ---
2026-09-27 13:46:08,507 | INFO | api-maps.yandex.ru: 268 успешных мутаций
2026-09-27 13:46:08,507 | INFO | ozon.ru: 108 успешных мутаций
2026-09-27 13:46:08,507 | INFO | yandex.ru: 98 успешных мутаций
2026-09-27 13:46:08,507 | INFO | vk.com: 94 успешных мутаций
2026-09-27 13:46:08,507 | INFO | mail.ru: 90 успешных мутаций
2026-09-27 13:46:08,507 | INFO | wildberries.ru: 86 успешных мутаций
2026-09-27 13:46:08,507 | INFO | ok.ru: 73 успешных мутаций
2026-09-27 13:46:08,507 | INFO | storage.yandex.net: 16 успешных мутаций
2026-09-27 13:46:08,507 | INFO | dzen.ru: 9 успешных мутаций
2026-09-27 13:46:08,507 | INFO | rutube.ru: 8 успешных мутаций
2026-09-27 13:46:08,508 | INFO | 💾 Статистика SNI сохранена
