2026-08-23 04:38:43,928 | INFO | 📊 Загружена статистика SNI: 26 доменов
2026-08-23 04:38:43,928 | INFO | === SING-BOX STATUS ===
2026-08-23 04:38:43,935 | INFO | sing-box version 1.13.19

Environment: go1.25.12 linux/amd64
Tags: with_gvisor,with_quic,with_dhcp,with_wireguard,with_utls,with_acme,with_clash_api,with_tailscale,with_ccm,with_ocm,with_naive_outbound,badlinkname,tfogo_checklinkname0,with_musl
Revision: b5ebaa1fc0f2b94256180b95468e73ef53caa27d
CGO: enabled
2026-08-23 04:38:43,935 | INFO | 
--- STEP 1: FETCHING SOURCES ---
2026-08-23 04:38:43,980 | INFO | Loaded 100 lines from https://raw.githubusercontent.com/igareck/vpn-conf...
2026-08-23 04:38:44,149 | INFO | Loaded 0 lines from https://raw.githubusercontent.com/igareck/vpn-conf...
2026-08-23 04:38:44,286 | INFO | Loaded 12 lines from https://raw.githubusercontent.com/igareck/vpn-conf...
2026-08-23 04:38:44,383 | INFO | Loaded 39 lines from https://raw.githubusercontent.com/igareck/vpn-conf...
2026-08-23 04:38:44,525 | INFO | Loaded 100 lines from https://raw.githubusercontent.com/igareck/vpn-conf...
2026-08-23 04:38:44,660 | INFO | Loaded 204 lines from https://raw.githubusercontent.com/igareck/vpn-conf...
2026-08-23 04:38:44,817 | INFO | Loaded 153 lines from https://raw.githubusercontent.com/igareck/vpn-conf...
2026-08-23 04:38:45,163 | INFO | Loaded 479 lines from https://raw.githubusercontent.com/FLAT447/v2ray-li...
2026-08-23 04:38:45,163 | INFO | 
--- STEP 2: VALIDATION ---
2026-08-23 04:38:45,165 | INFO | Unique VLESS configs: 779
2026-08-23 04:38:45,188 | INFO | Archive updated: 10000 nodes (limit 10000)
2026-08-23 04:38:45,191 | INFO | 
--- STEP 3: LIVE CHECK (779 nodes, threads: 40) ---
2026-08-23 04:38:59,764 | INFO | ⏱️ Время проверки: 14.6 сек
2026-08-23 04:38:59,764 | INFO | 
--- RESULT: Found 106 live nodes ---
2026-08-23 04:38:59,764 | INFO | After dedup: 106
2026-08-23 04:38:59,773 | INFO | alive_archive.txt updated: 5000 nodes (limit 5000)
2026-08-23 04:38:59,773 | INFO | Subscription updated: /home/runner/work/sbornik/sbornik/subs/vless_001.txt
2026-08-23 04:38:59,773 | INFO | 
--- STATS BY PROTOCOL ---
2026-08-23 04:38:59,773 | INFO | reality: 82
2026-08-23 04:38:59,773 | INFO | tls: 19
2026-08-23 04:38:59,774 | INFO | ws: 5
2026-08-23 04:38:59,774 | INFO | 
--- TOP SNI STATS ---
2026-08-23 04:38:59,774 | INFO | api-maps.yandex.ru: 258 успешных мутаций
2026-08-23 04:38:59,774 | INFO | yandex.ru: 96 успешных мутаций
2026-08-23 04:38:59,774 | INFO | ozon.ru: 93 успешных мутаций
2026-08-23 04:38:59,774 | INFO | vk.com: 90 успешных мутаций
2026-08-23 04:38:59,774 | INFO | mail.ru: 90 успешных мутаций
2026-08-23 04:38:59,774 | INFO | wildberries.ru: 84 успешных мутаций
2026-08-23 04:38:59,774 | INFO | ok.ru: 72 успешных мутаций
2026-08-23 04:38:59,774 | INFO | storage.yandex.net: 15 успешных мутаций
2026-08-23 04:38:59,774 | INFO | dzen.ru: 8 успешных мутаций
2026-08-23 04:38:59,774 | INFO | rutube.ru: 7 успешных мутаций
2026-08-23 04:38:59,774 | INFO | 💾 Статистика SNI сохранена
