2026-09-22 16:30:00,911 | INFO | 📊 Загружена статистика SNI: 26 доменов
2026-09-22 16:30:00,911 | INFO | === SING-BOX STATUS ===
2026-09-22 16:30:00,939 | INFO | sing-box version 1.14.1

Environment: go1.26.8 linux/amd64
Tags: with_gvisor,with_quic,with_dhcp,with_wireguard,with_utls,with_acme,with_clash_api,with_tailscale,with_ccm,with_ocm,with_cloudflared,with_naive_outbound,with_usbip,with_openvpn,with_openconnect,badlinkname,tfogo_checklinkname0,with_musl
Revision: 1ac1a339cb1223e9c70eae14c44411c75033c02d
CGO: enabled
2026-09-22 16:30:00,939 | INFO | 
--- STEP 1: FETCHING SOURCES ---
2026-09-22 16:30:01,089 | INFO | Loaded 13 lines from https://raw.githubusercontent.com/igareck/vpn-conf...
2026-09-22 16:30:01,210 | INFO | Loaded 0 lines from https://raw.githubusercontent.com/igareck/vpn-conf...
2026-09-22 16:30:01,336 | INFO | Loaded 3 lines from https://raw.githubusercontent.com/igareck/vpn-conf...
2026-09-22 16:30:01,473 | INFO | Loaded 4 lines from https://raw.githubusercontent.com/igareck/vpn-conf...
2026-09-22 16:30:01,589 | INFO | Loaded 18 lines from https://raw.githubusercontent.com/igareck/vpn-conf...
2026-09-22 16:30:01,711 | INFO | Loaded 23 lines from https://raw.githubusercontent.com/igareck/vpn-conf...
2026-09-22 16:30:01,830 | INFO | Loaded 88 lines from https://raw.githubusercontent.com/igareck/vpn-conf...
2026-09-22 16:30:01,976 | INFO | Loaded 111 lines from https://raw.githubusercontent.com/FLAT447/v2ray-li...
2026-09-22 16:30:01,976 | INFO | 
--- STEP 2: VALIDATION ---
2026-09-22 16:30:01,977 | INFO | Unique VLESS configs: 129
2026-09-22 16:30:01,993 | INFO | Archive updated: 10000 nodes (limit 10000)
2026-09-22 16:30:01,994 | INFO | 
--- STEP 3: LIVE CHECK (129 nodes, threads: 40) ---
2026-09-22 16:37:07,216 | INFO | ⏱️ Время проверки: 425.2 сек
2026-09-22 16:37:07,216 | INFO | 
--- RESULT: Found 6 live nodes ---
2026-09-22 16:37:07,216 | INFO | After dedup: 6
2026-09-22 16:37:07,216 | INFO | Filled from archive (+94), total: 100
2026-09-22 16:37:07,227 | INFO | alive_archive.txt updated: 5000 nodes (limit 5000)
2026-09-22 16:37:07,227 | INFO | Subscription updated: /home/runner/work/sbornik/sbornik/subs/vless_001.txt
2026-09-22 16:37:07,227 | INFO | 
--- STATS BY PROTOCOL ---
2026-09-22 16:37:07,227 | INFO | reality: 67
2026-09-22 16:37:07,227 | INFO | tls: 15
2026-09-22 16:37:07,227 | INFO | ws: 13
2026-09-22 16:37:07,227 | INFO | other: 5
2026-09-22 16:37:07,227 | INFO | 
--- TOP SNI STATS ---
2026-09-22 16:37:07,228 | INFO | api-maps.yandex.ru: 268 успешных мутаций
2026-09-22 16:37:07,228 | INFO | ozon.ru: 108 успешных мутаций
2026-09-22 16:37:07,228 | INFO | yandex.ru: 98 успешных мутаций
2026-09-22 16:37:07,228 | INFO | vk.com: 94 успешных мутаций
2026-09-22 16:37:07,228 | INFO | mail.ru: 90 успешных мутаций
2026-09-22 16:37:07,228 | INFO | wildberries.ru: 86 успешных мутаций
2026-09-22 16:37:07,228 | INFO | ok.ru: 73 успешных мутаций
2026-09-22 16:37:07,228 | INFO | storage.yandex.net: 16 успешных мутаций
2026-09-22 16:37:07,228 | INFO | dzen.ru: 9 успешных мутаций
2026-09-22 16:37:07,228 | INFO | rutube.ru: 8 успешных мутаций
2026-09-22 16:37:07,228 | INFO | 💾 Статистика SNI сохранена
