2026-10-07 21:03:56,348 | INFO | === SING-BOX STATUS ===
2026-10-07 21:03:56,377 | INFO | sing-box version 1.14.2

Environment: go1.26.8 linux/amd64
Tags: with_gvisor,with_quic,with_dhcp,with_wireguard,with_utls,with_acme,with_clash_api,with_tailscale,with_ccm,with_ocm,with_cloudflared,with_naive_outbound,with_usbip,with_openvpn,with_openconnect,badlinkname,tfogo_checklinkname0,with_musl
Revision: af6e64c3b69e6132ebaee0e1a3d24e93903f6709
CGO: enabled
2026-10-07 21:03:56,377 | INFO | 
--- STEP 1: FETCHING SOURCES ---
2026-10-07 21:03:56,494 | INFO | Loaded 67 lines from https://raw.githubusercontent.com/igareck/vpn-configs-for-russia/refs/heads/main...
2026-10-07 21:03:56,620 | INFO | Loaded 27 lines from https://raw.githubusercontent.com/igareck/vpn-configs-for-russia/refs/heads/main...
2026-10-07 21:03:56,729 | INFO | Loaded 15 lines from https://raw.githubusercontent.com/igareck/vpn-configs-for-russia/refs/heads/main...
2026-10-07 21:03:56,848 | INFO | Loaded 75 lines from https://raw.githubusercontent.com/igareck/vpn-configs-for-russia/refs/heads/main...
2026-10-07 21:03:56,996 | INFO | Loaded 229 lines from https://raw.githubusercontent.com/igareck/vpn-configs-for-russia/main/BLACK_VLES...
2026-10-07 21:03:57,237 | INFO | Loaded 148 lines from https://raw.githubusercontent.com/igareck/vpn-configs-for-russia/main/BLACK_VLES...
2026-10-07 21:03:57,398 | INFO | Loaded 58 lines from https://raw.githubusercontent.com/FLAT447/v2ray-lists/main/WHITE_LITE.txt...
2026-10-07 21:03:57,398 | INFO | 
--- STEP 2: VALIDATION ---
2026-10-07 21:03:57,399 | INFO | Unique VLESS configs: 329
2026-10-07 21:03:57,399 | INFO | archive.txt loaded: 472 nodes
2026-10-07 21:03:57,399 | INFO | 
--- ARCHIVE TCP CLEANUP (472 nodes, threads: 40) ---
2026-10-07 21:04:01,503 | INFO | ARCHIVE TCP CLEANUP done: alive=453, removed=19, time=4.1с
2026-10-07 21:04:01,503 | INFO | 
--- STEP 3: LIVE CHECK (329 nodes, threads: 40, min_sites_ok=2) ---
2026-10-07 21:05:01,145 | INFO | ⏱️ Время проверки: 59.6 сек
2026-10-07 21:05:01,145 | INFO | 
--- RESULT: Found 136 live nodes ---
2026-10-07 21:05:01,146 | INFO | archive.txt updated: 570 nodes
2026-10-07 21:05:01,147 | INFO | Subscription updated: /home/runner/work/sbornik/sbornik/subs/vless_001.txt (100 nodes)
2026-10-07 21:05:01,147 | INFO | 
--- STATS BY TRANSPORT (live_total / dead_total | live_last / dead_last) ---
2026-10-07 21:05:01,147 | INFO | tcp: 1509 / 1751 | 28 / 58
2026-10-07 21:05:01,147 | INFO | ws: 1121 / 1847 | 108 / 107
2026-10-07 21:05:01,147 | INFO | grpc: 23 / 720 | 0 / 30
2026-10-07 21:05:01,147 | INFO | xhttp: 0 / 889 | 0 / 17
2026-10-07 21:05:01,147 | INFO | 
--- STATS BY SECURITY (live_total / dead_total | live_last / dead_last) ---
2026-10-07 21:05:01,147 | INFO | none: 274 / 439 | 37 / 33
2026-10-07 21:05:01,147 | INFO | tls: 1333 / 2354 | 79 / 106
2026-10-07 21:05:01,147 | INFO | reality: 1046 / 2414 | 20 / 73
2026-10-07 21:05:01,148 | INFO | 💾 Статистика источников сохранена: source_stats.json
2026-10-07 21:05:01,148 | INFO | 💾 Статистика протоколов сохранена: protocol_stats.json
2026-10-07 21:05:01,148 | INFO | 
============ ИТОГ ЗАПУСКА ============
Живых из источников:          136
Оживлено из архива:           0
Удалено из архива (мёртвых):  19
Итого в подписке:             100
Итого в архиве:               570

--- ДЕТАЛИЗАЦИЯ ОШИБОК ---
dead_tcp (TCP не открылся):    11
dead_config (битый конфиг):    0
dead_start (sing-box упал):    21
dead_sites (мало сайтов):      161
dead_parse (URI не парсится):  0
======================================
2026-10-07 21:05:01,148 | INFO | 
--- ПРОВЕРКА САЙТОВ (за текущий запуск) ---
2026-10-07 21:05:01,148 | INFO | https://telegram.org: 156/297 (52.5%)
2026-10-07 21:05:01,148 | INFO | https://www.instagram.com: 149/297 (50.2%)
2026-10-07 21:05:01,148 | INFO | https://www.youtube.com: 138/297 (46.5%)
2026-10-07 21:05:01,148 | INFO | 💾 Статистика запуска сохранена: run_stats.json
