2026-09-28 04:15:57,937 | INFO | 📊 Загружена статистика SNI: 26 доменов
2026-09-28 04:15:57,938 | INFO | === SING-BOX STATUS ===
2026-09-28 04:15:57,974 | INFO | sing-box version 1.14.2

Environment: go1.26.8 linux/amd64
Tags: with_gvisor,with_quic,with_dhcp,with_wireguard,with_utls,with_acme,with_clash_api,with_tailscale,with_ccm,with_ocm,with_cloudflared,with_naive_outbound,with_usbip,with_openvpn,with_openconnect,badlinkname,tfogo_checklinkname0,with_musl
Revision: af6e64c3b69e6132ebaee0e1a3d24e93903f6709
CGO: enabled
2026-09-28 04:15:57,974 | INFO | 
--- STEP 1: FETCHING SOURCES ---
2026-09-28 04:15:58,066 | INFO | Loaded 86 lines from https://raw.githubusercontent.com/igareck/vpn-conf...
2026-09-28 04:15:58,169 | INFO | Loaded 0 lines from https://raw.githubusercontent.com/igareck/vpn-conf...
2026-09-28 04:15:58,322 | INFO | Loaded 18 lines from https://raw.githubusercontent.com/igareck/vpn-conf...
2026-09-28 04:15:58,479 | INFO | Loaded 27 lines from https://raw.githubusercontent.com/igareck/vpn-conf...
2026-09-28 04:15:58,577 | INFO | Loaded 93 lines from https://raw.githubusercontent.com/igareck/vpn-conf...
2026-09-28 04:15:58,722 | INFO | Loaded 202 lines from https://raw.githubusercontent.com/igareck/vpn-conf...
2026-09-28 04:15:58,865 | INFO | Loaded 153 lines from https://raw.githubusercontent.com/igareck/vpn-conf...
2026-09-28 04:15:59,024 | INFO | Loaded 55 lines from https://raw.githubusercontent.com/FLAT447/v2ray-li...
2026-09-28 04:15:59,024 | INFO | 
--- STEP 2: VALIDATION ---
2026-09-28 04:15:59,025 | INFO | Unique VLESS configs: 355
2026-09-28 04:15:59,043 | INFO | Archive updated: 10000 nodes (limit 10000)
2026-09-28 04:15:59,045 | INFO | 
--- STEP 3: LIVE CHECK (355 nodes, threads: 40) ---
2026-09-28 04:20:00,183 | INFO | ⏱️ Время проверки: 241.1 сек
2026-09-28 04:20:00,183 | INFO | 
--- RESULT: Found 100 live nodes ---
2026-09-28 04:20:00,183 | INFO | After dedup: 100
2026-09-28 04:20:00,194 | INFO | alive_archive.txt updated: 5000 nodes (limit 5000)
2026-09-28 04:20:00,195 | INFO | Subscription updated: /home/runner/work/sbornik/sbornik/subs/vless_001.txt
2026-09-28 04:20:00,195 | INFO | 
--- STATS BY PROTOCOL ---
2026-09-28 04:20:00,195 | INFO | reality: 55
2026-09-28 04:20:00,195 | INFO | tls: 11
2026-09-28 04:20:00,195 | INFO | ws: 34
2026-09-28 04:20:00,195 | INFO | 
--- TOP SNI STATS ---
2026-09-28 04:20:00,195 | INFO | api-maps.yandex.ru: 268 успешных мутаций
2026-09-28 04:20:00,195 | INFO | ozon.ru: 108 успешных мутаций
2026-09-28 04:20:00,195 | INFO | yandex.ru: 98 успешных мутаций
2026-09-28 04:20:00,195 | INFO | vk.com: 94 успешных мутаций
2026-09-28 04:20:00,195 | INFO | mail.ru: 90 успешных мутаций
2026-09-28 04:20:00,195 | INFO | wildberries.ru: 86 успешных мутаций
2026-09-28 04:20:00,195 | INFO | ok.ru: 73 успешных мутаций
2026-09-28 04:20:00,196 | INFO | storage.yandex.net: 16 успешных мутаций
2026-09-28 04:20:00,196 | INFO | dzen.ru: 9 успешных мутаций
2026-09-28 04:20:00,196 | INFO | rutube.ru: 8 успешных мутаций
2026-09-28 04:20:00,196 | INFO | 💾 Статистика SNI сохранена
