2026-09-19 18:27:43,021 | INFO | 📊 Загружена статистика SNI: 26 доменов
2026-09-19 18:27:43,021 | INFO | === SING-BOX STATUS ===
2026-09-19 18:27:43,055 | INFO | sing-box version 1.14.1

Environment: go1.26.8 linux/amd64
Tags: with_gvisor,with_quic,with_dhcp,with_wireguard,with_utls,with_acme,with_clash_api,with_tailscale,with_ccm,with_ocm,with_cloudflared,with_naive_outbound,with_usbip,with_openvpn,with_openconnect,badlinkname,tfogo_checklinkname0,with_musl
Revision: 1ac1a339cb1223e9c70eae14c44411c75033c02d
CGO: enabled
2026-09-19 18:27:43,055 | INFO | 
--- STEP 1: FETCHING SOURCES ---
2026-09-19 18:27:43,088 | INFO | Loaded 48 lines from https://raw.githubusercontent.com/igareck/vpn-conf...
2026-09-19 18:27:43,156 | INFO | Loaded 0 lines from https://raw.githubusercontent.com/igareck/vpn-conf...
2026-09-19 18:27:43,209 | INFO | Loaded 5 lines from https://raw.githubusercontent.com/igareck/vpn-conf...
2026-09-19 18:27:43,288 | INFO | Loaded 3 lines from https://raw.githubusercontent.com/igareck/vpn-conf...
2026-09-19 18:27:43,343 | INFO | Loaded 53 lines from https://raw.githubusercontent.com/igareck/vpn-conf...
2026-09-19 18:27:43,370 | INFO | Loaded 128 lines from https://raw.githubusercontent.com/igareck/vpn-conf...
2026-09-19 18:27:43,399 | INFO | Loaded 125 lines from https://raw.githubusercontent.com/igareck/vpn-conf...
2026-09-19 18:27:43,502 | INFO | Loaded 23 lines from https://raw.githubusercontent.com/FLAT447/v2ray-li...
2026-09-19 18:27:43,503 | INFO | 
--- STEP 2: VALIDATION ---
2026-09-19 18:27:43,503 | INFO | Unique VLESS configs: 173
2026-09-19 18:27:43,522 | INFO | Archive updated: 10000 nodes (limit 10000)
2026-09-19 18:27:43,523 | INFO | 
--- STEP 3: LIVE CHECK (173 nodes, threads: 40) ---
2026-09-19 18:35:40,307 | INFO | ⏱️ Время проверки: 476.8 сек
2026-09-19 18:35:40,307 | INFO | 
--- RESULT: Found 60 live nodes ---
2026-09-19 18:35:40,307 | INFO | After dedup: 60
2026-09-19 18:35:40,307 | INFO | Filled from archive (+40), total: 100
2026-09-19 18:35:40,320 | INFO | alive_archive.txt updated: 5000 nodes (limit 5000)
2026-09-19 18:35:40,320 | INFO | Subscription updated: /home/runner/work/sbornik/sbornik/subs/vless_001.txt
2026-09-19 18:35:40,320 | INFO | 
--- STATS BY PROTOCOL ---
2026-09-19 18:35:40,320 | INFO | reality: 84
2026-09-19 18:35:40,320 | INFO | tls: 2
2026-09-19 18:35:40,320 | INFO | ws: 14
2026-09-19 18:35:40,321 | INFO | 
--- TOP SNI STATS ---
2026-09-19 18:35:40,321 | INFO | api-maps.yandex.ru: 268 успешных мутаций
2026-09-19 18:35:40,321 | INFO | ozon.ru: 108 успешных мутаций
2026-09-19 18:35:40,321 | INFO | yandex.ru: 98 успешных мутаций
2026-09-19 18:35:40,321 | INFO | vk.com: 94 успешных мутаций
2026-09-19 18:35:40,321 | INFO | mail.ru: 90 успешных мутаций
2026-09-19 18:35:40,321 | INFO | wildberries.ru: 86 успешных мутаций
2026-09-19 18:35:40,321 | INFO | ok.ru: 72 успешных мутаций
2026-09-19 18:35:40,321 | INFO | storage.yandex.net: 16 успешных мутаций
2026-09-19 18:35:40,321 | INFO | dzen.ru: 9 успешных мутаций
2026-09-19 18:35:40,321 | INFO | rutube.ru: 8 успешных мутаций
2026-09-19 18:35:40,321 | INFO | 💾 Статистика SNI сохранена
