2026-10-08 21:05:49,324 | INFO | === SING-BOX STATUS ===
2026-10-08 21:05:49,351 | INFO | sing-box version 1.14.2

Environment: go1.26.8 linux/amd64
Tags: with_gvisor,with_quic,with_dhcp,with_wireguard,with_utls,with_acme,with_clash_api,with_tailscale,with_ccm,with_ocm,with_cloudflared,with_naive_outbound,with_usbip,with_openvpn,with_openconnect,badlinkname,tfogo_checklinkname0,with_musl
Revision: af6e64c3b69e6132ebaee0e1a3d24e93903f6709
CGO: enabled
2026-10-08 21:05:49,351 | INFO | 
--- STEP 1: FETCHING SOURCES ---
2026-10-08 21:05:49,431 | INFO | Loaded 88 lines from https://raw.githubusercontent.com/igareck/vpn-configs-for-russia/refs/heads/main...
2026-10-08 21:05:49,486 | INFO | Loaded 37 lines from https://raw.githubusercontent.com/igareck/vpn-configs-for-russia/refs/heads/main...
2026-10-08 21:05:49,510 | INFO | Loaded 3 lines from https://raw.githubusercontent.com/igareck/vpn-configs-for-russia/refs/heads/main...
2026-10-08 21:05:49,580 | INFO | Loaded 94 lines from https://raw.githubusercontent.com/igareck/vpn-configs-for-russia/refs/heads/main...
2026-10-08 21:05:49,665 | INFO | Loaded 277 lines from https://raw.githubusercontent.com/igareck/vpn-configs-for-russia/main/BLACK_VLES...
2026-10-08 21:05:49,737 | INFO | Loaded 153 lines from https://raw.githubusercontent.com/igareck/vpn-configs-for-russia/main/BLACK_VLES...
2026-10-08 21:05:49,893 | INFO | Loaded 44 lines from https://raw.githubusercontent.com/FLAT447/v2ray-lists/main/WHITE_LITE.txt...
2026-10-08 21:05:49,893 | INFO | 
--- STEP 2: VALIDATION ---
2026-10-08 21:05:49,893 | INFO | Unique VLESS configs: 383
2026-10-08 21:05:49,895 | INFO | archive.txt loaded: 1797 nodes
2026-10-08 21:05:49,895 | INFO | 
--- ARCHIVE TCP CLEANUP (1797 nodes, threads: 40) ---
2026-10-08 21:05:55,396 | INFO | ARCHIVE TCP CLEANUP done: alive=1774, removed=23, time=5.5с
2026-10-08 21:05:55,396 | INFO | 
--- STEP 3: LIVE CHECK (383 nodes, threads: 40, min_sites_ok=2) ---
2026-10-08 21:07:03,250 | INFO | ⏱️ Время проверки: 67.9 сек
2026-10-08 21:07:03,251 | INFO | 
--- RESULT: Found 152 live nodes ---
2026-10-08 21:07:03,256 | INFO | archive.txt updated: 1833 nodes
2026-10-08 21:07:03,256 | INFO | Subscription updated: /home/runner/work/sbornik/sbornik/subs/vless_001.txt (100 nodes)
2026-10-08 21:07:03,256 | INFO | 
--- STATS BY TRANSPORT (live_total / dead_total | live_last / dead_last) ---
2026-10-08 21:07:03,256 | INFO | tcp: 1555 / 1930 | 19 / 64
2026-10-08 21:07:03,256 | INFO | ws: 2653 / 2905 | 133 / 133
2026-10-08 21:07:03,256 | INFO | grpc: 23 / 831 | 0 / 17
2026-10-08 21:07:03,256 | INFO | xhttp: 0 / 984 | 0 / 40
2026-10-08 21:07:03,256 | INFO | 
--- STATS BY SECURITY (live_total / dead_total | live_last / dead_last) ---
2026-10-08 21:07:03,256 | INFO | none: 380 / 551 | 2 / 28
2026-10-08 21:07:03,256 | INFO | tls: 2779 / 3492 | 133 / 175
2026-10-08 21:07:03,256 | INFO | reality: 1072 / 2607 | 17 / 51
2026-10-08 21:07:03,257 | INFO | 💾 Статистика источников сохранена: source_stats.json
2026-10-08 21:07:03,257 | INFO | 💾 Статистика протоколов сохранена: protocol_stats.json
2026-10-08 21:07:03,257 | INFO | 
============ ИТОГ ЗАПУСКА ============
Живых из источников:          152
Оживлено из архива:           0
Удалено из архива (мёртвых):  23
Итого в подписке:             100
Итого в архиве:               1833

--- ДЕТАЛИЗАЦИЯ ОШИБОК ---
dead_tcp (TCP не открылся):    15
dead_config (битый конфиг):    0
dead_start (sing-box упал):    44
dead_sites (мало сайтов):      172
dead_parse (URI не парсится):  0
======================================
2026-10-08 21:07:03,257 | INFO | 
--- ПРОВЕРКА САЙТОВ (за текущий запуск) ---
2026-10-08 21:07:03,257 | INFO | https://telegram.org: 148/324 (45.7%)
2026-10-08 21:07:03,257 | INFO | https://www.instagram.com: 168/324 (51.9%)
2026-10-08 21:07:03,257 | INFO | https://www.youtube.com: 148/324 (45.7%)
2026-10-08 21:07:03,258 | INFO | 💾 Статистика запуска сохранена: run_stats.json
