2026-09-18 22:22:17,547 | INFO | 📊 Загружена статистика SNI: 26 доменов
2026-09-18 22:22:17,548 | INFO | === SING-BOX STATUS ===
2026-09-18 22:22:17,575 | INFO | sing-box version 1.14.1

Environment: go1.26.8 linux/amd64
Tags: with_gvisor,with_quic,with_dhcp,with_wireguard,with_utls,with_acme,with_clash_api,with_tailscale,with_ccm,with_ocm,with_cloudflared,with_naive_outbound,with_usbip,with_openvpn,with_openconnect,badlinkname,tfogo_checklinkname0,with_musl
Revision: 1ac1a339cb1223e9c70eae14c44411c75033c02d
CGO: enabled
2026-09-18 22:22:17,575 | INFO | 
--- STEP 1: FETCHING SOURCES ---
2026-09-18 22:22:17,641 | INFO | Loaded 90 lines from https://raw.githubusercontent.com/igareck/vpn-conf...
2026-09-18 22:22:17,745 | INFO | Loaded 0 lines from https://raw.githubusercontent.com/igareck/vpn-conf...
2026-09-18 22:22:17,808 | INFO | Loaded 14 lines from https://raw.githubusercontent.com/igareck/vpn-conf...
2026-09-18 22:22:17,914 | INFO | Loaded 3 lines from https://raw.githubusercontent.com/igareck/vpn-conf...
2026-09-18 22:22:17,961 | INFO | Loaded 95 lines from https://raw.githubusercontent.com/igareck/vpn-conf...
2026-09-18 22:22:18,062 | INFO | Loaded 150 lines from https://raw.githubusercontent.com/igareck/vpn-conf...
2026-09-18 22:22:18,117 | INFO | Loaded 148 lines from https://raw.githubusercontent.com/igareck/vpn-conf...
2026-09-18 22:22:18,298 | INFO | Loaded 23 lines from https://raw.githubusercontent.com/FLAT447/v2ray-li...
2026-09-18 22:22:18,298 | INFO | 
--- STEP 2: VALIDATION ---
2026-09-18 22:22:18,298 | INFO | Unique VLESS configs: 293
2026-09-18 22:22:18,316 | INFO | Archive updated: 10000 nodes (limit 10000)
2026-09-18 22:22:18,317 | INFO | 
--- STEP 3: LIVE CHECK (293 nodes, threads: 40) ---
2026-09-18 22:26:27,695 | INFO | ⏱️ Время проверки: 249.4 сек
2026-09-18 22:26:27,695 | INFO | 
--- RESULT: Found 102 live nodes ---
2026-09-18 22:26:27,695 | INFO | After dedup: 102
2026-09-18 22:26:27,703 | INFO | alive_archive.txt updated: 5000 nodes (limit 5000)
2026-09-18 22:26:27,703 | INFO | Subscription updated: /home/runner/work/sbornik/sbornik/subs/vless_001.txt
2026-09-18 22:26:27,703 | INFO | 
--- STATS BY PROTOCOL ---
2026-09-18 22:26:27,703 | INFO | reality: 92
2026-09-18 22:26:27,703 | INFO | tls: 7
2026-09-18 22:26:27,704 | INFO | ws: 2
2026-09-18 22:26:27,704 | INFO | other: 1
2026-09-18 22:26:27,704 | INFO | 
--- TOP SNI STATS ---
2026-09-18 22:26:27,704 | INFO | api-maps.yandex.ru: 268 успешных мутаций
2026-09-18 22:26:27,704 | INFO | ozon.ru: 108 успешных мутаций
2026-09-18 22:26:27,704 | INFO | yandex.ru: 98 успешных мутаций
2026-09-18 22:26:27,704 | INFO | vk.com: 94 успешных мутаций
2026-09-18 22:26:27,704 | INFO | mail.ru: 90 успешных мутаций
2026-09-18 22:26:27,704 | INFO | wildberries.ru: 86 успешных мутаций
2026-09-18 22:26:27,704 | INFO | ok.ru: 72 успешных мутаций
2026-09-18 22:26:27,704 | INFO | storage.yandex.net: 16 успешных мутаций
2026-09-18 22:26:27,704 | INFO | dzen.ru: 9 успешных мутаций
2026-09-18 22:26:27,704 | INFO | rutube.ru: 8 успешных мутаций
2026-09-18 22:26:27,704 | INFO | 💾 Статистика SNI сохранена
