2026-09-09 16:06:20,720 | INFO | 📊 Загружена статистика SNI: 26 доменов
2026-09-09 16:06:20,720 | INFO | === SING-BOX STATUS ===
2026-09-09 16:06:20,755 | INFO | sing-box version 1.14.0

Environment: go1.26.7 linux/amd64
Tags: with_gvisor,with_quic,with_dhcp,with_wireguard,with_utls,with_acme,with_clash_api,with_tailscale,with_ccm,with_ocm,with_cloudflared,with_naive_outbound,with_usbip,with_openvpn,with_openconnect,badlinkname,tfogo_checklinkname0,with_musl
Revision: 0b8995879f29a9b98ee027bc17b75e101445b238
CGO: enabled
2026-09-09 16:06:20,755 | INFO | 
--- STEP 1: FETCHING SOURCES ---
2026-09-09 16:06:21,004 | INFO | Loaded 31 lines from https://raw.githubusercontent.com/igareck/vpn-conf...
2026-09-09 16:06:21,155 | INFO | Loaded 0 lines from https://raw.githubusercontent.com/igareck/vpn-conf...
2026-09-09 16:06:21,275 | INFO | Loaded 23 lines from https://raw.githubusercontent.com/igareck/vpn-conf...
2026-09-09 16:06:21,810 | INFO | Loaded 3 lines from https://raw.githubusercontent.com/igareck/vpn-conf...
2026-09-09 16:06:21,980 | INFO | Loaded 31 lines from https://raw.githubusercontent.com/igareck/vpn-conf...
2026-09-09 16:06:22,149 | INFO | Loaded 88 lines from https://raw.githubusercontent.com/igareck/vpn-conf...
2026-09-09 16:06:22,351 | INFO | Loaded 153 lines from https://raw.githubusercontent.com/igareck/vpn-conf...
2026-09-09 16:06:22,543 | INFO | Loaded 177 lines from https://raw.githubusercontent.com/FLAT447/v2ray-li...
2026-09-09 16:06:22,543 | INFO | 
--- STEP 2: VALIDATION ---
2026-09-09 16:06:22,544 | INFO | Unique VLESS configs: 285
2026-09-09 16:06:22,574 | INFO | Archive updated: 10000 nodes (limit 10000)
2026-09-09 16:06:22,576 | INFO | 
--- STEP 3: LIVE CHECK (285 nodes, threads: 40) ---
2026-09-09 16:11:14,747 | INFO | ⏱️ Время проверки: 292.2 сек
2026-09-09 16:11:14,747 | INFO | 
--- RESULT: Found 37 live nodes ---
2026-09-09 16:11:14,747 | INFO | After dedup: 37
2026-09-09 16:11:14,748 | INFO | Filled from archive (+63), total: 100
2026-09-09 16:11:14,761 | INFO | alive_archive.txt updated: 5000 nodes (limit 5000)
2026-09-09 16:11:14,761 | INFO | Subscription updated: /home/runner/work/sbornik/sbornik/subs/vless_001.txt
2026-09-09 16:11:14,761 | INFO | 
--- STATS BY PROTOCOL ---
2026-09-09 16:11:14,761 | INFO | reality: 60
2026-09-09 16:11:14,761 | INFO | ws: 34
2026-09-09 16:11:14,761 | INFO | other: 6
2026-09-09 16:11:14,761 | INFO | 
--- TOP SNI STATS ---
2026-09-09 16:11:14,761 | INFO | api-maps.yandex.ru: 264 успешных мутаций
2026-09-09 16:11:14,761 | INFO | ozon.ru: 108 успешных мутаций
2026-09-09 16:11:14,762 | INFO | yandex.ru: 98 успешных мутаций
2026-09-09 16:11:14,762 | INFO | vk.com: 94 успешных мутаций
2026-09-09 16:11:14,762 | INFO | mail.ru: 90 успешных мутаций
2026-09-09 16:11:14,762 | INFO | wildberries.ru: 86 успешных мутаций
2026-09-09 16:11:14,762 | INFO | ok.ru: 72 успешных мутаций
2026-09-09 16:11:14,762 | INFO | storage.yandex.net: 16 успешных мутаций
2026-09-09 16:11:14,762 | INFO | dzen.ru: 9 успешных мутаций
2026-09-09 16:11:14,762 | INFO | rutube.ru: 8 успешных мутаций
2026-09-09 16:11:14,762 | INFO | 💾 Статистика SNI сохранена
