2026-08-14 16:54:33,771 | INFO | 📊 Загружена статистика SNI: 26 доменов
2026-08-14 16:54:33,771 | INFO | === SING-BOX STATUS ===
2026-08-14 16:54:33,780 | INFO | sing-box version 1.13.18

Environment: go1.25.12 linux/amd64
Tags: with_gvisor,with_quic,with_dhcp,with_wireguard,with_utls,with_acme,with_clash_api,with_tailscale,with_ccm,with_ocm,with_naive_outbound,badlinkname,tfogo_checklinkname0,with_musl
Revision: 45ca32dcb966f07f97fc888fe8586e359dbe8405
CGO: enabled
2026-08-14 16:54:33,780 | INFO | 
--- STEP 1: FETCHING SOURCES ---
2026-08-14 16:54:33,815 | INFO | Loaded 27 lines from https://raw.githubusercontent.com/igareck/vpn-conf...
2026-08-14 16:54:33,845 | INFO | Loaded 0 lines from https://raw.githubusercontent.com/igareck/vpn-conf...
2026-08-14 16:54:33,875 | INFO | Loaded 8 lines from https://raw.githubusercontent.com/igareck/vpn-conf...
2026-08-14 16:54:33,906 | INFO | Loaded 8 lines from https://raw.githubusercontent.com/igareck/vpn-conf...
2026-08-14 16:54:33,941 | INFO | Loaded 27 lines from https://raw.githubusercontent.com/igareck/vpn-conf...
2026-08-14 16:54:33,999 | INFO | Loaded 35 lines from https://raw.githubusercontent.com/igareck/vpn-conf...
2026-08-14 16:54:34,067 | INFO | Loaded 61 lines from https://raw.githubusercontent.com/igareck/vpn-conf...
2026-08-14 16:54:34,148 | INFO | Loaded 504 lines from https://raw.githubusercontent.com/FLAT447/v2ray-li...
2026-08-14 16:54:34,149 | INFO | 
--- STEP 2: VALIDATION ---
2026-08-14 16:54:34,149 | INFO | Unique VLESS configs: 573
2026-08-14 16:54:34,184 | INFO | Archive updated: 10000 nodes (limit 10000)
2026-08-14 16:54:34,187 | INFO | 
--- STEP 3: LIVE CHECK (573 nodes, threads: 40) ---
2026-08-14 16:55:49,842 | INFO | [🎉 SNI WORKED] Нода ожила с SNI: ok.ru (порт 11007)
2026-08-14 17:02:11,112 | INFO | ⏱️ Время проверки: 456.9 сек
2026-08-14 17:02:11,112 | INFO | 
--- RESULT: Found 101 live nodes ---
2026-08-14 17:02:11,112 | INFO | After dedup: 101
2026-08-14 17:02:11,121 | INFO | alive_archive.txt updated: 5000 nodes (limit 5000)
2026-08-14 17:02:11,121 | INFO | Subscription updated: /home/runner/work/sbornik/sbornik/subs/vless_001.txt
2026-08-14 17:02:11,121 | INFO | 
--- STATS BY PROTOCOL ---
2026-08-14 17:02:11,121 | INFO | reality: 43
2026-08-14 17:02:11,121 | INFO | tls: 12
2026-08-14 17:02:11,121 | INFO | ws: 46
2026-08-14 17:02:11,121 | INFO | 
--- TOP SNI STATS ---
2026-08-14 17:02:11,121 | INFO | api-maps.yandex.ru: 253 успешных мутаций
2026-08-14 17:02:11,121 | INFO | yandex.ru: 96 успешных мутаций
2026-08-14 17:02:11,121 | INFO | ozon.ru: 93 успешных мутаций
2026-08-14 17:02:11,121 | INFO | vk.com: 90 успешных мутаций
2026-08-14 17:02:11,121 | INFO | mail.ru: 90 успешных мутаций
2026-08-14 17:02:11,121 | INFO | wildberries.ru: 84 успешных мутаций
2026-08-14 17:02:11,121 | INFO | ok.ru: 72 успешных мутаций
2026-08-14 17:02:11,122 | INFO | storage.yandex.net: 14 успешных мутаций
2026-08-14 17:02:11,122 | INFO | dzen.ru: 7 успешных мутаций
2026-08-14 17:02:11,122 | INFO | rutube.ru: 6 успешных мутаций
2026-08-14 17:02:11,122 | INFO | 💾 Статистика SNI сохранена
