2026-09-17 09:19:27,454 | INFO | 📊 Загружена статистика SNI: 26 доменов
2026-09-17 09:19:27,454 | INFO | === SING-BOX STATUS ===
2026-09-17 09:19:27,483 | INFO | sing-box version 1.14.1

Environment: go1.26.8 linux/amd64
Tags: with_gvisor,with_quic,with_dhcp,with_wireguard,with_utls,with_acme,with_clash_api,with_tailscale,with_ccm,with_ocm,with_cloudflared,with_naive_outbound,with_usbip,with_openvpn,with_openconnect,badlinkname,tfogo_checklinkname0,with_musl
Revision: 1ac1a339cb1223e9c70eae14c44411c75033c02d
CGO: enabled
2026-09-17 09:19:27,483 | INFO | 
--- STEP 1: FETCHING SOURCES ---
2026-09-17 09:19:27,512 | INFO | Loaded 12 lines from https://raw.githubusercontent.com/igareck/vpn-conf...
2026-09-17 09:19:27,558 | INFO | Loaded 0 lines from https://raw.githubusercontent.com/igareck/vpn-conf...
2026-09-17 09:19:27,600 | INFO | Loaded 8 lines from https://raw.githubusercontent.com/igareck/vpn-conf...
2026-09-17 09:19:27,632 | INFO | Loaded 3 lines from https://raw.githubusercontent.com/igareck/vpn-conf...
2026-09-17 09:19:27,663 | INFO | Loaded 20 lines from https://raw.githubusercontent.com/igareck/vpn-conf...
2026-09-17 09:19:27,689 | INFO | Loaded 119 lines from https://raw.githubusercontent.com/igareck/vpn-conf...
2026-09-17 09:19:27,714 | INFO | Loaded 140 lines from https://raw.githubusercontent.com/igareck/vpn-conf...
2026-09-17 09:19:27,800 | INFO | Loaded 23 lines from https://raw.githubusercontent.com/FLAT447/v2ray-li...
2026-09-17 09:19:27,800 | INFO | 
--- STEP 2: VALIDATION ---
2026-09-17 09:19:27,800 | INFO | Unique VLESS configs: 182
2026-09-17 09:19:27,819 | INFO | Archive updated: 10000 nodes (limit 10000)
2026-09-17 09:19:27,821 | INFO | 
--- STEP 3: LIVE CHECK (182 nodes, threads: 40) ---
2026-09-17 09:27:40,218 | INFO | ⏱️ Время проверки: 492.4 сек
2026-09-17 09:27:40,219 | INFO | 
--- RESULT: Found 75 live nodes ---
2026-09-17 09:27:40,219 | INFO | After dedup: 75
2026-09-17 09:27:40,219 | INFO | Filled from archive (+25), total: 100
2026-09-17 09:27:40,228 | INFO | alive_archive.txt updated: 5000 nodes (limit 5000)
2026-09-17 09:27:40,229 | INFO | Subscription updated: /home/runner/work/sbornik/sbornik/subs/vless_001.txt
2026-09-17 09:27:40,229 | INFO | 
--- STATS BY PROTOCOL ---
2026-09-17 09:27:40,229 | INFO | reality: 98
2026-09-17 09:27:40,229 | INFO | ws: 2
2026-09-17 09:27:40,229 | INFO | 
--- TOP SNI STATS ---
2026-09-17 09:27:40,229 | INFO | api-maps.yandex.ru: 268 успешных мутаций
2026-09-17 09:27:40,229 | INFO | ozon.ru: 108 успешных мутаций
2026-09-17 09:27:40,229 | INFO | yandex.ru: 98 успешных мутаций
2026-09-17 09:27:40,229 | INFO | vk.com: 94 успешных мутаций
2026-09-17 09:27:40,229 | INFO | mail.ru: 90 успешных мутаций
2026-09-17 09:27:40,229 | INFO | wildberries.ru: 86 успешных мутаций
2026-09-17 09:27:40,229 | INFO | ok.ru: 72 успешных мутаций
2026-09-17 09:27:40,229 | INFO | storage.yandex.net: 16 успешных мутаций
2026-09-17 09:27:40,229 | INFO | dzen.ru: 9 успешных мутаций
2026-09-17 09:27:40,229 | INFO | rutube.ru: 8 успешных мутаций
2026-09-17 09:27:40,229 | INFO | 💾 Статистика SNI сохранена
