2026-09-16 03:51:04,005 | INFO | 📊 Загружена статистика SNI: 26 доменов
2026-09-16 03:51:04,006 | INFO | === SING-BOX STATUS ===
2026-09-16 03:51:04,043 | INFO | sing-box version 1.14.1

Environment: go1.26.8 linux/amd64
Tags: with_gvisor,with_quic,with_dhcp,with_wireguard,with_utls,with_acme,with_clash_api,with_tailscale,with_ccm,with_ocm,with_cloudflared,with_naive_outbound,with_usbip,with_openvpn,with_openconnect,badlinkname,tfogo_checklinkname0,with_musl
Revision: 1ac1a339cb1223e9c70eae14c44411c75033c02d
CGO: enabled
2026-09-16 03:51:04,043 | INFO | 
--- STEP 1: FETCHING SOURCES ---
2026-09-16 03:51:04,150 | INFO | Loaded 60 lines from https://raw.githubusercontent.com/igareck/vpn-conf...
2026-09-16 03:51:04,242 | INFO | Loaded 0 lines from https://raw.githubusercontent.com/igareck/vpn-conf...
2026-09-16 03:51:04,355 | INFO | Loaded 3 lines from https://raw.githubusercontent.com/igareck/vpn-conf...
2026-09-16 03:51:04,421 | INFO | Loaded 14 lines from https://raw.githubusercontent.com/igareck/vpn-conf...
2026-09-16 03:51:04,479 | INFO | Loaded 65 lines from https://raw.githubusercontent.com/igareck/vpn-conf...
2026-09-16 03:51:04,640 | INFO | Loaded 301 lines from https://raw.githubusercontent.com/igareck/vpn-conf...
2026-09-16 03:51:04,756 | INFO | Loaded 141 lines from https://raw.githubusercontent.com/igareck/vpn-conf...
2026-09-16 03:51:04,899 | INFO | Loaded 98 lines from https://raw.githubusercontent.com/FLAT447/v2ray-li...
2026-09-16 03:51:04,899 | INFO | 
--- STEP 2: VALIDATION ---
2026-09-16 03:51:04,900 | INFO | Unique VLESS configs: 425
2026-09-16 03:51:04,924 | INFO | Archive updated: 10000 nodes (limit 10000)
2026-09-16 03:51:04,927 | INFO | 
--- STEP 3: LIVE CHECK (425 nodes, threads: 40) ---
2026-09-16 03:52:01,311 | INFO | ⏱️ Время проверки: 56.4 сек
2026-09-16 03:52:01,311 | INFO | 
--- RESULT: Found 105 live nodes ---
2026-09-16 03:52:01,311 | INFO | After dedup: 105
2026-09-16 03:52:01,323 | INFO | alive_archive.txt updated: 5000 nodes (limit 5000)
2026-09-16 03:52:01,323 | INFO | Subscription updated: /home/runner/work/sbornik/sbornik/subs/vless_001.txt
2026-09-16 03:52:01,323 | INFO | 
--- STATS BY PROTOCOL ---
2026-09-16 03:52:01,324 | INFO | reality: 79
2026-09-16 03:52:01,324 | INFO | ws: 26
2026-09-16 03:52:01,324 | INFO | 
--- TOP SNI STATS ---
2026-09-16 03:52:01,324 | INFO | api-maps.yandex.ru: 268 успешных мутаций
2026-09-16 03:52:01,324 | INFO | ozon.ru: 108 успешных мутаций
2026-09-16 03:52:01,324 | INFO | yandex.ru: 98 успешных мутаций
2026-09-16 03:52:01,324 | INFO | vk.com: 94 успешных мутаций
2026-09-16 03:52:01,324 | INFO | mail.ru: 90 успешных мутаций
2026-09-16 03:52:01,324 | INFO | wildberries.ru: 86 успешных мутаций
2026-09-16 03:52:01,324 | INFO | ok.ru: 72 успешных мутаций
2026-09-16 03:52:01,324 | INFO | storage.yandex.net: 16 успешных мутаций
2026-09-16 03:52:01,324 | INFO | dzen.ru: 9 успешных мутаций
2026-09-16 03:52:01,324 | INFO | rutube.ru: 8 успешных мутаций
2026-09-16 03:52:01,324 | INFO | 💾 Статистика SNI сохранена
