2026-08-08 04:58:34,257 | INFO | 📊 Загружена статистика SNI: 26 доменов
2026-08-08 04:58:34,257 | INFO | === SING-BOX STATUS ===
2026-08-08 04:58:34,264 | INFO | sing-box version 1.13.16

Environment: go1.25.12 linux/amd64
Tags: with_gvisor,with_quic,with_dhcp,with_wireguard,with_utls,with_acme,with_clash_api,with_tailscale,with_ccm,with_ocm,with_naive_outbound,badlinkname,tfogo_checklinkname0,with_musl
Revision: 17ec3c71af8ca946dc50bf0d927c39fc77322aec
CGO: enabled
2026-08-08 04:58:34,264 | INFO | 
--- STEP 1: FETCHING SOURCES ---
2026-08-08 04:58:34,291 | INFO | Loaded 105 lines from https://raw.githubusercontent.com/igareck/vpn-conf...
2026-08-08 04:58:34,418 | INFO | Loaded 0 lines from https://raw.githubusercontent.com/igareck/vpn-conf...
2026-08-08 04:58:34,579 | INFO | Loaded 8 lines from https://raw.githubusercontent.com/igareck/vpn-conf...
2026-08-08 04:58:34,722 | INFO | Loaded 14 lines from https://raw.githubusercontent.com/igareck/vpn-conf...
2026-08-08 04:58:34,865 | INFO | Loaded 105 lines from https://raw.githubusercontent.com/igareck/vpn-conf...
2026-08-08 04:58:35,024 | INFO | Loaded 361 lines from https://raw.githubusercontent.com/igareck/vpn-conf...
2026-08-08 04:58:35,159 | INFO | Loaded 153 lines from https://raw.githubusercontent.com/igareck/vpn-conf...
2026-08-08 04:58:35,328 | INFO | Loaded 405 lines from https://raw.githubusercontent.com/FLAT447/v2ray-li...
2026-08-08 04:58:35,328 | INFO | 
--- STEP 2: VALIDATION ---
2026-08-08 04:58:35,329 | INFO | Unique VLESS configs: 860
2026-08-08 04:58:35,353 | INFO | Archive updated: 10000 nodes (limit 10000)
2026-08-08 04:58:35,357 | INFO | 
--- STEP 3: LIVE CHECK (860 nodes, threads: 40) ---
2026-08-08 05:02:48,629 | INFO | ⏱️ Время проверки: 253.3 сек
2026-08-08 05:02:48,629 | INFO | 
--- RESULT: Found 107 live nodes ---
2026-08-08 05:02:48,630 | INFO | After dedup: 107
2026-08-08 05:02:48,639 | INFO | alive_archive.txt updated: 5000 nodes (limit 5000)
2026-08-08 05:02:48,639 | INFO | Subscription updated: /home/runner/work/sbornik/sbornik/subs/vless_001.txt
2026-08-08 05:02:48,639 | INFO | 
--- STATS BY PROTOCOL ---
2026-08-08 05:02:48,639 | INFO | reality: 77
2026-08-08 05:02:48,639 | INFO | tls: 9
2026-08-08 05:02:48,639 | INFO | ws: 18
2026-08-08 05:02:48,639 | INFO | other: 3
2026-08-08 05:02:48,639 | INFO | 
--- TOP SNI STATS ---
2026-08-08 05:02:48,639 | INFO | api-maps.yandex.ru: 200 успешных мутаций
2026-08-08 05:02:48,639 | INFO | yandex.ru: 51 успешных мутаций
2026-08-08 05:02:48,639 | INFO | mail.ru: 49 успешных мутаций
2026-08-08 05:02:48,639 | INFO | ozon.ru: 46 успешных мутаций
2026-08-08 05:02:48,639 | INFO | vk.com: 42 успешных мутаций
2026-08-08 05:02:48,639 | INFO | ok.ru: 38 успешных мутаций
2026-08-08 05:02:48,639 | INFO | wildberries.ru: 35 успешных мутаций
2026-08-08 05:02:48,639 | INFO | dzen.ru: 7 успешных мутаций
2026-08-08 05:02:48,639 | INFO | rutube.ru: 3 успешных мутаций
2026-08-08 05:02:48,639 | INFO | cdn.x5.ru: 1 успешных мутаций
2026-08-08 05:02:48,640 | INFO | 💾 Статистика SNI сохранена
