2026-10-07 15:17:44,318 | INFO | === SING-BOX STATUS ===
2026-10-07 15:17:44,341 | INFO | sing-box version 1.14.2

Environment: go1.26.8 linux/amd64
Tags: with_gvisor,with_quic,with_dhcp,with_wireguard,with_utls,with_acme,with_clash_api,with_tailscale,with_ccm,with_ocm,with_cloudflared,with_naive_outbound,with_usbip,with_openvpn,with_openconnect,badlinkname,tfogo_checklinkname0,with_musl
Revision: af6e64c3b69e6132ebaee0e1a3d24e93903f6709
CGO: enabled
2026-10-07 15:17:44,341 | INFO | 
--- STEP 1: FETCHING SOURCES ---
2026-10-07 15:17:44,434 | INFO | Loaded 35 lines from https://raw.githubusercontent.com/igareck/vpn-configs-for-russia/refs/heads/main...
2026-10-07 15:17:44,518 | INFO | Loaded 13 lines from https://raw.githubusercontent.com/igareck/vpn-configs-for-russia/refs/heads/main...
2026-10-07 15:17:44,607 | INFO | Loaded 3 lines from https://raw.githubusercontent.com/igareck/vpn-configs-for-russia/refs/heads/main...
2026-10-07 15:17:44,694 | INFO | Loaded 36 lines from https://raw.githubusercontent.com/igareck/vpn-configs-for-russia/refs/heads/main...
2026-10-07 15:17:44,778 | INFO | Loaded 51 lines from https://raw.githubusercontent.com/igareck/vpn-configs-for-russia/main/BLACK_VLES...
2026-10-07 15:17:44,890 | INFO | Loaded 115 lines from https://raw.githubusercontent.com/igareck/vpn-configs-for-russia/main/BLACK_VLES...
2026-10-07 15:17:44,988 | INFO | Loaded 75 lines from https://raw.githubusercontent.com/FLAT447/v2ray-lists/main/WHITE_LITE.txt...
2026-10-07 15:17:44,988 | INFO | 
--- STEP 2: VALIDATION ---
2026-10-07 15:17:44,988 | INFO | Unique VLESS configs: 127
2026-10-07 15:17:44,989 | INFO | archive.txt loaded: 688 nodes
2026-10-07 15:17:44,989 | INFO | 
--- ARCHIVE TCP CLEANUP (688 nodes, threads: 40) ---
2026-10-07 15:17:50,575 | INFO | ARCHIVE TCP CLEANUP done: alive=643, removed=45, time=5.6с
2026-10-07 15:17:50,576 | INFO | 
--- STEP 3: LIVE CHECK (127 nodes, threads: 40, min_sites_ok=2) ---
2026-10-07 15:18:12,683 | INFO | ⏱️ Время проверки: 22.1 сек
2026-10-07 15:18:12,683 | INFO | 
--- RESULT: Found 35 live nodes ---
2026-10-07 15:18:12,683 | INFO | 
--- FILL FROM ARCHIVE (need 65 more, threads: 40) ---
2026-10-07 15:18:15,283 | INFO | [ARCHIVE DEAD 0/3] Нода из архива мертва, удаляю
2026-10-07 15:18:15,284 | INFO | [ARCHIVE DEAD 0/3] Нода из архива мертва, удаляю
2026-10-07 15:18:15,302 | INFO | [ARCHIVE DEAD 0/3] Нода из архива мертва, удаляю
2026-10-07 15:18:15,307 | INFO | [ARCHIVE DEAD 0/3] Нода из архива мертва, удаляю
2026-10-07 15:18:15,310 | INFO | [ARCHIVE DEAD 0/3] Нода из архива мертва, удаляю
2026-10-07 15:18:15,320 | INFO | [ARCHIVE DEAD 0/3] Нода из архива мертва, удаляю
2026-10-07 15:18:15,322 | INFO | [ARCHIVE DEAD 0/3] Нода из архива мертва, удаляю
2026-10-07 15:18:15,324 | INFO | [ARCHIVE DEAD 0/3] Нода из архива мертва, удаляю
2026-10-07 15:18:15,324 | INFO | [ARCHIVE DEAD 0/3] Нода из архива мертва, удаляю
2026-10-07 15:18:15,325 | INFO | [ARCHIVE DEAD 0/3] Нода из архива мертва, удаляю
2026-10-07 15:18:15,327 | INFO | [ARCHIVE DEAD 0/3] Нода из архива мертва, удаляю
2026-10-07 15:18:15,328 | INFO | [ARCHIVE DEAD 0/3] Нода из архива мертва, удаляю
2026-10-07 15:18:15,349 | INFO | [ARCHIVE DEAD 0/3] Нода из архива мертва, удаляю
2026-10-07 15:18:15,378 | INFO | [ARCHIVE DEAD 0/3] Нода из архива мертва, удаляю
2026-10-07 15:18:15,384 | INFO | [ARCHIVE DEAD 0/3] Нода из архива мертва, удаляю
2026-10-07 15:18:15,433 | INFO | [ARCHIVE DEAD 0/3] Нода из архива мертва, удаляю
2026-10-07 15:18:15,956 | INFO | [ARCHIVE LIVE 3/3] Нода из архива рабочая, добавляю
2026-10-07 15:18:15,963 | INFO | [ARCHIVE LIVE 3/3] Нода из архива рабочая, добавляю
2026-10-07 15:18:16,272 | INFO | [ARCHIVE LIVE 3/3] Нода из архива рабочая, добавляю
2026-10-07 15:18:17,235 | INFO | [ARCHIVE DEAD 0/3] Нода из архива мертва, удаляю
2026-10-07 15:18:17,281 | INFO | [ARCHIVE DEAD 0/3] Нода из архива мертва, удаляю
2026-10-07 15:18:17,581 | INFO | [ARCHIVE DEAD 0/3] Нода из архива мертва, удаляю
2026-10-07 15:18:17,641 | INFO | [ARCHIVE LIVE 3/3] Нода из архива рабочая, добавляю
2026-10-07 15:18:17,658 | INFO | [ARCHIVE LIVE 3/3] Нода из архива рабочая, добавляю
2026-10-07 15:18:17,858 | INFO | [ARCHIVE DEAD 0/3] Нода из архива мертва, удаляю
2026-10-07 15:18:17,965 | INFO | [ARCHIVE DEAD 0/3] Нода из архива мертва, удаляю
2026-10-07 15:18:17,979 | INFO | [ARCHIVE DEAD 0/3] Нода из архива мертва, удаляю
2026-10-07 15:18:17,981 | INFO | [ARCHIVE DEAD 0/3] Нода из архива мертва, удаляю
2026-10-07 15:18:18,539 | INFO | [ARCHIVE LIVE 3/3] Нода из архива рабочая, добавляю
2026-10-07 15:18:18,671 | INFO | [ARCHIVE LIVE 3/3] Нода из архива рабочая, добавляю
2026-10-07 15:18:18,677 | INFO | [ARCHIVE LIVE 3/3] Нода из архива рабочая, добавляю
2026-10-07 15:18:18,692 | INFO | [ARCHIVE LIVE 3/3] Нода из архива рабочая, добавляю
2026-10-07 15:18:18,698 | INFO | [ARCHIVE LIVE 3/3] Нода из архива рабочая, добавляю
2026-10-07 15:18:18,826 | INFO | [ARCHIVE LIVE 3/3] Нода из архива рабочая, добавляю
2026-10-07 15:18:19,174 | INFO | [ARCHIVE LIVE 3/3] Нода из архива рабочая, добавляю
2026-10-07 15:18:19,183 | INFO | [ARCHIVE LIVE 3/3] Нода из архива рабочая, добавляю
2026-10-07 15:18:19,185 | INFO | [ARCHIVE LIVE 3/3] Нода из архива рабочая, добавляю
2026-10-07 15:18:19,207 | INFO | [ARCHIVE LIVE 3/3] Нода из архива рабочая, добавляю
2026-10-07 15:18:19,230 | INFO | [ARCHIVE LIVE 3/3] Нода из архива рабочая, добавляю
2026-10-07 15:18:19,322 | INFO | [ARCHIVE TCP FAIL] Нода из архива недоступна, удаляю
2026-10-07 15:18:19,338 | INFO | [ARCHIVE LIVE 3/3] Нода из архива рабочая, добавляю
2026-10-07 15:18:19,477 | INFO | [ARCHIVE LIVE 3/3] Нода из архива рабочая, добавляю
2026-10-07 15:18:19,757 | INFO | [ARCHIVE LIVE 3/3] Нода из архива рабочая, добавляю
2026-10-07 15:18:19,876 | INFO | [ARCHIVE LIVE 3/3] Нода из архива рабочая, добавляю
2026-10-07 15:18:20,016 | INFO | [ARCHIVE LIVE 3/3] Нода из архива рабочая, добавляю
2026-10-07 15:18:20,317 | INFO | [ARCHIVE DEAD 0/3] Нода из архива мертва, удаляю
2026-10-07 15:18:20,475 | INFO | [ARCHIVE LIVE 2/3] Нода из архива рабочая, добавляю
2026-10-07 15:18:20,476 | INFO | [ARCHIVE DEAD 0/3] Нода из архива мертва, удаляю
2026-10-07 15:18:20,564 | INFO | [ARCHIVE LIVE 2/3] Нода из архива рабочая, добавляю
2026-10-07 15:18:20,964 | INFO | [ARCHIVE LIVE 3/3] Нода из архива рабочая, добавляю
2026-10-07 15:18:21,278 | INFO | [ARCHIVE DEAD 0/3] Нода из архива мертва, удаляю
2026-10-07 15:18:21,310 | INFO | [ARCHIVE DEAD 0/3] Нода из архива мертва, удаляю
2026-10-07 15:18:21,315 | INFO | [ARCHIVE DEAD 0/3] Нода из архива мертва, удаляю
2026-10-07 15:18:21,537 | INFO | [ARCHIVE LIVE 3/3] Нода из архива рабочая, добавляю
2026-10-07 15:18:21,725 | INFO | [ARCHIVE DEAD 0/3] Нода из архива мертва, удаляю
2026-10-07 15:18:21,742 | INFO | [ARCHIVE LIVE 3/3] Нода из архива рабочая, добавляю
2026-10-07 15:18:21,749 | INFO | [ARCHIVE DEAD 0/3] Нода из архива мертва, удаляю
2026-10-07 15:18:21,971 | INFO | [ARCHIVE LIVE 3/3] Нода из архива рабочая, добавляю
2026-10-07 15:18:22,021 | INFO | [ARCHIVE LIVE 3/3] Нода из архива рабочая, добавляю
2026-10-07 15:18:22,173 | INFO | [ARCHIVE LIVE 3/3] Нода из архива рабочая, добавляю
2026-10-07 15:18:22,217 | INFO | [ARCHIVE DEAD 1/3] Нода из архива мертва, удаляю
2026-10-07 15:18:22,426 | INFO | [ARCHIVE LIVE 3/3] Нода из архива рабочая, добавляю
2026-10-07 15:18:22,472 | INFO | [ARCHIVE DEAD 0/3] Нода из архива мертва, удаляю
2026-10-07 15:18:22,499 | INFO | [ARCHIVE DEAD 0/3] Нода из архива мертва, удаляю
2026-10-07 15:18:22,537 | INFO | [ARCHIVE DEAD 0/3] Нода из архива мертва, удаляю
2026-10-07 15:18:22,561 | INFO | [ARCHIVE DEAD 0/3] Нода из архива мертва, удаляю
2026-10-07 15:18:22,614 | INFO | [ARCHIVE DEAD 0/3] Нода из архива мертва, удаляю
2026-10-07 15:18:23,052 | INFO | [ARCHIVE DEAD 0/3] Нода из архива мертва, удаляю
2026-10-07 15:18:23,158 | INFO | [ARCHIVE DEAD 0/3] Нода из архива мертва, удаляю
2026-10-07 15:18:23,159 | INFO | [ARCHIVE DEAD 0/3] Нода из архива мертва, удаляю
2026-10-07 15:18:23,205 | INFO | [ARCHIVE DEAD 0/3] Нода из архива мертва, удаляю
2026-10-07 15:18:23,238 | INFO | [ARCHIVE DEAD 0/3] Нода из архива мертва, удаляю
2026-10-07 15:18:23,265 | INFO | [ARCHIVE DEAD 0/3] Нода из архива мертва, удаляю
2026-10-07 15:18:23,410 | INFO | [ARCHIVE DEAD 0/3] Нода из архива мертва, удаляю
2026-10-07 15:18:23,431 | INFO | [ARCHIVE DEAD 0/3] Нода из архива мертва, удаляю
2026-10-07 15:18:23,492 | INFO | [ARCHIVE DEAD 0/3] Нода из архива мертва, удаляю
2026-10-07 15:18:23,499 | INFO | [ARCHIVE DEAD 0/3] Нода из архива мертва, удаляю
2026-10-07 15:18:23,630 | INFO | [ARCHIVE DEAD 0/3] Нода из архива мертва, удаляю
2026-10-07 15:18:23,664 | INFO | [ARCHIVE DEAD 0/3] Нода из архива мертва, удаляю
2026-10-07 15:18:23,865 | INFO | [ARCHIVE DEAD 0/3] Нода из архива мертва, удаляю
2026-10-07 15:18:23,920 | INFO | [ARCHIVE LIVE 3/3] Нода из архива рабочая, добавляю
2026-10-07 15:18:23,985 | INFO | [ARCHIVE DEAD 0/3] Нода из архива мертва, удаляю
2026-10-07 15:18:24,183 | INFO | [ARCHIVE DEAD 0/3] Нода из архива мертва, удаляю
2026-10-07 15:18:24,210 | INFO | [ARCHIVE DEAD 0/3] Нода из архива мертва, удаляю
2026-10-07 15:18:24,474 | INFO | [ARCHIVE DEAD 0/3] Нода из архива мертва, удаляю
2026-10-07 15:18:24,493 | INFO | [ARCHIVE DEAD 0/3] Нода из архива мертва, удаляю
2026-10-07 15:18:24,500 | INFO | [ARCHIVE DEAD 0/3] Нода из архива мертва, удаляю
2026-10-07 15:18:24,539 | INFO | [ARCHIVE DEAD 0/3] Нода из архива мертва, удаляю
2026-10-07 15:18:24,817 | INFO | [ARCHIVE DEAD 0/3] Нода из архива мертва, удаляю
2026-10-07 15:18:24,820 | INFO | [ARCHIVE DEAD 0/3] Нода из архива мертва, удаляю
2026-10-07 15:18:24,871 | INFO | [ARCHIVE DEAD 0/3] Нода из архива мертва, удаляю
2026-10-07 15:18:24,875 | INFO | [ARCHIVE DEAD 0/3] Нода из архива мертва, удаляю
2026-10-07 15:18:24,880 | INFO | [ARCHIVE DEAD 0/3] Нода из архива мертва, удаляю
2026-10-07 15:18:24,945 | INFO | [ARCHIVE DEAD 0/3] Нода из архива мертва, удаляю
2026-10-07 15:18:25,022 | INFO | [ARCHIVE LIVE 3/3] Нода из архива рабочая, добавляю
2026-10-07 15:18:25,023 | INFO | [ARCHIVE DEAD 0/3] Нода из архива мертва, удаляю
2026-10-07 15:18:25,026 | INFO | [ARCHIVE DEAD 0/3] Нода из архива мертва, удаляю
2026-10-07 15:18:25,214 | INFO | [ARCHIVE DEAD 0/3] Нода из архива мертва, удаляю
2026-10-07 15:18:25,245 | INFO | [ARCHIVE DEAD 0/3] Нода из архива мертва, удаляю
2026-10-07 15:18:25,252 | INFO | [ARCHIVE DEAD 0/3] Нода из архива мертва, удаляю
2026-10-07 15:18:25,365 | INFO | [ARCHIVE DEAD 0/3] Нода из архива мертва, удаляю
2026-10-07 15:18:25,456 | INFO | [ARCHIVE DEAD 0/3] Нода из архива мертва, удаляю
2026-10-07 15:18:25,470 | INFO | [ARCHIVE DEAD 0/3] Нода из архива мертва, удаляю
2026-10-07 15:18:25,598 | INFO | [ARCHIVE DEAD 0/3] Нода из архива мертва, удаляю
2026-10-07 15:18:25,602 | INFO | [ARCHIVE DEAD 0/3] Нода из архива мертва, удаляю
2026-10-07 15:18:25,729 | INFO | [ARCHIVE DEAD 0/3] Нода из архива мертва, удаляю
2026-10-07 15:18:25,804 | INFO | [ARCHIVE DEAD 0/3] Нода из архива мертва, удаляю
2026-10-07 15:18:25,933 | INFO | [ARCHIVE DEAD 0/3] Нода из архива мертва, удаляю
2026-10-07 15:18:26,091 | INFO | [ARCHIVE DEAD 1/3] Нода из архива мертва, удаляю
2026-10-07 15:18:26,166 | INFO | [ARCHIVE DEAD 0/3] Нода из архива мертва, удаляю
2026-10-07 15:18:26,185 | INFO | [ARCHIVE DEAD 0/3] Нода из архива мертва, удаляю
2026-10-07 15:18:26,222 | INFO | [ARCHIVE DEAD 0/3] Нода из архива мертва, удаляю
2026-10-07 15:18:26,258 | INFO | [ARCHIVE DEAD 0/3] Нода из архива мертва, удаляю
2026-10-07 15:18:26,260 | INFO | [ARCHIVE DEAD 0/3] Нода из архива мертва, удаляю
2026-10-07 15:18:26,302 | INFO | [ARCHIVE DEAD 0/3] Нода из архива мертва, удаляю
2026-10-07 15:18:26,385 | INFO | [ARCHIVE DEAD 0/3] Нода из архива мертва, удаляю
2026-10-07 15:18:26,386 | INFO | [ARCHIVE DEAD 0/3] Нода из архива мертва, удаляю
2026-10-07 15:18:26,419 | INFO | [ARCHIVE DEAD 0/3] Нода из архива мертва, удаляю
2026-10-07 15:18:26,496 | INFO | [ARCHIVE LIVE 3/3] Нода из архива рабочая, добавляю
2026-10-07 15:18:26,615 | INFO | [ARCHIVE DEAD 0/3] Нода из архива мертва, удаляю
2026-10-07 15:18:26,649 | INFO | [ARCHIVE DEAD 0/3] Нода из архива мертва, удаляю
2026-10-07 15:18:26,664 | INFO | [ARCHIVE DEAD 0/3] Нода из архива мертва, удаляю
2026-10-07 15:18:26,688 | INFO | [ARCHIVE DEAD 0/3] Нода из архива мертва, удаляю
2026-10-07 15:18:26,743 | INFO | [ARCHIVE DEAD 0/3] Нода из архива мертва, удаляю
2026-10-07 15:18:26,784 | INFO | [ARCHIVE DEAD 0/3] Нода из архива мертва, удаляю
2026-10-07 15:18:26,897 | INFO | [ARCHIVE DEAD 0/3] Нода из архива мертва, удаляю
2026-10-07 15:18:26,964 | INFO | [ARCHIVE DEAD 0/3] Нода из архива мертва, удаляю
2026-10-07 15:18:26,976 | INFO | [ARCHIVE DEAD 0/3] Нода из архива мертва, удаляю
2026-10-07 15:18:26,976 | INFO | [ARCHIVE DEAD 0/3] Нода из архива мертва, удаляю
2026-10-07 15:18:27,053 | INFO | [ARCHIVE DEAD 0/3] Нода из архива мертва, удаляю
2026-10-07 15:18:27,111 | INFO | [ARCHIVE DEAD 0/3] Нода из архива мертва, удаляю
2026-10-07 15:18:27,136 | INFO | [ARCHIVE DEAD 0/3] Нода из архива мертва, удаляю
2026-10-07 15:18:27,180 | INFO | [ARCHIVE DEAD 0/3] Нода из архива мертва, удаляю
2026-10-07 15:18:27,476 | INFO | [ARCHIVE DEAD 0/3] Нода из архива мертва, удаляю
2026-10-07 15:18:27,783 | INFO | [ARCHIVE LIVE 2/3] Нода из архива рабочая, добавляю
2026-10-07 15:18:28,477 | INFO | [ARCHIVE DEAD 0/3] Нода из архива мертва, удаляю
2026-10-07 15:18:28,481 | INFO | [ARCHIVE DEAD 0/3] Нода из архива мертва, удаляю
2026-10-07 15:18:28,829 | INFO | [ARCHIVE DEAD 0/3] Нода из архива мертва, удаляю
2026-10-07 15:18:28,844 | INFO | [ARCHIVE DEAD 0/3] Нода из архива мертва, удаляю
2026-10-07 15:18:29,032 | INFO | [ARCHIVE DEAD 0/3] Нода из архива мертва, удаляю
2026-10-07 15:18:29,045 | INFO | [ARCHIVE DEAD 0/3] Нода из архива мертва, удаляю
2026-10-07 15:18:29,049 | INFO | [ARCHIVE DEAD 0/3] Нода из архива мертва, удаляю
2026-10-07 15:18:29,057 | INFO | [ARCHIVE DEAD 0/3] Нода из архива мертва, удаляю
2026-10-07 15:18:29,210 | INFO | [ARCHIVE DEAD 0/3] Нода из архива мертва, удаляю
2026-10-07 15:18:29,237 | INFO | [ARCHIVE DEAD 0/3] Нода из архива мертва, удаляю
2026-10-07 15:18:29,306 | INFO | [ARCHIVE DEAD 0/3] Нода из архива мертва, удаляю
2026-10-07 15:18:29,335 | INFO | [ARCHIVE DEAD 0/3] Нода из архива мертва, удаляю
2026-10-07 15:18:29,360 | INFO | [ARCHIVE DEAD 0/3] Нода из архива мертва, удаляю
2026-10-07 15:18:29,367 | INFO | [ARCHIVE DEAD 0/3] Нода из архива мертва, удаляю
2026-10-07 15:18:29,400 | INFO | [ARCHIVE DEAD 0/3] Нода из архива мертва, удаляю
2026-10-07 15:18:29,411 | INFO | [ARCHIVE DEAD 0/3] Нода из архива мертва, удаляю
2026-10-07 15:18:29,475 | INFO | [ARCHIVE DEAD 0/3] Нода из архива мертва, удаляю
2026-10-07 15:18:29,512 | INFO | [ARCHIVE DEAD 0/3] Нода из архива мертва, удаляю
2026-10-07 15:18:29,615 | INFO | [ARCHIVE DEAD 0/3] Нода из архива мертва, удаляю
2026-10-07 15:18:29,620 | INFO | [ARCHIVE DEAD 0/3] Нода из архива мертва, удаляю
2026-10-07 15:18:29,654 | INFO | [ARCHIVE DEAD 0/3] Нода из архива мертва, удаляю
2026-10-07 15:18:29,928 | INFO | [ARCHIVE DEAD 0/3] Нода из архива мертва, удаляю
2026-10-07 15:18:30,157 | INFO | [ARCHIVE DEAD 0/3] Нода из архива мертва, удаляю
2026-10-07 15:18:30,481 | INFO | [ARCHIVE LIVE 3/3] Нода из архива рабочая, добавляю
2026-10-07 15:18:30,718 | INFO | [ARCHIVE DEAD 0/3] Нода из архива мертва, удаляю
2026-10-07 15:18:30,751 | INFO | [ARCHIVE DEAD 0/3] Нода из архива мертва, удаляю
2026-10-07 15:18:31,000 | INFO | [ARCHIVE DEAD 0/3] Нода из архива мертва, удаляю
2026-10-07 15:18:31,030 | INFO | [ARCHIVE DEAD 0/3] Нода из архива мертва, удаляю
2026-10-07 15:18:31,292 | INFO | [ARCHIVE DEAD 0/3] Нода из архива мертва, удаляю
2026-10-07 15:18:31,299 | INFO | [ARCHIVE DEAD 0/3] Нода из архива мертва, удаляю
2026-10-07 15:18:31,452 | INFO | [ARCHIVE DEAD 0/3] Нода из архива мертва, удаляю
2026-10-07 15:18:31,732 | INFO | [ARCHIVE LIVE 2/3] Нода из архива рабочая, добавляю
2026-10-07 15:18:31,911 | INFO | [ARCHIVE DEAD 0/3] Нода из архива мертва, удаляю
2026-10-07 15:18:31,945 | INFO | [ARCHIVE DEAD 0/3] Нода из архива мертва, удаляю
2026-10-07 15:18:32,090 | INFO | [ARCHIVE DEAD 0/3] Нода из архива мертва, удаляю
2026-10-07 15:18:32,137 | INFO | [ARCHIVE LIVE 3/3] Нода из архива рабочая, добавляю
2026-10-07 15:18:32,189 | INFO | [ARCHIVE LIVE 3/3] Нода из архива рабочая, добавляю
2026-10-07 15:18:32,200 | INFO | [ARCHIVE LIVE 3/3] Нода из архива рабочая, добавляю
2026-10-07 15:18:32,427 | INFO | [ARCHIVE LIVE 3/3] Нода из архива рабочая, добавляю
2026-10-07 15:18:32,523 | INFO | [ARCHIVE LIVE 3/3] Нода из архива рабочая, добавляю
2026-10-07 15:18:32,529 | INFO | [ARCHIVE LIVE 3/3] Нода из архива рабочая, добавляю
2026-10-07 15:18:33,136 | INFO | [ARCHIVE LIVE 3/3] Нода из архива рабочая, добавляю
2026-10-07 15:18:33,198 | INFO | [ARCHIVE LIVE 3/3] Нода из архива рабочая, добавляю
2026-10-07 15:18:33,611 | INFO | [ARCHIVE DEAD 0/3] Нода из архива мертва, удаляю
2026-10-07 15:18:33,740 | INFO | [ARCHIVE LIVE 3/3] Нода из архива рабочая, добавляю
2026-10-07 15:18:33,756 | INFO | [ARCHIVE LIVE 3/3] Нода из архива рабочая, добавляю
2026-10-07 15:18:33,781 | INFO | [ARCHIVE DEAD 0/3] Нода из архива мертва, удаляю
2026-10-07 15:18:33,943 | INFO | [ARCHIVE DEAD 0/3] Нода из архива мертва, удаляю
2026-10-07 15:18:34,358 | INFO | [ARCHIVE LIVE 3/3] Нода из архива рабочая, добавляю
2026-10-07 15:18:34,525 | INFO | [ARCHIVE DEAD 0/3] Нода из архива мертва, удаляю
2026-10-07 15:18:34,669 | INFO | [ARCHIVE DEAD 0/3] Нода из архива мертва, удаляю
2026-10-07 15:18:34,786 | INFO | [ARCHIVE DEAD 0/3] Нода из архива мертва, удаляю
2026-10-07 15:18:34,893 | INFO | [ARCHIVE LIVE 2/3] Нода из архива рабочая, добавляю
2026-10-07 15:18:34,985 | INFO | [ARCHIVE LIVE 2/3] Нода из архива рабочая, добавляю
2026-10-07 15:18:35,280 | INFO | [ARCHIVE DEAD 0/3] Нода из архива мертва, удаляю
2026-10-07 15:18:35,325 | INFO | [ARCHIVE DEAD 0/3] Нода из архива мертва, удаляю
2026-10-07 15:18:35,330 | INFO | [ARCHIVE DEAD 0/3] Нода из архива мертва, удаляю
2026-10-07 15:18:35,627 | INFO | [ARCHIVE LIVE 3/3] Нода из архива рабочая, добавляю
2026-10-07 15:18:35,716 | INFO | [ARCHIVE LIVE 3/3] Нода из архива рабочая, добавляю
2026-10-07 15:18:35,717 | INFO | [ARCHIVE LIVE 3/3] Нода из архива рабочая, добавляю
2026-10-07 15:18:35,795 | INFO | [ARCHIVE DEAD 0/3] Нода из архива мертва, удаляю
2026-10-07 15:18:36,026 | INFO | [ARCHIVE DEAD 0/3] Нода из архива мертва, удаляю
2026-10-07 15:18:36,085 | INFO | [ARCHIVE DEAD 0/3] Нода из архива мертва, удаляю
2026-10-07 15:18:36,163 | INFO | [ARCHIVE DEAD 0/3] Нода из архива мертва, удаляю
2026-10-07 15:18:36,323 | INFO | [ARCHIVE LIVE 3/3] Нода из архива рабочая, добавляю
2026-10-07 15:18:36,488 | INFO | [ARCHIVE DEAD 0/3] Нода из архива мертва, удаляю
2026-10-07 15:18:36,694 | INFO | [ARCHIVE DEAD 0/3] Нода из архива мертва, удаляю
2026-10-07 15:18:36,958 | INFO | [ARCHIVE DEAD 0/3] Нода из архива мертва, удаляю
2026-10-07 15:18:36,962 | INFO | [ARCHIVE DEAD 0/3] Нода из архива мертва, удаляю
2026-10-07 15:18:37,123 | INFO | [ARCHIVE DEAD 0/3] Нода из архива мертва, удаляю
2026-10-07 15:18:37,276 | INFO | [ARCHIVE DEAD 0/3] Нода из архива мертва, удаляю
2026-10-07 15:18:37,378 | INFO | [ARCHIVE DEAD 0/3] Нода из архива мертва, удаляю
2026-10-07 15:18:37,432 | INFO | [ARCHIVE DEAD 0/3] Нода из архива мертва, удаляю
2026-10-07 15:18:37,514 | INFO | [ARCHIVE DEAD 0/3] Нода из архива мертва, удаляю
2026-10-07 15:18:37,793 | INFO | [ARCHIVE DEAD 0/3] Нода из архива мертва, удаляю
2026-10-07 15:18:38,479 | INFO | [ARCHIVE LIVE 2/3] Нода из архива рабочая, добавляю
2026-10-07 15:18:38,543 | INFO | [ARCHIVE LIVE 3/3] Нода из архива рабочая, добавляю
2026-10-07 15:18:38,588 | INFO | [ARCHIVE LIVE 2/3] Нода из архива рабочая, добавляю
2026-10-07 15:18:38,674 | INFO | [ARCHIVE DEAD 0/3] Нода из архива мертва, удаляю
2026-10-07 15:18:38,835 | INFO | [ARCHIVE DEAD 0/3] Нода из архива мертва, удаляю
2026-10-07 15:18:38,909 | INFO | [ARCHIVE DEAD 0/3] Нода из архива мертва, удаляю
2026-10-07 15:18:38,913 | INFO | [ARCHIVE DEAD 0/3] Нода из архива мертва, удаляю
2026-10-07 15:18:38,917 | INFO | [ARCHIVE LIVE 2/3] Нода из архива рабочая, добавляю
2026-10-07 15:18:38,966 | INFO | [ARCHIVE LIVE 3/3] Нода из архива рабочая, добавляю
2026-10-07 15:18:39,176 | INFO | [ARCHIVE LIVE 3/3] Нода из архива рабочая, добавляю
2026-10-07 15:18:39,222 | INFO | [ARCHIVE LIVE 3/3] Нода из архива рабочая, добавляю
2026-10-07 15:18:39,596 | INFO | [ARCHIVE LIVE 2/3] Нода из архива рабочая, добавляю
2026-10-07 15:18:39,782 | INFO | [ARCHIVE DEAD 0/3] Нода из архива мертва, удаляю
2026-10-07 15:18:40,005 | INFO | [ARCHIVE LIVE 3/3] Нода из архива рабочая, добавляю
2026-10-07 15:18:40,050 | INFO | [ARCHIVE DEAD 0/3] Нода из архива мертва, удаляю
2026-10-07 15:18:40,204 | INFO | [ARCHIVE DEAD 0/3] Нода из архива мертва, удаляю
2026-10-07 15:18:41,102 | INFO | [ARCHIVE LIVE 3/3] Нода из архива рабочая, добавляю
2026-10-07 15:18:41,539 | INFO | [ARCHIVE DEAD 1/3] Нода из архива мертва, удаляю
2026-10-07 15:18:41,561 | INFO | [ARCHIVE LIVE 2/3] Нода из архива рабочая, добавляю
2026-10-07 15:18:41,740 | INFO | [ARCHIVE LIVE 3/3] Нода из архива рабочая, добавляю
2026-10-07 15:18:41,769 | INFO | [ARCHIVE DEAD 0/3] Нода из архива мертва, удаляю
2026-10-07 15:18:41,770 | INFO | [ARCHIVE DEAD 0/3] Нода из архива мертва, удаляю
2026-10-07 15:18:41,833 | INFO | [ARCHIVE DEAD 0/3] Нода из архива мертва, удаляю
2026-10-07 15:18:41,837 | INFO | [ARCHIVE DEAD 0/3] Нода из архива мертва, удаляю
2026-10-07 15:18:41,883 | INFO | [ARCHIVE DEAD 0/3] Нода из архива мертва, удаляю
2026-10-07 15:18:41,903 | INFO | [ARCHIVE DEAD 0/3] Нода из архива мертва, удаляю
2026-10-07 15:18:41,981 | INFO | [ARCHIVE DEAD 0/3] Нода из архива мертва, удаляю
2026-10-07 15:18:42,011 | INFO | [ARCHIVE DEAD 1/3] Нода из архива мертва, удаляю
2026-10-07 15:18:42,025 | INFO | [ARCHIVE DEAD 0/3] Нода из архива мертва, удаляю
2026-10-07 15:18:42,040 | INFO | [ARCHIVE DEAD 0/3] Нода из архива мертва, удаляю
2026-10-07 15:18:42,066 | INFO | [ARCHIVE DEAD 1/3] Нода из архива мертва, удаляю
2026-10-07 15:18:42,328 | INFO | [ARCHIVE DEAD 1/3] Нода из архива мертва, удаляю
2026-10-07 15:18:42,989 | INFO | [ARCHIVE DEAD 0/3] Нода из архива мертва, удаляю
2026-10-07 15:18:42,989 | INFO | [ARCHIVE DEAD 0/3] Нода из архива мертва, удаляю
2026-10-07 15:18:43,129 | INFO | [ARCHIVE DEAD 0/3] Нода из архива мертва, удаляю
2026-10-07 15:18:43,997 | INFO | [ARCHIVE DEAD 1/3] Нода из архива мертва, удаляю
2026-10-07 15:18:44,431 | INFO | [ARCHIVE DEAD 1/3] Нода из архива мертва, удаляю
2026-10-07 15:18:44,449 | INFO | [ARCHIVE DEAD 1/3] Нода из архива мертва, удаляю
2026-10-07 15:18:44,450 | INFO | [ARCHIVE DEAD 1/3] Нода из архива мертва, удаляю
2026-10-07 15:18:44,485 | INFO | [ARCHIVE DEAD 1/3] Нода из архива мертва, удаляю
2026-10-07 15:18:44,676 | INFO | [ARCHIVE DEAD 1/3] Нода из архива мертва, удаляю
2026-10-07 15:18:46,170 | INFO | [ARCHIVE DEAD 0/3] Нода из архива мертва, удаляю
2026-10-07 15:18:48,518 | INFO | [ARCHIVE DEAD 1/3] Нода из архива мертва, удаляю
2026-10-07 15:18:49,739 | INFO | [ARCHIVE DEAD 1/3] Нода из архива мертва, удаляю
2026-10-07 15:18:51,843 | INFO | [ARCHIVE DEAD 1/3] Нода из архива мертва, удаляю
2026-10-07 15:18:51,924 | INFO | [ARCHIVE DEAD 1/3] Нода из архива мертва, удаляю
2026-10-07 15:18:52,785 | INFO | [ARCHIVE DEAD 1/3] Нода из архива мертва, удаляю
2026-10-07 15:18:53,414 | INFO | [ARCHIVE DEAD 1/3] Нода из архива мертва, удаляю
2026-10-07 15:18:53,415 | INFO | archive.txt updated: 472 nodes
2026-10-07 15:18:53,416 | INFO | Subscription updated: /home/runner/work/sbornik/sbornik/subs/vless_001.txt (100 nodes)
2026-10-07 15:18:53,416 | INFO | 
--- STATS BY TRANSPORT (live_total / dead_total | live_last / dead_last) ---
2026-10-07 15:18:53,416 | INFO | tcp: 1481 / 1693 | 19 / 99
2026-10-07 15:18:53,416 | INFO | ws: 1013 / 1740 | 81 / 202
2026-10-07 15:18:53,416 | INFO | grpc: 23 / 690 | 0 / 21
2026-10-07 15:18:53,416 | INFO | xhttp: 0 / 872 | 0 / 8
2026-10-07 15:18:53,416 | INFO | 
--- STATS BY SECURITY (live_total / dead_total | live_last / dead_last) ---
2026-10-07 15:18:53,416 | INFO | none: 237 / 406 | 20 / 45
2026-10-07 15:18:53,416 | INFO | tls: 1254 / 2248 | 67 / 192
2026-10-07 15:18:53,416 | INFO | reality: 1026 / 2341 | 13 / 93
2026-10-07 15:18:53,416 | INFO | 💾 Статистика источников сохранена: source_stats.json
2026-10-07 15:18:53,417 | INFO | 💾 Статистика протоколов сохранена: protocol_stats.json
2026-10-07 15:18:53,417 | INFO | 
============ ИТОГ ЗАПУСКА ============
Живых из источников:          35
Оживлено из архива:           65
Удалено из архива (мёртвых):  238
Итого в подписке:             100
Итого в архиве:               472

--- ДЕТАЛИЗАЦИЯ ОШИБОК ---
dead_tcp (TCP не открылся):    11
dead_config (битый конфиг):    0
dead_start (sing-box упал):    8
dead_sites (мало сайтов):      73
dead_parse (URI не парсится):  0
======================================
2026-10-07 15:18:53,417 | INFO | 
--- ПРОВЕРКА САЙТОВ (за текущий запуск) ---
2026-10-07 15:18:53,417 | INFO | https://telegram.org: 115/371 (31.0%)
2026-10-07 15:18:53,417 | INFO | https://www.instagram.com: 109/361 (30.2%)
2026-10-07 15:18:53,417 | INFO | https://www.youtube.com: 112/354 (31.6%)
2026-10-07 15:18:53,417 | INFO | 💾 Статистика запуска сохранена: run_stats.json
