2026-08-04 14:18:18,481 | INFO | 📊 Загружена статистика SNI: 26 доменов
2026-08-04 14:18:18,482 | INFO | === SING-BOX STATUS ===
2026-08-04 14:18:18,490 | INFO | sing-box version 1.13.16

Environment: go1.25.12 linux/amd64
Tags: with_gvisor,with_quic,with_dhcp,with_wireguard,with_utls,with_acme,with_clash_api,with_tailscale,with_ccm,with_ocm,with_naive_outbound,badlinkname,tfogo_checklinkname0,with_musl
Revision: 17ec3c71af8ca946dc50bf0d927c39fc77322aec
CGO: enabled
2026-08-04 14:18:18,490 | INFO | 
--- STEP 1: FETCHING SOURCES ---
2026-08-04 14:18:18,564 | INFO | Loaded 153 lines from https://raw.githubusercontent.com/igareck/vpn-conf...
2026-08-04 14:18:18,697 | INFO | Loaded 0 lines from https://raw.githubusercontent.com/igareck/vpn-conf...
2026-08-04 14:18:18,813 | INFO | Loaded 142 lines from https://raw.githubusercontent.com/igareck/vpn-conf...
2026-08-04 14:18:18,947 | INFO | Loaded 12 lines from https://raw.githubusercontent.com/igareck/vpn-conf...
2026-08-04 14:18:18,997 | INFO | Loaded 243 lines from https://raw.githubusercontent.com/igareck/vpn-conf...
2026-08-04 14:18:19,061 | INFO | Loaded 130 lines from https://raw.githubusercontent.com/igareck/vpn-conf...
2026-08-04 14:18:19,164 | INFO | Loaded 153 lines from https://raw.githubusercontent.com/igareck/vpn-conf...
2026-08-04 14:18:19,325 | INFO | Loaded 378 lines from https://raw.githubusercontent.com/FLAT447/v2ray-li...
2026-08-04 14:18:19,325 | INFO | 
--- STEP 2: VALIDATION ---
2026-08-04 14:18:19,327 | INFO | Unique VLESS configs: 836
2026-08-04 14:18:19,356 | INFO | Archive updated: 10000 nodes (limit 10000)
2026-08-04 14:18:19,360 | INFO | 
--- STEP 3: LIVE CHECK (836 nodes, threads: 40) ---
2026-08-04 14:19:03,869 | INFO | ⏱️ Время проверки: 44.5 сек
2026-08-04 14:19:03,869 | INFO | 
--- RESULT: Found 101 live nodes ---
2026-08-04 14:19:03,869 | INFO | After dedup: 101
2026-08-04 14:19:03,883 | INFO | alive_archive.txt updated: 5000 nodes (limit 5000)
2026-08-04 14:19:03,883 | INFO | Subscription updated: /home/runner/work/sbornik/sbornik/subs/vless_001.txt
2026-08-04 14:19:03,883 | INFO | 
--- STATS BY PROTOCOL ---
2026-08-04 14:19:03,883 | INFO | reality: 69
2026-08-04 14:19:03,883 | INFO | ws: 32
2026-08-04 14:19:03,883 | INFO | 
--- TOP SNI STATS ---
2026-08-04 14:19:03,883 | INFO | api-maps.yandex.ru: 180 успешных мутаций
2026-08-04 14:19:03,883 | INFO | ozon.ru: 37 успешных мутаций
2026-08-04 14:19:03,883 | INFO | mail.ru: 32 успешных мутаций
2026-08-04 14:19:03,883 | INFO | ok.ru: 28 успешных мутаций
2026-08-04 14:19:03,884 | INFO | yandex.ru: 28 успешных мутаций
2026-08-04 14:19:03,884 | INFO | vk.com: 26 успешных мутаций
2026-08-04 14:19:03,884 | INFO | wildberries.ru: 25 успешных мутаций
2026-08-04 14:19:03,884 | INFO | dzen.ru: 6 успешных мутаций
2026-08-04 14:19:03,884 | INFO | rutube.ru: 3 успешных мутаций
2026-08-04 14:19:03,884 | INFO | cdn.x5.ru: 1 успешных мутаций
2026-08-04 14:19:03,884 | INFO | 💾 Статистика SNI сохранена
