2026-09-11 03:34:14,238 | INFO | 📊 Загружена статистика SNI: 26 доменов
2026-09-11 03:34:14,238 | INFO | === SING-BOX STATUS ===
2026-09-11 03:34:14,274 | INFO | sing-box version 1.14.0

Environment: go1.26.7 linux/amd64
Tags: with_gvisor,with_quic,with_dhcp,with_wireguard,with_utls,with_acme,with_clash_api,with_tailscale,with_ccm,with_ocm,with_cloudflared,with_naive_outbound,with_usbip,with_openvpn,with_openconnect,badlinkname,tfogo_checklinkname0,with_musl
Revision: 0b8995879f29a9b98ee027bc17b75e101445b238
CGO: enabled
2026-09-11 03:34:14,274 | INFO | 
--- STEP 1: FETCHING SOURCES ---
2026-09-11 03:34:14,345 | INFO | Loaded 83 lines from https://raw.githubusercontent.com/igareck/vpn-conf...
2026-09-11 03:34:14,529 | INFO | Loaded 0 lines from https://raw.githubusercontent.com/igareck/vpn-conf...
2026-09-11 03:34:14,587 | INFO | Loaded 22 lines from https://raw.githubusercontent.com/igareck/vpn-conf...
2026-09-11 03:34:14,685 | INFO | Loaded 16 lines from https://raw.githubusercontent.com/igareck/vpn-conf...
2026-09-11 03:34:14,801 | INFO | Loaded 84 lines from https://raw.githubusercontent.com/igareck/vpn-conf...
2026-09-11 03:34:14,860 | INFO | Loaded 139 lines from https://raw.githubusercontent.com/igareck/vpn-conf...
2026-09-11 03:34:14,916 | INFO | Loaded 133 lines from https://raw.githubusercontent.com/igareck/vpn-conf...
2026-09-11 03:34:15,097 | INFO | Loaded 225 lines from https://raw.githubusercontent.com/FLAT447/v2ray-li...
2026-09-11 03:34:15,097 | INFO | 
--- STEP 2: VALIDATION ---
2026-09-11 03:34:15,098 | INFO | Unique VLESS configs: 433
2026-09-11 03:34:15,123 | INFO | Archive updated: 10000 nodes (limit 10000)
2026-09-11 03:34:15,124 | INFO | 
--- STEP 3: LIVE CHECK (433 nodes, threads: 40) ---
2026-09-11 03:37:20,902 | INFO | ⏱️ Время проверки: 185.8 сек
2026-09-11 03:37:20,902 | INFO | 
--- RESULT: Found 103 live nodes ---
2026-09-11 03:37:20,902 | INFO | After dedup: 103
2026-09-11 03:37:20,910 | INFO | alive_archive.txt updated: 5000 nodes (limit 5000)
2026-09-11 03:37:20,911 | INFO | Subscription updated: /home/runner/work/sbornik/sbornik/subs/vless_001.txt
2026-09-11 03:37:20,911 | INFO | 
--- STATS BY PROTOCOL ---
2026-09-11 03:37:20,911 | INFO | reality: 35
2026-09-11 03:37:20,911 | INFO | ws: 66
2026-09-11 03:37:20,911 | INFO | other: 2
2026-09-11 03:37:20,911 | INFO | 
--- TOP SNI STATS ---
2026-09-11 03:37:20,911 | INFO | api-maps.yandex.ru: 268 успешных мутаций
2026-09-11 03:37:20,911 | INFO | ozon.ru: 108 успешных мутаций
2026-09-11 03:37:20,911 | INFO | yandex.ru: 98 успешных мутаций
2026-09-11 03:37:20,911 | INFO | vk.com: 94 успешных мутаций
2026-09-11 03:37:20,911 | INFO | mail.ru: 90 успешных мутаций
2026-09-11 03:37:20,911 | INFO | wildberries.ru: 86 успешных мутаций
2026-09-11 03:37:20,911 | INFO | ok.ru: 72 успешных мутаций
2026-09-11 03:37:20,911 | INFO | storage.yandex.net: 16 успешных мутаций
2026-09-11 03:37:20,911 | INFO | dzen.ru: 9 успешных мутаций
2026-09-11 03:37:20,911 | INFO | rutube.ru: 8 успешных мутаций
2026-09-11 03:37:20,911 | INFO | 💾 Статистика SNI сохранена
