2026-10-08 15:18:44,401 | INFO | === SING-BOX STATUS ===
2026-10-08 15:18:44,447 | INFO | sing-box version 1.14.2

Environment: go1.26.8 linux/amd64
Tags: with_gvisor,with_quic,with_dhcp,with_wireguard,with_utls,with_acme,with_clash_api,with_tailscale,with_ccm,with_ocm,with_cloudflared,with_naive_outbound,with_usbip,with_openvpn,with_openconnect,badlinkname,tfogo_checklinkname0,with_musl
Revision: af6e64c3b69e6132ebaee0e1a3d24e93903f6709
CGO: enabled
2026-10-08 15:18:44,447 | INFO | 
--- STEP 1: FETCHING SOURCES ---
2026-10-08 15:18:44,548 | INFO | Loaded 63 lines from https://raw.githubusercontent.com/igareck/vpn-configs-for-russia/refs/heads/main...
2026-10-08 15:18:44,640 | INFO | Loaded 17 lines from https://raw.githubusercontent.com/igareck/vpn-configs-for-russia/refs/heads/main...
2026-10-08 15:18:44,765 | INFO | Loaded 9 lines from https://raw.githubusercontent.com/igareck/vpn-configs-for-russia/refs/heads/main...
2026-10-08 15:18:44,854 | INFO | Loaded 70 lines from https://raw.githubusercontent.com/igareck/vpn-configs-for-russia/refs/heads/main...
2026-10-08 15:18:44,944 | INFO | Loaded 322 lines from https://raw.githubusercontent.com/igareck/vpn-configs-for-russia/main/BLACK_VLES...
2026-10-08 15:18:45,033 | INFO | Loaded 153 lines from https://raw.githubusercontent.com/igareck/vpn-configs-for-russia/main/BLACK_VLES...
2026-10-08 15:18:45,122 | INFO | Loaded 36 lines from https://raw.githubusercontent.com/FLAT447/v2ray-lists/main/WHITE_LITE.txt...
2026-10-08 15:18:45,123 | INFO | 
--- STEP 2: VALIDATION ---
2026-10-08 15:18:45,123 | INFO | Unique VLESS configs: 427
2026-10-08 15:18:45,125 | INFO | archive.txt loaded: 1745 nodes
2026-10-08 15:18:45,125 | INFO | 
--- ARCHIVE TCP CLEANUP (1745 nodes, threads: 40) ---
2026-10-08 15:18:51,228 | INFO | ARCHIVE TCP CLEANUP done: alive=1703, removed=42, time=6.1с
2026-10-08 15:18:51,228 | INFO | 
--- STEP 3: LIVE CHECK (427 nodes, threads: 40, min_sites_ok=2) ---
2026-10-08 15:20:07,879 | INFO | ⏱️ Время проверки: 76.7 сек
2026-10-08 15:20:07,880 | INFO | 
--- RESULT: Found 183 live nodes ---
2026-10-08 15:20:07,888 | INFO | archive.txt updated: 1797 nodes
2026-10-08 15:20:07,888 | INFO | Subscription updated: /home/runner/work/sbornik/sbornik/subs/vless_001.txt (100 nodes)
2026-10-08 15:20:07,888 | INFO | 
--- STATS BY TRANSPORT (live_total / dead_total | live_last / dead_last) ---
2026-10-08 15:20:07,888 | INFO | tcp: 1536 / 1866 | 5 / 63
2026-10-08 15:20:07,888 | INFO | ws: 2520 / 2772 | 178 / 174
2026-10-08 15:20:07,888 | INFO | grpc: 23 / 814 | 0 / 26
2026-10-08 15:20:07,888 | INFO | xhttp: 0 / 944 | 0 / 23
2026-10-08 15:20:07,888 | INFO | 
--- STATS BY SECURITY (live_total / dead_total | live_last / dead_last) ---
2026-10-08 15:20:07,888 | INFO | none: 378 / 523 | 14 / 53
2026-10-08 15:20:07,889 | INFO | tls: 2646 / 3317 | 166 / 187
2026-10-08 15:20:07,889 | INFO | reality: 1055 / 2556 | 3 / 46
2026-10-08 15:20:07,889 | INFO | 💾 Статистика источников сохранена: source_stats.json
2026-10-08 15:20:07,889 | INFO | 💾 Статистика протоколов сохранена: protocol_stats.json
2026-10-08 15:20:07,890 | INFO | 
============ ИТОГ ЗАПУСКА ============
Живых из источников:          183
Оживлено из архива:           0
Удалено из архива (мёртвых):  42
Итого в подписке:             100
Итого в архиве:               1797

--- ДЕТАЛИЗАЦИЯ ОШИБОК ---
dead_tcp (TCP не открылся):    21
dead_config (битый конфиг):    0
dead_start (sing-box упал):    32
dead_sites (мало сайтов):      191
dead_parse (URI не парсится):  0
======================================
2026-10-08 15:20:07,890 | INFO | 
--- ПРОВЕРКА САЙТОВ (за текущий запуск) ---
2026-10-08 15:20:07,890 | INFO | https://telegram.org: 183/374 (48.9%)
2026-10-08 15:20:07,890 | INFO | https://www.instagram.com: 194/374 (51.9%)
2026-10-08 15:20:07,890 | INFO | https://www.youtube.com: 196/374 (52.4%)
2026-10-08 15:20:07,890 | INFO | 💾 Статистика запуска сохранена: run_stats.json
