2026-08-01 06:30:48,712 | INFO | 📊 Загружена статистика SNI: 26 доменов
2026-08-01 06:30:48,713 | INFO | === SING-BOX STATUS ===
2026-08-01 06:30:48,722 | INFO | sing-box version 1.13.15

Environment: go1.25.12 linux/amd64
Tags: with_gvisor,with_quic,with_dhcp,with_wireguard,with_utls,with_acme,with_clash_api,with_tailscale,with_ccm,with_ocm,with_naive_outbound,badlinkname,tfogo_checklinkname0,with_musl
Revision: 3708fa18766cda1f11b77f6ed9c7bd61688f17df
CGO: enabled
2026-08-01 06:30:48,722 | INFO | 
--- STEP 1: FETCHING SOURCES ---
2026-08-01 06:30:48,760 | INFO | Loaded 153 lines from https://raw.githubusercontent.com/igareck/vpn-conf...
2026-08-01 06:30:48,877 | INFO | Loaded 0 lines from https://raw.githubusercontent.com/igareck/vpn-conf...
2026-08-01 06:30:49,042 | INFO | Loaded 35 lines from https://raw.githubusercontent.com/igareck/vpn-conf...
2026-08-01 06:30:49,172 | INFO | Loaded 31 lines from https://raw.githubusercontent.com/igareck/vpn-conf...
2026-08-01 06:30:49,342 | INFO | Loaded 187 lines from https://raw.githubusercontent.com/igareck/vpn-conf...
2026-08-01 06:30:49,455 | INFO | Loaded 354 lines from https://raw.githubusercontent.com/igareck/vpn-conf...
2026-08-01 06:30:49,583 | INFO | Loaded 153 lines from https://raw.githubusercontent.com/igareck/vpn-conf...
2026-08-01 06:30:49,747 | INFO | Loaded 455 lines from https://raw.githubusercontent.com/FLAT447/v2ray-li...
2026-08-01 06:30:49,748 | INFO | 
--- STEP 2: VALIDATION ---
2026-08-01 06:30:49,750 | INFO | Unique VLESS configs: 991
2026-08-01 06:30:49,780 | INFO | Archive updated: 10000 nodes (limit 10000)
2026-08-01 06:30:49,786 | INFO | 
--- STEP 3: LIVE CHECK (991 nodes, threads: 40) ---
2026-08-01 06:43:21,510 | INFO | ⏱️ Время проверки: 751.7 сек
2026-08-01 06:43:21,510 | INFO | 
--- RESULT: Found 101 live nodes ---
2026-08-01 06:43:21,510 | INFO | After dedup: 101
2026-08-01 06:43:21,522 | INFO | alive_archive.txt updated: 5000 nodes (limit 5000)
2026-08-01 06:43:21,523 | INFO | Subscription updated: /home/runner/work/sbornik/sbornik/subs/vless_001.txt
2026-08-01 06:43:21,523 | INFO | 
--- STATS BY PROTOCOL ---
2026-08-01 06:43:21,523 | INFO | reality: 60
2026-08-01 06:43:21,523 | INFO | ws: 41
2026-08-01 06:43:21,523 | INFO | 
--- TOP SNI STATS ---
2026-08-01 06:43:21,523 | INFO | api-maps.yandex.ru: 157 успешных мутаций
2026-08-01 06:43:21,523 | INFO | ozon.ru: 37 успешных мутаций
2026-08-01 06:43:21,523 | INFO | mail.ru: 32 успешных мутаций
2026-08-01 06:43:21,523 | INFO | ok.ru: 28 успешных мутаций
2026-08-01 06:43:21,523 | INFO | yandex.ru: 28 успешных мутаций
2026-08-01 06:43:21,523 | INFO | vk.com: 26 успешных мутаций
2026-08-01 06:43:21,523 | INFO | wildberries.ru: 25 успешных мутаций
2026-08-01 06:43:21,523 | INFO | dzen.ru: 3 успешных мутаций
2026-08-01 06:43:21,524 | INFO | rutube.ru: 2 успешных мутаций
2026-08-01 06:43:21,524 | INFO | cdn.x5.ru: 1 успешных мутаций
2026-08-01 06:43:21,524 | INFO | 💾 Статистика SNI сохранена
