2026-08-04 21:13:46,052 | INFO | 📊 Загружена статистика SNI: 26 доменов
2026-08-04 21:13:46,053 | INFO | === SING-BOX STATUS ===
2026-08-04 21:13:46,061 | INFO | sing-box version 1.13.16

Environment: go1.25.12 linux/amd64
Tags: with_gvisor,with_quic,with_dhcp,with_wireguard,with_utls,with_acme,with_clash_api,with_tailscale,with_ccm,with_ocm,with_naive_outbound,badlinkname,tfogo_checklinkname0,with_musl
Revision: 17ec3c71af8ca946dc50bf0d927c39fc77322aec
CGO: enabled
2026-08-04 21:13:46,061 | INFO | 
--- STEP 1: FETCHING SOURCES ---
2026-08-04 21:13:46,095 | INFO | Loaded 131 lines from https://raw.githubusercontent.com/igareck/vpn-conf...
2026-08-04 21:13:46,186 | INFO | Loaded 0 lines from https://raw.githubusercontent.com/igareck/vpn-conf...
2026-08-04 21:13:46,276 | INFO | Loaded 52 lines from https://raw.githubusercontent.com/igareck/vpn-conf...
2026-08-04 21:13:46,381 | INFO | Loaded 14 lines from https://raw.githubusercontent.com/igareck/vpn-conf...
2026-08-04 21:13:46,503 | INFO | Loaded 131 lines from https://raw.githubusercontent.com/igareck/vpn-conf...
2026-08-04 21:13:46,596 | INFO | Loaded 129 lines from https://raw.githubusercontent.com/igareck/vpn-conf...
2026-08-04 21:13:46,697 | INFO | Loaded 153 lines from https://raw.githubusercontent.com/igareck/vpn-conf...
2026-08-04 21:13:46,863 | INFO | Loaded 371 lines from https://raw.githubusercontent.com/FLAT447/v2ray-li...
2026-08-04 21:13:46,863 | INFO | 
--- STEP 2: VALIDATION ---
2026-08-04 21:13:46,865 | INFO | Unique VLESS configs: 626
2026-08-04 21:13:46,894 | INFO | Archive updated: 10000 nodes (limit 10000)
2026-08-04 21:13:46,897 | INFO | 
--- STEP 3: LIVE CHECK (626 nodes, threads: 40) ---
2026-08-04 21:14:54,630 | INFO | [🎉 SNI WORKED] Нода ожила с SNI: mail.ru (порт 11021)
2026-08-04 21:14:54,638 | INFO | [🎉 SNI WORKED] Нода ожила с SNI: yandex.ru (порт 11023)
2026-08-04 21:15:13,512 | INFO | [🎉 SNI WORKED] Нода ожила с SNI: yandex.ru (порт 11008)
2026-08-04 21:15:13,576 | INFO | [🎉 SNI WORKED] Нода ожила с SNI: ozon.ru (порт 11033)
2026-08-04 21:15:52,595 | INFO | ⏱️ Время проверки: 125.7 сек
2026-08-04 21:15:52,595 | INFO | 
--- RESULT: Found 100 live nodes ---
2026-08-04 21:15:52,595 | INFO | After dedup: 100
2026-08-04 21:15:52,608 | INFO | alive_archive.txt updated: 5000 nodes (limit 5000)
2026-08-04 21:15:52,609 | INFO | Subscription updated: /home/runner/work/sbornik/sbornik/subs/vless_001.txt
2026-08-04 21:15:52,609 | INFO | 
--- STATS BY PROTOCOL ---
2026-08-04 21:15:52,609 | INFO | reality: 55
2026-08-04 21:15:52,609 | INFO | ws: 43
2026-08-04 21:15:52,609 | INFO | other: 2
2026-08-04 21:15:52,609 | INFO | 
--- TOP SNI STATS ---
2026-08-04 21:15:52,609 | INFO | api-maps.yandex.ru: 180 успешных мутаций
2026-08-04 21:15:52,609 | INFO | ozon.ru: 38 успешных мутаций
2026-08-04 21:15:52,609 | INFO | mail.ru: 33 успешных мутаций
2026-08-04 21:15:52,609 | INFO | yandex.ru: 30 успешных мутаций
2026-08-04 21:15:52,610 | INFO | ok.ru: 28 успешных мутаций
2026-08-04 21:15:52,610 | INFO | vk.com: 26 успешных мутаций
2026-08-04 21:15:52,610 | INFO | wildberries.ru: 25 успешных мутаций
2026-08-04 21:15:52,610 | INFO | dzen.ru: 7 успешных мутаций
2026-08-04 21:15:52,610 | INFO | rutube.ru: 3 успешных мутаций
2026-08-04 21:15:52,610 | INFO | cdn.x5.ru: 1 успешных мутаций
2026-08-04 21:15:52,610 | INFO | 💾 Статистика SNI сохранена
