2026-08-06 10:41:30,506 | INFO | 📊 Загружена статистика SNI: 26 доменов
2026-08-06 10:41:30,506 | INFO | === SING-BOX STATUS ===
2026-08-06 10:41:30,513 | INFO | sing-box version 1.13.16

Environment: go1.25.12 linux/amd64
Tags: with_gvisor,with_quic,with_dhcp,with_wireguard,with_utls,with_acme,with_clash_api,with_tailscale,with_ccm,with_ocm,with_naive_outbound,badlinkname,tfogo_checklinkname0,with_musl
Revision: 17ec3c71af8ca946dc50bf0d927c39fc77322aec
CGO: enabled
2026-08-06 10:41:30,513 | INFO | 
--- STEP 1: FETCHING SOURCES ---
2026-08-06 10:41:30,816 | INFO | Loaded 73 lines from https://raw.githubusercontent.com/igareck/vpn-conf...
2026-08-06 10:41:31,110 | INFO | Loaded 0 lines from https://raw.githubusercontent.com/igareck/vpn-conf...
2026-08-06 10:41:31,408 | INFO | Loaded 3 lines from https://raw.githubusercontent.com/igareck/vpn-conf...
2026-08-06 10:41:31,522 | INFO | Loaded 3 lines from https://raw.githubusercontent.com/igareck/vpn-conf...
2026-08-06 10:41:31,810 | INFO | Loaded 73 lines from https://raw.githubusercontent.com/igareck/vpn-conf...
2026-08-06 10:41:31,947 | INFO | Loaded 151 lines from https://raw.githubusercontent.com/igareck/vpn-conf...
2026-08-06 10:41:32,239 | INFO | Loaded 153 lines from https://raw.githubusercontent.com/igareck/vpn-conf...
2026-08-06 10:41:32,590 | INFO | Loaded 392 lines from https://raw.githubusercontent.com/FLAT447/v2ray-li...
2026-08-06 10:41:32,590 | INFO | 
--- STEP 2: VALIDATION ---
2026-08-06 10:41:32,591 | INFO | Unique VLESS configs: 600
2026-08-06 10:41:32,616 | INFO | Archive updated: 10000 nodes (limit 10000)
2026-08-06 10:41:32,618 | INFO | 
--- STEP 3: LIVE CHECK (600 nodes, threads: 40) ---
2026-08-06 10:45:03,665 | INFO | [🎉 SNI WORKED] Нода ожила с SNI: api-maps.yandex.ru (порт 11021)
2026-08-06 10:45:47,494 | INFO | ⏱️ Время проверки: 254.9 сек
2026-08-06 10:45:47,495 | INFO | 
--- RESULT: Found 100 live nodes ---
2026-08-06 10:45:47,495 | INFO | After dedup: 100
2026-08-06 10:45:47,504 | INFO | alive_archive.txt updated: 5000 nodes (limit 5000)
2026-08-06 10:45:47,504 | INFO | Subscription updated: /home/runner/work/sbornik/sbornik/subs/vless_001.txt
2026-08-06 10:45:47,504 | INFO | 
--- STATS BY PROTOCOL ---
2026-08-06 10:45:47,504 | INFO | reality: 53
2026-08-06 10:45:47,504 | INFO | tls: 1
2026-08-06 10:45:47,504 | INFO | ws: 44
2026-08-06 10:45:47,504 | INFO | other: 2
2026-08-06 10:45:47,504 | INFO | 
--- TOP SNI STATS ---
2026-08-06 10:45:47,504 | INFO | api-maps.yandex.ru: 182 успешных мутаций
2026-08-06 10:45:47,504 | INFO | ozon.ru: 38 успешных мутаций
2026-08-06 10:45:47,504 | INFO | mail.ru: 35 успешных мутаций
2026-08-06 10:45:47,504 | INFO | yandex.ru: 30 успешных мутаций
2026-08-06 10:45:47,504 | INFO | ok.ru: 28 успешных мутаций
2026-08-06 10:45:47,504 | INFO | vk.com: 26 успешных мутаций
2026-08-06 10:45:47,504 | INFO | wildberries.ru: 25 успешных мутаций
2026-08-06 10:45:47,504 | INFO | dzen.ru: 7 успешных мутаций
2026-08-06 10:45:47,504 | INFO | rutube.ru: 3 успешных мутаций
2026-08-06 10:45:47,504 | INFO | cdn.x5.ru: 1 успешных мутаций
2026-08-06 10:45:47,505 | INFO | 💾 Статистика SNI сохранена
