2026-09-27 22:51:52,092 | INFO | 📊 Загружена статистика SNI: 26 доменов
2026-09-27 22:51:52,092 | INFO | === SING-BOX STATUS ===
2026-09-27 22:51:52,127 | INFO | sing-box version 1.14.2

Environment: go1.26.8 linux/amd64
Tags: with_gvisor,with_quic,with_dhcp,with_wireguard,with_utls,with_acme,with_clash_api,with_tailscale,with_ccm,with_ocm,with_cloudflared,with_naive_outbound,with_usbip,with_openvpn,with_openconnect,badlinkname,tfogo_checklinkname0,with_musl
Revision: af6e64c3b69e6132ebaee0e1a3d24e93903f6709
CGO: enabled
2026-09-27 22:51:52,127 | INFO | 
--- STEP 1: FETCHING SOURCES ---
2026-09-27 22:51:52,264 | INFO | Loaded 98 lines from https://raw.githubusercontent.com/igareck/vpn-conf...
2026-09-27 22:51:52,318 | INFO | Loaded 0 lines from https://raw.githubusercontent.com/igareck/vpn-conf...
2026-09-27 22:51:52,400 | INFO | Loaded 4 lines from https://raw.githubusercontent.com/igareck/vpn-conf...
2026-09-27 22:51:52,480 | INFO | Loaded 17 lines from https://raw.githubusercontent.com/igareck/vpn-conf...
2026-09-27 22:51:52,526 | INFO | Loaded 105 lines from https://raw.githubusercontent.com/igareck/vpn-conf...
2026-09-27 22:51:52,626 | INFO | Loaded 161 lines from https://raw.githubusercontent.com/igareck/vpn-conf...
2026-09-27 22:51:52,722 | INFO | Loaded 151 lines from https://raw.githubusercontent.com/igareck/vpn-conf...
2026-09-27 22:51:52,830 | INFO | Loaded 40 lines from https://raw.githubusercontent.com/FLAT447/v2ray-li...
2026-09-27 22:51:52,831 | INFO | 
--- STEP 2: VALIDATION ---
2026-09-27 22:51:52,831 | INFO | Unique VLESS configs: 296
2026-09-27 22:51:52,850 | INFO | Archive updated: 10000 nodes (limit 10000)
2026-09-27 22:51:52,852 | INFO | 
--- STEP 3: LIVE CHECK (296 nodes, threads: 40) ---
2026-09-27 22:59:05,428 | INFO | [🎉 SNI WORKED] Нода ожила с SNI: hh.ru (порт 11009)
2026-09-27 23:02:11,730 | INFO | ⏱️ Время проверки: 618.9 сек
2026-09-27 23:02:11,731 | INFO | 
--- RESULT: Found 75 live nodes ---
2026-09-27 23:02:11,731 | INFO | After dedup: 75
2026-09-27 23:02:11,731 | INFO | Filled from archive (+25), total: 100
2026-09-27 23:02:11,748 | INFO | alive_archive.txt updated: 5000 nodes (limit 5000)
2026-09-27 23:02:11,749 | INFO | Subscription updated: /home/runner/work/sbornik/sbornik/subs/vless_001.txt
2026-09-27 23:02:11,749 | INFO | 
--- STATS BY PROTOCOL ---
2026-09-27 23:02:11,749 | INFO | reality: 53
2026-09-27 23:02:11,749 | INFO | tls: 19
2026-09-27 23:02:11,749 | INFO | grpc: 1
2026-09-27 23:02:11,750 | INFO | ws: 26
2026-09-27 23:02:11,750 | INFO | other: 1
2026-09-27 23:02:11,750 | INFO | 
--- TOP SNI STATS ---
2026-09-27 23:02:11,750 | INFO | api-maps.yandex.ru: 268 успешных мутаций
2026-09-27 23:02:11,750 | INFO | ozon.ru: 108 успешных мутаций
2026-09-27 23:02:11,750 | INFO | yandex.ru: 98 успешных мутаций
2026-09-27 23:02:11,750 | INFO | vk.com: 94 успешных мутаций
2026-09-27 23:02:11,750 | INFO | mail.ru: 90 успешных мутаций
2026-09-27 23:02:11,750 | INFO | wildberries.ru: 86 успешных мутаций
2026-09-27 23:02:11,750 | INFO | ok.ru: 73 успешных мутаций
2026-09-27 23:02:11,750 | INFO | storage.yandex.net: 16 успешных мутаций
2026-09-27 23:02:11,750 | INFO | dzen.ru: 9 успешных мутаций
2026-09-27 23:02:11,750 | INFO | rutube.ru: 8 успешных мутаций
2026-09-27 23:02:11,750 | INFO | 💾 Статистика SNI сохранена
