2026-08-02 09:59:16,664 | INFO | 📊 Загружена статистика SNI: 26 доменов
2026-08-02 09:59:16,664 | INFO | === SING-BOX STATUS ===
2026-08-02 09:59:16,675 | INFO | sing-box version 1.13.15

Environment: go1.25.12 linux/amd64
Tags: with_gvisor,with_quic,with_dhcp,with_wireguard,with_utls,with_acme,with_clash_api,with_tailscale,with_ccm,with_ocm,with_naive_outbound,badlinkname,tfogo_checklinkname0,with_musl
Revision: 3708fa18766cda1f11b77f6ed9c7bd61688f17df
CGO: enabled
2026-08-02 09:59:16,675 | INFO | 
--- STEP 1: FETCHING SOURCES ---
2026-08-02 09:59:16,715 | INFO | Loaded 153 lines from https://raw.githubusercontent.com/igareck/vpn-conf...
2026-08-02 09:59:16,824 | INFO | Loaded 0 lines from https://raw.githubusercontent.com/igareck/vpn-conf...
2026-08-02 09:59:16,852 | INFO | Loaded 272 lines from https://raw.githubusercontent.com/igareck/vpn-conf...
2026-08-02 09:59:16,981 | INFO | Loaded 3 lines from https://raw.githubusercontent.com/igareck/vpn-conf...
2026-08-02 09:59:17,101 | INFO | Loaded 336 lines from https://raw.githubusercontent.com/igareck/vpn-conf...
2026-08-02 09:59:17,225 | INFO | Loaded 254 lines from https://raw.githubusercontent.com/igareck/vpn-conf...
2026-08-02 09:59:17,365 | INFO | Loaded 153 lines from https://raw.githubusercontent.com/igareck/vpn-conf...
2026-08-02 09:59:17,565 | INFO | Loaded 484 lines from https://raw.githubusercontent.com/FLAT447/v2ray-li...
2026-08-02 09:59:17,565 | INFO | 
--- STEP 2: VALIDATION ---
2026-08-02 09:59:17,567 | INFO | Unique VLESS configs: 1038
2026-08-02 09:59:17,595 | INFO | Archive updated: 10000 nodes (limit 10000)
2026-08-02 09:59:17,601 | INFO | 
--- STEP 3: LIVE CHECK (1038 nodes, threads: 40) ---
2026-08-02 10:04:24,019 | INFO | [🎉 SNI WORKED] Нода ожила с SNI: api-maps.yandex.ru (порт 11036)
2026-08-02 10:04:30,742 | INFO | [🎉 SNI WORKED] Нода ожила с SNI: api-maps.yandex.ru (порт 11023)
2026-08-02 10:04:54,770 | INFO | [🎉 SNI WORKED] Нода ожила с SNI: api-maps.yandex.ru (порт 11027)
2026-08-02 10:08:45,129 | INFO | ⏱️ Время проверки: 567.5 сек
2026-08-02 10:08:45,129 | INFO | 
--- RESULT: Found 101 live nodes ---
2026-08-02 10:08:45,129 | INFO | After dedup: 101
2026-08-02 10:08:45,141 | INFO | alive_archive.txt updated: 5000 nodes (limit 5000)
2026-08-02 10:08:45,142 | INFO | Subscription updated: /home/runner/work/sbornik/sbornik/subs/vless_001.txt
2026-08-02 10:08:45,142 | INFO | 
--- STATS BY PROTOCOL ---
2026-08-02 10:08:45,142 | INFO | reality: 74
2026-08-02 10:08:45,142 | INFO | tls: 5
2026-08-02 10:08:45,142 | INFO | ws: 18
2026-08-02 10:08:45,142 | INFO | other: 4
2026-08-02 10:08:45,142 | INFO | 
--- TOP SNI STATS ---
2026-08-02 10:08:45,142 | INFO | api-maps.yandex.ru: 180 успешных мутаций
2026-08-02 10:08:45,142 | INFO | ozon.ru: 37 успешных мутаций
2026-08-02 10:08:45,142 | INFO | mail.ru: 32 успешных мутаций
2026-08-02 10:08:45,142 | INFO | ok.ru: 28 успешных мутаций
2026-08-02 10:08:45,142 | INFO | yandex.ru: 28 успешных мутаций
2026-08-02 10:08:45,142 | INFO | vk.com: 26 успешных мутаций
2026-08-02 10:08:45,143 | INFO | wildberries.ru: 25 успешных мутаций
2026-08-02 10:08:45,143 | INFO | dzen.ru: 4 успешных мутаций
2026-08-02 10:08:45,143 | INFO | rutube.ru: 3 успешных мутаций
2026-08-02 10:08:45,143 | INFO | cdn.x5.ru: 1 успешных мутаций
2026-08-02 10:08:45,143 | INFO | 💾 Статистика SNI сохранена
