2026-09-04 15:55:56,982 | INFO | 📊 Загружена статистика SNI: 26 доменов
2026-09-04 15:55:56,982 | INFO | === SING-BOX STATUS ===
2026-09-04 15:55:57,029 | INFO | sing-box version 1.14.0

Environment: go1.26.7 linux/amd64
Tags: with_gvisor,with_quic,with_dhcp,with_wireguard,with_utls,with_acme,with_clash_api,with_tailscale,with_ccm,with_ocm,with_cloudflared,with_naive_outbound,with_usbip,with_openvpn,with_openconnect,badlinkname,tfogo_checklinkname0,with_musl
Revision: 0b8995879f29a9b98ee027bc17b75e101445b238
CGO: enabled
2026-09-04 15:55:57,029 | INFO | 
--- STEP 1: FETCHING SOURCES ---
2026-09-04 15:55:57,184 | INFO | Loaded 23 lines from https://raw.githubusercontent.com/igareck/vpn-conf...
2026-09-04 15:55:57,224 | INFO | Loaded 0 lines from https://raw.githubusercontent.com/igareck/vpn-conf...
2026-09-04 15:55:57,263 | INFO | Loaded 3 lines from https://raw.githubusercontent.com/igareck/vpn-conf...
2026-09-04 15:55:57,367 | INFO | Loaded 3 lines from https://raw.githubusercontent.com/igareck/vpn-conf...
2026-09-04 15:55:57,478 | INFO | Loaded 23 lines from https://raw.githubusercontent.com/igareck/vpn-conf...
2026-09-04 15:55:57,623 | INFO | Loaded 3 lines from https://raw.githubusercontent.com/igareck/vpn-conf...
2026-09-04 15:55:57,753 | INFO | Loaded 4 lines from https://raw.githubusercontent.com/igareck/vpn-conf...
2026-09-04 15:55:57,956 | INFO | Loaded 2083 lines from https://raw.githubusercontent.com/FLAT447/v2ray-li...
2026-09-04 15:55:57,956 | INFO | 
--- STEP 2: VALIDATION ---
2026-09-04 15:55:57,962 | INFO | Unique VLESS configs: 2008
2026-09-04 15:55:57,994 | INFO | Archive updated: 10000 nodes (limit 10000)
2026-09-04 15:55:58,012 | INFO | 
--- STEP 3: LIVE CHECK (2008 nodes, threads: 40) ---
2026-09-04 16:29:30,459 | INFO | ⏱️ Время проверки: 2012.4 сек
2026-09-04 16:29:30,459 | INFO | 
--- RESULT: Found 68 live nodes ---
2026-09-04 16:29:30,459 | INFO | After dedup: 68
2026-09-04 16:29:30,459 | INFO | Filled from archive (+32), total: 100
2026-09-04 16:29:30,473 | INFO | alive_archive.txt updated: 5000 nodes (limit 5000)
2026-09-04 16:29:30,473 | INFO | Subscription updated: /home/runner/work/sbornik/sbornik/subs/vless_001.txt
2026-09-04 16:29:30,473 | INFO | 
--- STATS BY PROTOCOL ---
2026-09-04 16:29:30,473 | INFO | reality: 33
2026-09-04 16:29:30,473 | INFO | ws: 57
2026-09-04 16:29:30,473 | INFO | other: 10
2026-09-04 16:29:30,473 | INFO | 
--- TOP SNI STATS ---
2026-09-04 16:29:30,473 | INFO | api-maps.yandex.ru: 262 успешных мутаций
2026-09-04 16:29:30,473 | INFO | ozon.ru: 108 успешных мутаций
2026-09-04 16:29:30,473 | INFO | yandex.ru: 98 успешных мутаций
2026-09-04 16:29:30,473 | INFO | vk.com: 92 успешных мутаций
2026-09-04 16:29:30,474 | INFO | mail.ru: 90 успешных мутаций
2026-09-04 16:29:30,474 | INFO | wildberries.ru: 86 успешных мутаций
2026-09-04 16:29:30,474 | INFO | ok.ru: 72 успешных мутаций
2026-09-04 16:29:30,474 | INFO | storage.yandex.net: 16 успешных мутаций
2026-09-04 16:29:30,474 | INFO | rutube.ru: 8 успешных мутаций
2026-09-04 16:29:30,474 | INFO | dzen.ru: 8 успешных мутаций
2026-09-04 16:29:30,474 | INFO | 💾 Статистика SNI сохранена
