2026-07-26 20:59:22,299 | INFO | 📊 Загружена статистика SNI: 26 доменов
2026-07-26 20:59:22,300 | INFO | === SING-BOX STATUS ===
2026-07-26 20:59:22,308 | INFO | sing-box version 1.13.14

Environment: go1.25.11 linux/amd64
Tags: with_gvisor,with_quic,with_dhcp,with_wireguard,with_utls,with_acme,with_clash_api,with_tailscale,with_ccm,with_ocm,with_naive_outbound,badlinkname,tfogo_checklinkname0,with_musl
Revision: 25a600db24f7680ad9806ce5427bd0ab8afe1114
CGO: enabled
2026-07-26 20:59:22,308 | INFO | 
--- STEP 1: FETCHING SOURCES ---
2026-07-26 20:59:22,367 | INFO | Loaded 133 lines from https://raw.githubusercontent.com/igareck/vpn-conf...
2026-07-26 20:59:22,416 | INFO | Loaded 0 lines from https://raw.githubusercontent.com/igareck/vpn-conf...
2026-07-26 20:59:22,466 | INFO | Loaded 34 lines from https://raw.githubusercontent.com/igareck/vpn-conf...
2026-07-26 20:59:22,633 | INFO | Loaded 22 lines from https://raw.githubusercontent.com/igareck/vpn-conf...
2026-07-26 20:59:22,685 | INFO | Loaded 139 lines from https://raw.githubusercontent.com/igareck/vpn-conf...
2026-07-26 20:59:22,991 | INFO | Loaded 347 lines from https://raw.githubusercontent.com/igareck/vpn-conf...
2026-07-26 20:59:23,200 | INFO | Loaded 153 lines from https://raw.githubusercontent.com/igareck/vpn-conf...
2026-07-26 20:59:23,424 | INFO | Loaded 456 lines from https://raw.githubusercontent.com/FLAT447/v2ray-li...
2026-07-26 20:59:23,424 | INFO | 
--- STEP 2: VALIDATION ---
2026-07-26 20:59:23,426 | INFO | Unique VLESS configs: 857
2026-07-26 20:59:23,459 | INFO | Archive updated: 10000 nodes (limit 10000)
2026-07-26 20:59:23,464 | INFO | 
--- STEP 3: LIVE CHECK (857 nodes, threads: 40) ---
2026-07-26 20:59:39,769 | INFO | [🎉 SNI WORKED] Нода ожила с SNI: yandex.ru (порт 11024)
2026-07-26 20:59:42,898 | INFO | [🎉 SNI WORKED] Нода ожила с SNI: ozon.ru (порт 11027)
2026-07-26 20:59:53,335 | INFO | ⏱️ Время проверки: 29.9 сек
2026-07-26 20:59:53,335 | INFO | 
--- RESULT: Found 102 live nodes ---
2026-07-26 20:59:53,335 | INFO | After dedup: 102
2026-07-26 20:59:53,348 | INFO | alive_archive.txt updated: 5000 nodes (limit 5000)
2026-07-26 20:59:53,349 | INFO | Subscription updated: /home/runner/work/sbornik/sbornik/subs/vless_001.txt
2026-07-26 20:59:53,349 | INFO | 
--- STATS BY PROTOCOL ---
2026-07-26 20:59:53,349 | INFO | reality: 76
2026-07-26 20:59:53,349 | INFO | ws: 17
2026-07-26 20:59:53,349 | INFO | other: 9
2026-07-26 20:59:53,349 | INFO | 
--- TOP SNI STATS ---
2026-07-26 20:59:53,349 | INFO | api-maps.yandex.ru: 40 успешных мутаций
2026-07-26 20:59:53,349 | INFO | ozon.ru: 36 успешных мутаций
2026-07-26 20:59:53,349 | INFO | mail.ru: 30 успешных мутаций
2026-07-26 20:59:53,349 | INFO | ok.ru: 28 успешных мутаций
2026-07-26 20:59:53,349 | INFO | yandex.ru: 28 успешных мутаций
2026-07-26 20:59:53,349 | INFO | vk.com: 25 успешных мутаций
2026-07-26 20:59:53,349 | INFO | wildberries.ru: 25 успешных мутаций
2026-07-26 20:59:53,349 | INFO | dzen.ru: 2 успешных мутаций
2026-07-26 20:59:53,349 | INFO | rutube.ru: 1 успешных мутаций
2026-07-26 20:59:53,349 | INFO | cdn.x5.ru: 1 успешных мутаций
2026-07-26 20:59:53,350 | INFO | 💾 Статистика SNI сохранена
