2026-10-05 16:53:40,014 | INFO | === SING-BOX STATUS ===
2026-10-05 16:53:40,049 | INFO | sing-box version 1.14.2

Environment: go1.26.8 linux/amd64
Tags: with_gvisor,with_quic,with_dhcp,with_wireguard,with_utls,with_acme,with_clash_api,with_tailscale,with_ccm,with_ocm,with_cloudflared,with_naive_outbound,with_usbip,with_openvpn,with_openconnect,badlinkname,tfogo_checklinkname0,with_musl
Revision: af6e64c3b69e6132ebaee0e1a3d24e93903f6709
CGO: enabled
2026-10-05 16:53:40,049 | INFO | 
--- STEP 1: FETCHING SOURCES ---
2026-10-05 16:53:40,130 | INFO | Loaded 34 lines from https://raw.githubusercontent.com/igareck/vpn-configs-for-russia/refs/heads/main...
2026-10-05 16:53:40,206 | INFO | Loaded 13 lines from https://raw.githubusercontent.com/igareck/vpn-configs-for-russia/refs/heads/main...
2026-10-05 16:53:40,283 | INFO | Loaded 13 lines from https://raw.githubusercontent.com/igareck/vpn-configs-for-russia/refs/heads/main...
2026-10-05 16:53:40,358 | INFO | Loaded 35 lines from https://raw.githubusercontent.com/igareck/vpn-configs-for-russia/refs/heads/main...
2026-10-05 16:53:40,495 | INFO | Loaded 55 lines from https://raw.githubusercontent.com/igareck/vpn-configs-for-russia/main/BLACK_VLES...
2026-10-05 16:53:40,634 | INFO | Loaded 85 lines from https://raw.githubusercontent.com/igareck/vpn-configs-for-russia/main/BLACK_VLES...
2026-10-05 16:53:40,783 | INFO | Loaded 32 lines from https://raw.githubusercontent.com/FLAT447/v2ray-lists/main/WHITE_LITE.txt...
2026-10-05 16:53:40,783 | INFO | 
--- STEP 2: VALIDATION ---
2026-10-05 16:53:40,784 | INFO | Unique VLESS configs: 136
2026-10-05 16:53:40,784 | INFO | archive.txt loaded: 332 nodes
2026-10-05 16:53:40,784 | INFO | 
--- ARCHIVE TCP CLEANUP (332 nodes, threads: 40) ---
2026-10-05 16:53:48,553 | INFO | ARCHIVE TCP CLEANUP done: alive=215, removed=117, time=7.8с
2026-10-05 16:53:48,554 | INFO | 
--- STEP 3: LIVE CHECK (136 nodes, threads: 40, min_sites_ok=2) ---
2026-10-05 16:54:25,131 | INFO | ⏱️ Время проверки: 36.6 сек
2026-10-05 16:54:25,131 | INFO | 
--- RESULT: Found 17 live nodes ---
2026-10-05 16:54:25,132 | INFO | 
--- FILL FROM ARCHIVE (need 83 more, threads: 40) ---
2026-10-05 16:54:27,584 | INFO | [ARCHIVE DEAD 0/3] Нода из архива мертва, удаляю
2026-10-05 16:54:27,941 | INFO | [ARCHIVE DEAD 0/3] Нода из архива мертва, удаляю
2026-10-05 16:54:28,031 | INFO | [ARCHIVE DEAD 0/3] Нода из архива мертва, удаляю
2026-10-05 16:54:28,042 | INFO | [ARCHIVE DEAD 0/3] Нода из архива мертва, удаляю
2026-10-05 16:54:28,057 | INFO | [ARCHIVE DEAD 0/3] Нода из архива мертва, удаляю
2026-10-05 16:54:28,166 | INFO | [ARCHIVE DEAD 0/3] Нода из архива мертва, удаляю
2026-10-05 16:54:28,169 | INFO | [ARCHIVE DEAD 0/3] Нода из архива мертва, удаляю
2026-10-05 16:54:28,258 | INFO | [ARCHIVE DEAD 0/3] Нода из архива мертва, удаляю
2026-10-05 16:54:28,351 | INFO | [ARCHIVE LIVE 3/3] Нода из архива рабочая, добавляю
2026-10-05 16:54:28,649 | INFO | [ARCHIVE LIVE 3/3] Нода из архива рабочая, добавляю
2026-10-05 16:54:28,741 | INFO | [ARCHIVE LIVE 2/3] Нода из архива рабочая, добавляю
2026-10-05 16:54:30,316 | INFO | [ARCHIVE LIVE 3/3] Нода из архива рабочая, добавляю
2026-10-05 16:54:30,421 | INFO | [ARCHIVE DEAD 0/3] Нода из архива мертва, удаляю
2026-10-05 16:54:30,436 | INFO | [ARCHIVE LIVE 3/3] Нода из архива рабочая, добавляю
2026-10-05 16:54:30,468 | INFO | [ARCHIVE DEAD 0/3] Нода из архива мертва, удаляю
2026-10-05 16:54:30,482 | INFO | [ARCHIVE LIVE 3/3] Нода из архива рабочая, добавляю
2026-10-05 16:54:30,530 | INFO | [ARCHIVE LIVE 3/3] Нода из архива рабочая, добавляю
2026-10-05 16:54:30,682 | INFO | [ARCHIVE LIVE 3/3] Нода из архива рабочая, добавляю
2026-10-05 16:54:30,742 | INFO | [ARCHIVE LIVE 3/3] Нода из архива рабочая, добавляю
2026-10-05 16:54:30,765 | INFO | [ARCHIVE LIVE 3/3] Нода из архива рабочая, добавляю
2026-10-05 16:54:30,815 | INFO | [ARCHIVE LIVE 3/3] Нода из архива рабочая, добавляю
2026-10-05 16:54:30,914 | INFO | [ARCHIVE LIVE 3/3] Нода из архива рабочая, добавляю
2026-10-05 16:54:30,929 | INFO | [ARCHIVE LIVE 3/3] Нода из архива рабочая, добавляю
2026-10-05 16:54:30,971 | INFO | [ARCHIVE LIVE 3/3] Нода из архива рабочая, добавляю
2026-10-05 16:54:31,047 | INFO | [ARCHIVE LIVE 3/3] Нода из архива рабочая, добавляю
2026-10-05 16:54:31,197 | INFO | [ARCHIVE LIVE 3/3] Нода из архива рабочая, добавляю
2026-10-05 16:54:31,276 | INFO | [ARCHIVE LIVE 3/3] Нода из архива рабочая, добавляю
2026-10-05 16:54:31,374 | INFO | [ARCHIVE LIVE 3/3] Нода из архива рабочая, добавляю
2026-10-05 16:54:31,436 | INFO | [ARCHIVE LIVE 3/3] Нода из архива рабочая, добавляю
2026-10-05 16:54:31,528 | INFO | [ARCHIVE LIVE 3/3] Нода из архива рабочая, добавляю
2026-10-05 16:54:31,654 | INFO | [ARCHIVE LIVE 3/3] Нода из архива рабочая, добавляю
2026-10-05 16:54:31,672 | INFO | [ARCHIVE LIVE 3/3] Нода из архива рабочая, добавляю
2026-10-05 16:54:31,783 | INFO | [ARCHIVE LIVE 3/3] Нода из архива рабочая, добавляю
2026-10-05 16:54:32,004 | INFO | [ARCHIVE DEAD 0/3] Нода из архива мертва, удаляю
2026-10-05 16:54:32,288 | INFO | [ARCHIVE DEAD 0/3] Нода из архива мертва, удаляю
2026-10-05 16:54:32,376 | INFO | [ARCHIVE LIVE 3/3] Нода из архива рабочая, добавляю
2026-10-05 16:54:32,412 | INFO | [ARCHIVE LIVE 3/3] Нода из архива рабочая, добавляю
2026-10-05 16:54:32,600 | INFO | [ARCHIVE LIVE 3/3] Нода из архива рабочая, добавляю
2026-10-05 16:54:32,962 | INFO | [ARCHIVE LIVE 3/3] Нода из архива рабочая, добавляю
2026-10-05 16:54:33,231 | INFO | [ARCHIVE DEAD 0/3] Нода из архива мертва, удаляю
2026-10-05 16:54:33,429 | INFO | [ARCHIVE DEAD 0/3] Нода из архива мертва, удаляю
2026-10-05 16:54:33,608 | INFO | [ARCHIVE DEAD 0/3] Нода из архива мертва, удаляю
2026-10-05 16:54:33,663 | INFO | [ARCHIVE LIVE 3/3] Нода из архива рабочая, добавляю
2026-10-05 16:54:33,782 | INFO | [ARCHIVE DEAD 0/3] Нода из архива мертва, удаляю
2026-10-05 16:54:33,862 | INFO | [ARCHIVE DEAD 0/3] Нода из архива мертва, удаляю
2026-10-05 16:54:34,231 | INFO | [ARCHIVE LIVE 2/3] Нода из архива рабочая, добавляю
2026-10-05 16:54:34,265 | INFO | [ARCHIVE DEAD 0/3] Нода из архива мертва, удаляю
2026-10-05 16:54:34,298 | INFO | [ARCHIVE LIVE 3/3] Нода из архива рабочая, добавляю
2026-10-05 16:54:34,351 | INFO | [ARCHIVE LIVE 3/3] Нода из архива рабочая, добавляю
2026-10-05 16:54:34,410 | INFO | [ARCHIVE LIVE 3/3] Нода из архива рабочая, добавляю
2026-10-05 16:54:34,614 | INFO | [ARCHIVE DEAD 0/3] Нода из архива мертва, удаляю
2026-10-05 16:54:34,669 | INFO | [ARCHIVE LIVE 3/3] Нода из архива рабочая, добавляю
2026-10-05 16:54:35,255 | INFO | [ARCHIVE DEAD 0/3] Нода из архива мертва, удаляю
2026-10-05 16:54:35,259 | INFO | [ARCHIVE LIVE 3/3] Нода из архива рабочая, добавляю
2026-10-05 16:54:35,389 | INFO | [ARCHIVE LIVE 3/3] Нода из архива рабочая, добавляю
2026-10-05 16:54:35,947 | INFO | [ARCHIVE LIVE 2/3] Нода из архива рабочая, добавляю
2026-10-05 16:54:36,063 | INFO | [ARCHIVE DEAD 0/3] Нода из архива мертва, удаляю
2026-10-05 16:54:36,213 | INFO | [ARCHIVE LIVE 3/3] Нода из архива рабочая, добавляю
2026-10-05 16:54:36,252 | INFO | [ARCHIVE DEAD 0/3] Нода из архива мертва, удаляю
2026-10-05 16:54:36,293 | INFO | [ARCHIVE DEAD 0/3] Нода из архива мертва, удаляю
2026-10-05 16:54:36,299 | INFO | [ARCHIVE LIVE 3/3] Нода из архива рабочая, добавляю
2026-10-05 16:54:36,317 | INFO | [ARCHIVE DEAD 0/3] Нода из архива мертва, удаляю
2026-10-05 16:54:36,364 | INFO | [ARCHIVE DEAD 0/3] Нода из архива мертва, удаляю
2026-10-05 16:54:36,450 | INFO | [ARCHIVE LIVE 3/3] Нода из архива рабочая, добавляю
2026-10-05 16:54:36,550 | INFO | [ARCHIVE DEAD 0/3] Нода из архива мертва, удаляю
2026-10-05 16:54:36,712 | INFO | [ARCHIVE DEAD 0/3] Нода из архива мертва, удаляю
2026-10-05 16:54:36,873 | INFO | [ARCHIVE LIVE 3/3] Нода из архива рабочая, добавляю
2026-10-05 16:54:36,941 | INFO | [ARCHIVE DEAD 0/3] Нода из архива мертва, удаляю
2026-10-05 16:54:36,954 | INFO | [ARCHIVE DEAD 0/3] Нода из архива мертва, удаляю
2026-10-05 16:54:37,126 | INFO | [ARCHIVE LIVE 3/3] Нода из архива рабочая, добавляю
2026-10-05 16:54:37,166 | INFO | [ARCHIVE LIVE 3/3] Нода из архива рабочая, добавляю
2026-10-05 16:54:37,438 | INFO | [ARCHIVE LIVE 2/3] Нода из архива рабочая, добавляю
2026-10-05 16:54:37,778 | INFO | [ARCHIVE LIVE 3/3] Нода из архива рабочая, добавляю
2026-10-05 16:54:37,852 | INFO | [ARCHIVE LIVE 3/3] Нода из архива рабочая, добавляю
2026-10-05 16:54:38,032 | INFO | [ARCHIVE DEAD 0/3] Нода из архива мертва, удаляю
2026-10-05 16:54:38,036 | INFO | [ARCHIVE LIVE 3/3] Нода из архива рабочая, добавляю
2026-10-05 16:54:38,254 | INFO | [ARCHIVE TCP FAIL] Нода из архива недоступна, удаляю
2026-10-05 16:54:38,257 | INFO | [ARCHIVE DEAD 0/3] Нода из архива мертва, удаляю
2026-10-05 16:54:38,547 | INFO | [ARCHIVE LIVE 3/3] Нода из архива рабочая, добавляю
2026-10-05 16:54:38,556 | INFO | [ARCHIVE DEAD 0/3] Нода из архива мертва, удаляю
2026-10-05 16:54:38,755 | INFO | [ARCHIVE LIVE 3/3] Нода из архива рабочая, добавляю
2026-10-05 16:54:39,036 | INFO | [ARCHIVE LIVE 3/3] Нода из архива рабочая, добавляю
2026-10-05 16:54:39,354 | INFO | [ARCHIVE DEAD 0/3] Нода из архива мертва, удаляю
2026-10-05 16:54:39,372 | INFO | [ARCHIVE LIVE 3/3] Нода из архива рабочая, добавляю
2026-10-05 16:54:39,421 | INFO | [ARCHIVE DEAD 0/3] Нода из архива мертва, удаляю
2026-10-05 16:54:39,422 | INFO | [ARCHIVE DEAD 0/3] Нода из архива мертва, удаляю
2026-10-05 16:54:39,441 | INFO | [ARCHIVE DEAD 0/3] Нода из архива мертва, удаляю
2026-10-05 16:54:39,444 | INFO | [ARCHIVE DEAD 0/3] Нода из архива мертва, удаляю
2026-10-05 16:54:39,562 | INFO | [ARCHIVE DEAD 0/3] Нода из архива мертва, удаляю
2026-10-05 16:54:39,601 | INFO | [ARCHIVE DEAD 0/3] Нода из архива мертва, удаляю
2026-10-05 16:54:39,649 | INFO | [ARCHIVE DEAD 0/3] Нода из архива мертва, удаляю
2026-10-05 16:54:39,848 | INFO | [ARCHIVE DEAD 0/3] Нода из архива мертва, удаляю
2026-10-05 16:54:40,121 | INFO | [ARCHIVE DEAD 0/3] Нода из архива мертва, удаляю
2026-10-05 16:54:40,133 | INFO | [ARCHIVE DEAD 0/3] Нода из архива мертва, удаляю
2026-10-05 16:54:40,298 | INFO | [ARCHIVE DEAD 0/3] Нода из архива мертва, удаляю
2026-10-05 16:54:40,371 | INFO | [ARCHIVE LIVE 3/3] Нода из архива рабочая, добавляю
2026-10-05 16:54:40,462 | INFO | [ARCHIVE DEAD 0/3] Нода из архива мертва, удаляю
2026-10-05 16:54:40,463 | INFO | [ARCHIVE DEAD 0/3] Нода из архива мертва, удаляю
2026-10-05 16:54:40,477 | INFO | [ARCHIVE LIVE 3/3] Нода из архива рабочая, добавляю
2026-10-05 16:54:40,481 | INFO | [ARCHIVE DEAD 0/3] Нода из архива мертва, удаляю
2026-10-05 16:54:40,492 | INFO | [ARCHIVE DEAD 0/3] Нода из архива мертва, удаляю
2026-10-05 16:54:40,510 | INFO | [ARCHIVE LIVE 3/3] Нода из архива рабочая, добавляю
2026-10-05 16:54:40,688 | INFO | [ARCHIVE DEAD 0/3] Нода из архива мертва, удаляю
2026-10-05 16:54:40,848 | INFO | [ARCHIVE LIVE 3/3] Нода из архива рабочая, добавляю
2026-10-05 16:54:40,936 | INFO | [ARCHIVE DEAD 0/3] Нода из архива мертва, удаляю
2026-10-05 16:54:41,160 | INFO | [ARCHIVE DEAD 0/3] Нода из архива мертва, удаляю
2026-10-05 16:54:41,292 | INFO | [ARCHIVE DEAD 0/3] Нода из архива мертва, удаляю
2026-10-05 16:54:41,490 | INFO | [ARCHIVE LIVE 3/3] Нода из архива рабочая, добавляю
2026-10-05 16:54:41,501 | INFO | [ARCHIVE LIVE 3/3] Нода из архива рабочая, добавляю
2026-10-05 16:54:41,533 | INFO | [ARCHIVE DEAD 0/3] Нода из архива мертва, удаляю
2026-10-05 16:54:41,637 | INFO | [ARCHIVE LIVE 3/3] Нода из архива рабочая, добавляю
2026-10-05 16:54:41,710 | INFO | [ARCHIVE LIVE 3/3] Нода из архива рабочая, добавляю
2026-10-05 16:54:41,804 | INFO | [ARCHIVE LIVE 3/3] Нода из архива рабочая, добавляю
2026-10-05 16:54:41,814 | INFO | [ARCHIVE LIVE 3/3] Нода из архива рабочая, добавляю
2026-10-05 16:54:42,152 | INFO | [ARCHIVE DEAD 0/3] Нода из архива мертва, удаляю
2026-10-05 16:54:42,206 | INFO | [ARCHIVE DEAD 0/3] Нода из архива мертва, удаляю
2026-10-05 16:54:42,309 | INFO | [ARCHIVE DEAD 0/3] Нода из архива мертва, удаляю
2026-10-05 16:54:42,358 | INFO | [ARCHIVE DEAD 0/3] Нода из архива мертва, удаляю
2026-10-05 16:54:42,545 | INFO | [ARCHIVE DEAD 0/3] Нода из архива мертва, удаляю
2026-10-05 16:54:42,592 | INFO | [ARCHIVE DEAD 0/3] Нода из архива мертва, удаляю
2026-10-05 16:54:42,907 | INFO | [ARCHIVE DEAD 0/3] Нода из архива мертва, удаляю
2026-10-05 16:54:43,051 | INFO | [ARCHIVE DEAD 0/3] Нода из архива мертва, удаляю
2026-10-05 16:54:43,133 | INFO | [ARCHIVE DEAD 0/3] Нода из архива мертва, удаляю
2026-10-05 16:54:43,142 | INFO | [ARCHIVE DEAD 0/3] Нода из архива мертва, удаляю
2026-10-05 16:54:43,232 | INFO | [ARCHIVE DEAD 0/3] Нода из архива мертва, удаляю
2026-10-05 16:54:43,353 | INFO | [ARCHIVE DEAD 0/3] Нода из архива мертва, удаляю
2026-10-05 16:54:43,392 | INFO | [ARCHIVE LIVE 2/3] Нода из архива рабочая, добавляю
2026-10-05 16:54:43,694 | INFO | [ARCHIVE LIVE 3/3] Нода из архива рабочая, добавляю
2026-10-05 16:54:44,201 | INFO | [ARCHIVE LIVE 3/3] Нода из архива рабочая, добавляю
2026-10-05 16:54:44,556 | INFO | [ARCHIVE LIVE 2/3] Нода из архива рабочая, добавляю
2026-10-05 16:54:44,730 | INFO | [ARCHIVE LIVE 3/3] Нода из архива рабочая, добавляю
2026-10-05 16:54:45,084 | INFO | [ARCHIVE LIVE 3/3] Нода из архива рабочая, добавляю
2026-10-05 16:54:45,140 | INFO | [ARCHIVE LIVE 3/3] Нода из архива рабочая, добавляю
2026-10-05 16:54:45,147 | INFO | [ARCHIVE LIVE 3/3] Нода из архива рабочая, добавляю
2026-10-05 16:54:45,397 | INFO | [ARCHIVE LIVE 3/3] Нода из архива рабочая, добавляю
2026-10-05 16:54:45,459 | INFO | [ARCHIVE LIVE 3/3] Нода из архива рабочая, добавляю
2026-10-05 16:54:45,710 | INFO | [ARCHIVE LIVE 3/3] Нода из архива рабочая, добавляю
2026-10-05 16:54:45,729 | INFO | [ARCHIVE DEAD 0/3] Нода из архива мертва, удаляю
2026-10-05 16:54:45,792 | INFO | [ARCHIVE DEAD 0/3] Нода из архива мертва, удаляю
2026-10-05 16:54:45,825 | INFO | [ARCHIVE DEAD 0/3] Нода из архива мертва, удаляю
2026-10-05 16:54:45,893 | INFO | [ARCHIVE DEAD 0/3] Нода из архива мертва, удаляю
2026-10-05 16:54:46,016 | INFO | [ARCHIVE LIVE 3/3] Нода из архива рабочая, добавляю
2026-10-05 16:54:46,026 | INFO | [ARCHIVE DEAD 0/3] Нода из архива мертва, удаляю
2026-10-05 16:54:46,169 | INFO | [ARCHIVE LIVE 3/3] Нода из архива рабочая, добавляю
2026-10-05 16:54:46,828 | INFO | [ARCHIVE LIVE 3/3] Нода из архива рабочая, добавляю
2026-10-05 16:54:46,993 | INFO | [ARCHIVE DEAD 1/3] Нода из архива мертва, удаляю
2026-10-05 16:54:47,427 | INFO | [ARCHIVE LIVE 3/3] Нода из архива рабочая, добавляю
2026-10-05 16:54:47,579 | INFO | [ARCHIVE LIVE 3/3] Нода из архива рабочая, добавляю
2026-10-05 16:54:47,622 | INFO | [ARCHIVE LIVE 3/3] Нода из архива рабочая, добавляю
2026-10-05 16:54:48,062 | INFO | [ARCHIVE LIVE 2/3] Нода из архива рабочая, добавляю
2026-10-05 16:54:48,120 | INFO | [ARCHIVE LIVE 3/3] Нода из архива рабочая, добавляю
2026-10-05 16:54:48,286 | INFO | [ARCHIVE LIVE 3/3] Нода из архива рабочая, добавляю
2026-10-05 16:54:48,374 | INFO | [ARCHIVE LIVE 3/3] Нода из архива рабочая, добавляю
2026-10-05 16:54:48,795 | INFO | [ARCHIVE LIVE 2/3] Нода из архива рабочая, добавляю
2026-10-05 16:54:49,064 | INFO | [ARCHIVE LIVE 3/3] Нода из архива рабочая, добавляю
2026-10-05 16:54:49,111 | INFO | [ARCHIVE DEAD 0/3] Нода из архива мертва, удаляю
2026-10-05 16:54:49,122 | INFO | [ARCHIVE DEAD 0/3] Нода из архива мертва, удаляю
2026-10-05 16:54:49,134 | INFO | [ARCHIVE DEAD 0/3] Нода из архива мертва, удаляю
2026-10-05 16:54:49,137 | INFO | [ARCHIVE DEAD 0/3] Нода из архива мертва, удаляю
2026-10-05 16:54:49,161 | INFO | [ARCHIVE DEAD 0/3] Нода из архива мертва, удаляю
2026-10-05 16:54:49,163 | INFO | [ARCHIVE DEAD 0/3] Нода из архива мертва, удаляю
2026-10-05 16:54:49,166 | INFO | [ARCHIVE DEAD 0/3] Нода из архива мертва, удаляю
2026-10-05 16:54:49,362 | INFO | [ARCHIVE DEAD 1/3] Нода из архива мертва, удаляю
2026-10-05 16:54:49,584 | INFO | [ARCHIVE DEAD 1/3] Нода из архива мертва, удаляю
2026-10-05 16:54:49,812 | INFO | [ARCHIVE DEAD 1/3] Нода из архива мертва, удаляю
2026-10-05 16:54:49,841 | INFO | [ARCHIVE DEAD 1/3] Нода из архива мертва, удаляю
2026-10-05 16:54:50,135 | INFO | [ARCHIVE DEAD 1/3] Нода из архива мертва, удаляю
2026-10-05 16:54:50,251 | INFO | [ARCHIVE DEAD 1/3] Нода из архива мертва, удаляю
2026-10-05 16:54:50,403 | INFO | [ARCHIVE DEAD 1/3] Нода из архива мертва, удаляю
2026-10-05 16:54:50,509 | INFO | [ARCHIVE DEAD 1/3] Нода из архива мертва, удаляю
2026-10-05 16:54:50,584 | INFO | [ARCHIVE DEAD 1/3] Нода из архива мертва, удаляю
2026-10-05 16:54:51,022 | INFO | [ARCHIVE DEAD 1/3] Нода из архива мертва, удаляю
2026-10-05 16:54:53,420 | INFO | archive.txt updated: 141 nodes
2026-10-05 16:54:53,420 | INFO | Subscription updated: /home/runner/work/sbornik/sbornik/subs/vless_001.txt (100 nodes)
2026-10-05 16:54:53,420 | INFO | 
--- STATS BY TRANSPORT (live_total / dead_total | live_last / dead_last) ---
2026-10-05 16:54:53,420 | INFO | tcp: 884 / 1063 | 78 / 247
2026-10-05 16:54:53,421 | INFO | ws: 236 / 274 | 22 / 32
2026-10-05 16:54:53,421 | INFO | grpc: 0 / 149 | 0 / 22
2026-10-05 16:54:53,421 | INFO | xhttp: 0 / 548 | 0 / 24
2026-10-05 16:54:53,421 | INFO | 
--- STATS BY SECURITY (live_total / dead_total | live_last / dead_last) ---
2026-10-05 16:54:53,421 | INFO | none: 98 / 72 | 13 / 23
2026-10-05 16:54:53,421 | INFO | tls: 402 / 734 | 20 / 77
2026-10-05 16:54:53,421 | INFO | reality: 620 / 1228 | 67 / 225
2026-10-05 16:54:53,421 | INFO | 💾 Статистика источников сохранена: source_stats.json
2026-10-05 16:54:53,422 | INFO | 💾 Статистика протоколов сохранена: protocol_stats.json
2026-10-05 16:54:53,422 | INFO | 
============ ИТОГ ЗАПУСКА ============
Живых из источников:          17
Оживлено из архива:           83
Удалено из архива (мёртвых):  206
Итого в подписке:             100
Итого в архиве:               141

--- ДЕТАЛИЗАЦИЯ ОШИБОК ---
dead_tcp (TCP не открылся):    26
dead_config (битый конфиг):    0
dead_start (sing-box упал):    18
dead_sites (мало сайтов):      75
dead_parse (URI не парсится):  0
======================================
2026-10-05 16:54:53,422 | INFO | 
--- ПРОВЕРКА САЙТОВ (за текущий запуск) ---
2026-10-05 16:54:53,422 | INFO | https://telegram.org: 125/278 (45.0%)
2026-10-05 16:54:53,422 | INFO | https://www.instagram.com: 127/270 (47.0%)
2026-10-05 16:54:53,422 | INFO | https://www.youtube.com: 109/255 (42.7%)
2026-10-05 16:54:53,422 | INFO | 💾 Статистика запуска сохранена: run_stats.json
