2026-09-23 03:48:33,138 | INFO | 📊 Загружена статистика SNI: 26 доменов
2026-09-23 03:48:33,138 | INFO | === SING-BOX STATUS ===
2026-09-23 03:48:33,171 | INFO | sing-box version 1.14.1

Environment: go1.26.8 linux/amd64
Tags: with_gvisor,with_quic,with_dhcp,with_wireguard,with_utls,with_acme,with_clash_api,with_tailscale,with_ccm,with_ocm,with_cloudflared,with_naive_outbound,with_usbip,with_openvpn,with_openconnect,badlinkname,tfogo_checklinkname0,with_musl
Revision: 1ac1a339cb1223e9c70eae14c44411c75033c02d
CGO: enabled
2026-09-23 03:48:33,171 | INFO | 
--- STEP 1: FETCHING SOURCES ---
2026-09-23 03:48:33,236 | INFO | Loaded 57 lines from https://raw.githubusercontent.com/igareck/vpn-conf...
2026-09-23 03:48:33,313 | INFO | Loaded 0 lines from https://raw.githubusercontent.com/igareck/vpn-conf...
2026-09-23 03:48:33,343 | INFO | Loaded 7 lines from https://raw.githubusercontent.com/igareck/vpn-conf...
2026-09-23 03:48:33,401 | INFO | Loaded 4 lines from https://raw.githubusercontent.com/igareck/vpn-conf...
2026-09-23 03:48:33,459 | INFO | Loaded 62 lines from https://raw.githubusercontent.com/igareck/vpn-conf...
2026-09-23 03:48:33,532 | INFO | Loaded 147 lines from https://raw.githubusercontent.com/igareck/vpn-conf...
2026-09-23 03:48:33,608 | INFO | Loaded 153 lines from https://raw.githubusercontent.com/igareck/vpn-conf...
2026-09-23 03:48:33,713 | INFO | Loaded 32 lines from https://raw.githubusercontent.com/FLAT447/v2ray-li...
2026-09-23 03:48:33,713 | INFO | 
--- STEP 2: VALIDATION ---
2026-09-23 03:48:33,714 | INFO | Unique VLESS configs: 271
2026-09-23 03:48:33,732 | INFO | Archive updated: 10000 nodes (limit 10000)
2026-09-23 03:48:33,733 | INFO | 
--- STEP 3: LIVE CHECK (271 nodes, threads: 40) ---
2026-09-23 03:55:18,006 | INFO | ⏱️ Время проверки: 404.3 сек
2026-09-23 03:55:18,006 | INFO | 
--- RESULT: Found 68 live nodes ---
2026-09-23 03:55:18,006 | INFO | After dedup: 68
2026-09-23 03:55:18,006 | INFO | Filled from archive (+32), total: 100
2026-09-23 03:55:18,015 | INFO | alive_archive.txt updated: 5000 nodes (limit 5000)
2026-09-23 03:55:18,015 | INFO | Subscription updated: /home/runner/work/sbornik/sbornik/subs/vless_001.txt
2026-09-23 03:55:18,016 | INFO | 
--- STATS BY PROTOCOL ---
2026-09-23 03:55:18,016 | INFO | reality: 86
2026-09-23 03:55:18,016 | INFO | tls: 2
2026-09-23 03:55:18,016 | INFO | ws: 12
2026-09-23 03:55:18,016 | INFO | 
--- TOP SNI STATS ---
2026-09-23 03:55:18,016 | INFO | api-maps.yandex.ru: 268 успешных мутаций
2026-09-23 03:55:18,016 | INFO | ozon.ru: 108 успешных мутаций
2026-09-23 03:55:18,016 | INFO | yandex.ru: 98 успешных мутаций
2026-09-23 03:55:18,016 | INFO | vk.com: 94 успешных мутаций
2026-09-23 03:55:18,016 | INFO | mail.ru: 90 успешных мутаций
2026-09-23 03:55:18,016 | INFO | wildberries.ru: 86 успешных мутаций
2026-09-23 03:55:18,016 | INFO | ok.ru: 73 успешных мутаций
2026-09-23 03:55:18,016 | INFO | storage.yandex.net: 16 успешных мутаций
2026-09-23 03:55:18,016 | INFO | dzen.ru: 9 успешных мутаций
2026-09-23 03:55:18,016 | INFO | rutube.ru: 8 успешных мутаций
2026-09-23 03:55:18,016 | INFO | 💾 Статистика SNI сохранена
