2026-08-22 04:34:01,439 | INFO | 📊 Загружена статистика SNI: 26 доменов
2026-08-22 04:34:01,440 | INFO | === SING-BOX STATUS ===
2026-08-22 04:34:01,448 | INFO | sing-box version 1.13.19

Environment: go1.25.12 linux/amd64
Tags: with_gvisor,with_quic,with_dhcp,with_wireguard,with_utls,with_acme,with_clash_api,with_tailscale,with_ccm,with_ocm,with_naive_outbound,badlinkname,tfogo_checklinkname0,with_musl
Revision: b5ebaa1fc0f2b94256180b95468e73ef53caa27d
CGO: enabled
2026-08-22 04:34:01,448 | INFO | 
--- STEP 1: FETCHING SOURCES ---
2026-08-22 04:34:01,483 | INFO | Loaded 31 lines from https://raw.githubusercontent.com/igareck/vpn-conf...
2026-08-22 04:34:01,513 | INFO | Loaded 0 lines from https://raw.githubusercontent.com/igareck/vpn-conf...
2026-08-22 04:34:01,543 | INFO | Loaded 13 lines from https://raw.githubusercontent.com/igareck/vpn-conf...
2026-08-22 04:34:01,575 | INFO | Loaded 81 lines from https://raw.githubusercontent.com/igareck/vpn-conf...
2026-08-22 04:34:01,610 | INFO | Loaded 36 lines from https://raw.githubusercontent.com/igareck/vpn-conf...
2026-08-22 04:34:01,645 | INFO | Loaded 140 lines from https://raw.githubusercontent.com/igareck/vpn-conf...
2026-08-22 04:34:01,710 | INFO | Loaded 153 lines from https://raw.githubusercontent.com/igareck/vpn-conf...
2026-08-22 04:34:01,816 | INFO | Loaded 432 lines from https://raw.githubusercontent.com/FLAT447/v2ray-li...
2026-08-22 04:34:01,816 | INFO | 
--- STEP 2: VALIDATION ---
2026-08-22 04:34:01,818 | INFO | Unique VLESS configs: 626
2026-08-22 04:34:01,845 | INFO | Archive updated: 10000 nodes (limit 10000)
2026-08-22 04:34:01,848 | INFO | 
--- STEP 3: LIVE CHECK (626 nodes, threads: 40) ---
2026-08-22 04:56:47,968 | INFO | ⏱️ Время проверки: 1366.1 сек
2026-08-22 04:56:47,968 | INFO | 
--- RESULT: Found 95 live nodes ---
2026-08-22 04:56:47,968 | INFO | After dedup: 95
2026-08-22 04:56:47,969 | INFO | Filled from archive (+5), total: 100
2026-08-22 04:56:47,982 | INFO | alive_archive.txt updated: 5000 nodes (limit 5000)
2026-08-22 04:56:47,982 | INFO | Subscription updated: /home/runner/work/sbornik/sbornik/subs/vless_001.txt
2026-08-22 04:56:47,982 | INFO | 
--- STATS BY PROTOCOL ---
2026-08-22 04:56:47,982 | INFO | reality: 48
2026-08-22 04:56:47,982 | INFO | tls: 17
2026-08-22 04:56:47,983 | INFO | ws: 35
2026-08-22 04:56:47,983 | INFO | 
--- TOP SNI STATS ---
2026-08-22 04:56:47,983 | INFO | api-maps.yandex.ru: 258 успешных мутаций
2026-08-22 04:56:47,983 | INFO | yandex.ru: 96 успешных мутаций
2026-08-22 04:56:47,983 | INFO | ozon.ru: 93 успешных мутаций
2026-08-22 04:56:47,983 | INFO | vk.com: 90 успешных мутаций
2026-08-22 04:56:47,983 | INFO | mail.ru: 90 успешных мутаций
2026-08-22 04:56:47,983 | INFO | wildberries.ru: 84 успешных мутаций
2026-08-22 04:56:47,983 | INFO | ok.ru: 72 успешных мутаций
2026-08-22 04:56:47,983 | INFO | storage.yandex.net: 15 успешных мутаций
2026-08-22 04:56:47,983 | INFO | dzen.ru: 8 успешных мутаций
2026-08-22 04:56:47,983 | INFO | rutube.ru: 7 успешных мутаций
2026-08-22 04:56:47,983 | INFO | 💾 Статистика SNI сохранена
