2026-08-09 20:34:17,957 | INFO | 📊 Загружена статистика SNI: 26 доменов
2026-08-09 20:34:17,957 | INFO | === SING-BOX STATUS ===
2026-08-09 20:34:17,966 | INFO | sing-box version 1.13.18

Environment: go1.25.12 linux/amd64
Tags: with_gvisor,with_quic,with_dhcp,with_wireguard,with_utls,with_acme,with_clash_api,with_tailscale,with_ccm,with_ocm,with_naive_outbound,badlinkname,tfogo_checklinkname0,with_musl
Revision: 45ca32dcb966f07f97fc888fe8586e359dbe8405
CGO: enabled
2026-08-09 20:34:17,966 | INFO | 
--- STEP 1: FETCHING SOURCES ---
2026-08-09 20:34:18,041 | INFO | Loaded 153 lines from https://raw.githubusercontent.com/igareck/vpn-conf...
2026-08-09 20:34:18,293 | INFO | Loaded 0 lines from https://raw.githubusercontent.com/igareck/vpn-conf...
2026-08-09 20:34:18,351 | INFO | Loaded 5 lines from https://raw.githubusercontent.com/igareck/vpn-conf...
2026-08-09 20:34:18,414 | INFO | Loaded 10 lines from https://raw.githubusercontent.com/igareck/vpn-conf...
2026-08-09 20:34:18,474 | INFO | Loaded 233 lines from https://raw.githubusercontent.com/igareck/vpn-conf...
2026-08-09 20:34:18,565 | INFO | Loaded 426 lines from https://raw.githubusercontent.com/igareck/vpn-conf...
2026-08-09 20:34:18,680 | INFO | Loaded 150 lines from https://raw.githubusercontent.com/igareck/vpn-conf...
2026-08-09 20:34:18,866 | INFO | Loaded 364 lines from https://raw.githubusercontent.com/FLAT447/v2ray-li...
2026-08-09 20:34:18,866 | INFO | 
--- STEP 2: VALIDATION ---
2026-08-09 20:34:18,867 | INFO | Unique VLESS configs: 1012
2026-08-09 20:34:18,890 | INFO | Archive updated: 10000 nodes (limit 10000)
2026-08-09 20:34:18,895 | INFO | 
--- STEP 3: LIVE CHECK (1012 nodes, threads: 40) ---
2026-08-09 20:34:25,419 | INFO | [🎉 SNI WORKED] Нода ожила с SNI: ozon.ru (порт 11014)
2026-08-09 20:34:25,644 | INFO | [🎉 SNI WORKED] Нода ожила с SNI: ozon.ru (порт 11013)
2026-08-09 20:34:29,073 | INFO | [🎉 SNI WORKED] Нода ожила с SNI: yandex.ru (порт 11033)
2026-08-09 20:34:30,652 | INFO | [🎉 SNI WORKED] Нода ожила с SNI: ozon.ru (порт 11022)
2026-08-09 20:34:32,315 | INFO | [🎉 SNI WORKED] Нода ожила с SNI: wildberries.ru (порт 11031)
2026-08-09 20:34:32,472 | INFO | [🎉 SNI WORKED] Нода ожила с SNI: wildberries.ru (порт 11012)
2026-08-09 20:34:33,226 | INFO | [🎉 SNI WORKED] Нода ожила с SNI: mail.ru (порт 11027)
2026-08-09 20:34:33,428 | INFO | [🎉 SNI WORKED] Нода ожила с SNI: ok.ru (порт 11021)
2026-08-09 20:34:34,081 | INFO | [🎉 SNI WORKED] Нода ожила с SNI: vk.com (порт 11023)
2026-08-09 20:34:37,232 | INFO | [🎉 SNI WORKED] Нода ожила с SNI: mail.ru (порт 11020)
2026-08-09 20:34:38,757 | INFO | [🎉 SNI WORKED] Нода ожила с SNI: api-maps.yandex.ru (порт 11038)
2026-08-09 20:34:41,363 | INFO | [🎉 SNI WORKED] Нода ожила с SNI: vk.com (порт 11004)
2026-08-09 20:34:45,974 | INFO | [🎉 SNI WORKED] Нода ожила с SNI: ozon.ru (порт 11010)
2026-08-09 20:34:50,387 | INFO | [🎉 SNI WORKED] Нода ожила с SNI: mail.ru (порт 11006)
2026-08-09 20:34:51,517 | INFO | [🎉 SNI WORKED] Нода ожила с SNI: yandex.ru (порт 11037)
2026-08-09 20:34:54,058 | INFO | [🎉 SNI WORKED] Нода ожила с SNI: wildberries.ru (порт 11035)
2026-08-09 20:34:55,462 | INFO | [🎉 SNI WORKED] Нода ожила с SNI: wildberries.ru (порт 11008)
2026-08-09 20:34:57,452 | INFO | [🎉 SNI WORKED] Нода ожила с SNI: yandex.ru (порт 11014)
2026-08-09 20:34:59,413 | INFO | ⏱️ Время проверки: 40.5 сек
2026-08-09 20:34:59,413 | INFO | 
--- RESULT: Found 101 live nodes ---
2026-08-09 20:34:59,413 | INFO | After dedup: 101
2026-08-09 20:34:59,423 | INFO | alive_archive.txt updated: 5000 nodes (limit 5000)
2026-08-09 20:34:59,423 | INFO | Subscription updated: /home/runner/work/sbornik/sbornik/subs/vless_001.txt
2026-08-09 20:34:59,423 | INFO | 
--- STATS BY PROTOCOL ---
2026-08-09 20:34:59,423 | INFO | reality: 95
2026-08-09 20:34:59,423 | INFO | tls: 1
2026-08-09 20:34:59,423 | INFO | ws: 2
2026-08-09 20:34:59,423 | INFO | other: 3
2026-08-09 20:34:59,423 | INFO | 
--- TOP SNI STATS ---
2026-08-09 20:34:59,423 | INFO | api-maps.yandex.ru: 224 успешных мутаций
2026-08-09 20:34:59,423 | INFO | mail.ru: 72 успешных мутаций
2026-08-09 20:34:59,423 | INFO | yandex.ru: 68 успешных мутаций
2026-08-09 20:34:59,423 | INFO | ozon.ru: 66 успешных мутаций
2026-08-09 20:34:59,423 | INFO | wildberries.ru: 59 успешных мутаций
2026-08-09 20:34:59,423 | INFO | vk.com: 55 успешных мутаций
2026-08-09 20:34:59,423 | INFO | ok.ru: 50 успешных мутаций
2026-08-09 20:34:59,423 | INFO | dzen.ru: 7 успешных мутаций
2026-08-09 20:34:59,423 | INFO | rutube.ru: 5 успешных мутаций
2026-08-09 20:34:59,423 | INFO | cdn.x5.ru: 1 успешных мутаций
2026-08-09 20:34:59,423 | INFO | 💾 Статистика SNI сохранена
