2026-09-02 16:09:12,058 | INFO | 📊 Загружена статистика SNI: 26 доменов
2026-09-02 16:09:12,059 | INFO | === SING-BOX STATUS ===
2026-09-02 16:09:12,095 | INFO | sing-box version 1.14.0

Environment: go1.26.7 linux/amd64
Tags: with_gvisor,with_quic,with_dhcp,with_wireguard,with_utls,with_acme,with_clash_api,with_tailscale,with_ccm,with_ocm,with_cloudflared,with_naive_outbound,with_usbip,with_openvpn,with_openconnect,badlinkname,tfogo_checklinkname0,with_musl
Revision: 0b8995879f29a9b98ee027bc17b75e101445b238
CGO: enabled
2026-09-02 16:09:12,095 | INFO | 
--- STEP 1: FETCHING SOURCES ---
2026-09-02 16:09:12,132 | INFO | Loaded 44 lines from https://raw.githubusercontent.com/igareck/vpn-conf...
2026-09-02 16:09:12,199 | INFO | Loaded 0 lines from https://raw.githubusercontent.com/igareck/vpn-conf...
2026-09-02 16:09:12,232 | INFO | Loaded 8 lines from https://raw.githubusercontent.com/igareck/vpn-conf...
2026-09-02 16:09:12,263 | INFO | Loaded 13 lines from https://raw.githubusercontent.com/igareck/vpn-conf...
2026-09-02 16:09:12,293 | INFO | Loaded 44 lines from https://raw.githubusercontent.com/igareck/vpn-conf...
2026-09-02 16:09:12,392 | INFO | Loaded 85 lines from https://raw.githubusercontent.com/igareck/vpn-conf...
2026-09-02 16:09:12,457 | INFO | Loaded 120 lines from https://raw.githubusercontent.com/igareck/vpn-conf...
2026-09-02 16:09:12,573 | INFO | Loaded 1339 lines from https://raw.githubusercontent.com/FLAT447/v2ray-li...
2026-09-02 16:09:12,574 | INFO | 
--- STEP 2: VALIDATION ---
2026-09-02 16:09:12,578 | INFO | Unique VLESS configs: 1444
2026-09-02 16:09:12,612 | INFO | Archive updated: 10000 nodes (limit 10000)
2026-09-02 16:09:12,622 | INFO | 
--- STEP 3: LIVE CHECK (1444 nodes, threads: 40) ---
2026-09-02 16:37:11,832 | INFO | ⏱️ Время проверки: 1679.2 сек
2026-09-02 16:37:11,832 | INFO | 
--- RESULT: Found 100 live nodes ---
2026-09-02 16:37:11,832 | INFO | After dedup: 100
2026-09-02 16:37:11,843 | INFO | alive_archive.txt updated: 5000 nodes (limit 5000)
2026-09-02 16:37:11,844 | INFO | Subscription updated: /home/runner/work/sbornik/sbornik/subs/vless_001.txt
2026-09-02 16:37:11,844 | INFO | 
--- STATS BY PROTOCOL ---
2026-09-02 16:37:11,844 | INFO | reality: 52
2026-09-02 16:37:11,844 | INFO | ws: 40
2026-09-02 16:37:11,844 | INFO | other: 8
2026-09-02 16:37:11,844 | INFO | 
--- TOP SNI STATS ---
2026-09-02 16:37:11,844 | INFO | api-maps.yandex.ru: 262 успешных мутаций
2026-09-02 16:37:11,844 | INFO | ozon.ru: 108 успешных мутаций
2026-09-02 16:37:11,844 | INFO | yandex.ru: 98 успешных мутаций
2026-09-02 16:37:11,844 | INFO | vk.com: 92 успешных мутаций
2026-09-02 16:37:11,844 | INFO | mail.ru: 90 успешных мутаций
2026-09-02 16:37:11,844 | INFO | wildberries.ru: 86 успешных мутаций
2026-09-02 16:37:11,844 | INFO | ok.ru: 72 успешных мутаций
2026-09-02 16:37:11,844 | INFO | storage.yandex.net: 16 успешных мутаций
2026-09-02 16:37:11,845 | INFO | rutube.ru: 8 успешных мутаций
2026-09-02 16:37:11,845 | INFO | dzen.ru: 8 успешных мутаций
2026-09-02 16:37:11,845 | INFO | 💾 Статистика SNI сохранена
