2026-08-27 21:55:36,189 | INFO | 📊 Загружена статистика SNI: 26 доменов
2026-08-27 21:55:36,189 | INFO | === SING-BOX STATUS ===
2026-08-27 21:55:36,197 | INFO | sing-box version 1.13.19

Environment: go1.25.12 linux/amd64
Tags: with_gvisor,with_quic,with_dhcp,with_wireguard,with_utls,with_acme,with_clash_api,with_tailscale,with_ccm,with_ocm,with_naive_outbound,badlinkname,tfogo_checklinkname0,with_musl
Revision: b5ebaa1fc0f2b94256180b95468e73ef53caa27d
CGO: enabled
2026-08-27 21:55:36,198 | INFO | 
--- STEP 1: FETCHING SOURCES ---
2026-08-27 21:55:36,230 | INFO | Loaded 81 lines from https://raw.githubusercontent.com/igareck/vpn-conf...
2026-08-27 21:55:36,270 | INFO | Loaded 0 lines from https://raw.githubusercontent.com/igareck/vpn-conf...
2026-08-27 21:55:36,301 | INFO | Loaded 18 lines from https://raw.githubusercontent.com/igareck/vpn-conf...
2026-08-27 21:55:36,332 | INFO | Loaded 13 lines from https://raw.githubusercontent.com/igareck/vpn-conf...
2026-08-27 21:55:36,361 | INFO | Loaded 83 lines from https://raw.githubusercontent.com/igareck/vpn-conf...
2026-08-27 21:55:36,388 | INFO | Loaded 33 lines from https://raw.githubusercontent.com/igareck/vpn-conf...
2026-08-27 21:55:36,434 | INFO | Loaded 62 lines from https://raw.githubusercontent.com/igareck/vpn-conf...
2026-08-27 21:55:36,581 | INFO | Loaded 187 lines from https://raw.githubusercontent.com/FLAT447/v2ray-li...
2026-08-27 21:55:36,581 | INFO | 
--- STEP 2: VALIDATION ---
2026-08-27 21:55:36,582 | INFO | Unique VLESS configs: 316
2026-08-27 21:55:36,611 | INFO | Archive updated: 10000 nodes (limit 10000)
2026-08-27 21:55:36,613 | INFO | 
--- STEP 3: LIVE CHECK (316 nodes, threads: 40) ---
2026-08-27 22:07:40,620 | INFO | ⏱️ Время проверки: 724.0 сек
2026-08-27 22:07:40,620 | INFO | 
--- RESULT: Found 57 live nodes ---
2026-08-27 22:07:40,620 | INFO | After dedup: 57
2026-08-27 22:07:40,620 | INFO | Filled from archive (+43), total: 100
2026-08-27 22:07:40,631 | INFO | alive_archive.txt updated: 5000 nodes (limit 5000)
2026-08-27 22:07:40,632 | INFO | Subscription updated: /home/runner/work/sbornik/sbornik/subs/vless_001.txt
2026-08-27 22:07:40,632 | INFO | 
--- STATS BY PROTOCOL ---
2026-08-27 22:07:40,632 | INFO | reality: 77
2026-08-27 22:07:40,632 | INFO | ws: 21
2026-08-27 22:07:40,632 | INFO | other: 2
2026-08-27 22:07:40,632 | INFO | 
--- TOP SNI STATS ---
2026-08-27 22:07:40,632 | INFO | api-maps.yandex.ru: 259 успешных мутаций
2026-08-27 22:07:40,632 | INFO | ozon.ru: 107 успешных мутаций
2026-08-27 22:07:40,632 | INFO | yandex.ru: 97 успешных мутаций
2026-08-27 22:07:40,632 | INFO | vk.com: 91 успешных мутаций
2026-08-27 22:07:40,632 | INFO | mail.ru: 90 успешных мутаций
2026-08-27 22:07:40,632 | INFO | wildberries.ru: 86 успешных мутаций
2026-08-27 22:07:40,632 | INFO | ok.ru: 72 успешных мутаций
2026-08-27 22:07:40,632 | INFO | storage.yandex.net: 16 успешных мутаций
2026-08-27 22:07:40,632 | INFO | dzen.ru: 8 успешных мутаций
2026-08-27 22:07:40,632 | INFO | rutube.ru: 7 успешных мутаций
2026-08-27 22:07:40,632 | INFO | 💾 Статистика SNI сохранена
