2026-08-24 16:38:42,386 | INFO | 📊 Загружена статистика SNI: 26 доменов
2026-08-24 16:38:42,386 | INFO | === SING-BOX STATUS ===
2026-08-24 16:38:42,394 | INFO | sing-box version 1.13.19

Environment: go1.25.12 linux/amd64
Tags: with_gvisor,with_quic,with_dhcp,with_wireguard,with_utls,with_acme,with_clash_api,with_tailscale,with_ccm,with_ocm,with_naive_outbound,badlinkname,tfogo_checklinkname0,with_musl
Revision: b5ebaa1fc0f2b94256180b95468e73ef53caa27d
CGO: enabled
2026-08-24 16:38:42,395 | INFO | 
--- STEP 1: FETCHING SOURCES ---
2026-08-24 16:38:42,449 | INFO | Loaded 107 lines from https://raw.githubusercontent.com/igareck/vpn-conf...
2026-08-24 16:38:42,751 | INFO | Loaded 0 lines from https://raw.githubusercontent.com/igareck/vpn-conf...
2026-08-24 16:38:43,632 | INFO | Loaded 21 lines from https://raw.githubusercontent.com/igareck/vpn-conf...
2026-08-24 16:38:43,766 | INFO | Loaded 16 lines from https://raw.githubusercontent.com/igareck/vpn-conf...
2026-08-24 16:38:43,888 | INFO | Loaded 108 lines from https://raw.githubusercontent.com/igareck/vpn-conf...
2026-08-24 16:38:44,025 | INFO | Loaded 108 lines from https://raw.githubusercontent.com/igareck/vpn-conf...
2026-08-24 16:38:44,053 | INFO | Loaded 153 lines from https://raw.githubusercontent.com/igareck/vpn-conf...
2026-08-24 16:38:44,257 | INFO | Loaded 423 lines from https://raw.githubusercontent.com/FLAT447/v2ray-li...
2026-08-24 16:38:44,257 | INFO | 
--- STEP 2: VALIDATION ---
2026-08-24 16:38:44,258 | INFO | Unique VLESS configs: 664
2026-08-24 16:38:44,284 | INFO | Archive updated: 10000 nodes (limit 10000)
2026-08-24 16:38:44,287 | INFO | 
--- STEP 3: LIVE CHECK (664 nodes, threads: 40) ---
2026-08-24 16:44:40,213 | INFO | ⏱️ Время проверки: 355.9 сек
2026-08-24 16:44:40,213 | INFO | 
--- RESULT: Found 100 live nodes ---
2026-08-24 16:44:40,213 | INFO | After dedup: 100
2026-08-24 16:44:40,224 | INFO | alive_archive.txt updated: 5000 nodes (limit 5000)
2026-08-24 16:44:40,224 | INFO | Subscription updated: /home/runner/work/sbornik/sbornik/subs/vless_001.txt
2026-08-24 16:44:40,224 | INFO | 
--- STATS BY PROTOCOL ---
2026-08-24 16:44:40,224 | INFO | reality: 82
2026-08-24 16:44:40,224 | INFO | tls: 3
2026-08-24 16:44:40,224 | INFO | ws: 13
2026-08-24 16:44:40,224 | INFO | other: 2
2026-08-24 16:44:40,224 | INFO | 
--- TOP SNI STATS ---
2026-08-24 16:44:40,224 | INFO | api-maps.yandex.ru: 259 успешных мутаций
2026-08-24 16:44:40,225 | INFO | ozon.ru: 100 успешных мутаций
2026-08-24 16:44:40,225 | INFO | yandex.ru: 96 успешных мутаций
2026-08-24 16:44:40,225 | INFO | vk.com: 91 успешных мутаций
2026-08-24 16:44:40,225 | INFO | mail.ru: 90 успешных мутаций
2026-08-24 16:44:40,225 | INFO | wildberries.ru: 84 успешных мутаций
2026-08-24 16:44:40,225 | INFO | ok.ru: 72 успешных мутаций
2026-08-24 16:44:40,225 | INFO | storage.yandex.net: 16 успешных мутаций
2026-08-24 16:44:40,225 | INFO | dzen.ru: 8 успешных мутаций
2026-08-24 16:44:40,225 | INFO | rutube.ru: 7 успешных мутаций
2026-08-24 16:44:40,225 | INFO | 💾 Статистика SNI сохранена
