2026-08-29 06:07:15,198 | INFO | 📊 Загружена статистика SNI: 26 доменов
2026-08-29 06:07:15,199 | INFO | === SING-BOX STATUS ===
2026-08-29 06:07:15,207 | INFO | sing-box version 1.13.19

Environment: go1.25.12 linux/amd64
Tags: with_gvisor,with_quic,with_dhcp,with_wireguard,with_utls,with_acme,with_clash_api,with_tailscale,with_ccm,with_ocm,with_naive_outbound,badlinkname,tfogo_checklinkname0,with_musl
Revision: b5ebaa1fc0f2b94256180b95468e73ef53caa27d
CGO: enabled
2026-08-29 06:07:15,207 | INFO | 
--- STEP 1: FETCHING SOURCES ---
2026-08-29 06:07:15,268 | INFO | Loaded 9 lines from https://raw.githubusercontent.com/igareck/vpn-conf...
2026-08-29 06:07:15,345 | INFO | Loaded 0 lines from https://raw.githubusercontent.com/igareck/vpn-conf...
2026-08-29 06:07:15,386 | INFO | Loaded 3 lines from https://raw.githubusercontent.com/igareck/vpn-conf...
2026-08-29 06:07:15,426 | INFO | Loaded 22 lines from https://raw.githubusercontent.com/igareck/vpn-conf...
2026-08-29 06:07:15,464 | INFO | Loaded 14 lines from https://raw.githubusercontent.com/igareck/vpn-conf...
2026-08-29 06:07:15,540 | INFO | Loaded 221 lines from https://raw.githubusercontent.com/igareck/vpn-conf...
2026-08-29 06:07:15,589 | INFO | Loaded 153 lines from https://raw.githubusercontent.com/igareck/vpn-conf...
2026-08-29 06:07:15,701 | INFO | Loaded 125 lines from https://raw.githubusercontent.com/FLAT447/v2ray-li...
2026-08-29 06:07:15,701 | INFO | 
--- STEP 2: VALIDATION ---
2026-08-29 06:07:15,702 | INFO | Unique VLESS configs: 362
2026-08-29 06:07:15,731 | INFO | Archive updated: 10000 nodes (limit 10000)
2026-08-29 06:07:15,733 | INFO | 
--- STEP 3: LIVE CHECK (362 nodes, threads: 40) ---
2026-08-29 06:08:19,256 | INFO | ⏱️ Время проверки: 63.5 сек
2026-08-29 06:08:19,256 | INFO | 
--- RESULT: Found 102 live nodes ---
2026-08-29 06:08:19,256 | INFO | After dedup: 102
2026-08-29 06:08:19,266 | INFO | alive_archive.txt updated: 5000 nodes (limit 5000)
2026-08-29 06:08:19,266 | INFO | Subscription updated: /home/runner/work/sbornik/sbornik/subs/vless_001.txt
2026-08-29 06:08:19,266 | INFO | 
--- STATS BY PROTOCOL ---
2026-08-29 06:08:19,266 | INFO | reality: 97
2026-08-29 06:08:19,266 | INFO | ws: 5
2026-08-29 06:08:19,266 | INFO | 
--- TOP SNI STATS ---
2026-08-29 06:08:19,266 | INFO | api-maps.yandex.ru: 259 успешных мутаций
2026-08-29 06:08:19,266 | INFO | ozon.ru: 107 успешных мутаций
2026-08-29 06:08:19,266 | INFO | yandex.ru: 97 успешных мутаций
2026-08-29 06:08:19,266 | INFO | vk.com: 91 успешных мутаций
2026-08-29 06:08:19,266 | INFO | mail.ru: 90 успешных мутаций
2026-08-29 06:08:19,266 | INFO | wildberries.ru: 86 успешных мутаций
2026-08-29 06:08:19,266 | INFO | ok.ru: 72 успешных мутаций
2026-08-29 06:08:19,266 | INFO | storage.yandex.net: 16 успешных мутаций
2026-08-29 06:08:19,266 | INFO | dzen.ru: 8 успешных мутаций
2026-08-29 06:08:19,266 | INFO | rutube.ru: 7 успешных мутаций
2026-08-29 06:08:19,267 | INFO | 💾 Статистика SNI сохранена
