2026-09-11 22:19:01,873 | INFO | 📊 Загружена статистика SNI: 26 доменов
2026-09-11 22:19:01,873 | INFO | === SING-BOX STATUS ===
2026-09-11 22:19:01,902 | INFO | sing-box version 1.14.0

Environment: go1.26.7 linux/amd64
Tags: with_gvisor,with_quic,with_dhcp,with_wireguard,with_utls,with_acme,with_clash_api,with_tailscale,with_ccm,with_ocm,with_cloudflared,with_naive_outbound,with_usbip,with_openvpn,with_openconnect,badlinkname,tfogo_checklinkname0,with_musl
Revision: 0b8995879f29a9b98ee027bc17b75e101445b238
CGO: enabled
2026-09-11 22:19:01,902 | INFO | 
--- STEP 1: FETCHING SOURCES ---
2026-09-11 22:19:02,009 | INFO | Loaded 58 lines from https://raw.githubusercontent.com/igareck/vpn-conf...
2026-09-11 22:19:02,130 | INFO | Loaded 0 lines from https://raw.githubusercontent.com/igareck/vpn-conf...
2026-09-11 22:19:02,225 | INFO | Loaded 31 lines from https://raw.githubusercontent.com/igareck/vpn-conf...
2026-09-11 22:19:02,366 | INFO | Loaded 3 lines from https://raw.githubusercontent.com/igareck/vpn-conf...
2026-09-11 22:19:02,391 | INFO | Loaded 58 lines from https://raw.githubusercontent.com/igareck/vpn-conf...
2026-09-11 22:19:02,498 | INFO | Loaded 88 lines from https://raw.githubusercontent.com/igareck/vpn-conf...
2026-09-11 22:19:02,523 | INFO | Loaded 96 lines from https://raw.githubusercontent.com/igareck/vpn-conf...
2026-09-11 22:19:02,678 | INFO | Loaded 42 lines from https://raw.githubusercontent.com/FLAT447/v2ray-li...
2026-09-11 22:19:02,679 | INFO | 
--- STEP 2: VALIDATION ---
2026-09-11 22:19:02,679 | INFO | Unique VLESS configs: 178
2026-09-11 22:19:02,704 | INFO | Archive updated: 10000 nodes (limit 10000)
2026-09-11 22:19:02,705 | INFO | 
--- STEP 3: LIVE CHECK (178 nodes, threads: 40) ---
2026-09-11 22:19:46,302 | INFO | ⏱️ Время проверки: 43.6 сек
2026-09-11 22:19:46,302 | INFO | 
--- RESULT: Found 107 live nodes ---
2026-09-11 22:19:46,302 | INFO | After dedup: 107
2026-09-11 22:19:46,309 | INFO | alive_archive.txt updated: 5000 nodes (limit 5000)
2026-09-11 22:19:46,309 | INFO | Subscription updated: /home/runner/work/sbornik/sbornik/subs/vless_001.txt
2026-09-11 22:19:46,309 | INFO | 
--- STATS BY PROTOCOL ---
2026-09-11 22:19:46,309 | INFO | reality: 78
2026-09-11 22:19:46,309 | INFO | ws: 29
2026-09-11 22:19:46,309 | INFO | 
--- TOP SNI STATS ---
2026-09-11 22:19:46,309 | INFO | api-maps.yandex.ru: 268 успешных мутаций
2026-09-11 22:19:46,309 | INFO | ozon.ru: 108 успешных мутаций
2026-09-11 22:19:46,309 | INFO | yandex.ru: 98 успешных мутаций
2026-09-11 22:19:46,309 | INFO | vk.com: 94 успешных мутаций
2026-09-11 22:19:46,309 | INFO | mail.ru: 90 успешных мутаций
2026-09-11 22:19:46,309 | INFO | wildberries.ru: 86 успешных мутаций
2026-09-11 22:19:46,309 | INFO | ok.ru: 72 успешных мутаций
2026-09-11 22:19:46,309 | INFO | storage.yandex.net: 16 успешных мутаций
2026-09-11 22:19:46,310 | INFO | dzen.ru: 9 успешных мутаций
2026-09-11 22:19:46,310 | INFO | rutube.ru: 8 успешных мутаций
2026-09-11 22:19:46,310 | INFO | 💾 Статистика SNI сохранена
