2026-09-21 17:58:45,856 | INFO | 📊 Загружена статистика SNI: 26 доменов
2026-09-21 17:58:45,857 | INFO | === SING-BOX STATUS ===
2026-09-21 17:58:45,882 | INFO | sing-box version 1.14.1

Environment: go1.26.8 linux/amd64
Tags: with_gvisor,with_quic,with_dhcp,with_wireguard,with_utls,with_acme,with_clash_api,with_tailscale,with_ccm,with_ocm,with_cloudflared,with_naive_outbound,with_usbip,with_openvpn,with_openconnect,badlinkname,tfogo_checklinkname0,with_musl
Revision: 1ac1a339cb1223e9c70eae14c44411c75033c02d
CGO: enabled
2026-09-21 17:58:45,882 | INFO | 
--- STEP 1: FETCHING SOURCES ---
2026-09-21 17:58:45,998 | INFO | Loaded 24 lines from https://raw.githubusercontent.com/igareck/vpn-conf...
2026-09-21 17:58:46,072 | INFO | Loaded 0 lines from https://raw.githubusercontent.com/igareck/vpn-conf...
2026-09-21 17:58:46,167 | INFO | Loaded 3 lines from https://raw.githubusercontent.com/igareck/vpn-conf...
2026-09-21 17:58:46,232 | INFO | Loaded 3 lines from https://raw.githubusercontent.com/igareck/vpn-conf...
2026-09-21 17:58:46,321 | INFO | Loaded 29 lines from https://raw.githubusercontent.com/igareck/vpn-conf...
2026-09-21 17:58:46,402 | INFO | Loaded 144 lines from https://raw.githubusercontent.com/igareck/vpn-conf...
2026-09-21 17:58:46,575 | INFO | Loaded 153 lines from https://raw.githubusercontent.com/igareck/vpn-conf...
2026-09-21 17:58:46,709 | INFO | Loaded 13 lines from https://raw.githubusercontent.com/FLAT447/v2ray-li...
2026-09-21 17:58:46,709 | INFO | 
--- STEP 2: VALIDATION ---
2026-09-21 17:58:46,709 | INFO | Unique VLESS configs: 201
2026-09-21 17:58:46,725 | INFO | Archive updated: 10000 nodes (limit 10000)
2026-09-21 17:58:46,726 | INFO | 
--- STEP 3: LIVE CHECK (201 nodes, threads: 40) ---
2026-09-21 18:04:01,260 | INFO | ⏱️ Время проверки: 314.5 сек
2026-09-21 18:04:01,260 | INFO | 
--- RESULT: Found 84 live nodes ---
2026-09-21 18:04:01,260 | INFO | After dedup: 84
2026-09-21 18:04:01,260 | INFO | Filled from archive (+16), total: 100
2026-09-21 18:04:01,268 | INFO | alive_archive.txt updated: 5000 nodes (limit 5000)
2026-09-21 18:04:01,268 | INFO | Subscription updated: /home/runner/work/sbornik/sbornik/subs/vless_001.txt
2026-09-21 18:04:01,268 | INFO | 
--- STATS BY PROTOCOL ---
2026-09-21 18:04:01,268 | INFO | reality: 22
2026-09-21 18:04:01,268 | INFO | ws: 77
2026-09-21 18:04:01,268 | INFO | other: 1
2026-09-21 18:04:01,268 | INFO | 
--- TOP SNI STATS ---
2026-09-21 18:04:01,268 | INFO | api-maps.yandex.ru: 268 успешных мутаций
2026-09-21 18:04:01,268 | INFO | ozon.ru: 108 успешных мутаций
2026-09-21 18:04:01,268 | INFO | yandex.ru: 98 успешных мутаций
2026-09-21 18:04:01,268 | INFO | vk.com: 94 успешных мутаций
2026-09-21 18:04:01,268 | INFO | mail.ru: 90 успешных мутаций
2026-09-21 18:04:01,268 | INFO | wildberries.ru: 86 успешных мутаций
2026-09-21 18:04:01,268 | INFO | ok.ru: 72 успешных мутаций
2026-09-21 18:04:01,268 | INFO | storage.yandex.net: 16 успешных мутаций
2026-09-21 18:04:01,268 | INFO | dzen.ru: 9 успешных мутаций
2026-09-21 18:04:01,268 | INFO | rutube.ru: 8 успешных мутаций
2026-09-21 18:04:01,269 | INFO | 💾 Статистика SNI сохранена
