2026-08-03 21:04:24,948 | INFO | 📊 Загружена статистика SNI: 26 доменов
2026-08-03 21:04:24,948 | INFO | === SING-BOX STATUS ===
2026-08-03 21:04:24,957 | INFO | sing-box version 1.13.16

Environment: go1.25.12 linux/amd64
Tags: with_gvisor,with_quic,with_dhcp,with_wireguard,with_utls,with_acme,with_clash_api,with_tailscale,with_ccm,with_ocm,with_naive_outbound,badlinkname,tfogo_checklinkname0,with_musl
Revision: 17ec3c71af8ca946dc50bf0d927c39fc77322aec
CGO: enabled
2026-08-03 21:04:24,957 | INFO | 
--- STEP 1: FETCHING SOURCES ---
2026-08-03 21:04:24,995 | INFO | Loaded 153 lines from https://raw.githubusercontent.com/igareck/vpn-conf...
2026-08-03 21:04:25,059 | INFO | Loaded 0 lines from https://raw.githubusercontent.com/igareck/vpn-conf...
2026-08-03 21:04:25,115 | INFO | Loaded 217 lines from https://raw.githubusercontent.com/igareck/vpn-conf...
2026-08-03 21:04:25,168 | INFO | Loaded 13 lines from https://raw.githubusercontent.com/igareck/vpn-conf...
2026-08-03 21:04:25,201 | INFO | Loaded 300 lines from https://raw.githubusercontent.com/igareck/vpn-conf...
2026-08-03 21:04:25,231 | INFO | Loaded 163 lines from https://raw.githubusercontent.com/igareck/vpn-conf...
2026-08-03 21:04:25,274 | INFO | Loaded 153 lines from https://raw.githubusercontent.com/igareck/vpn-conf...
2026-08-03 21:04:25,377 | INFO | Loaded 418 lines from https://raw.githubusercontent.com/FLAT447/v2ray-li...
2026-08-03 21:04:25,377 | INFO | 
--- STEP 2: VALIDATION ---
2026-08-03 21:04:25,379 | INFO | Unique VLESS configs: 903
2026-08-03 21:04:25,408 | INFO | Archive updated: 10000 nodes (limit 10000)
2026-08-03 21:04:25,413 | INFO | 
--- STEP 3: LIVE CHECK (903 nodes, threads: 40) ---
2026-08-03 21:10:03,215 | INFO | ⏱️ Время проверки: 337.8 сек
2026-08-03 21:10:03,215 | INFO | 
--- RESULT: Found 101 live nodes ---
2026-08-03 21:10:03,215 | INFO | After dedup: 101
2026-08-03 21:10:03,229 | INFO | alive_archive.txt updated: 5000 nodes (limit 5000)
2026-08-03 21:10:03,229 | INFO | Subscription updated: /home/runner/work/sbornik/sbornik/subs/vless_001.txt
2026-08-03 21:10:03,230 | INFO | 
--- STATS BY PROTOCOL ---
2026-08-03 21:10:03,230 | INFO | reality: 59
2026-08-03 21:10:03,230 | INFO | ws: 42
2026-08-03 21:10:03,230 | INFO | 
--- TOP SNI STATS ---
2026-08-03 21:10:03,230 | INFO | api-maps.yandex.ru: 180 успешных мутаций
2026-08-03 21:10:03,230 | INFO | ozon.ru: 37 успешных мутаций
2026-08-03 21:10:03,230 | INFO | mail.ru: 32 успешных мутаций
2026-08-03 21:10:03,230 | INFO | ok.ru: 28 успешных мутаций
2026-08-03 21:10:03,230 | INFO | yandex.ru: 28 успешных мутаций
2026-08-03 21:10:03,230 | INFO | vk.com: 26 успешных мутаций
2026-08-03 21:10:03,230 | INFO | wildberries.ru: 25 успешных мутаций
2026-08-03 21:10:03,230 | INFO | dzen.ru: 6 успешных мутаций
2026-08-03 21:10:03,230 | INFO | rutube.ru: 3 успешных мутаций
2026-08-03 21:10:03,230 | INFO | cdn.x5.ru: 1 успешных мутаций
2026-08-03 21:10:03,231 | INFO | 💾 Статистика SNI сохранена
