2026-09-14 09:39:55,935 | INFO | 📊 Загружена статистика SNI: 26 доменов
2026-09-14 09:39:55,935 | INFO | === SING-BOX STATUS ===
2026-09-14 09:39:55,969 | INFO | sing-box version 1.14.0

Environment: go1.26.7 linux/amd64
Tags: with_gvisor,with_quic,with_dhcp,with_wireguard,with_utls,with_acme,with_clash_api,with_tailscale,with_ccm,with_ocm,with_cloudflared,with_naive_outbound,with_usbip,with_openvpn,with_openconnect,badlinkname,tfogo_checklinkname0,with_musl
Revision: 0b8995879f29a9b98ee027bc17b75e101445b238
CGO: enabled
2026-09-14 09:39:55,969 | INFO | 
--- STEP 1: FETCHING SOURCES ---
2026-09-14 09:39:56,100 | INFO | Loaded 74 lines from https://raw.githubusercontent.com/igareck/vpn-conf...
2026-09-14 09:39:56,224 | INFO | Loaded 0 lines from https://raw.githubusercontent.com/igareck/vpn-conf...
2026-09-14 09:39:56,338 | INFO | Loaded 3 lines from https://raw.githubusercontent.com/igareck/vpn-conf...
2026-09-14 09:39:56,378 | INFO | Loaded 6 lines from https://raw.githubusercontent.com/igareck/vpn-conf...
2026-09-14 09:39:56,430 | INFO | Loaded 76 lines from https://raw.githubusercontent.com/igareck/vpn-conf...
2026-09-14 09:39:56,562 | INFO | Loaded 247 lines from https://raw.githubusercontent.com/igareck/vpn-conf...
2026-09-14 09:39:56,715 | INFO | Loaded 153 lines from https://raw.githubusercontent.com/igareck/vpn-conf...
2026-09-14 09:39:56,877 | INFO | Loaded 134 lines from https://raw.githubusercontent.com/FLAT447/v2ray-li...
2026-09-14 09:39:56,877 | INFO | 
--- STEP 2: VALIDATION ---
2026-09-14 09:39:56,878 | INFO | Unique VLESS configs: 437
2026-09-14 09:39:56,903 | INFO | Archive updated: 10000 nodes (limit 10000)
2026-09-14 09:39:56,905 | INFO | 
--- STEP 3: LIVE CHECK (437 nodes, threads: 40) ---
2026-09-14 10:01:41,952 | INFO | ⏱️ Время проверки: 1305.0 сек
2026-09-14 10:01:41,952 | INFO | 
--- RESULT: Found 63 live nodes ---
2026-09-14 10:01:41,952 | INFO | After dedup: 63
2026-09-14 10:01:41,952 | INFO | Filled from archive (+37), total: 100
2026-09-14 10:01:41,965 | INFO | alive_archive.txt updated: 5000 nodes (limit 5000)
2026-09-14 10:01:41,966 | INFO | Subscription updated: /home/runner/work/sbornik/sbornik/subs/vless_001.txt
2026-09-14 10:01:41,966 | INFO | 
--- STATS BY PROTOCOL ---
2026-09-14 10:01:41,966 | INFO | reality: 67
2026-09-14 10:01:41,966 | INFO | ws: 32
2026-09-14 10:01:41,966 | INFO | other: 1
2026-09-14 10:01:41,966 | INFO | 
--- TOP SNI STATS ---
2026-09-14 10:01:41,966 | INFO | api-maps.yandex.ru: 268 успешных мутаций
2026-09-14 10:01:41,966 | INFO | ozon.ru: 108 успешных мутаций
2026-09-14 10:01:41,966 | INFO | yandex.ru: 98 успешных мутаций
2026-09-14 10:01:41,966 | INFO | vk.com: 94 успешных мутаций
2026-09-14 10:01:41,966 | INFO | mail.ru: 90 успешных мутаций
2026-09-14 10:01:41,966 | INFO | wildberries.ru: 86 успешных мутаций
2026-09-14 10:01:41,966 | INFO | ok.ru: 72 успешных мутаций
2026-09-14 10:01:41,966 | INFO | storage.yandex.net: 16 успешных мутаций
2026-09-14 10:01:41,966 | INFO | dzen.ru: 9 успешных мутаций
2026-09-14 10:01:41,966 | INFO | rutube.ru: 8 успешных мутаций
2026-09-14 10:01:41,967 | INFO | 💾 Статистика SNI сохранена
