2026-09-09 03:38:43,711 | INFO | 📊 Загружена статистика SNI: 26 доменов
2026-09-09 03:38:43,711 | INFO | === SING-BOX STATUS ===
2026-09-09 03:38:43,747 | INFO | sing-box version 1.14.0

Environment: go1.26.7 linux/amd64
Tags: with_gvisor,with_quic,with_dhcp,with_wireguard,with_utls,with_acme,with_clash_api,with_tailscale,with_ccm,with_ocm,with_cloudflared,with_naive_outbound,with_usbip,with_openvpn,with_openconnect,badlinkname,tfogo_checklinkname0,with_musl
Revision: 0b8995879f29a9b98ee027bc17b75e101445b238
CGO: enabled
2026-09-09 03:38:43,747 | INFO | 
--- STEP 1: FETCHING SOURCES ---
2026-09-09 03:38:43,839 | INFO | Loaded 135 lines from https://raw.githubusercontent.com/igareck/vpn-conf...
2026-09-09 03:38:43,935 | INFO | Loaded 0 lines from https://raw.githubusercontent.com/igareck/vpn-conf...
2026-09-09 03:38:44,945 | INFO | Loaded 23 lines from https://raw.githubusercontent.com/igareck/vpn-conf...
2026-09-09 03:38:44,974 | INFO | Loaded 5 lines from https://raw.githubusercontent.com/igareck/vpn-conf...
2026-09-09 03:38:45,004 | INFO | Loaded 135 lines from https://raw.githubusercontent.com/igareck/vpn-conf...
2026-09-09 03:38:45,083 | INFO | Loaded 86 lines from https://raw.githubusercontent.com/igareck/vpn-conf...
2026-09-09 03:38:45,112 | INFO | Loaded 153 lines from https://raw.githubusercontent.com/igareck/vpn-conf...
2026-09-09 03:38:45,206 | INFO | Loaded 130 lines from https://raw.githubusercontent.com/FLAT447/v2ray-li...
2026-09-09 03:38:45,206 | INFO | 
--- STEP 2: VALIDATION ---
2026-09-09 03:38:45,207 | INFO | Unique VLESS configs: 346
2026-09-09 03:38:45,238 | INFO | Archive updated: 10000 nodes (limit 10000)
2026-09-09 03:38:45,240 | INFO | 
--- STEP 3: LIVE CHECK (346 nodes, threads: 40) ---
2026-09-09 03:53:38,758 | INFO | ⏱️ Время проверки: 893.5 сек
2026-09-09 03:53:38,758 | INFO | 
--- RESULT: Found 81 live nodes ---
2026-09-09 03:53:38,758 | INFO | After dedup: 81
2026-09-09 03:53:38,758 | INFO | Filled from archive (+19), total: 100
2026-09-09 03:53:38,770 | INFO | alive_archive.txt updated: 5000 nodes (limit 5000)
2026-09-09 03:53:38,771 | INFO | Subscription updated: /home/runner/work/sbornik/sbornik/subs/vless_001.txt
2026-09-09 03:53:38,771 | INFO | 
--- STATS BY PROTOCOL ---
2026-09-09 03:53:38,771 | INFO | reality: 51
2026-09-09 03:53:38,771 | INFO | tls: 1
2026-09-09 03:53:38,771 | INFO | ws: 45
2026-09-09 03:53:38,771 | INFO | other: 3
2026-09-09 03:53:38,771 | INFO | 
--- TOP SNI STATS ---
2026-09-09 03:53:38,771 | INFO | api-maps.yandex.ru: 264 успешных мутаций
2026-09-09 03:53:38,771 | INFO | ozon.ru: 108 успешных мутаций
2026-09-09 03:53:38,771 | INFO | yandex.ru: 98 успешных мутаций
2026-09-09 03:53:38,772 | INFO | vk.com: 94 успешных мутаций
2026-09-09 03:53:38,772 | INFO | mail.ru: 90 успешных мутаций
2026-09-09 03:53:38,772 | INFO | wildberries.ru: 86 успешных мутаций
2026-09-09 03:53:38,772 | INFO | ok.ru: 72 успешных мутаций
2026-09-09 03:53:38,772 | INFO | storage.yandex.net: 16 успешных мутаций
2026-09-09 03:53:38,772 | INFO | dzen.ru: 9 успешных мутаций
2026-09-09 03:53:38,772 | INFO | rutube.ru: 8 успешных мутаций
2026-09-09 03:53:38,772 | INFO | 💾 Статистика SNI сохранена
