2026-08-02 06:34:34,696 | INFO | 📊 Загружена статистика SNI: 26 доменов
2026-08-02 06:34:34,696 | INFO | === SING-BOX STATUS ===
2026-08-02 06:34:34,706 | INFO | sing-box version 1.13.15

Environment: go1.25.12 linux/amd64
Tags: with_gvisor,with_quic,with_dhcp,with_wireguard,with_utls,with_acme,with_clash_api,with_tailscale,with_ccm,with_ocm,with_naive_outbound,badlinkname,tfogo_checklinkname0,with_musl
Revision: 3708fa18766cda1f11b77f6ed9c7bd61688f17df
CGO: enabled
2026-08-02 06:34:34,706 | INFO | 
--- STEP 1: FETCHING SOURCES ---
2026-08-02 06:34:34,761 | INFO | Loaded 112 lines from https://raw.githubusercontent.com/igareck/vpn-conf...
2026-08-02 06:34:34,805 | INFO | Loaded 0 lines from https://raw.githubusercontent.com/igareck/vpn-conf...
2026-08-02 06:34:34,846 | INFO | Loaded 23 lines from https://raw.githubusercontent.com/igareck/vpn-conf...
2026-08-02 06:34:34,886 | INFO | Loaded 3 lines from https://raw.githubusercontent.com/igareck/vpn-conf...
2026-08-02 06:34:34,927 | INFO | Loaded 116 lines from https://raw.githubusercontent.com/igareck/vpn-conf...
2026-08-02 06:34:34,975 | INFO | Loaded 448 lines from https://raw.githubusercontent.com/igareck/vpn-conf...
2026-08-02 06:34:35,042 | INFO | Loaded 153 lines from https://raw.githubusercontent.com/igareck/vpn-conf...
2026-08-02 06:34:35,147 | INFO | Loaded 480 lines from https://raw.githubusercontent.com/FLAT447/v2ray-li...
2026-08-02 06:34:35,147 | INFO | 
--- STEP 2: VALIDATION ---
2026-08-02 06:34:35,149 | INFO | Unique VLESS configs: 1025
2026-08-02 06:34:35,182 | INFO | Archive updated: 10000 nodes (limit 10000)
2026-08-02 06:34:35,188 | INFO | 
--- STEP 3: LIVE CHECK (1025 nodes, threads: 40) ---
2026-08-02 06:39:40,452 | INFO | [🎉 SNI WORKED] Нода ожила с SNI: api-maps.yandex.ru (порт 11000)
2026-08-02 06:39:43,266 | INFO | [🎉 SNI WORKED] Нода ожила с SNI: api-maps.yandex.ru (порт 11028)
2026-08-02 06:41:23,824 | INFO | ⏱️ Время проверки: 408.6 сек
2026-08-02 06:41:23,824 | INFO | 
--- RESULT: Found 103 live nodes ---
2026-08-02 06:41:23,824 | INFO | After dedup: 103
2026-08-02 06:41:23,835 | INFO | alive_archive.txt updated: 5000 nodes (limit 5000)
2026-08-02 06:41:23,835 | INFO | Subscription updated: /home/runner/work/sbornik/sbornik/subs/vless_001.txt
2026-08-02 06:41:23,836 | INFO | 
--- STATS BY PROTOCOL ---
2026-08-02 06:41:23,836 | INFO | reality: 41
2026-08-02 06:41:23,836 | INFO | tls: 5
2026-08-02 06:41:23,836 | INFO | ws: 54
2026-08-02 06:41:23,836 | INFO | other: 3
2026-08-02 06:41:23,836 | INFO | 
--- TOP SNI STATS ---
2026-08-02 06:41:23,836 | INFO | api-maps.yandex.ru: 177 успешных мутаций
2026-08-02 06:41:23,836 | INFO | ozon.ru: 37 успешных мутаций
2026-08-02 06:41:23,836 | INFO | mail.ru: 32 успешных мутаций
2026-08-02 06:41:23,836 | INFO | ok.ru: 28 успешных мутаций
2026-08-02 06:41:23,836 | INFO | yandex.ru: 28 успешных мутаций
2026-08-02 06:41:23,836 | INFO | vk.com: 26 успешных мутаций
2026-08-02 06:41:23,836 | INFO | wildberries.ru: 25 успешных мутаций
2026-08-02 06:41:23,836 | INFO | dzen.ru: 4 успешных мутаций
2026-08-02 06:41:23,836 | INFO | rutube.ru: 3 успешных мутаций
2026-08-02 06:41:23,836 | INFO | cdn.x5.ru: 1 успешных мутаций
2026-08-02 06:41:23,837 | INFO | 💾 Статистика SNI сохранена
