2026-08-14 02:03:43,962 | INFO | 📊 Загружена статистика SNI: 26 доменов
2026-08-14 02:03:43,962 | INFO | === SING-BOX STATUS ===
2026-08-14 02:03:43,973 | INFO | sing-box version 1.13.18

Environment: go1.25.12 linux/amd64
Tags: with_gvisor,with_quic,with_dhcp,with_wireguard,with_utls,with_acme,with_clash_api,with_tailscale,with_ccm,with_ocm,with_naive_outbound,badlinkname,tfogo_checklinkname0,with_musl
Revision: 45ca32dcb966f07f97fc888fe8586e359dbe8405
CGO: enabled
2026-08-14 02:03:43,973 | INFO | 
--- STEP 1: FETCHING SOURCES ---
2026-08-14 02:03:44,135 | INFO | Loaded 98 lines from https://raw.githubusercontent.com/igareck/vpn-conf...
2026-08-14 02:03:44,293 | INFO | Loaded 0 lines from https://raw.githubusercontent.com/igareck/vpn-conf...
2026-08-14 02:03:44,402 | INFO | Loaded 3 lines from https://raw.githubusercontent.com/igareck/vpn-conf...
2026-08-14 02:03:44,533 | INFO | Loaded 26 lines from https://raw.githubusercontent.com/igareck/vpn-conf...
2026-08-14 02:03:44,688 | INFO | Loaded 98 lines from https://raw.githubusercontent.com/igareck/vpn-conf...
2026-08-14 02:03:44,838 | INFO | Loaded 134 lines from https://raw.githubusercontent.com/igareck/vpn-conf...
2026-08-14 02:03:44,989 | INFO | Loaded 153 lines from https://raw.githubusercontent.com/igareck/vpn-conf...
2026-08-14 02:03:45,144 | INFO | Loaded 10 lines from https://raw.githubusercontent.com/FLAT447/v2ray-li...
2026-08-14 02:03:45,144 | INFO | 
--- STEP 2: VALIDATION ---
2026-08-14 02:03:45,145 | INFO | Unique VLESS configs: 281
2026-08-14 02:03:45,172 | INFO | Archive updated: 10000 nodes (limit 10000)
2026-08-14 02:03:45,174 | INFO | 
--- STEP 3: LIVE CHECK (281 nodes, threads: 40) ---
2026-08-14 02:07:49,942 | INFO | ⏱️ Время проверки: 244.8 сек
2026-08-14 02:07:49,943 | INFO | 
--- RESULT: Found 104 live nodes ---
2026-08-14 02:07:49,943 | INFO | After dedup: 104
2026-08-14 02:07:49,954 | INFO | alive_archive.txt updated: 5000 nodes (limit 5000)
2026-08-14 02:07:49,954 | INFO | Subscription updated: /home/runner/work/sbornik/sbornik/subs/vless_001.txt
2026-08-14 02:07:49,954 | INFO | 
--- STATS BY PROTOCOL ---
2026-08-14 02:07:49,954 | INFO | reality: 48
2026-08-14 02:07:49,954 | INFO | tls: 4
2026-08-14 02:07:49,954 | INFO | ws: 51
2026-08-14 02:07:49,954 | INFO | other: 1
2026-08-14 02:07:49,954 | INFO | 
--- TOP SNI STATS ---
2026-08-14 02:07:49,955 | INFO | api-maps.yandex.ru: 253 успешных мутаций
2026-08-14 02:07:49,955 | INFO | yandex.ru: 96 успешных мутаций
2026-08-14 02:07:49,955 | INFO | ozon.ru: 93 успешных мутаций
2026-08-14 02:07:49,955 | INFO | vk.com: 90 успешных мутаций
2026-08-14 02:07:49,955 | INFO | mail.ru: 90 успешных мутаций
2026-08-14 02:07:49,955 | INFO | wildberries.ru: 84 успешных мутаций
2026-08-14 02:07:49,955 | INFO | ok.ru: 71 успешных мутаций
2026-08-14 02:07:49,955 | INFO | storage.yandex.net: 14 успешных мутаций
2026-08-14 02:07:49,955 | INFO | dzen.ru: 7 успешных мутаций
2026-08-14 02:07:49,955 | INFO | rutube.ru: 5 успешных мутаций
2026-08-14 02:07:49,955 | INFO | 💾 Статистика SNI сохранена
