2026-08-20 12:52:23,963 | INFO | 📊 Загружена статистика SNI: 26 доменов
2026-08-20 12:52:23,963 | INFO | === SING-BOX STATUS ===
2026-08-20 12:52:23,973 | INFO | sing-box version 1.13.19

Environment: go1.25.12 linux/amd64
Tags: with_gvisor,with_quic,with_dhcp,with_wireguard,with_utls,with_acme,with_clash_api,with_tailscale,with_ccm,with_ocm,with_naive_outbound,badlinkname,tfogo_checklinkname0,with_musl
Revision: b5ebaa1fc0f2b94256180b95468e73ef53caa27d
CGO: enabled
2026-08-20 12:52:23,973 | INFO | 
--- STEP 1: FETCHING SOURCES ---
2026-08-20 12:52:24,111 | INFO | Loaded 19 lines from https://raw.githubusercontent.com/igareck/vpn-conf...
2026-08-20 12:52:24,237 | INFO | Loaded 0 lines from https://raw.githubusercontent.com/igareck/vpn-conf...
2026-08-20 12:52:24,368 | INFO | Loaded 3 lines from https://raw.githubusercontent.com/igareck/vpn-conf...
2026-08-20 12:52:24,498 | INFO | Loaded 34 lines from https://raw.githubusercontent.com/igareck/vpn-conf...
2026-08-20 12:52:24,610 | INFO | Loaded 19 lines from https://raw.githubusercontent.com/igareck/vpn-conf...
2026-08-20 12:52:24,739 | INFO | Loaded 119 lines from https://raw.githubusercontent.com/igareck/vpn-conf...
2026-08-20 12:52:24,767 | INFO | Loaded 153 lines from https://raw.githubusercontent.com/igareck/vpn-conf...
2026-08-20 12:52:24,958 | INFO | Loaded 421 lines from https://raw.githubusercontent.com/FLAT447/v2ray-li...
2026-08-20 12:52:24,958 | INFO | 
--- STEP 2: VALIDATION ---
2026-08-20 12:52:24,960 | INFO | Unique VLESS configs: 605
2026-08-20 12:52:25,000 | INFO | Archive updated: 10000 nodes (limit 10000)
2026-08-20 12:52:25,003 | INFO | 
--- STEP 3: LIVE CHECK (605 nodes, threads: 40) ---
2026-08-20 13:14:11,739 | INFO | ⏱️ Время проверки: 1306.7 сек
2026-08-20 13:14:11,739 | INFO | 
--- RESULT: Found 41 live nodes ---
2026-08-20 13:14:11,739 | INFO | After dedup: 41
2026-08-20 13:14:11,739 | INFO | Filled from archive (+59), total: 100
2026-08-20 13:14:11,752 | INFO | alive_archive.txt updated: 5000 nodes (limit 5000)
2026-08-20 13:14:11,752 | INFO | Subscription updated: /home/runner/work/sbornik/sbornik/subs/vless_001.txt
2026-08-20 13:14:11,752 | INFO | 
--- STATS BY PROTOCOL ---
2026-08-20 13:14:11,752 | INFO | reality: 72
2026-08-20 13:14:11,752 | INFO | tls: 13
2026-08-20 13:14:11,752 | INFO | ws: 15
2026-08-20 13:14:11,752 | INFO | 
--- TOP SNI STATS ---
2026-08-20 13:14:11,753 | INFO | api-maps.yandex.ru: 257 успешных мутаций
2026-08-20 13:14:11,753 | INFO | yandex.ru: 96 успешных мутаций
2026-08-20 13:14:11,753 | INFO | ozon.ru: 93 успешных мутаций
2026-08-20 13:14:11,753 | INFO | vk.com: 90 успешных мутаций
2026-08-20 13:14:11,753 | INFO | mail.ru: 90 успешных мутаций
2026-08-20 13:14:11,753 | INFO | wildberries.ru: 84 успешных мутаций
2026-08-20 13:14:11,753 | INFO | ok.ru: 72 успешных мутаций
2026-08-20 13:14:11,753 | INFO | storage.yandex.net: 14 успешных мутаций
2026-08-20 13:14:11,753 | INFO | dzen.ru: 8 успешных мутаций
2026-08-20 13:14:11,753 | INFO | rutube.ru: 7 успешных мутаций
2026-08-20 13:14:11,753 | INFO | 💾 Статистика SNI сохранена
