2026-09-03 08:39:46,632 | INFO | 📊 Загружена статистика SNI: 26 доменов
2026-09-03 08:39:46,632 | INFO | === SING-BOX STATUS ===
2026-09-03 08:39:46,667 | INFO | sing-box version 1.14.0

Environment: go1.26.7 linux/amd64
Tags: with_gvisor,with_quic,with_dhcp,with_wireguard,with_utls,with_acme,with_clash_api,with_tailscale,with_ccm,with_ocm,with_cloudflared,with_naive_outbound,with_usbip,with_openvpn,with_openconnect,badlinkname,tfogo_checklinkname0,with_musl
Revision: 0b8995879f29a9b98ee027bc17b75e101445b238
CGO: enabled
2026-09-03 08:39:46,667 | INFO | 
--- STEP 1: FETCHING SOURCES ---
2026-09-03 08:39:46,812 | INFO | Loaded 105 lines from https://raw.githubusercontent.com/igareck/vpn-conf...
2026-09-03 08:39:46,936 | INFO | Loaded 0 lines from https://raw.githubusercontent.com/igareck/vpn-conf...
2026-09-03 08:39:47,059 | INFO | Loaded 12 lines from https://raw.githubusercontent.com/igareck/vpn-conf...
2026-09-03 08:39:47,203 | INFO | Loaded 8 lines from https://raw.githubusercontent.com/igareck/vpn-conf...
2026-09-03 08:39:47,312 | INFO | Loaded 105 lines from https://raw.githubusercontent.com/igareck/vpn-conf...
2026-09-03 08:39:47,494 | INFO | Loaded 153 lines from https://raw.githubusercontent.com/igareck/vpn-conf...
2026-09-03 08:39:47,638 | INFO | Loaded 151 lines from https://raw.githubusercontent.com/igareck/vpn-conf...
2026-09-03 08:39:47,849 | INFO | Loaded 2103 lines from https://raw.githubusercontent.com/FLAT447/v2ray-li...
2026-09-03 08:39:47,849 | INFO | 
--- STEP 2: VALIDATION ---
2026-09-03 08:39:47,854 | INFO | Unique VLESS configs: 2286
2026-09-03 08:39:47,886 | INFO | Archive updated: 10000 nodes (limit 10000)
2026-09-03 08:39:47,908 | INFO | 
--- STEP 3: LIVE CHECK (2286 nodes, threads: 40) ---
2026-09-03 08:45:37,259 | INFO | ⏱️ Время проверки: 349.4 сек
2026-09-03 08:45:37,260 | INFO | 
--- RESULT: Found 104 live nodes ---
2026-09-03 08:45:37,260 | INFO | After dedup: 104
2026-09-03 08:45:37,272 | INFO | alive_archive.txt updated: 5000 nodes (limit 5000)
2026-09-03 08:45:37,273 | INFO | Subscription updated: /home/runner/work/sbornik/sbornik/subs/vless_001.txt
2026-09-03 08:45:37,273 | INFO | 
--- STATS BY PROTOCOL ---
2026-09-03 08:45:37,273 | INFO | reality: 16
2026-09-03 08:45:37,273 | INFO | tls: 60
2026-09-03 08:45:37,273 | INFO | ws: 23
2026-09-03 08:45:37,273 | INFO | other: 5
2026-09-03 08:45:37,273 | INFO | 
--- TOP SNI STATS ---
2026-09-03 08:45:37,273 | INFO | api-maps.yandex.ru: 262 успешных мутаций
2026-09-03 08:45:37,273 | INFO | ozon.ru: 108 успешных мутаций
2026-09-03 08:45:37,273 | INFO | yandex.ru: 98 успешных мутаций
2026-09-03 08:45:37,273 | INFO | vk.com: 92 успешных мутаций
2026-09-03 08:45:37,274 | INFO | mail.ru: 90 успешных мутаций
2026-09-03 08:45:37,274 | INFO | wildberries.ru: 86 успешных мутаций
2026-09-03 08:45:37,274 | INFO | ok.ru: 72 успешных мутаций
2026-09-03 08:45:37,274 | INFO | storage.yandex.net: 16 успешных мутаций
2026-09-03 08:45:37,274 | INFO | rutube.ru: 8 успешных мутаций
2026-09-03 08:45:37,274 | INFO | dzen.ru: 8 успешных мутаций
2026-09-03 08:45:37,274 | INFO | 💾 Статистика SNI сохранена
