2026-08-01 17:02:08,135 | INFO | 📊 Загружена статистика SNI: 26 доменов
2026-08-01 17:02:08,135 | INFO | === SING-BOX STATUS ===
2026-08-01 17:02:08,143 | INFO | sing-box version 1.13.15

Environment: go1.25.12 linux/amd64
Tags: with_gvisor,with_quic,with_dhcp,with_wireguard,with_utls,with_acme,with_clash_api,with_tailscale,with_ccm,with_ocm,with_naive_outbound,badlinkname,tfogo_checklinkname0,with_musl
Revision: 3708fa18766cda1f11b77f6ed9c7bd61688f17df
CGO: enabled
2026-08-01 17:02:08,143 | INFO | 
--- STEP 1: FETCHING SOURCES ---
2026-08-01 17:02:08,189 | INFO | Loaded 153 lines from https://raw.githubusercontent.com/igareck/vpn-conf...
2026-08-01 17:02:08,279 | INFO | Loaded 0 lines from https://raw.githubusercontent.com/igareck/vpn-conf...
2026-08-01 17:02:08,320 | INFO | Loaded 233 lines from https://raw.githubusercontent.com/igareck/vpn-conf...
2026-08-01 17:02:08,444 | INFO | Loaded 5 lines from https://raw.githubusercontent.com/igareck/vpn-conf...
2026-08-01 17:02:08,485 | INFO | Loaded 294 lines from https://raw.githubusercontent.com/igareck/vpn-conf...
2026-08-01 17:02:08,604 | INFO | Loaded 129 lines from https://raw.githubusercontent.com/igareck/vpn-conf...
2026-08-01 17:02:08,726 | INFO | Loaded 153 lines from https://raw.githubusercontent.com/igareck/vpn-conf...
2026-08-01 17:02:08,895 | INFO | Loaded 448 lines from https://raw.githubusercontent.com/FLAT447/v2ray-li...
2026-08-01 17:02:08,895 | INFO | 
--- STEP 2: VALIDATION ---
2026-08-01 17:02:08,897 | INFO | Unique VLESS configs: 839
2026-08-01 17:02:08,925 | INFO | Archive updated: 10000 nodes (limit 10000)
2026-08-01 17:02:08,929 | INFO | 
--- STEP 3: LIVE CHECK (839 nodes, threads: 40) ---
2026-08-01 17:02:46,303 | INFO | ⏱️ Время проверки: 37.4 сек
2026-08-01 17:02:46,303 | INFO | 
--- RESULT: Found 112 live nodes ---
2026-08-01 17:02:46,303 | INFO | After dedup: 112
2026-08-01 17:02:46,319 | INFO | alive_archive.txt updated: 5000 nodes (limit 5000)
2026-08-01 17:02:46,319 | INFO | Subscription updated: /home/runner/work/sbornik/sbornik/subs/vless_001.txt
2026-08-01 17:02:46,319 | INFO | 
--- STATS BY PROTOCOL ---
2026-08-01 17:02:46,319 | INFO | reality: 58
2026-08-01 17:02:46,319 | INFO | ws: 53
2026-08-01 17:02:46,319 | INFO | other: 1
2026-08-01 17:02:46,319 | INFO | 
--- TOP SNI STATS ---
2026-08-01 17:02:46,320 | INFO | api-maps.yandex.ru: 175 успешных мутаций
2026-08-01 17:02:46,320 | INFO | ozon.ru: 37 успешных мутаций
2026-08-01 17:02:46,320 | INFO | mail.ru: 32 успешных мутаций
2026-08-01 17:02:46,320 | INFO | ok.ru: 28 успешных мутаций
2026-08-01 17:02:46,320 | INFO | yandex.ru: 28 успешных мутаций
2026-08-01 17:02:46,320 | INFO | vk.com: 26 успешных мутаций
2026-08-01 17:02:46,320 | INFO | wildberries.ru: 25 успешных мутаций
2026-08-01 17:02:46,320 | INFO | dzen.ru: 4 успешных мутаций
2026-08-01 17:02:46,320 | INFO | rutube.ru: 3 успешных мутаций
2026-08-01 17:02:46,320 | INFO | cdn.x5.ru: 1 успешных мутаций
2026-08-01 17:02:46,320 | INFO | 💾 Статистика SNI сохранена
