2026-08-07 20:42:18,277 | INFO | 📊 Загружена статистика SNI: 26 доменов
2026-08-07 20:42:18,277 | INFO | === SING-BOX STATUS ===
2026-08-07 20:42:18,285 | INFO | sing-box version 1.13.16

Environment: go1.25.12 linux/amd64
Tags: with_gvisor,with_quic,with_dhcp,with_wireguard,with_utls,with_acme,with_clash_api,with_tailscale,with_ccm,with_ocm,with_naive_outbound,badlinkname,tfogo_checklinkname0,with_musl
Revision: 17ec3c71af8ca946dc50bf0d927c39fc77322aec
CGO: enabled
2026-08-07 20:42:18,285 | INFO | 
--- STEP 1: FETCHING SOURCES ---
2026-08-07 20:42:18,329 | INFO | Loaded 82 lines from https://raw.githubusercontent.com/igareck/vpn-conf...
2026-08-07 20:42:18,451 | INFO | Loaded 0 lines from https://raw.githubusercontent.com/igareck/vpn-conf...
2026-08-07 20:42:18,492 | INFO | Loaded 9 lines from https://raw.githubusercontent.com/igareck/vpn-conf...
2026-08-07 20:42:18,534 | INFO | Loaded 8 lines from https://raw.githubusercontent.com/igareck/vpn-conf...
2026-08-07 20:42:18,573 | INFO | Loaded 82 lines from https://raw.githubusercontent.com/igareck/vpn-conf...
2026-08-07 20:42:18,718 | INFO | Loaded 182 lines from https://raw.githubusercontent.com/igareck/vpn-conf...
2026-08-07 20:42:18,865 | INFO | Loaded 153 lines from https://raw.githubusercontent.com/igareck/vpn-conf...
2026-08-07 20:42:19,011 | INFO | Loaded 383 lines from https://raw.githubusercontent.com/FLAT447/v2ray-li...
2026-08-07 20:42:19,011 | INFO | 
--- STEP 2: VALIDATION ---
2026-08-07 20:42:19,013 | INFO | Unique VLESS configs: 675
2026-08-07 20:42:19,041 | INFO | Archive updated: 10000 nodes (limit 10000)
2026-08-07 20:42:19,045 | INFO | 
--- STEP 3: LIVE CHECK (675 nodes, threads: 40) ---
2026-08-07 20:42:31,839 | INFO | [🎉 SNI WORKED] Нода ожила с SNI: yandex.ru (порт 11013)
2026-08-07 20:45:48,571 | INFO | [🎉 SNI WORKED] Нода ожила с SNI: vk.com (порт 11002)
2026-08-07 20:46:00,296 | INFO | [🎉 SNI WORKED] Нода ожила с SNI: api-maps.yandex.ru (порт 11031)
2026-08-07 20:46:17,601 | INFO | [🎉 SNI WORKED] Нода ожила с SNI: yandex.ru (порт 11032)
2026-08-07 20:46:26,644 | INFO | [🎉 SNI WORKED] Нода ожила с SNI: yandex.ru (порт 11000)
2026-08-07 20:46:26,711 | INFO | [🎉 SNI WORKED] Нода ожила с SNI: ok.ru (порт 11002)
2026-08-07 20:46:31,124 | INFO | [🎉 SNI WORKED] Нода ожила с SNI: ok.ru (порт 11031)
2026-08-07 20:46:32,679 | INFO | [🎉 SNI WORKED] Нода ожила с SNI: api-maps.yandex.ru (порт 11038)
2026-08-07 20:46:33,512 | INFO | [🎉 SNI WORKED] Нода ожила с SNI: ozon.ru (порт 11036)
2026-08-07 20:46:35,173 | INFO | [🎉 SNI WORKED] Нода ожила с SNI: wildberries.ru (порт 11025)
2026-08-07 20:46:35,202 | INFO | [🎉 SNI WORKED] Нода ожила с SNI: mail.ru (порт 11011)
2026-08-07 20:46:35,218 | INFO | [🎉 SNI WORKED] Нода ожила с SNI: ok.ru (порт 11015)
2026-08-07 20:46:39,852 | INFO | [🎉 SNI WORKED] Нода ожила с SNI: api-maps.yandex.ru (порт 11010)
2026-08-07 20:46:42,308 | INFO | [🎉 SNI WORKED] Нода ожила с SNI: yandex.ru (порт 11039)
2026-08-07 20:46:44,926 | INFO | [🎉 SNI WORKED] Нода ожила с SNI: api-maps.yandex.ru (порт 11001)
2026-08-07 20:46:45,743 | INFO | [🎉 SNI WORKED] Нода ожила с SNI: yandex.ru (порт 11015)
2026-08-07 20:46:46,464 | INFO | [🎉 SNI WORKED] Нода ожила с SNI: ozon.ru (порт 11000)
2026-08-07 20:46:46,531 | INFO | [🎉 SNI WORKED] Нода ожила с SNI: ozon.ru (порт 11033)
2026-08-07 20:46:47,117 | INFO | [🎉 SNI WORKED] Нода ожила с SNI: vk.com (порт 11026)
2026-08-07 20:46:47,743 | INFO | [🎉 SNI WORKED] Нода ожила с SNI: mail.ru (порт 11021)
2026-08-07 20:46:47,954 | INFO | [🎉 SNI WORKED] Нода ожила с SNI: ozon.ru (порт 11008)
2026-08-07 20:46:49,155 | INFO | [🎉 SNI WORKED] Нода ожила с SNI: wildberries.ru (порт 11018)
2026-08-07 20:46:51,286 | INFO | [🎉 SNI WORKED] Нода ожила с SNI: wildberries.ru (порт 11037)
2026-08-07 20:46:51,499 | INFO | [🎉 SNI WORKED] Нода ожила с SNI: api-maps.yandex.ru (порт 11005)
2026-08-07 20:46:51,741 | INFO | [🎉 SNI WORKED] Нода ожила с SNI: yandex.ru (порт 11035)
2026-08-07 20:46:55,721 | INFO | [🎉 SNI WORKED] Нода ожила с SNI: ok.ru (порт 11027)
2026-08-07 20:46:56,235 | INFO | [🎉 SNI WORKED] Нода ожила с SNI: api-maps.yandex.ru (порт 11004)
2026-08-07 20:46:57,037 | INFO | [🎉 SNI WORKED] Нода ожила с SNI: api-maps.yandex.ru (порт 11001)
2026-08-07 20:46:58,403 | INFO | [🎉 SNI WORKED] Нода ожила с SNI: api-maps.yandex.ru (порт 11010)
2026-08-07 20:46:58,510 | INFO | [🎉 SNI WORKED] Нода ожила с SNI: vk.com (порт 11013)
2026-08-07 20:47:01,729 | INFO | [🎉 SNI WORKED] Нода ожила с SNI: mail.ru (порт 11005)
2026-08-07 20:47:01,943 | INFO | [🎉 SNI WORKED] Нода ожила с SNI: api-maps.yandex.ru (порт 11039)
2026-08-07 20:47:01,944 | INFO | [🎉 SNI WORKED] Нода ожила с SNI: yandex.ru (порт 11038)
2026-08-07 20:47:03,100 | INFO | ⏱️ Время проверки: 284.1 сек
2026-08-07 20:47:03,100 | INFO | 
--- RESULT: Found 104 live nodes ---
2026-08-07 20:47:03,100 | INFO | After dedup: 104
2026-08-07 20:47:03,112 | INFO | alive_archive.txt updated: 5000 nodes (limit 5000)
2026-08-07 20:47:03,112 | INFO | Subscription updated: /home/runner/work/sbornik/sbornik/subs/vless_001.txt
2026-08-07 20:47:03,112 | INFO | 
--- STATS BY PROTOCOL ---
2026-08-07 20:47:03,112 | INFO | reality: 86
2026-08-07 20:47:03,112 | INFO | tls: 5
2026-08-07 20:47:03,112 | INFO | ws: 10
2026-08-07 20:47:03,113 | INFO | other: 3
2026-08-07 20:47:03,113 | INFO | 
--- TOP SNI STATS ---
2026-08-07 20:47:03,113 | INFO | api-maps.yandex.ru: 200 успешных мутаций
2026-08-07 20:47:03,113 | INFO | yandex.ru: 51 успешных мутаций
2026-08-07 20:47:03,113 | INFO | mail.ru: 49 успешных мутаций
2026-08-07 20:47:03,113 | INFO | ozon.ru: 46 успешных мутаций
2026-08-07 20:47:03,113 | INFO | vk.com: 42 успешных мутаций
2026-08-07 20:47:03,113 | INFO | ok.ru: 38 успешных мутаций
2026-08-07 20:47:03,113 | INFO | wildberries.ru: 35 успешных мутаций
2026-08-07 20:47:03,113 | INFO | dzen.ru: 7 успешных мутаций
2026-08-07 20:47:03,113 | INFO | rutube.ru: 3 успешных мутаций
2026-08-07 20:47:03,113 | INFO | cdn.x5.ru: 1 успешных мутаций
2026-08-07 20:47:03,113 | INFO | 💾 Статистика SNI сохранена
