2026-07-24 17:39:23,241 | INFO | 📊 Загружена статистика SNI: 26 доменов
2026-07-24 17:39:23,241 | INFO | === SING-BOX STATUS ===
2026-07-24 17:39:23,249 | INFO | sing-box version 1.13.14

Environment: go1.25.11 linux/amd64
Tags: with_gvisor,with_quic,with_dhcp,with_wireguard,with_utls,with_acme,with_clash_api,with_tailscale,with_ccm,with_ocm,with_naive_outbound,badlinkname,tfogo_checklinkname0,with_musl
Revision: 25a600db24f7680ad9806ce5427bd0ab8afe1114
CGO: enabled
2026-07-24 17:39:23,249 | INFO | 
--- STEP 1: FETCHING SOURCES ---
2026-07-24 17:39:23,294 | INFO | Loaded 127 lines from https://raw.githubusercontent.com/igareck/vpn-conf...
2026-07-24 17:39:23,339 | INFO | Loaded 0 lines from https://raw.githubusercontent.com/igareck/vpn-conf...
2026-07-24 17:39:23,378 | INFO | Loaded 6 lines from https://raw.githubusercontent.com/igareck/vpn-conf...
2026-07-24 17:39:23,421 | INFO | Loaded 4 lines from https://raw.githubusercontent.com/igareck/vpn-conf...
2026-07-24 17:39:23,471 | INFO | Loaded 132 lines from https://raw.githubusercontent.com/igareck/vpn-conf...
2026-07-24 17:39:23,526 | INFO | Loaded 212 lines from https://raw.githubusercontent.com/igareck/vpn-conf...
2026-07-24 17:39:23,572 | INFO | Loaded 151 lines from https://raw.githubusercontent.com/igareck/vpn-conf...
2026-07-24 17:39:23,678 | INFO | Loaded 450 lines from https://raw.githubusercontent.com/FLAT447/v2ray-li...
2026-07-24 17:39:23,679 | INFO | 
--- STEP 2: VALIDATION ---
2026-07-24 17:39:23,680 | INFO | Unique VLESS configs: 715
2026-07-24 17:39:23,710 | INFO | Archive updated: 10000 nodes (limit 10000)
2026-07-24 17:39:23,714 | INFO | 
--- STEP 3: LIVE CHECK (715 nodes, threads: 40) ---
2026-07-24 17:39:32,469 | INFO | [🎉 SNI WORKED] Нода ожила с SNI: ok.ru (порт 11033)
2026-07-24 17:39:33,818 | INFO | [🎉 SNI WORKED] Нода ожила с SNI: ozon.ru (порт 11021)
2026-07-24 17:39:33,977 | INFO | [🎉 SNI WORKED] Нода ожила с SNI: ozon.ru (порт 11030)
2026-07-24 17:39:34,486 | INFO | [🎉 SNI WORKED] Нода ожила с SNI: vk.com (порт 11012)
2026-07-24 17:39:34,778 | INFO | [🎉 SNI WORKED] Нода ожила с SNI: wildberries.ru (порт 11017)
2026-07-24 17:39:36,089 | INFO | [🎉 SNI WORKED] Нода ожила с SNI: api-maps.yandex.ru (порт 11005)
2026-07-24 17:39:36,204 | INFO | [🎉 SNI WORKED] Нода ожила с SNI: wildberries.ru (порт 11003)
2026-07-24 17:39:36,678 | INFO | [🎉 SNI WORKED] Нода ожила с SNI: ozon.ru (порт 11016)
2026-07-24 17:39:36,735 | INFO | [🎉 SNI WORKED] Нода ожила с SNI: api-maps.yandex.ru (порт 11027)
2026-07-24 17:39:37,081 | INFO | [🎉 SNI WORKED] Нода ожила с SNI: mail.ru (порт 11013)
2026-07-24 17:39:38,045 | INFO | [🎉 SNI WORKED] Нода ожила с SNI: mail.ru (порт 11023)
2026-07-24 17:39:39,612 | INFO | [🎉 SNI WORKED] Нода ожила с SNI: mail.ru (порт 11024)
2026-07-24 17:39:41,402 | INFO | [🎉 SNI WORKED] Нода ожила с SNI: ozon.ru (порт 11015)
2026-07-24 17:39:44,653 | INFO | ⏱️ Время проверки: 20.9 сек
2026-07-24 17:39:44,653 | INFO | 
--- RESULT: Found 106 live nodes ---
2026-07-24 17:39:44,653 | INFO | After dedup: 106
2026-07-24 17:39:44,665 | INFO | alive_archive.txt updated: 5000 nodes (limit 5000)
2026-07-24 17:39:44,665 | INFO | Subscription updated: /home/runner/work/sbornik/sbornik/subs/vless_001.txt
2026-07-24 17:39:44,666 | INFO | 
--- STATS BY PROTOCOL ---
2026-07-24 17:39:44,666 | INFO | reality: 41
2026-07-24 17:39:44,666 | INFO | tls: 54
2026-07-24 17:39:44,666 | INFO | ws: 7
2026-07-24 17:39:44,666 | INFO | other: 4
2026-07-24 17:39:44,666 | INFO | 
--- TOP SNI STATS ---
2026-07-24 17:39:44,666 | INFO | ozon.ru: 34 успешных мутаций
2026-07-24 17:39:44,666 | INFO | api-maps.yandex.ru: 31 успешных мутаций
2026-07-24 17:39:44,666 | INFO | mail.ru: 28 успешных мутаций
2026-07-24 17:39:44,666 | INFO | yandex.ru: 26 успешных мутаций
2026-07-24 17:39:44,666 | INFO | wildberries.ru: 23 успешных мутаций
2026-07-24 17:39:44,666 | INFO | vk.com: 21 успешных мутаций
2026-07-24 17:39:44,666 | INFO | ok.ru: 20 успешных мутаций
2026-07-24 17:39:44,666 | INFO | dzen.ru: 2 успешных мутаций
2026-07-24 17:39:44,666 | INFO | rutube.ru: 1 успешных мутаций
2026-07-24 17:39:44,666 | INFO | cdn.x5.ru: 1 успешных мутаций
2026-07-24 17:39:44,666 | INFO | 💾 Статистика SNI сохранена
