2026-09-08 08:40:57,373 | INFO | 📊 Загружена статистика SNI: 26 доменов
2026-09-08 08:40:57,374 | INFO | === SING-BOX STATUS ===
2026-09-08 08:40:57,419 | INFO | sing-box version 1.14.0

Environment: go1.26.7 linux/amd64
Tags: with_gvisor,with_quic,with_dhcp,with_wireguard,with_utls,with_acme,with_clash_api,with_tailscale,with_ccm,with_ocm,with_cloudflared,with_naive_outbound,with_usbip,with_openvpn,with_openconnect,badlinkname,tfogo_checklinkname0,with_musl
Revision: 0b8995879f29a9b98ee027bc17b75e101445b238
CGO: enabled
2026-09-08 08:40:57,420 | INFO | 
--- STEP 1: FETCHING SOURCES ---
2026-09-08 08:40:57,544 | INFO | Loaded 90 lines from https://raw.githubusercontent.com/igareck/vpn-conf...
2026-09-08 08:40:57,745 | INFO | Loaded 0 lines from https://raw.githubusercontent.com/igareck/vpn-conf...
2026-09-08 08:40:57,843 | INFO | Loaded 23 lines from https://raw.githubusercontent.com/igareck/vpn-conf...
2026-09-08 08:40:57,972 | INFO | Loaded 4 lines from https://raw.githubusercontent.com/igareck/vpn-conf...
2026-09-08 08:40:58,070 | INFO | Loaded 90 lines from https://raw.githubusercontent.com/igareck/vpn-conf...
2026-09-08 08:40:58,192 | INFO | Loaded 119 lines from https://raw.githubusercontent.com/igareck/vpn-conf...
2026-09-08 08:40:58,219 | INFO | Loaded 153 lines from https://raw.githubusercontent.com/igareck/vpn-conf...
2026-09-08 08:40:58,370 | INFO | Loaded 443 lines from https://raw.githubusercontent.com/FLAT447/v2ray-li...
2026-09-08 08:40:58,371 | INFO | 
--- STEP 2: VALIDATION ---
2026-09-08 08:40:58,372 | INFO | Unique VLESS configs: 617
2026-09-08 08:40:58,404 | INFO | Archive updated: 10000 nodes (limit 10000)
2026-09-08 08:40:58,407 | INFO | 
--- STEP 3: LIVE CHECK (617 nodes, threads: 40) ---
2026-09-08 08:44:32,459 | INFO | ⏱️ Время проверки: 214.1 сек
2026-09-08 08:44:32,459 | INFO | 
--- RESULT: Found 100 live nodes ---
2026-09-08 08:44:32,459 | INFO | After dedup: 100
2026-09-08 08:44:32,469 | INFO | alive_archive.txt updated: 5000 nodes (limit 5000)
2026-09-08 08:44:32,469 | INFO | Subscription updated: /home/runner/work/sbornik/sbornik/subs/vless_001.txt
2026-09-08 08:44:32,469 | INFO | 
--- STATS BY PROTOCOL ---
2026-09-08 08:44:32,469 | INFO | reality: 89
2026-09-08 08:44:32,469 | INFO | ws: 11
2026-09-08 08:44:32,469 | INFO | 
--- TOP SNI STATS ---
2026-09-08 08:44:32,469 | INFO | api-maps.yandex.ru: 264 успешных мутаций
2026-09-08 08:44:32,469 | INFO | ozon.ru: 108 успешных мутаций
2026-09-08 08:44:32,469 | INFO | yandex.ru: 98 успешных мутаций
2026-09-08 08:44:32,469 | INFO | vk.com: 94 успешных мутаций
2026-09-08 08:44:32,470 | INFO | mail.ru: 90 успешных мутаций
2026-09-08 08:44:32,470 | INFO | wildberries.ru: 86 успешных мутаций
2026-09-08 08:44:32,470 | INFO | ok.ru: 72 успешных мутаций
2026-09-08 08:44:32,470 | INFO | storage.yandex.net: 16 успешных мутаций
2026-09-08 08:44:32,470 | INFO | dzen.ru: 9 успешных мутаций
2026-09-08 08:44:32,470 | INFO | rutube.ru: 8 успешных мутаций
2026-09-08 08:44:32,470 | INFO | 💾 Статистика SNI сохранена
