2026-07-30 10:25:53,821 | INFO | 📊 Загружена статистика SNI: 26 доменов
2026-07-30 10:25:53,821 | INFO | === SING-BOX STATUS ===
2026-07-30 10:25:53,828 | INFO | sing-box version 1.13.15

Environment: go1.25.12 linux/amd64
Tags: with_gvisor,with_quic,with_dhcp,with_wireguard,with_utls,with_acme,with_clash_api,with_tailscale,with_ccm,with_ocm,with_naive_outbound,badlinkname,tfogo_checklinkname0,with_musl
Revision: 3708fa18766cda1f11b77f6ed9c7bd61688f17df
CGO: enabled
2026-07-30 10:25:53,828 | INFO | 
--- STEP 1: FETCHING SOURCES ---
2026-07-30 10:25:54,280 | INFO | Loaded 115 lines from https://raw.githubusercontent.com/igareck/vpn-conf...
2026-07-30 10:25:54,438 | INFO | Loaded 0 lines from https://raw.githubusercontent.com/igareck/vpn-conf...
2026-07-30 10:25:54,483 | INFO | Loaded 75 lines from https://raw.githubusercontent.com/igareck/vpn-conf...
2026-07-30 10:25:54,545 | INFO | Loaded 15 lines from https://raw.githubusercontent.com/igareck/vpn-conf...
2026-07-30 10:25:54,589 | INFO | Loaded 120 lines from https://raw.githubusercontent.com/igareck/vpn-conf...
2026-07-30 10:25:54,813 | INFO | Loaded 163 lines from https://raw.githubusercontent.com/igareck/vpn-conf...
2026-07-30 10:25:55,103 | INFO | Loaded 153 lines from https://raw.githubusercontent.com/igareck/vpn-conf...
2026-07-30 10:25:55,850 | INFO | Loaded 409 lines from https://raw.githubusercontent.com/FLAT447/v2ray-li...
2026-07-30 10:25:55,850 | INFO | 
--- STEP 2: VALIDATION ---
2026-07-30 10:25:55,851 | INFO | Unique VLESS configs: 641
2026-07-30 10:25:55,875 | INFO | Archive updated: 10000 nodes (limit 10000)
2026-07-30 10:25:55,878 | INFO | 
--- STEP 3: LIVE CHECK (641 nodes, threads: 40) ---
2026-07-30 10:26:11,840 | INFO | [🎉 SNI WORKED] Нода ожила с SNI: api-maps.yandex.ru (порт 11039)
2026-07-30 10:26:21,576 | INFO | [🎉 SNI WORKED] Нода ожила с SNI: api-maps.yandex.ru (порт 11002)
2026-07-30 10:26:26,466 | INFO | [🎉 SNI WORKED] Нода ожила с SNI: api-maps.yandex.ru (порт 11011)
2026-07-30 10:26:27,435 | INFO | [🎉 SNI WORKED] Нода ожила с SNI: api-maps.yandex.ru (порт 11022)
2026-07-30 10:26:31,398 | INFO | [🎉 SNI WORKED] Нода ожила с SNI: api-maps.yandex.ru (порт 11036)
2026-07-30 10:26:34,208 | INFO | [🎉 SNI WORKED] Нода ожила с SNI: api-maps.yandex.ru (порт 11009)
2026-07-30 10:26:34,525 | INFO | [🎉 SNI WORKED] Нода ожила с SNI: api-maps.yandex.ru (порт 11025)
2026-07-30 10:26:36,784 | INFO | [🎉 SNI WORKED] Нода ожила с SNI: api-maps.yandex.ru (порт 11012)
2026-07-30 10:26:43,170 | INFO | [🎉 SNI WORKED] Нода ожила с SNI: api-maps.yandex.ru (порт 11000)
2026-07-30 10:26:44,663 | INFO | ⏱️ Время проверки: 48.8 сек
2026-07-30 10:26:44,663 | INFO | 
--- RESULT: Found 102 live nodes ---
2026-07-30 10:26:44,663 | INFO | After dedup: 102
2026-07-30 10:26:44,672 | INFO | alive_archive.txt updated: 5000 nodes (limit 5000)
2026-07-30 10:26:44,672 | INFO | Subscription updated: /home/runner/work/sbornik/sbornik/subs/vless_001.txt
2026-07-30 10:26:44,673 | INFO | 
--- STATS BY PROTOCOL ---
2026-07-30 10:26:44,673 | INFO | reality: 68
2026-07-30 10:26:44,673 | INFO | ws: 28
2026-07-30 10:26:44,673 | INFO | other: 6
2026-07-30 10:26:44,673 | INFO | 
--- TOP SNI STATS ---
2026-07-30 10:26:44,673 | INFO | api-maps.yandex.ru: 94 успешных мутаций
2026-07-30 10:26:44,673 | INFO | ozon.ru: 37 успешных мутаций
2026-07-30 10:26:44,673 | INFO | mail.ru: 32 успешных мутаций
2026-07-30 10:26:44,673 | INFO | ok.ru: 28 успешных мутаций
2026-07-30 10:26:44,673 | INFO | yandex.ru: 28 успешных мутаций
2026-07-30 10:26:44,673 | INFO | vk.com: 26 успешных мутаций
2026-07-30 10:26:44,673 | INFO | wildberries.ru: 25 успешных мутаций
2026-07-30 10:26:44,673 | INFO | rutube.ru: 2 успешных мутаций
2026-07-30 10:26:44,673 | INFO | dzen.ru: 2 успешных мутаций
2026-07-30 10:26:44,673 | INFO | cdn.x5.ru: 1 успешных мутаций
2026-07-30 10:26:44,673 | INFO | 💾 Статистика SNI сохранена
