2026-09-05 21:57:30,535 | INFO | 📊 Загружена статистика SNI: 26 доменов
2026-09-05 21:57:30,535 | INFO | === SING-BOX STATUS ===
2026-09-05 21:57:30,570 | INFO | sing-box version 1.14.0

Environment: go1.26.7 linux/amd64
Tags: with_gvisor,with_quic,with_dhcp,with_wireguard,with_utls,with_acme,with_clash_api,with_tailscale,with_ccm,with_ocm,with_cloudflared,with_naive_outbound,with_usbip,with_openvpn,with_openconnect,badlinkname,tfogo_checklinkname0,with_musl
Revision: 0b8995879f29a9b98ee027bc17b75e101445b238
CGO: enabled
2026-09-05 21:57:30,570 | INFO | 
--- STEP 1: FETCHING SOURCES ---
2026-09-05 21:57:30,625 | INFO | Loaded 101 lines from https://raw.githubusercontent.com/igareck/vpn-conf...
2026-09-05 21:57:30,665 | INFO | Loaded 0 lines from https://raw.githubusercontent.com/igareck/vpn-conf...
2026-09-05 21:57:30,704 | INFO | Loaded 15 lines from https://raw.githubusercontent.com/igareck/vpn-conf...
2026-09-05 21:57:30,745 | INFO | Loaded 5 lines from https://raw.githubusercontent.com/igareck/vpn-conf...
2026-09-05 21:57:30,785 | INFO | Loaded 103 lines from https://raw.githubusercontent.com/igareck/vpn-conf...
2026-09-05 21:57:30,866 | INFO | Loaded 133 lines from https://raw.githubusercontent.com/igareck/vpn-conf...
2026-09-05 21:57:30,949 | INFO | Loaded 153 lines from https://raw.githubusercontent.com/igareck/vpn-conf...
2026-09-05 21:57:31,057 | INFO | Loaded 11 lines from https://raw.githubusercontent.com/FLAT447/v2ray-li...
2026-09-05 21:57:31,057 | INFO | 
--- STEP 2: VALIDATION ---
2026-09-05 21:57:31,058 | INFO | Unique VLESS configs: 250
2026-09-05 21:57:31,094 | INFO | Archive updated: 10000 nodes (limit 10000)
2026-09-05 21:57:31,096 | INFO | 
--- STEP 3: LIVE CHECK (250 nodes, threads: 40) ---
2026-09-05 21:58:59,348 | INFO | ⏱️ Время проверки: 88.3 сек
2026-09-05 21:58:59,348 | INFO | 
--- RESULT: Found 102 live nodes ---
2026-09-05 21:58:59,348 | INFO | After dedup: 102
2026-09-05 21:58:59,358 | INFO | alive_archive.txt updated: 5000 nodes (limit 5000)
2026-09-05 21:58:59,358 | INFO | Subscription updated: /home/runner/work/sbornik/sbornik/subs/vless_001.txt
2026-09-05 21:58:59,358 | INFO | 
--- STATS BY PROTOCOL ---
2026-09-05 21:58:59,358 | INFO | reality: 70
2026-09-05 21:58:59,358 | INFO | tls: 4
2026-09-05 21:58:59,358 | INFO | ws: 28
2026-09-05 21:58:59,358 | INFO | 
--- TOP SNI STATS ---
2026-09-05 21:58:59,358 | INFO | api-maps.yandex.ru: 262 успешных мутаций
2026-09-05 21:58:59,358 | INFO | ozon.ru: 108 успешных мутаций
2026-09-05 21:58:59,358 | INFO | yandex.ru: 98 успешных мутаций
2026-09-05 21:58:59,358 | INFO | vk.com: 92 успешных мутаций
2026-09-05 21:58:59,358 | INFO | mail.ru: 90 успешных мутаций
2026-09-05 21:58:59,358 | INFO | wildberries.ru: 86 успешных мутаций
2026-09-05 21:58:59,359 | INFO | ok.ru: 72 успешных мутаций
2026-09-05 21:58:59,359 | INFO | storage.yandex.net: 16 успешных мутаций
2026-09-05 21:58:59,359 | INFO | rutube.ru: 8 успешных мутаций
2026-09-05 21:58:59,359 | INFO | dzen.ru: 8 успешных мутаций
2026-09-05 21:58:59,359 | INFO | 💾 Статистика SNI сохранена
