2026-08-05 06:29:52,484 | INFO | 📊 Загружена статистика SNI: 26 доменов
2026-08-05 06:29:52,485 | INFO | === SING-BOX STATUS ===
2026-08-05 06:29:52,493 | INFO | sing-box version 1.13.16

Environment: go1.25.12 linux/amd64
Tags: with_gvisor,with_quic,with_dhcp,with_wireguard,with_utls,with_acme,with_clash_api,with_tailscale,with_ccm,with_ocm,with_naive_outbound,badlinkname,tfogo_checklinkname0,with_musl
Revision: 17ec3c71af8ca946dc50bf0d927c39fc77322aec
CGO: enabled
2026-08-05 06:29:52,493 | INFO | 
--- STEP 1: FETCHING SOURCES ---
2026-08-05 06:29:52,527 | INFO | Loaded 51 lines from https://raw.githubusercontent.com/igareck/vpn-conf...
2026-08-05 06:29:52,727 | INFO | Loaded 0 lines from https://raw.githubusercontent.com/igareck/vpn-conf...
2026-08-05 06:29:52,874 | INFO | Loaded 8 lines from https://raw.githubusercontent.com/igareck/vpn-conf...
2026-08-05 06:29:53,016 | INFO | Loaded 8 lines from https://raw.githubusercontent.com/igareck/vpn-conf...
2026-08-05 06:29:53,128 | INFO | Loaded 51 lines from https://raw.githubusercontent.com/igareck/vpn-conf...
2026-08-05 06:29:53,157 | INFO | Loaded 276 lines from https://raw.githubusercontent.com/igareck/vpn-conf...
2026-08-05 06:29:53,320 | INFO | Loaded 152 lines from https://raw.githubusercontent.com/igareck/vpn-conf...
2026-08-05 06:29:53,483 | INFO | Loaded 383 lines from https://raw.githubusercontent.com/FLAT447/v2ray-li...
2026-08-05 06:29:53,483 | INFO | 
--- STEP 2: VALIDATION ---
2026-08-05 06:29:53,484 | INFO | Unique VLESS configs: 700
2026-08-05 06:29:53,516 | INFO | Archive updated: 10000 nodes (limit 10000)
2026-08-05 06:29:53,520 | INFO | 
--- STEP 3: LIVE CHECK (700 nodes, threads: 40) ---
2026-08-05 06:32:25,798 | INFO | ⏱️ Время проверки: 152.3 сек
2026-08-05 06:32:25,798 | INFO | 
--- RESULT: Found 104 live nodes ---
2026-08-05 06:32:25,798 | INFO | After dedup: 104
2026-08-05 06:32:25,809 | INFO | alive_archive.txt updated: 5000 nodes (limit 5000)
2026-08-05 06:32:25,809 | INFO | Subscription updated: /home/runner/work/sbornik/sbornik/subs/vless_001.txt
2026-08-05 06:32:25,809 | INFO | 
--- STATS BY PROTOCOL ---
2026-08-05 06:32:25,809 | INFO | reality: 47
2026-08-05 06:32:25,810 | INFO | ws: 54
2026-08-05 06:32:25,810 | INFO | other: 3
2026-08-05 06:32:25,810 | INFO | 
--- TOP SNI STATS ---
2026-08-05 06:32:25,810 | INFO | api-maps.yandex.ru: 180 успешных мутаций
2026-08-05 06:32:25,810 | INFO | ozon.ru: 38 успешных мутаций
2026-08-05 06:32:25,810 | INFO | mail.ru: 33 успешных мутаций
2026-08-05 06:32:25,810 | INFO | yandex.ru: 30 успешных мутаций
2026-08-05 06:32:25,810 | INFO | ok.ru: 28 успешных мутаций
2026-08-05 06:32:25,810 | INFO | vk.com: 26 успешных мутаций
2026-08-05 06:32:25,810 | INFO | wildberries.ru: 25 успешных мутаций
2026-08-05 06:32:25,810 | INFO | dzen.ru: 7 успешных мутаций
2026-08-05 06:32:25,810 | INFO | rutube.ru: 3 успешных мутаций
2026-08-05 06:32:25,810 | INFO | cdn.x5.ru: 1 успешных мутаций
2026-08-05 06:32:25,810 | INFO | 💾 Статистика SNI сохранена
