2026-09-29 00:14:36,300 | INFO | 📊 Загружена статистика SNI: 26 доменов
2026-09-29 00:14:36,301 | INFO | === SING-BOX STATUS ===
2026-09-29 00:14:36,336 | INFO | sing-box version 1.14.2

Environment: go1.26.8 linux/amd64
Tags: with_gvisor,with_quic,with_dhcp,with_wireguard,with_utls,with_acme,with_clash_api,with_tailscale,with_ccm,with_ocm,with_cloudflared,with_naive_outbound,with_usbip,with_openvpn,with_openconnect,badlinkname,tfogo_checklinkname0,with_musl
Revision: af6e64c3b69e6132ebaee0e1a3d24e93903f6709
CGO: enabled
2026-09-29 00:14:36,337 | INFO | 
--- STEP 1: FETCHING SOURCES ---
2026-09-29 00:14:36,388 | INFO | Loaded 36 lines from https://raw.githubusercontent.com/igareck/vpn-conf...
2026-09-29 00:14:36,454 | INFO | Loaded 0 lines from https://raw.githubusercontent.com/igareck/vpn-conf...
2026-09-29 00:14:36,496 | INFO | Loaded 8 lines from https://raw.githubusercontent.com/igareck/vpn-conf...
2026-09-29 00:14:36,558 | INFO | Loaded 5 lines from https://raw.githubusercontent.com/igareck/vpn-conf...
2026-09-29 00:14:36,608 | INFO | Loaded 47 lines from https://raw.githubusercontent.com/igareck/vpn-conf...
2026-09-29 00:14:36,714 | INFO | Loaded 188 lines from https://raw.githubusercontent.com/igareck/vpn-conf...
2026-09-29 00:14:36,803 | INFO | Loaded 149 lines from https://raw.githubusercontent.com/igareck/vpn-conf...
2026-09-29 00:14:36,845 | INFO | Loaded 40 lines from https://raw.githubusercontent.com/FLAT447/v2ray-li...
2026-09-29 00:14:36,845 | INFO | 
--- STEP 2: VALIDATION ---
2026-09-29 00:14:36,846 | INFO | Unique VLESS configs: 236
2026-09-29 00:14:36,865 | INFO | Archive updated: 10000 nodes (limit 10000)
2026-09-29 00:14:36,867 | INFO | 
--- STEP 3: LIVE CHECK (236 nodes, threads: 40) ---
2026-09-29 00:20:28,487 | INFO | ⏱️ Время проверки: 351.6 сек
2026-09-29 00:20:28,487 | INFO | 
--- RESULT: Found 82 live nodes ---
2026-09-29 00:20:28,487 | INFO | After dedup: 82
2026-09-29 00:20:28,488 | INFO | Filled from archive (+18), total: 100
2026-09-29 00:20:28,499 | INFO | alive_archive.txt updated: 5000 nodes (limit 5000)
2026-09-29 00:20:28,500 | INFO | Subscription updated: /home/runner/work/sbornik/sbornik/subs/vless_001.txt
2026-09-29 00:20:28,500 | INFO | 
--- STATS BY PROTOCOL ---
2026-09-29 00:20:28,500 | INFO | reality: 67
2026-09-29 00:20:28,500 | INFO | tls: 7
2026-09-29 00:20:28,500 | INFO | ws: 25
2026-09-29 00:20:28,500 | INFO | other: 1
2026-09-29 00:20:28,500 | INFO | 
--- TOP SNI STATS ---
2026-09-29 00:20:28,501 | INFO | api-maps.yandex.ru: 268 успешных мутаций
2026-09-29 00:20:28,501 | INFO | ozon.ru: 108 успешных мутаций
2026-09-29 00:20:28,501 | INFO | yandex.ru: 99 успешных мутаций
2026-09-29 00:20:28,501 | INFO | vk.com: 94 успешных мутаций
2026-09-29 00:20:28,501 | INFO | mail.ru: 90 успешных мутаций
2026-09-29 00:20:28,501 | INFO | wildberries.ru: 86 успешных мутаций
2026-09-29 00:20:28,501 | INFO | ok.ru: 73 успешных мутаций
2026-09-29 00:20:28,501 | INFO | storage.yandex.net: 16 успешных мутаций
2026-09-29 00:20:28,501 | INFO | dzen.ru: 9 успешных мутаций
2026-09-29 00:20:28,501 | INFO | rutube.ru: 8 успешных мутаций
2026-09-29 00:20:28,501 | INFO | 💾 Статистика SNI сохранена
