2026-08-05 10:37:00,455 | INFO | 📊 Загружена статистика SNI: 26 доменов
2026-08-05 10:37:00,455 | INFO | === SING-BOX STATUS ===
2026-08-05 10:37:00,462 | INFO | sing-box version 1.13.16

Environment: go1.25.12 linux/amd64
Tags: with_gvisor,with_quic,with_dhcp,with_wireguard,with_utls,with_acme,with_clash_api,with_tailscale,with_ccm,with_ocm,with_naive_outbound,badlinkname,tfogo_checklinkname0,with_musl
Revision: 17ec3c71af8ca946dc50bf0d927c39fc77322aec
CGO: enabled
2026-08-05 10:37:00,462 | INFO | 
--- STEP 1: FETCHING SOURCES ---
2026-08-05 10:37:00,511 | INFO | Loaded 153 lines from https://raw.githubusercontent.com/igareck/vpn-conf...
2026-08-05 10:37:00,676 | INFO | Loaded 0 lines from https://raw.githubusercontent.com/igareck/vpn-conf...
2026-08-05 10:37:00,965 | INFO | Loaded 178 lines from https://raw.githubusercontent.com/igareck/vpn-conf...
2026-08-05 10:37:01,251 | INFO | Loaded 3 lines from https://raw.githubusercontent.com/igareck/vpn-conf...
2026-08-05 10:37:01,539 | INFO | Loaded 215 lines from https://raw.githubusercontent.com/igareck/vpn-conf...
2026-08-05 10:37:01,850 | INFO | Loaded 205 lines from https://raw.githubusercontent.com/igareck/vpn-conf...
2026-08-05 10:37:02,018 | INFO | Loaded 152 lines from https://raw.githubusercontent.com/igareck/vpn-conf...
2026-08-05 10:37:02,609 | INFO | Loaded 384 lines from https://raw.githubusercontent.com/FLAT447/v2ray-li...
2026-08-05 10:37:02,609 | INFO | 
--- STEP 2: VALIDATION ---
2026-08-05 10:37:02,610 | INFO | Unique VLESS configs: 786
2026-08-05 10:37:02,634 | INFO | Archive updated: 10000 nodes (limit 10000)
2026-08-05 10:37:02,638 | INFO | 
--- STEP 3: LIVE CHECK (786 nodes, threads: 40) ---
2026-08-05 10:37:40,804 | INFO | ⏱️ Время проверки: 38.2 сек
2026-08-05 10:37:40,804 | INFO | 
--- RESULT: Found 108 live nodes ---
2026-08-05 10:37:40,804 | INFO | After dedup: 108
2026-08-05 10:37:40,813 | INFO | alive_archive.txt updated: 5000 nodes (limit 5000)
2026-08-05 10:37:40,814 | INFO | Subscription updated: /home/runner/work/sbornik/sbornik/subs/vless_001.txt
2026-08-05 10:37:40,814 | INFO | 
--- STATS BY PROTOCOL ---
2026-08-05 10:37:40,814 | INFO | reality: 87
2026-08-05 10:37:40,814 | INFO | ws: 20
2026-08-05 10:37:40,814 | INFO | other: 1
2026-08-05 10:37:40,814 | INFO | 
--- TOP SNI STATS ---
2026-08-05 10:37:40,814 | INFO | api-maps.yandex.ru: 180 успешных мутаций
2026-08-05 10:37:40,814 | INFO | ozon.ru: 38 успешных мутаций
2026-08-05 10:37:40,814 | INFO | mail.ru: 33 успешных мутаций
2026-08-05 10:37:40,814 | INFO | yandex.ru: 30 успешных мутаций
2026-08-05 10:37:40,814 | INFO | ok.ru: 28 успешных мутаций
2026-08-05 10:37:40,814 | INFO | vk.com: 26 успешных мутаций
2026-08-05 10:37:40,814 | INFO | wildberries.ru: 25 успешных мутаций
2026-08-05 10:37:40,814 | INFO | dzen.ru: 7 успешных мутаций
2026-08-05 10:37:40,814 | INFO | rutube.ru: 3 успешных мутаций
2026-08-05 10:37:40,814 | INFO | cdn.x5.ru: 1 успешных мутаций
2026-08-05 10:37:40,814 | INFO | 💾 Статистика SNI сохранена
