2026-08-01 02:56:27,339 | INFO | 📊 Загружена статистика SNI: 26 доменов
2026-08-01 02:56:27,339 | INFO | === SING-BOX STATUS ===
2026-08-01 02:56:27,350 | INFO | sing-box version 1.13.15

Environment: go1.25.12 linux/amd64
Tags: with_gvisor,with_quic,with_dhcp,with_wireguard,with_utls,with_acme,with_clash_api,with_tailscale,with_ccm,with_ocm,with_naive_outbound,badlinkname,tfogo_checklinkname0,with_musl
Revision: 3708fa18766cda1f11b77f6ed9c7bd61688f17df
CGO: enabled
2026-08-01 02:56:27,350 | INFO | 
--- STEP 1: FETCHING SOURCES ---
2026-08-01 02:56:27,469 | INFO | Loaded 153 lines from https://raw.githubusercontent.com/igareck/vpn-conf...
2026-08-01 02:56:27,593 | INFO | Loaded 0 lines from https://raw.githubusercontent.com/igareck/vpn-conf...
2026-08-01 02:56:27,702 | INFO | Loaded 79 lines from https://raw.githubusercontent.com/igareck/vpn-conf...
2026-08-01 02:56:27,821 | INFO | Loaded 22 lines from https://raw.githubusercontent.com/igareck/vpn-conf...
2026-08-01 02:56:27,962 | INFO | Loaded 476 lines from https://raw.githubusercontent.com/igareck/vpn-conf...
2026-08-01 02:56:28,129 | INFO | Loaded 223 lines from https://raw.githubusercontent.com/igareck/vpn-conf...
2026-08-01 02:56:28,232 | INFO | Loaded 153 lines from https://raw.githubusercontent.com/igareck/vpn-conf...
2026-08-01 02:56:28,389 | INFO | Loaded 496 lines from https://raw.githubusercontent.com/FLAT447/v2ray-li...
2026-08-01 02:56:28,389 | INFO | 
--- STEP 2: VALIDATION ---
2026-08-01 02:56:28,392 | INFO | Unique VLESS configs: 1176
2026-08-01 02:56:28,421 | INFO | Archive updated: 10000 nodes (limit 10000)
2026-08-01 02:56:28,429 | INFO | 
--- STEP 3: LIVE CHECK (1176 nodes, threads: 40) ---
2026-08-01 02:56:50,336 | INFO | ⏱️ Время проверки: 21.9 сек
2026-08-01 02:56:50,336 | INFO | 
--- RESULT: Found 100 live nodes ---
2026-08-01 02:56:50,336 | INFO | After dedup: 100
2026-08-01 02:56:50,350 | INFO | alive_archive.txt updated: 5000 nodes (limit 5000)
2026-08-01 02:56:50,350 | INFO | Subscription updated: /home/runner/work/sbornik/sbornik/subs/vless_001.txt
2026-08-01 02:56:50,351 | INFO | 
--- STATS BY PROTOCOL ---
2026-08-01 02:56:50,351 | INFO | reality: 41
2026-08-01 02:56:50,351 | INFO | ws: 58
2026-08-01 02:56:50,351 | INFO | other: 1
2026-08-01 02:56:50,351 | INFO | 
--- TOP SNI STATS ---
2026-08-01 02:56:50,351 | INFO | api-maps.yandex.ru: 157 успешных мутаций
2026-08-01 02:56:50,351 | INFO | ozon.ru: 37 успешных мутаций
2026-08-01 02:56:50,351 | INFO | mail.ru: 32 успешных мутаций
2026-08-01 02:56:50,351 | INFO | ok.ru: 28 успешных мутаций
2026-08-01 02:56:50,351 | INFO | yandex.ru: 28 успешных мутаций
2026-08-01 02:56:50,351 | INFO | vk.com: 26 успешных мутаций
2026-08-01 02:56:50,351 | INFO | wildberries.ru: 25 успешных мутаций
2026-08-01 02:56:50,351 | INFO | dzen.ru: 3 успешных мутаций
2026-08-01 02:56:50,351 | INFO | rutube.ru: 2 успешных мутаций
2026-08-01 02:56:50,351 | INFO | cdn.x5.ru: 1 успешных мутаций
2026-08-01 02:56:50,351 | INFO | 💾 Статистика SNI сохранена
