2026-10-10 14:18:30,821 | INFO | === SING-BOX STATUS ===
2026-10-10 14:18:30,855 | INFO | sing-box version 1.14.3

Environment: go1.26.8 linux/amd64
Tags: with_gvisor,with_quic,with_dhcp,with_wireguard,with_utls,with_acme,with_clash_api,with_tailscale,with_ccm,with_ocm,with_cloudflared,with_naive_outbound,with_usbip,with_openvpn,with_openconnect,badlinkname,tfogo_checklinkname0,with_musl
Revision: 7054cac5124465ffdb145870d7c01885566711b1
CGO: enabled
2026-10-10 14:18:30,856 | INFO | 
--- STEP 1: FETCHING SOURCES ---
2026-10-10 14:18:30,915 | INFO | Loaded 81 lines from https://raw.githubusercontent.com/igareck/vpn-configs-for-russia/refs/heads/main...
2026-10-10 14:18:30,981 | INFO | Loaded 39 lines from https://raw.githubusercontent.com/igareck/vpn-configs-for-russia/refs/heads/main...
2026-10-10 14:18:31,047 | INFO | Loaded 12 lines from https://raw.githubusercontent.com/igareck/vpn-configs-for-russia/refs/heads/main...
2026-10-10 14:18:31,150 | INFO | Loaded 83 lines from https://raw.githubusercontent.com/igareck/vpn-configs-for-russia/refs/heads/main...
2026-10-10 14:18:31,286 | INFO | Loaded 137 lines from https://raw.githubusercontent.com/igareck/vpn-configs-for-russia/main/BLACK_VLES...
2026-10-10 14:18:31,402 | INFO | Loaded 147 lines from https://raw.githubusercontent.com/igareck/vpn-configs-for-russia/main/BLACK_VLES...
2026-10-10 14:18:31,528 | INFO | Loaded 66 lines from https://raw.githubusercontent.com/FLAT447/v2ray-lists/main/WHITE_LITE.txt...
2026-10-10 14:18:31,529 | INFO | 
--- STEP 2: VALIDATION ---
2026-10-10 14:18:31,530 | INFO | Unique VLESS configs: 275
2026-10-10 14:18:31,533 | INFO | archive.txt loaded: 4186 nodes
2026-10-10 14:18:31,533 | INFO | 
--- ARCHIVE TCP CLEANUP (4186 nodes, threads: 40) ---
2026-10-10 14:18:39,045 | INFO | ARCHIVE TCP CLEANUP done: alive=4172, removed=14, time=7.5с
2026-10-10 14:18:39,045 | INFO | 
--- STEP 3: LIVE CHECK (275 nodes, threads: 40, min_sites_ok=2) ---
2026-10-10 14:19:36,403 | INFO | ⏱️ Время проверки: 57.4 сек
2026-10-10 14:19:36,404 | INFO | 
--- RESULT: Found 57 live nodes ---
2026-10-10 14:19:36,404 | INFO | 
--- FILL FROM ARCHIVE (need 43 more, threads: 40) ---
2026-10-10 14:19:38,251 | INFO | [ARCHIVE DEAD 0/3] Нода из архива мертва, удаляю
2026-10-10 14:19:38,570 | INFO | [ARCHIVE DEAD 0/3] Нода из архива мертва, удаляю
2026-10-10 14:19:38,577 | INFO | [ARCHIVE DEAD 0/3] Нода из архива мертва, удаляю
2026-10-10 14:19:38,817 | INFO | [ARCHIVE DEAD 0/3] Нода из архива мертва, удаляю
2026-10-10 14:19:38,819 | INFO | [ARCHIVE DEAD 0/3] Нода из архива мертва, удаляю
2026-10-10 14:19:38,885 | INFO | [ARCHIVE DEAD 0/3] Нода из архива мертва, удаляю
2026-10-10 14:19:38,939 | INFO | [ARCHIVE DEAD 0/3] Нода из архива мертва, удаляю
2026-10-10 14:19:38,947 | INFO | [ARCHIVE DEAD 0/3] Нода из архива мертва, удаляю
2026-10-10 14:19:38,948 | INFO | [ARCHIVE DEAD 0/3] Нода из архива мертва, удаляю
2026-10-10 14:19:38,973 | INFO | [ARCHIVE DEAD 0/3] Нода из архива мертва, удаляю
2026-10-10 14:19:38,986 | INFO | [ARCHIVE DEAD 0/3] Нода из архива мертва, удаляю
2026-10-10 14:19:39,062 | INFO | [ARCHIVE DEAD 0/3] Нода из архива мертва, удаляю
2026-10-10 14:19:39,081 | INFO | [ARCHIVE DEAD 0/3] Нода из архива мертва, удаляю
2026-10-10 14:19:39,106 | INFO | [ARCHIVE DEAD 0/3] Нода из архива мертва, удаляю
2026-10-10 14:19:39,110 | INFO | [ARCHIVE DEAD 0/3] Нода из архива мертва, удаляю
2026-10-10 14:19:39,248 | INFO | [ARCHIVE DEAD 0/3] Нода из архива мертва, удаляю
2026-10-10 14:19:39,470 | INFO | [ARCHIVE DEAD 0/3] Нода из архива мертва, удаляю
2026-10-10 14:19:39,577 | INFO | [ARCHIVE DEAD 0/3] Нода из архива мертва, удаляю
2026-10-10 14:19:39,594 | INFO | [ARCHIVE DEAD 0/3] Нода из архива мертва, удаляю
2026-10-10 14:19:39,601 | INFO | [ARCHIVE DEAD 0/3] Нода из архива мертва, удаляю
2026-10-10 14:19:39,629 | INFO | [ARCHIVE DEAD 0/3] Нода из архива мертва, удаляю
2026-10-10 14:19:39,634 | INFO | [ARCHIVE DEAD 0/3] Нода из архива мертва, удаляю
2026-10-10 14:19:39,640 | INFO | [ARCHIVE DEAD 0/3] Нода из архива мертва, удаляю
2026-10-10 14:19:39,658 | INFO | [ARCHIVE DEAD 0/3] Нода из архива мертва, удаляю
2026-10-10 14:19:39,691 | INFO | [ARCHIVE DEAD 0/3] Нода из архива мертва, удаляю
2026-10-10 14:19:39,713 | INFO | [ARCHIVE DEAD 0/3] Нода из архива мертва, удаляю
2026-10-10 14:19:39,715 | INFO | [ARCHIVE DEAD 0/3] Нода из архива мертва, удаляю
2026-10-10 14:19:39,767 | INFO | [ARCHIVE DEAD 0/3] Нода из архива мертва, удаляю
2026-10-10 14:19:39,806 | INFO | [ARCHIVE DEAD 0/3] Нода из архива мертва, удаляю
2026-10-10 14:19:40,125 | INFO | [ARCHIVE DEAD 0/3] Нода из архива мертва, удаляю
2026-10-10 14:19:40,257 | INFO | [ARCHIVE DEAD 0/3] Нода из архива мертва, удаляю
2026-10-10 14:19:40,377 | INFO | [ARCHIVE DEAD 0/3] Нода из архива мертва, удаляю
2026-10-10 14:19:41,080 | INFO | [ARCHIVE DEAD 0/3] Нода из архива мертва, удаляю
2026-10-10 14:19:41,430 | INFO | [ARCHIVE LIVE 3/3] Нода из архива рабочая, добавляю
2026-10-10 14:19:41,666 | INFO | [ARCHIVE LIVE 3/3] Нода из архива рабочая, добавляю
2026-10-10 14:19:41,780 | INFO | [ARCHIVE DEAD 0/3] Нода из архива мертва, удаляю
2026-10-10 14:19:41,874 | INFO | [ARCHIVE DEAD 0/3] Нода из архива мертва, удаляю
2026-10-10 14:19:41,912 | INFO | [ARCHIVE DEAD 0/3] Нода из архива мертва, удаляю
2026-10-10 14:19:41,943 | INFO | [ARCHIVE DEAD 0/3] Нода из архива мертва, удаляю
2026-10-10 14:19:41,991 | INFO | [ARCHIVE DEAD 0/3] Нода из архива мертва, удаляю
2026-10-10 14:19:42,081 | INFO | [ARCHIVE DEAD 0/3] Нода из архива мертва, удаляю
2026-10-10 14:19:42,114 | INFO | [ARCHIVE DEAD 0/3] Нода из архива мертва, удаляю
2026-10-10 14:19:42,414 | INFO | [ARCHIVE LIVE 3/3] Нода из архива рабочая, добавляю
2026-10-10 14:19:42,550 | INFO | [ARCHIVE DEAD 0/3] Нода из архива мертва, удаляю
2026-10-10 14:19:42,837 | INFO | [ARCHIVE LIVE 3/3] Нода из архива рабочая, добавляю
2026-10-10 14:19:43,068 | INFO | [ARCHIVE LIVE 3/3] Нода из архива рабочая, добавляю
2026-10-10 14:19:43,259 | INFO | [ARCHIVE LIVE 3/3] Нода из архива рабочая, добавляю
2026-10-10 14:19:43,622 | INFO | [ARCHIVE LIVE 3/3] Нода из архива рабочая, добавляю
2026-10-10 14:19:43,629 | INFO | [ARCHIVE LIVE 3/3] Нода из архива рабочая, добавляю
2026-10-10 14:19:43,631 | INFO | [ARCHIVE LIVE 3/3] Нода из архива рабочая, добавляю
2026-10-10 14:19:43,817 | INFO | [ARCHIVE LIVE 3/3] Нода из архива рабочая, добавляю
2026-10-10 14:19:43,928 | INFO | [ARCHIVE LIVE 3/3] Нода из архива рабочая, добавляю
2026-10-10 14:19:43,981 | INFO | [ARCHIVE LIVE 3/3] Нода из архива рабочая, добавляю
2026-10-10 14:19:43,990 | INFO | [ARCHIVE LIVE 3/3] Нода из архива рабочая, добавляю
2026-10-10 14:19:44,026 | INFO | [ARCHIVE DEAD 0/3] Нода из архива мертва, удаляю
2026-10-10 14:19:44,058 | INFO | [ARCHIVE LIVE 3/3] Нода из архива рабочая, добавляю
2026-10-10 14:19:44,267 | INFO | [ARCHIVE LIVE 3/3] Нода из архива рабочая, добавляю
2026-10-10 14:19:44,405 | INFO | [ARCHIVE DEAD 0/3] Нода из архива мертва, удаляю
2026-10-10 14:19:44,466 | INFO | [ARCHIVE LIVE 3/3] Нода из архива рабочая, добавляю
2026-10-10 14:19:44,488 | INFO | [ARCHIVE LIVE 3/3] Нода из архива рабочая, добавляю
2026-10-10 14:19:44,524 | INFO | [ARCHIVE LIVE 3/3] Нода из архива рабочая, добавляю
2026-10-10 14:19:44,558 | INFO | [ARCHIVE LIVE 3/3] Нода из архива рабочая, добавляю
2026-10-10 14:19:44,617 | INFO | [ARCHIVE DEAD 0/3] Нода из архива мертва, удаляю
2026-10-10 14:19:44,663 | INFO | [ARCHIVE LIVE 3/3] Нода из архива рабочая, добавляю
2026-10-10 14:19:44,708 | INFO | [ARCHIVE LIVE 3/3] Нода из архива рабочая, добавляю
2026-10-10 14:19:44,719 | INFO | [ARCHIVE DEAD 0/3] Нода из архива мертва, удаляю
2026-10-10 14:19:44,733 | INFO | [ARCHIVE LIVE 3/3] Нода из архива рабочая, добавляю
2026-10-10 14:19:44,794 | INFO | [ARCHIVE DEAD 0/3] Нода из архива мертва, удаляю
2026-10-10 14:19:44,886 | INFO | [ARCHIVE DEAD 0/3] Нода из архива мертва, удаляю
2026-10-10 14:19:44,925 | INFO | [ARCHIVE LIVE 3/3] Нода из архива рабочая, добавляю
2026-10-10 14:19:44,972 | INFO | [ARCHIVE LIVE 3/3] Нода из архива рабочая, добавляю
2026-10-10 14:19:45,014 | INFO | [ARCHIVE DEAD 0/3] Нода из архива мертва, удаляю
2026-10-10 14:19:45,056 | INFO | [ARCHIVE LIVE 3/3] Нода из архива рабочая, добавляю
2026-10-10 14:19:45,084 | INFO | [ARCHIVE DEAD 0/3] Нода из архива мертва, удаляю
2026-10-10 14:19:45,131 | INFO | [ARCHIVE DEAD 0/3] Нода из архива мертва, удаляю
2026-10-10 14:19:45,227 | INFO | [ARCHIVE LIVE 3/3] Нода из архива рабочая, добавляю
2026-10-10 14:19:45,349 | INFO | [ARCHIVE DEAD 0/3] Нода из архива мертва, удаляю
2026-10-10 14:19:45,484 | INFO | [ARCHIVE DEAD 0/3] Нода из архива мертва, удаляю
2026-10-10 14:19:45,748 | INFO | [ARCHIVE LIVE 3/3] Нода из архива рабочая, добавляю
2026-10-10 14:19:45,854 | INFO | [ARCHIVE DEAD 0/3] Нода из архива мертва, удаляю
2026-10-10 14:19:45,929 | INFO | [ARCHIVE DEAD 0/3] Нода из архива мертва, удаляю
2026-10-10 14:19:45,963 | INFO | [ARCHIVE DEAD 0/3] Нода из архива мертва, удаляю
2026-10-10 14:19:46,012 | INFO | [ARCHIVE LIVE 3/3] Нода из архива рабочая, добавляю
2026-10-10 14:19:46,179 | INFO | [ARCHIVE DEAD 0/3] Нода из архива мертва, удаляю
2026-10-10 14:19:46,540 | INFO | [ARCHIVE DEAD 0/3] Нода из архива мертва, удаляю
2026-10-10 14:19:46,579 | INFO | [ARCHIVE DEAD 0/3] Нода из архива мертва, удаляю
2026-10-10 14:19:46,625 | INFO | [ARCHIVE DEAD 0/3] Нода из архива мертва, удаляю
2026-10-10 14:19:46,882 | INFO | [ARCHIVE LIVE 2/3] Нода из архива рабочая, добавляю
2026-10-10 14:19:47,018 | INFO | [ARCHIVE LIVE 3/3] Нода из архива рабочая, добавляю
2026-10-10 14:19:47,065 | INFO | [ARCHIVE LIVE 3/3] Нода из архива рабочая, добавляю
2026-10-10 14:19:47,252 | INFO | [ARCHIVE DEAD 0/3] Нода из архива мертва, удаляю
2026-10-10 14:19:47,265 | INFO | [ARCHIVE LIVE 3/3] Нода из архива рабочая, добавляю
2026-10-10 14:19:47,331 | INFO | [ARCHIVE LIVE 3/3] Нода из архива рабочая, добавляю
2026-10-10 14:19:47,393 | INFO | [ARCHIVE DEAD 0/3] Нода из архива мертва, удаляю
2026-10-10 14:19:47,395 | INFO | [ARCHIVE DEAD 0/3] Нода из архива мертва, удаляю
2026-10-10 14:19:47,485 | INFO | [ARCHIVE DEAD 0/3] Нода из архива мертва, удаляю
2026-10-10 14:19:47,516 | INFO | [ARCHIVE DEAD 0/3] Нода из архива мертва, удаляю
2026-10-10 14:19:47,574 | INFO | [ARCHIVE DEAD 0/3] Нода из архива мертва, удаляю
2026-10-10 14:19:47,652 | INFO | [ARCHIVE DEAD 0/3] Нода из архива мертва, удаляю
2026-10-10 14:19:47,662 | INFO | [ARCHIVE DEAD 0/3] Нода из архива мертва, удаляю
2026-10-10 14:19:47,682 | INFO | [ARCHIVE DEAD 0/3] Нода из архива мертва, удаляю
2026-10-10 14:19:47,688 | INFO | [ARCHIVE DEAD 0/3] Нода из архива мертва, удаляю
2026-10-10 14:19:47,721 | INFO | [ARCHIVE DEAD 0/3] Нода из архива мертва, удаляю
2026-10-10 14:19:47,797 | INFO | [ARCHIVE DEAD 0/3] Нода из архива мертва, удаляю
2026-10-10 14:19:47,913 | INFO | [ARCHIVE DEAD 0/3] Нода из архива мертва, удаляю
2026-10-10 14:19:47,946 | INFO | [ARCHIVE DEAD 0/3] Нода из архива мертва, удаляю
2026-10-10 14:19:47,955 | INFO | [ARCHIVE DEAD 0/3] Нода из архива мертва, удаляю
2026-10-10 14:19:48,019 | INFO | [ARCHIVE DEAD 0/3] Нода из архива мертва, удаляю
2026-10-10 14:19:48,030 | INFO | [ARCHIVE DEAD 0/3] Нода из архива мертва, удаляю
2026-10-10 14:19:48,067 | INFO | [ARCHIVE DEAD 0/3] Нода из архива мертва, удаляю
2026-10-10 14:19:48,184 | INFO | [ARCHIVE DEAD 0/3] Нода из архива мертва, удаляю
2026-10-10 14:19:48,258 | INFO | [ARCHIVE DEAD 0/3] Нода из архива мертва, удаляю
2026-10-10 14:19:48,302 | INFO | [ARCHIVE DEAD 0/3] Нода из архива мертва, удаляю
2026-10-10 14:19:48,521 | INFO | [ARCHIVE DEAD 0/3] Нода из архива мертва, удаляю
2026-10-10 14:19:48,705 | INFO | [ARCHIVE DEAD 0/3] Нода из архива мертва, удаляю
2026-10-10 14:19:48,896 | INFO | [ARCHIVE DEAD 0/3] Нода из архива мертва, удаляю
2026-10-10 14:19:48,964 | INFO | [ARCHIVE DEAD 0/3] Нода из архива мертва, удаляю
2026-10-10 14:19:48,964 | INFO | [ARCHIVE DEAD 0/3] Нода из архива мертва, удаляю
2026-10-10 14:19:48,998 | INFO | [ARCHIVE DEAD 0/3] Нода из архива мертва, удаляю
2026-10-10 14:19:49,114 | INFO | [ARCHIVE DEAD 0/3] Нода из архива мертва, удаляю
2026-10-10 14:19:49,461 | INFO | [ARCHIVE DEAD 0/3] Нода из архива мертва, удаляю
2026-10-10 14:19:49,498 | INFO | [ARCHIVE DEAD 0/3] Нода из архива мертва, удаляю
2026-10-10 14:19:49,525 | INFO | [ARCHIVE DEAD 0/3] Нода из архива мертва, удаляю
2026-10-10 14:19:49,834 | INFO | [ARCHIVE DEAD 0/3] Нода из архива мертва, удаляю
2026-10-10 14:19:49,936 | INFO | [ARCHIVE DEAD 0/3] Нода из архива мертва, удаляю
2026-10-10 14:19:49,986 | INFO | [ARCHIVE DEAD 0/3] Нода из архива мертва, удаляю
2026-10-10 14:19:50,066 | INFO | [ARCHIVE DEAD 0/3] Нода из архива мертва, удаляю
2026-10-10 14:19:50,167 | INFO | [ARCHIVE DEAD 0/3] Нода из архива мертва, удаляю
2026-10-10 14:19:50,169 | INFO | [ARCHIVE DEAD 0/3] Нода из архива мертва, удаляю
2026-10-10 14:19:50,205 | INFO | [ARCHIVE DEAD 0/3] Нода из архива мертва, удаляю
2026-10-10 14:19:50,208 | INFO | [ARCHIVE DEAD 0/3] Нода из архива мертва, удаляю
2026-10-10 14:19:50,251 | INFO | [ARCHIVE DEAD 0/3] Нода из архива мертва, удаляю
2026-10-10 14:19:50,527 | INFO | [ARCHIVE DEAD 0/3] Нода из архива мертва, удаляю
2026-10-10 14:19:50,715 | INFO | [ARCHIVE LIVE 3/3] Нода из архива рабочая, добавляю
2026-10-10 14:19:50,722 | INFO | [ARCHIVE DEAD 0/3] Нода из архива мертва, удаляю
2026-10-10 14:19:50,809 | INFO | [ARCHIVE DEAD 0/3] Нода из архива мертва, удаляю
2026-10-10 14:19:50,960 | INFO | [ARCHIVE DEAD 0/3] Нода из архива мертва, удаляю
2026-10-10 14:19:51,023 | INFO | [ARCHIVE LIVE 3/3] Нода из архива рабочая, добавляю
2026-10-10 14:19:51,073 | INFO | [ARCHIVE DEAD 0/3] Нода из архива мертва, удаляю
2026-10-10 14:19:51,115 | INFO | [ARCHIVE DEAD 0/3] Нода из архива мертва, удаляю
2026-10-10 14:19:51,139 | INFO | [ARCHIVE DEAD 0/3] Нода из архива мертва, удаляю
2026-10-10 14:19:51,168 | INFO | [ARCHIVE LIVE 3/3] Нода из архива рабочая, добавляю
2026-10-10 14:19:51,241 | INFO | [ARCHIVE DEAD 0/3] Нода из архива мертва, удаляю
2026-10-10 14:19:51,247 | INFO | [ARCHIVE LIVE 3/3] Нода из архива рабочая, добавляю
2026-10-10 14:19:51,249 | INFO | [ARCHIVE DEAD 0/3] Нода из архива мертва, удаляю
2026-10-10 14:19:51,363 | INFO | [ARCHIVE DEAD 0/3] Нода из архива мертва, удаляю
2026-10-10 14:19:51,434 | INFO | [ARCHIVE DEAD 0/3] Нода из архива мертва, удаляю
2026-10-10 14:19:51,485 | INFO | [ARCHIVE DEAD 0/3] Нода из архива мертва, удаляю
2026-10-10 14:19:51,526 | INFO | [ARCHIVE DEAD 0/3] Нода из архива мертва, удаляю
2026-10-10 14:19:51,873 | INFO | [ARCHIVE DEAD 0/3] Нода из архива мертва, удаляю
2026-10-10 14:19:51,959 | INFO | [ARCHIVE DEAD 0/3] Нода из архива мертва, удаляю
2026-10-10 14:19:51,964 | INFO | [ARCHIVE DEAD 0/3] Нода из архива мертва, удаляю
2026-10-10 14:19:52,021 | INFO | [ARCHIVE LIVE 3/3] Нода из архива рабочая, добавляю
2026-10-10 14:19:52,262 | INFO | [ARCHIVE DEAD 0/3] Нода из архива мертва, удаляю
2026-10-10 14:19:52,297 | INFO | [ARCHIVE DEAD 0/3] Нода из архива мертва, удаляю
2026-10-10 14:19:52,374 | INFO | [ARCHIVE DEAD 0/3] Нода из архива мертва, удаляю
2026-10-10 14:19:52,437 | INFO | [ARCHIVE DEAD 0/3] Нода из архива мертва, удаляю
2026-10-10 14:19:52,546 | INFO | [ARCHIVE DEAD 0/3] Нода из архива мертва, удаляю
2026-10-10 14:19:52,553 | INFO | [ARCHIVE DEAD 0/3] Нода из архива мертва, удаляю
2026-10-10 14:19:53,334 | INFO | [ARCHIVE DEAD 0/3] Нода из архива мертва, удаляю
2026-10-10 14:19:53,580 | INFO | [ARCHIVE DEAD 0/3] Нода из архива мертва, удаляю
2026-10-10 14:19:53,710 | INFO | [ARCHIVE DEAD 0/3] Нода из архива мертва, удаляю
2026-10-10 14:19:53,726 | INFO | [ARCHIVE DEAD 0/3] Нода из архива мертва, удаляю
2026-10-10 14:19:53,790 | INFO | [ARCHIVE DEAD 0/3] Нода из архива мертва, удаляю
2026-10-10 14:19:54,037 | INFO | [ARCHIVE DEAD 0/3] Нода из архива мертва, удаляю
2026-10-10 14:19:54,167 | INFO | [ARCHIVE LIVE 3/3] Нода из архива рабочая, добавляю
2026-10-10 14:19:54,200 | INFO | [ARCHIVE LIVE 3/3] Нода из архива рабочая, добавляю
2026-10-10 14:19:54,260 | INFO | [ARCHIVE LIVE 3/3] Нода из архива рабочая, добавляю
2026-10-10 14:19:54,367 | INFO | [ARCHIVE LIVE 3/3] Нода из архива рабочая, добавляю
2026-10-10 14:19:54,380 | INFO | [ARCHIVE LIVE 3/3] Нода из архива рабочая, добавляю
2026-10-10 14:19:54,389 | INFO | [ARCHIVE DEAD 0/3] Нода из архива мертва, удаляю
2026-10-10 14:19:54,399 | INFO | [ARCHIVE DEAD 0/3] Нода из архива мертва, удаляю
2026-10-10 14:19:54,405 | INFO | [ARCHIVE DEAD 0/3] Нода из архива мертва, удаляю
2026-10-10 14:19:54,436 | INFO | [ARCHIVE DEAD 0/3] Нода из архива мертва, удаляю
2026-10-10 14:19:54,438 | INFO | [ARCHIVE DEAD 0/3] Нода из архива мертва, удаляю
2026-10-10 14:19:54,443 | INFO | [ARCHIVE DEAD 0/3] Нода из архива мертва, удаляю
2026-10-10 14:19:54,444 | INFO | [ARCHIVE DEAD 0/3] Нода из архива мертва, удаляю
2026-10-10 14:19:54,456 | INFO | [ARCHIVE DEAD 0/3] Нода из архива мертва, удаляю
2026-10-10 14:19:54,467 | INFO | [ARCHIVE DEAD 0/3] Нода из архива мертва, удаляю
2026-10-10 14:19:54,471 | INFO | [ARCHIVE DEAD 0/3] Нода из архива мертва, удаляю
2026-10-10 14:19:54,474 | INFO | [ARCHIVE DEAD 0/3] Нода из архива мертва, удаляю
2026-10-10 14:19:54,498 | INFO | [ARCHIVE DEAD 0/3] Нода из архива мертва, удаляю
2026-10-10 14:19:54,567 | INFO | [ARCHIVE DEAD 0/3] Нода из архива мертва, удаляю
2026-10-10 14:19:54,647 | INFO | [ARCHIVE DEAD 1/3] Нода из архива мертва, удаляю
2026-10-10 14:19:54,698 | INFO | [ARCHIVE DEAD 0/3] Нода из архива мертва, удаляю
2026-10-10 14:19:54,810 | INFO | [ARCHIVE DEAD 0/3] Нода из архива мертва, удаляю
2026-10-10 14:19:54,906 | INFO | [ARCHIVE DEAD 0/3] Нода из архива мертва, удаляю
2026-10-10 14:19:55,113 | INFO | [ARCHIVE DEAD 0/3] Нода из архива мертва, удаляю
2026-10-10 14:19:55,119 | INFO | [ARCHIVE DEAD 1/3] Нода из архива мертва, удаляю
2026-10-10 14:19:55,190 | INFO | [ARCHIVE DEAD 0/3] Нода из архива мертва, удаляю
2026-10-10 14:19:55,200 | INFO | [ARCHIVE DEAD 0/3] Нода из архива мертва, удаляю
2026-10-10 14:19:55,202 | INFO | [ARCHIVE DEAD 0/3] Нода из архива мертва, удаляю
2026-10-10 14:19:55,216 | INFO | [ARCHIVE DEAD 0/3] Нода из архива мертва, удаляю
2026-10-10 14:19:55,276 | INFO | [ARCHIVE DEAD 0/3] Нода из архива мертва, удаляю
2026-10-10 14:19:55,573 | INFO | [ARCHIVE DEAD 0/3] Нода из архива мертва, удаляю
2026-10-10 14:19:55,655 | INFO | [ARCHIVE DEAD 0/3] Нода из архива мертва, удаляю
2026-10-10 14:19:55,732 | INFO | [ARCHIVE DEAD 1/3] Нода из архива мертва, удаляю
2026-10-10 14:19:56,086 | INFO | [ARCHIVE DEAD 0/3] Нода из архива мертва, удаляю
2026-10-10 14:19:57,987 | INFO | archive.txt updated: 4062 nodes
2026-10-10 14:19:57,988 | INFO | Subscription updated: /home/runner/work/sbornik/sbornik/subs/vless_001.txt (100 nodes)
2026-10-10 14:19:57,988 | INFO | 
--- STATS BY TRANSPORT (live_total / dead_total | live_last / dead_last) ---
2026-10-10 14:19:57,988 | INFO | tcp: 1807 / 2394 | 70 / 174
2026-10-10 14:19:57,988 | INFO | ws: 6694 / 5201 | 28 / 108
2026-10-10 14:19:57,988 | INFO | grpc: 26 / 1005 | 2 / 76
2026-10-10 14:19:57,988 | INFO | xhttp: 0 / 1128 | 0 / 29
2026-10-10 14:19:57,988 | INFO | 
--- STATS BY SECURITY (live_total / dead_total | live_last / dead_last) ---
2026-10-10 14:19:57,988 | INFO | none: 1598 / 1484 | 4 / 7
2026-10-10 14:19:57,988 | INFO | tls: 5679 / 5146 | 28 / 206
2026-10-10 14:19:57,989 | INFO | reality: 1250 / 3098 | 68 / 174
2026-10-10 14:19:57,989 | INFO | 💾 Статистика источников сохранена: source_stats.json
2026-10-10 14:19:57,989 | INFO | 💾 Статистика протоколов сохранена: protocol_stats.json
2026-10-10 14:19:57,989 | INFO | 
============ ИТОГ ЗАПУСКА ============
Живых из источников:          57
Оживлено из архива:           43
Удалено из архива (мёртвых):  169
Итого в подписке:             100
Итого в архиве:               4062

--- ДЕТАЛИЗАЦИЯ ОШИБОК ---
dead_tcp (TCP не открылся):    27
dead_config (битый конфиг):    0
dead_start (sing-box упал):    29
dead_sites (мало сайтов):      162
dead_parse (URI не парсится):  0
======================================
2026-10-10 14:19:57,990 | INFO | 
--- ПРОВЕРКА САЙТОВ (за текущий запуск) ---
2026-10-10 14:19:57,990 | INFO | https://telegram.org: 110/417 (26.4%)
2026-10-10 14:19:57,990 | INFO | https://www.instagram.com: 112/413 (27.1%)
2026-10-10 14:19:57,990 | INFO | https://www.youtube.com: 119/403 (29.5%)
2026-10-10 14:19:57,990 | INFO | 💾 Статистика запуска сохранена: run_stats.json
