2026-08-01 13:24:20,021 | INFO | 📊 Загружена статистика SNI: 26 доменов
2026-08-01 13:24:20,021 | INFO | === SING-BOX STATUS ===
2026-08-01 13:24:20,029 | INFO | sing-box version 1.13.15

Environment: go1.25.12 linux/amd64
Tags: with_gvisor,with_quic,with_dhcp,with_wireguard,with_utls,with_acme,with_clash_api,with_tailscale,with_ccm,with_ocm,with_naive_outbound,badlinkname,tfogo_checklinkname0,with_musl
Revision: 3708fa18766cda1f11b77f6ed9c7bd61688f17df
CGO: enabled
2026-08-01 13:24:20,029 | INFO | 
--- STEP 1: FETCHING SOURCES ---
2026-08-01 13:24:20,060 | INFO | Loaded 103 lines from https://raw.githubusercontent.com/igareck/vpn-conf...
2026-08-01 13:24:20,154 | INFO | Loaded 0 lines from https://raw.githubusercontent.com/igareck/vpn-conf...
2026-08-01 13:24:20,279 | INFO | Loaded 24 lines from https://raw.githubusercontent.com/igareck/vpn-conf...
2026-08-01 13:24:20,383 | INFO | Loaded 3 lines from https://raw.githubusercontent.com/igareck/vpn-conf...
2026-08-01 13:24:20,559 | INFO | Loaded 107 lines from https://raw.githubusercontent.com/igareck/vpn-conf...
2026-08-01 13:24:20,585 | INFO | Loaded 153 lines from https://raw.githubusercontent.com/igareck/vpn-conf...
2026-08-01 13:24:20,676 | INFO | Loaded 153 lines from https://raw.githubusercontent.com/igareck/vpn-conf...
2026-08-01 13:24:20,938 | INFO | Loaded 429 lines from https://raw.githubusercontent.com/FLAT447/v2ray-li...
2026-08-01 13:24:20,938 | INFO | 
--- STEP 2: VALIDATION ---
2026-08-01 13:24:20,940 | INFO | Unique VLESS configs: 664
2026-08-01 13:24:20,968 | INFO | Archive updated: 10000 nodes (limit 10000)
2026-08-01 13:24:20,971 | INFO | 
--- STEP 3: LIVE CHECK (664 nodes, threads: 40) ---
2026-08-01 13:25:09,490 | INFO | [🎉 SNI WORKED] Нода ожила с SNI: api-maps.yandex.ru (порт 11012)
2026-08-01 13:25:19,007 | INFO | [🎉 SNI WORKED] Нода ожила с SNI: api-maps.yandex.ru (порт 11011)
2026-08-01 13:25:24,198 | INFO | [🎉 SNI WORKED] Нода ожила с SNI: api-maps.yandex.ru (порт 11037)
2026-08-01 13:25:33,307 | INFO | [🎉 SNI WORKED] Нода ожила с SNI: api-maps.yandex.ru (порт 11039)
2026-08-01 13:25:37,257 | INFO | [🎉 SNI WORKED] Нода ожила с SNI: api-maps.yandex.ru (порт 11005)
2026-08-01 13:25:43,562 | INFO | [🎉 SNI WORKED] Нода ожила с SNI: api-maps.yandex.ru (порт 11035)
2026-08-01 13:29:32,999 | INFO | [🎉 SNI WORKED] Нода ожила с SNI: api-maps.yandex.ru (порт 11030)
2026-08-01 13:29:52,519 | INFO | [🎉 SNI WORKED] Нода ожила с SNI: api-maps.yandex.ru (порт 11010)
2026-08-01 13:41:43,451 | INFO | [🎉 SNI WORKED] Нода ожила с SNI: rutube.ru (порт 11027)
2026-08-01 13:47:09,876 | INFO | [🎉 SNI WORKED] Нода ожила с SNI: dzen.ru (порт 11006)
2026-08-01 13:49:13,440 | INFO | ⏱️ Время проверки: 1492.5 сек
2026-08-01 13:49:13,440 | INFO | 
--- RESULT: Found 70 live nodes ---
2026-08-01 13:49:13,440 | INFO | After dedup: 70
2026-08-01 13:49:13,440 | INFO | Filled from archive (+30), total: 100
2026-08-01 13:49:13,454 | INFO | alive_archive.txt updated: 5000 nodes (limit 5000)
2026-08-01 13:49:13,454 | INFO | Subscription updated: /home/runner/work/sbornik/sbornik/subs/vless_001.txt
2026-08-01 13:49:13,454 | INFO | 
--- STATS BY PROTOCOL ---
2026-08-01 13:49:13,454 | INFO | reality: 37
2026-08-01 13:49:13,454 | INFO | tls: 1
2026-08-01 13:49:13,454 | INFO | ws: 58
2026-08-01 13:49:13,454 | INFO | other: 4
2026-08-01 13:49:13,454 | INFO | 
--- TOP SNI STATS ---
2026-08-01 13:49:13,455 | INFO | api-maps.yandex.ru: 175 успешных мутаций
2026-08-01 13:49:13,455 | INFO | ozon.ru: 37 успешных мутаций
2026-08-01 13:49:13,455 | INFO | mail.ru: 32 успешных мутаций
2026-08-01 13:49:13,455 | INFO | ok.ru: 28 успешных мутаций
2026-08-01 13:49:13,455 | INFO | yandex.ru: 28 успешных мутаций
2026-08-01 13:49:13,455 | INFO | vk.com: 26 успешных мутаций
2026-08-01 13:49:13,455 | INFO | wildberries.ru: 25 успешных мутаций
2026-08-01 13:49:13,455 | INFO | dzen.ru: 4 успешных мутаций
2026-08-01 13:49:13,455 | INFO | rutube.ru: 3 успешных мутаций
2026-08-01 13:49:13,455 | INFO | cdn.x5.ru: 1 успешных мутаций
2026-08-01 13:49:13,455 | INFO | 💾 Статистика SNI сохранена
