2026-08-21 12:50:53,308 | INFO | 📊 Загружена статистика SNI: 26 доменов
2026-08-21 12:50:53,309 | INFO | === SING-BOX STATUS ===
2026-08-21 12:50:53,317 | INFO | sing-box version 1.13.19

Environment: go1.25.12 linux/amd64
Tags: with_gvisor,with_quic,with_dhcp,with_wireguard,with_utls,with_acme,with_clash_api,with_tailscale,with_ccm,with_ocm,with_naive_outbound,badlinkname,tfogo_checklinkname0,with_musl
Revision: b5ebaa1fc0f2b94256180b95468e73ef53caa27d
CGO: enabled
2026-08-21 12:50:53,318 | INFO | 
--- STEP 1: FETCHING SOURCES ---
2026-08-21 12:50:53,405 | INFO | Loaded 77 lines from https://raw.githubusercontent.com/igareck/vpn-conf...
2026-08-21 12:50:53,468 | INFO | Loaded 0 lines from https://raw.githubusercontent.com/igareck/vpn-conf...
2026-08-21 12:50:53,552 | INFO | Loaded 7 lines from https://raw.githubusercontent.com/igareck/vpn-conf...
2026-08-21 12:50:53,631 | INFO | Loaded 31 lines from https://raw.githubusercontent.com/igareck/vpn-conf...
2026-08-21 12:50:53,660 | INFO | Loaded 81 lines from https://raw.githubusercontent.com/igareck/vpn-conf...
2026-08-21 12:50:53,749 | INFO | Loaded 91 lines from https://raw.githubusercontent.com/igareck/vpn-conf...
2026-08-21 12:50:53,827 | INFO | Loaded 146 lines from https://raw.githubusercontent.com/igareck/vpn-conf...
2026-08-21 12:50:54,006 | INFO | Loaded 428 lines from https://raw.githubusercontent.com/FLAT447/v2ray-li...
2026-08-21 12:50:54,007 | INFO | 
--- STEP 2: VALIDATION ---
2026-08-21 12:50:54,008 | INFO | Unique VLESS configs: 624
2026-08-21 12:50:54,042 | INFO | Archive updated: 10000 nodes (limit 10000)
2026-08-21 12:50:54,047 | INFO | 
--- STEP 3: LIVE CHECK (624 nodes, threads: 40) ---
2026-08-21 13:14:19,954 | INFO | ⏱️ Время проверки: 1405.9 сек
2026-08-21 13:14:19,954 | INFO | 
--- RESULT: Found 99 live nodes ---
2026-08-21 13:14:19,954 | INFO | After dedup: 99
2026-08-21 13:14:19,954 | INFO | Filled from archive (+1), total: 100
2026-08-21 13:14:19,963 | INFO | alive_archive.txt updated: 5000 nodes (limit 5000)
2026-08-21 13:14:19,963 | INFO | Subscription updated: /home/runner/work/sbornik/sbornik/subs/vless_001.txt
2026-08-21 13:14:19,963 | INFO | 
--- STATS BY PROTOCOL ---
2026-08-21 13:14:19,963 | INFO | reality: 43
2026-08-21 13:14:19,963 | INFO | tls: 34
2026-08-21 13:14:19,963 | INFO | ws: 23
2026-08-21 13:14:19,964 | INFO | 
--- TOP SNI STATS ---
2026-08-21 13:14:19,964 | INFO | api-maps.yandex.ru: 257 успешных мутаций
2026-08-21 13:14:19,964 | INFO | yandex.ru: 96 успешных мутаций
2026-08-21 13:14:19,964 | INFO | ozon.ru: 93 успешных мутаций
2026-08-21 13:14:19,964 | INFO | vk.com: 90 успешных мутаций
2026-08-21 13:14:19,964 | INFO | mail.ru: 90 успешных мутаций
2026-08-21 13:14:19,964 | INFO | wildberries.ru: 84 успешных мутаций
2026-08-21 13:14:19,964 | INFO | ok.ru: 72 успешных мутаций
2026-08-21 13:14:19,964 | INFO | storage.yandex.net: 15 успешных мутаций
2026-08-21 13:14:19,964 | INFO | dzen.ru: 8 успешных мутаций
2026-08-21 13:14:19,964 | INFO | rutube.ru: 7 успешных мутаций
2026-08-21 13:14:19,964 | INFO | 💾 Статистика SNI сохранена
