2026-09-02 08:31:14,143 | INFO | 📊 Загружена статистика SNI: 26 доменов
2026-09-02 08:31:14,143 | INFO | === SING-BOX STATUS ===
2026-09-02 08:31:14,178 | INFO | sing-box version 1.14.0

Environment: go1.26.7 linux/amd64
Tags: with_gvisor,with_quic,with_dhcp,with_wireguard,with_utls,with_acme,with_clash_api,with_tailscale,with_ccm,with_ocm,with_cloudflared,with_naive_outbound,with_usbip,with_openvpn,with_openconnect,badlinkname,tfogo_checklinkname0,with_musl
Revision: 0b8995879f29a9b98ee027bc17b75e101445b238
CGO: enabled
2026-09-02 08:31:14,178 | INFO | 
--- STEP 1: FETCHING SOURCES ---
2026-09-02 08:31:14,299 | INFO | Loaded 3 lines from https://raw.githubusercontent.com/igareck/vpn-conf...
2026-09-02 08:31:14,422 | INFO | Loaded 0 lines from https://raw.githubusercontent.com/igareck/vpn-conf...
2026-09-02 08:31:14,561 | INFO | Loaded 3 lines from https://raw.githubusercontent.com/igareck/vpn-conf...
2026-09-02 08:31:14,684 | INFO | Loaded 20 lines from https://raw.githubusercontent.com/igareck/vpn-conf...
2026-09-02 08:31:14,782 | INFO | Loaded 4 lines from https://raw.githubusercontent.com/igareck/vpn-conf...
2026-09-02 08:31:14,813 | INFO | Loaded 90 lines from https://raw.githubusercontent.com/igareck/vpn-conf...
2026-09-02 08:31:14,842 | INFO | Loaded 153 lines from https://raw.githubusercontent.com/igareck/vpn-conf...
2026-09-02 08:31:15,038 | INFO | Loaded 1857 lines from https://raw.githubusercontent.com/FLAT447/v2ray-li...
2026-09-02 08:31:15,038 | INFO | 
--- STEP 2: VALIDATION ---
2026-09-02 08:31:15,043 | INFO | Unique VLESS configs: 1889
2026-09-02 08:31:15,075 | INFO | Archive updated: 10000 nodes (limit 10000)
2026-09-02 08:31:15,091 | INFO | 
--- STEP 3: LIVE CHECK (1889 nodes, threads: 40) ---
2026-09-02 08:36:14,427 | INFO | ⏱️ Время проверки: 299.3 сек
2026-09-02 08:36:14,428 | INFO | 
--- RESULT: Found 101 live nodes ---
2026-09-02 08:36:14,428 | INFO | After dedup: 101
2026-09-02 08:36:14,440 | INFO | alive_archive.txt updated: 5000 nodes (limit 5000)
2026-09-02 08:36:14,441 | INFO | Subscription updated: /home/runner/work/sbornik/sbornik/subs/vless_001.txt
2026-09-02 08:36:14,441 | INFO | 
--- STATS BY PROTOCOL ---
2026-09-02 08:36:14,441 | INFO | reality: 30
2026-09-02 08:36:14,441 | INFO | ws: 66
2026-09-02 08:36:14,441 | INFO | other: 5
2026-09-02 08:36:14,441 | INFO | 
--- TOP SNI STATS ---
2026-09-02 08:36:14,441 | INFO | api-maps.yandex.ru: 262 успешных мутаций
2026-09-02 08:36:14,441 | INFO | ozon.ru: 108 успешных мутаций
2026-09-02 08:36:14,441 | INFO | yandex.ru: 98 успешных мутаций
2026-09-02 08:36:14,441 | INFO | vk.com: 92 успешных мутаций
2026-09-02 08:36:14,441 | INFO | mail.ru: 90 успешных мутаций
2026-09-02 08:36:14,441 | INFO | wildberries.ru: 86 успешных мутаций
2026-09-02 08:36:14,441 | INFO | ok.ru: 72 успешных мутаций
2026-09-02 08:36:14,441 | INFO | storage.yandex.net: 16 успешных мутаций
2026-09-02 08:36:14,442 | INFO | rutube.ru: 8 успешных мутаций
2026-09-02 08:36:14,442 | INFO | dzen.ru: 8 успешных мутаций
2026-09-02 08:36:14,442 | INFO | 💾 Статистика SNI сохранена
