2026-09-20 18:32:08,270 | INFO | 📊 Загружена статистика SNI: 26 доменов
2026-09-20 18:32:08,270 | INFO | === SING-BOX STATUS ===
2026-09-20 18:32:08,304 | INFO | sing-box version 1.14.1

Environment: go1.26.8 linux/amd64
Tags: with_gvisor,with_quic,with_dhcp,with_wireguard,with_utls,with_acme,with_clash_api,with_tailscale,with_ccm,with_ocm,with_cloudflared,with_naive_outbound,with_usbip,with_openvpn,with_openconnect,badlinkname,tfogo_checklinkname0,with_musl
Revision: 1ac1a339cb1223e9c70eae14c44411c75033c02d
CGO: enabled
2026-09-20 18:32:08,304 | INFO | 
--- STEP 1: FETCHING SOURCES ---
2026-09-20 18:32:08,339 | INFO | Loaded 12 lines from https://raw.githubusercontent.com/igareck/vpn-conf...
2026-09-20 18:32:08,392 | INFO | Loaded 0 lines from https://raw.githubusercontent.com/igareck/vpn-conf...
2026-09-20 18:32:08,430 | INFO | Loaded 3 lines from https://raw.githubusercontent.com/igareck/vpn-conf...
2026-09-20 18:32:08,465 | INFO | Loaded 3 lines from https://raw.githubusercontent.com/igareck/vpn-conf...
2026-09-20 18:32:08,523 | INFO | Loaded 18 lines from https://raw.githubusercontent.com/igareck/vpn-conf...
2026-09-20 18:32:08,554 | INFO | Loaded 150 lines from https://raw.githubusercontent.com/igareck/vpn-conf...
2026-09-20 18:32:08,589 | INFO | Loaded 114 lines from https://raw.githubusercontent.com/igareck/vpn-conf...
2026-09-20 18:32:08,677 | INFO | Loaded 23 lines from https://raw.githubusercontent.com/FLAT447/v2ray-li...
2026-09-20 18:32:08,678 | INFO | 
--- STEP 2: VALIDATION ---
2026-09-20 18:32:08,678 | INFO | Unique VLESS configs: 195
2026-09-20 18:32:08,697 | INFO | Archive updated: 10000 nodes (limit 10000)
2026-09-20 18:32:08,698 | INFO | 
--- STEP 3: LIVE CHECK (195 nodes, threads: 40) ---
2026-09-20 18:41:07,495 | INFO | ⏱️ Время проверки: 538.8 сек
2026-09-20 18:41:07,495 | INFO | 
--- RESULT: Found 93 live nodes ---
2026-09-20 18:41:07,495 | INFO | After dedup: 93
2026-09-20 18:41:07,495 | INFO | Filled from archive (+7), total: 100
2026-09-20 18:41:07,507 | INFO | alive_archive.txt updated: 5000 nodes (limit 5000)
2026-09-20 18:41:07,507 | INFO | Subscription updated: /home/runner/work/sbornik/sbornik/subs/vless_001.txt
2026-09-20 18:41:07,507 | INFO | 
--- STATS BY PROTOCOL ---
2026-09-20 18:41:07,507 | INFO | reality: 97
2026-09-20 18:41:07,507 | INFO | tls: 2
2026-09-20 18:41:07,508 | INFO | ws: 1
2026-09-20 18:41:07,508 | INFO | 
--- TOP SNI STATS ---
2026-09-20 18:41:07,508 | INFO | api-maps.yandex.ru: 268 успешных мутаций
2026-09-20 18:41:07,508 | INFO | ozon.ru: 108 успешных мутаций
2026-09-20 18:41:07,508 | INFO | yandex.ru: 98 успешных мутаций
2026-09-20 18:41:07,508 | INFO | vk.com: 94 успешных мутаций
2026-09-20 18:41:07,508 | INFO | mail.ru: 90 успешных мутаций
2026-09-20 18:41:07,508 | INFO | wildberries.ru: 86 успешных мутаций
2026-09-20 18:41:07,508 | INFO | ok.ru: 72 успешных мутаций
2026-09-20 18:41:07,508 | INFO | storage.yandex.net: 16 успешных мутаций
2026-09-20 18:41:07,508 | INFO | dzen.ru: 9 успешных мутаций
2026-09-20 18:41:07,508 | INFO | rutube.ru: 8 успешных мутаций
2026-09-20 18:41:07,508 | INFO | 💾 Статистика SNI сохранена
