2026-10-06 08:39:29,013 | INFO | === SING-BOX STATUS ===
2026-10-06 08:39:29,062 | INFO | sing-box version 1.14.2

Environment: go1.26.8 linux/amd64
Tags: with_gvisor,with_quic,with_dhcp,with_wireguard,with_utls,with_acme,with_clash_api,with_tailscale,with_ccm,with_ocm,with_cloudflared,with_naive_outbound,with_usbip,with_openvpn,with_openconnect,badlinkname,tfogo_checklinkname0,with_musl
Revision: af6e64c3b69e6132ebaee0e1a3d24e93903f6709
CGO: enabled
2026-10-06 08:39:29,062 | INFO | 
--- STEP 1: FETCHING SOURCES ---
2026-10-06 08:39:29,133 | INFO | Loaded 84 lines from https://raw.githubusercontent.com/igareck/vpn-configs-for-russia/refs/heads/main...
2026-10-06 08:39:29,185 | INFO | Loaded 3 lines from https://raw.githubusercontent.com/igareck/vpn-configs-for-russia/refs/heads/main...
2026-10-06 08:39:29,233 | INFO | Loaded 3 lines from https://raw.githubusercontent.com/igareck/vpn-configs-for-russia/refs/heads/main...
2026-10-06 08:39:29,293 | INFO | Loaded 87 lines from https://raw.githubusercontent.com/igareck/vpn-configs-for-russia/refs/heads/main...
2026-10-06 08:39:29,418 | INFO | Loaded 519 lines from https://raw.githubusercontent.com/igareck/vpn-configs-for-russia/main/BLACK_VLES...
2026-10-06 08:39:29,573 | INFO | Loaded 153 lines from https://raw.githubusercontent.com/igareck/vpn-configs-for-russia/main/BLACK_VLES...
2026-10-06 08:39:29,714 | INFO | Loaded 29 lines from https://raw.githubusercontent.com/FLAT447/v2ray-lists/main/WHITE_LITE.txt...
2026-10-06 08:39:29,714 | INFO | 
--- STEP 2: VALIDATION ---
2026-10-06 08:39:29,716 | INFO | Unique VLESS configs: 606
2026-10-06 08:39:29,718 | INFO | archive.txt loaded: 437 nodes
2026-10-06 08:39:29,718 | INFO | 
--- ARCHIVE TCP CLEANUP (437 nodes, threads: 40) ---
2026-10-06 08:39:44,015 | INFO | ARCHIVE TCP CLEANUP done: alive=409, removed=28, time=14.3с
2026-10-06 08:39:44,015 | INFO | 
--- STEP 3: LIVE CHECK (606 nodes, threads: 40, min_sites_ok=2) ---
2026-10-06 08:40:53,390 | INFO | ⏱️ Время проверки: 69.4 сек
2026-10-06 08:40:53,390 | INFO | 
--- RESULT: Found 157 live nodes ---
2026-10-06 08:40:53,392 | INFO | archive.txt updated: 423 nodes
2026-10-06 08:40:53,393 | INFO | Subscription updated: /home/runner/work/sbornik/sbornik/subs/vless_001.txt (100 nodes)
2026-10-06 08:40:53,393 | INFO | 
--- STATS BY TRANSPORT (live_total / dead_total | live_last / dead_last) ---
2026-10-06 08:40:53,393 | INFO | tcp: 1088 / 1255 | 59 / 68
2026-10-06 08:40:53,393 | INFO | ws: 591 / 877 | 98 / 319
2026-10-06 08:40:53,393 | INFO | grpc: 13 / 331 | 0 / 72
2026-10-06 08:40:53,393 | INFO | xhttp: 0 / 628 | 0 / 18
2026-10-06 08:40:53,393 | INFO | 
--- STATS BY SECURITY (live_total / dead_total | live_last / dead_last) ---
2026-10-06 08:40:53,393 | INFO | none: 134 / 156 | 8 / 50
2026-10-06 08:40:53,393 | INFO | tls: 788 / 1316 | 114 / 283
2026-10-06 08:40:53,393 | INFO | reality: 770 / 1619 | 35 / 144
2026-10-06 08:40:53,393 | INFO | 💾 Статистика источников сохранена: source_stats.json
2026-10-06 08:40:53,394 | INFO | 💾 Статистика протоколов сохранена: protocol_stats.json
2026-10-06 08:40:53,394 | INFO | 
============ ИТОГ ЗАПУСКА ============
Живых из источников:          157
Оживлено из архива:           0
Удалено из архива (мёртвых):  28
Итого в подписке:             100
Итого в архиве:               423

--- ДЕТАЛИЗАЦИЯ ОШИБОК ---
dead_tcp (TCP не открылся):    63
dead_config (битый конфиг):    0
dead_start (sing-box упал):    16
dead_sites (мало сайтов):      370
dead_parse (URI не парсится):  0
======================================
2026-10-06 08:40:53,394 | INFO | 
--- ПРОВЕРКА САЙТОВ (за текущий запуск) ---
2026-10-06 08:40:53,394 | INFO | https://telegram.org: 154/527 (29.2%)
2026-10-06 08:40:53,394 | INFO | https://www.instagram.com: 156/527 (29.6%)
2026-10-06 08:40:53,394 | INFO | https://www.youtube.com: 152/527 (28.8%)
2026-10-06 08:40:53,394 | INFO | 💾 Статистика запуска сохранена: run_stats.json
