2026-08-08 01:45:24,460 | INFO | 📊 Загружена статистика SNI: 26 доменов
2026-08-08 01:45:24,460 | INFO | === SING-BOX STATUS ===
2026-08-08 01:45:24,468 | INFO | sing-box version 1.13.16

Environment: go1.25.12 linux/amd64
Tags: with_gvisor,with_quic,with_dhcp,with_wireguard,with_utls,with_acme,with_clash_api,with_tailscale,with_ccm,with_ocm,with_naive_outbound,badlinkname,tfogo_checklinkname0,with_musl
Revision: 17ec3c71af8ca946dc50bf0d927c39fc77322aec
CGO: enabled
2026-08-08 01:45:24,468 | INFO | 
--- STEP 1: FETCHING SOURCES ---
2026-08-08 01:45:24,511 | INFO | Loaded 153 lines from https://raw.githubusercontent.com/igareck/vpn-conf...
2026-08-08 01:45:24,545 | INFO | Loaded 0 lines from https://raw.githubusercontent.com/igareck/vpn-conf...
2026-08-08 01:45:24,580 | INFO | Loaded 11 lines from https://raw.githubusercontent.com/igareck/vpn-conf...
2026-08-08 01:45:24,610 | INFO | Loaded 12 lines from https://raw.githubusercontent.com/igareck/vpn-conf...
2026-08-08 01:45:24,653 | INFO | Loaded 172 lines from https://raw.githubusercontent.com/igareck/vpn-conf...
2026-08-08 01:45:24,691 | INFO | Loaded 361 lines from https://raw.githubusercontent.com/igareck/vpn-conf...
2026-08-08 01:45:24,725 | INFO | Loaded 153 lines from https://raw.githubusercontent.com/igareck/vpn-conf...
2026-08-08 01:45:24,803 | INFO | Loaded 382 lines from https://raw.githubusercontent.com/FLAT447/v2ray-li...
2026-08-08 01:45:24,803 | INFO | 
--- STEP 2: VALIDATION ---
2026-08-08 01:45:24,805 | INFO | Unique VLESS configs: 890
2026-08-08 01:45:24,835 | INFO | Archive updated: 10000 nodes (limit 10000)
2026-08-08 01:45:24,841 | INFO | 
--- STEP 3: LIVE CHECK (890 nodes, threads: 40) ---
2026-08-08 01:50:24,007 | INFO | ⏱️ Время проверки: 299.2 сек
2026-08-08 01:50:24,008 | INFO | 
--- RESULT: Found 100 live nodes ---
2026-08-08 01:50:24,008 | INFO | After dedup: 100
2026-08-08 01:50:24,018 | INFO | alive_archive.txt updated: 5000 nodes (limit 5000)
2026-08-08 01:50:24,018 | INFO | Subscription updated: /home/runner/work/sbornik/sbornik/subs/vless_001.txt
2026-08-08 01:50:24,018 | INFO | 
--- STATS BY PROTOCOL ---
2026-08-08 01:50:24,018 | INFO | reality: 63
2026-08-08 01:50:24,018 | INFO | tls: 2
2026-08-08 01:50:24,018 | INFO | ws: 29
2026-08-08 01:50:24,018 | INFO | other: 6
2026-08-08 01:50:24,018 | INFO | 
--- TOP SNI STATS ---
2026-08-08 01:50:24,018 | INFO | api-maps.yandex.ru: 200 успешных мутаций
2026-08-08 01:50:24,018 | INFO | yandex.ru: 51 успешных мутаций
2026-08-08 01:50:24,018 | INFO | mail.ru: 49 успешных мутаций
2026-08-08 01:50:24,019 | INFO | ozon.ru: 46 успешных мутаций
2026-08-08 01:50:24,019 | INFO | vk.com: 42 успешных мутаций
2026-08-08 01:50:24,019 | INFO | ok.ru: 38 успешных мутаций
2026-08-08 01:50:24,019 | INFO | wildberries.ru: 35 успешных мутаций
2026-08-08 01:50:24,019 | INFO | dzen.ru: 7 успешных мутаций
2026-08-08 01:50:24,019 | INFO | rutube.ru: 3 успешных мутаций
2026-08-08 01:50:24,019 | INFO | cdn.x5.ru: 1 успешных мутаций
2026-08-08 01:50:24,019 | INFO | 💾 Статистика SNI сохранена
