2026-08-03 02:56:37,166 | INFO | 📊 Загружена статистика SNI: 26 доменов
2026-08-03 02:56:37,167 | INFO | === SING-BOX STATUS ===
2026-08-03 02:56:37,176 | INFO | sing-box version 1.13.15

Environment: go1.25.12 linux/amd64
Tags: with_gvisor,with_quic,with_dhcp,with_wireguard,with_utls,with_acme,with_clash_api,with_tailscale,with_ccm,with_ocm,with_naive_outbound,badlinkname,tfogo_checklinkname0,with_musl
Revision: 3708fa18766cda1f11b77f6ed9c7bd61688f17df
CGO: enabled
2026-08-03 02:56:37,176 | INFO | 
--- STEP 1: FETCHING SOURCES ---
2026-08-03 02:56:37,322 | INFO | Loaded 153 lines from https://raw.githubusercontent.com/igareck/vpn-conf...
2026-08-03 02:56:37,451 | INFO | Loaded 0 lines from https://raw.githubusercontent.com/igareck/vpn-conf...
2026-08-03 02:56:37,569 | INFO | Loaded 267 lines from https://raw.githubusercontent.com/igareck/vpn-conf...
2026-08-03 02:56:37,696 | INFO | Loaded 5 lines from https://raw.githubusercontent.com/igareck/vpn-conf...
2026-08-03 02:56:37,821 | INFO | Loaded 455 lines from https://raw.githubusercontent.com/igareck/vpn-conf...
2026-08-03 02:56:37,955 | INFO | Loaded 426 lines from https://raw.githubusercontent.com/igareck/vpn-conf...
2026-08-03 02:56:38,083 | INFO | Loaded 153 lines from https://raw.githubusercontent.com/igareck/vpn-conf...
2026-08-03 02:56:38,243 | INFO | Loaded 452 lines from https://raw.githubusercontent.com/FLAT447/v2ray-li...
2026-08-03 02:56:38,243 | INFO | 
--- STEP 2: VALIDATION ---
2026-08-03 02:56:38,245 | INFO | Unique VLESS configs: 1302
2026-08-03 02:56:38,273 | INFO | Archive updated: 10000 nodes (limit 10000)
2026-08-03 02:56:38,282 | INFO | 
--- STEP 3: LIVE CHECK (1302 nodes, threads: 40) ---
2026-08-03 02:56:53,315 | INFO | ⏱️ Время проверки: 15.0 сек
2026-08-03 02:56:53,316 | INFO | 
--- RESULT: Found 111 live nodes ---
2026-08-03 02:56:53,316 | INFO | After dedup: 111
2026-08-03 02:56:53,333 | INFO | alive_archive.txt updated: 5000 nodes (limit 5000)
2026-08-03 02:56:53,333 | INFO | Subscription updated: /home/runner/work/sbornik/sbornik/subs/vless_001.txt
2026-08-03 02:56:53,334 | INFO | 
--- STATS BY PROTOCOL ---
2026-08-03 02:56:53,334 | INFO | reality: 66
2026-08-03 02:56:53,334 | INFO | tls: 4
2026-08-03 02:56:53,334 | INFO | ws: 39
2026-08-03 02:56:53,334 | INFO | other: 2
2026-08-03 02:56:53,334 | INFO | 
--- TOP SNI STATS ---
2026-08-03 02:56:53,334 | INFO | api-maps.yandex.ru: 180 успешных мутаций
2026-08-03 02:56:53,334 | INFO | ozon.ru: 37 успешных мутаций
2026-08-03 02:56:53,334 | INFO | mail.ru: 32 успешных мутаций
2026-08-03 02:56:53,334 | INFO | ok.ru: 28 успешных мутаций
2026-08-03 02:56:53,334 | INFO | yandex.ru: 28 успешных мутаций
2026-08-03 02:56:53,334 | INFO | vk.com: 26 успешных мутаций
2026-08-03 02:56:53,334 | INFO | wildberries.ru: 25 успешных мутаций
2026-08-03 02:56:53,334 | INFO | dzen.ru: 4 успешных мутаций
2026-08-03 02:56:53,334 | INFO | rutube.ru: 3 успешных мутаций
2026-08-03 02:56:53,334 | INFO | cdn.x5.ru: 1 успешных мутаций
2026-08-03 02:56:53,335 | INFO | 💾 Статистика SNI сохранена
