2026-07-26 06:38:18,559 | INFO | 📊 Загружена статистика SNI: 26 доменов
2026-07-26 06:38:18,559 | INFO | === SING-BOX STATUS ===
2026-07-26 06:38:18,568 | INFO | sing-box version 1.13.14

Environment: go1.25.11 linux/amd64
Tags: with_gvisor,with_quic,with_dhcp,with_wireguard,with_utls,with_acme,with_clash_api,with_tailscale,with_ccm,with_ocm,with_naive_outbound,badlinkname,tfogo_checklinkname0,with_musl
Revision: 25a600db24f7680ad9806ce5427bd0ab8afe1114
CGO: enabled
2026-07-26 06:38:18,568 | INFO | 
--- STEP 1: FETCHING SOURCES ---
2026-07-26 06:38:18,702 | INFO | Loaded 153 lines from https://raw.githubusercontent.com/igareck/vpn-conf...
2026-07-26 06:38:18,839 | INFO | Loaded 0 lines from https://raw.githubusercontent.com/igareck/vpn-conf...
2026-07-26 06:38:19,056 | INFO | Loaded 49 lines from https://raw.githubusercontent.com/igareck/vpn-conf...
2026-07-26 06:38:19,265 | INFO | Loaded 11 lines from https://raw.githubusercontent.com/igareck/vpn-conf...
2026-07-26 06:38:19,457 | INFO | Loaded 252 lines from https://raw.githubusercontent.com/igareck/vpn-conf...
2026-07-26 06:38:19,591 | INFO | Loaded 434 lines from https://raw.githubusercontent.com/igareck/vpn-conf...
2026-07-26 06:38:19,747 | INFO | Loaded 153 lines from https://raw.githubusercontent.com/igareck/vpn-conf...
2026-07-26 06:38:20,243 | INFO | Loaded 482 lines from https://raw.githubusercontent.com/FLAT447/v2ray-li...
2026-07-26 06:38:20,243 | INFO | 
--- STEP 2: VALIDATION ---
2026-07-26 06:38:20,245 | INFO | Unique VLESS configs: 1089
2026-07-26 06:38:20,275 | INFO | Archive updated: 10000 nodes (limit 10000)
2026-07-26 06:38:20,282 | INFO | 
--- STEP 3: LIVE CHECK (1089 nodes, threads: 40) ---
2026-07-26 06:38:33,510 | INFO | [🎉 SNI WORKED] Нода ожила с SNI: yandex.ru (порт 11033)
2026-07-26 06:38:43,901 | INFO | ⏱️ Время проверки: 23.6 сек
2026-07-26 06:38:43,901 | INFO | 
--- RESULT: Found 105 live nodes ---
2026-07-26 06:38:43,901 | INFO | After dedup: 105
2026-07-26 06:38:43,916 | INFO | alive_archive.txt updated: 5000 nodes (limit 5000)
2026-07-26 06:38:43,916 | INFO | Subscription updated: /home/runner/work/sbornik/sbornik/subs/vless_001.txt
2026-07-26 06:38:43,917 | INFO | 
--- STATS BY PROTOCOL ---
2026-07-26 06:38:43,917 | INFO | reality: 76
2026-07-26 06:38:43,917 | INFO | ws: 11
2026-07-26 06:38:43,917 | INFO | other: 18
2026-07-26 06:38:43,917 | INFO | 
--- TOP SNI STATS ---
2026-07-26 06:38:43,917 | INFO | api-maps.yandex.ru: 37 успешных мутаций
2026-07-26 06:38:43,917 | INFO | ozon.ru: 34 успешных мутаций
2026-07-26 06:38:43,917 | INFO | mail.ru: 28 успешных мутаций
2026-07-26 06:38:43,917 | INFO | yandex.ru: 27 успешных мутаций
2026-07-26 06:38:43,917 | INFO | ok.ru: 24 успешных мутаций
2026-07-26 06:38:43,917 | INFO | vk.com: 23 успешных мутаций
2026-07-26 06:38:43,917 | INFO | wildberries.ru: 23 успешных мутаций
2026-07-26 06:38:43,917 | INFO | dzen.ru: 2 успешных мутаций
2026-07-26 06:38:43,917 | INFO | rutube.ru: 1 успешных мутаций
2026-07-26 06:38:43,917 | INFO | cdn.x5.ru: 1 успешных мутаций
2026-07-26 06:38:43,918 | INFO | 💾 Статистика SNI сохранена
