2026-08-16 20:24:00,392 | INFO | 📊 Загружена статистика SNI: 26 доменов
2026-08-16 20:24:00,392 | INFO | === SING-BOX STATUS ===
2026-08-16 20:24:00,400 | INFO | sing-box version 1.13.18

Environment: go1.25.12 linux/amd64
Tags: with_gvisor,with_quic,with_dhcp,with_wireguard,with_utls,with_acme,with_clash_api,with_tailscale,with_ccm,with_ocm,with_naive_outbound,badlinkname,tfogo_checklinkname0,with_musl
Revision: 45ca32dcb966f07f97fc888fe8586e359dbe8405
CGO: enabled
2026-08-16 20:24:00,401 | INFO | 
--- STEP 1: FETCHING SOURCES ---
2026-08-16 20:24:00,432 | INFO | Loaded 153 lines from https://raw.githubusercontent.com/igareck/vpn-conf...
2026-08-16 20:24:00,551 | INFO | Loaded 0 lines from https://raw.githubusercontent.com/igareck/vpn-conf...
2026-08-16 20:24:00,681 | INFO | Loaded 3 lines from https://raw.githubusercontent.com/igareck/vpn-conf...
2026-08-16 20:24:00,794 | INFO | Loaded 9 lines from https://raw.githubusercontent.com/igareck/vpn-conf...
2026-08-16 20:24:00,906 | INFO | Loaded 175 lines from https://raw.githubusercontent.com/igareck/vpn-conf...
2026-08-16 20:24:01,034 | INFO | Loaded 163 lines from https://raw.githubusercontent.com/igareck/vpn-conf...
2026-08-16 20:24:01,162 | INFO | Loaded 151 lines from https://raw.githubusercontent.com/igareck/vpn-conf...
2026-08-16 20:24:01,324 | INFO | Loaded 454 lines from https://raw.githubusercontent.com/FLAT447/v2ray-li...
2026-08-16 20:24:01,324 | INFO | 
--- STEP 2: VALIDATION ---
2026-08-16 20:24:01,325 | INFO | Unique VLESS configs: 762
2026-08-16 20:24:01,349 | INFO | Archive updated: 10000 nodes (limit 10000)
2026-08-16 20:24:01,353 | INFO | 
--- STEP 3: LIVE CHECK (762 nodes, threads: 40) ---
2026-08-16 20:32:31,892 | INFO | ⏱️ Время проверки: 510.5 сек
2026-08-16 20:32:31,892 | INFO | 
--- RESULT: Found 103 live nodes ---
2026-08-16 20:32:31,892 | INFO | After dedup: 103
2026-08-16 20:32:31,906 | INFO | alive_archive.txt updated: 5000 nodes (limit 5000)
2026-08-16 20:32:31,906 | INFO | Subscription updated: /home/runner/work/sbornik/sbornik/subs/vless_001.txt
2026-08-16 20:32:31,906 | INFO | 
--- STATS BY PROTOCOL ---
2026-08-16 20:32:31,906 | INFO | reality: 22
2026-08-16 20:32:31,906 | INFO | tls: 43
2026-08-16 20:32:31,906 | INFO | ws: 38
2026-08-16 20:32:31,906 | INFO | 
--- TOP SNI STATS ---
2026-08-16 20:32:31,907 | INFO | api-maps.yandex.ru: 257 успешных мутаций
2026-08-16 20:32:31,907 | INFO | yandex.ru: 96 успешных мутаций
2026-08-16 20:32:31,907 | INFO | ozon.ru: 93 успешных мутаций
2026-08-16 20:32:31,907 | INFO | vk.com: 90 успешных мутаций
2026-08-16 20:32:31,907 | INFO | mail.ru: 90 успешных мутаций
2026-08-16 20:32:31,907 | INFO | wildberries.ru: 84 успешных мутаций
2026-08-16 20:32:31,907 | INFO | ok.ru: 72 успешных мутаций
2026-08-16 20:32:31,907 | INFO | storage.yandex.net: 14 успешных мутаций
2026-08-16 20:32:31,907 | INFO | dzen.ru: 7 успешных мутаций
2026-08-16 20:32:31,907 | INFO | rutube.ru: 6 успешных мутаций
2026-08-16 20:32:31,907 | INFO | 💾 Статистика SNI сохранена
