2026-07-29 14:13:15,863 | INFO | 📊 Загружена статистика SNI: 26 доменов
2026-07-29 14:13:15,863 | INFO | === SING-BOX STATUS ===
2026-07-29 14:13:15,872 | INFO | sing-box version 1.13.15

Environment: go1.25.12 linux/amd64
Tags: with_gvisor,with_quic,with_dhcp,with_wireguard,with_utls,with_acme,with_clash_api,with_tailscale,with_ccm,with_ocm,with_naive_outbound,badlinkname,tfogo_checklinkname0,with_musl
Revision: 3708fa18766cda1f11b77f6ed9c7bd61688f17df
CGO: enabled
2026-07-29 14:13:15,872 | INFO | 
--- STEP 1: FETCHING SOURCES ---
2026-07-29 14:13:15,998 | INFO | Loaded 153 lines from https://raw.githubusercontent.com/igareck/vpn-conf...
2026-07-29 14:13:16,137 | INFO | Loaded 0 lines from https://raw.githubusercontent.com/igareck/vpn-conf...
2026-07-29 14:13:16,271 | INFO | Loaded 176 lines from https://raw.githubusercontent.com/igareck/vpn-conf...
2026-07-29 14:13:16,410 | INFO | Loaded 12 lines from https://raw.githubusercontent.com/igareck/vpn-conf...
2026-07-29 14:13:16,437 | INFO | Loaded 239 lines from https://raw.githubusercontent.com/igareck/vpn-conf...
2026-07-29 14:13:16,580 | INFO | Loaded 207 lines from https://raw.githubusercontent.com/igareck/vpn-conf...
2026-07-29 14:13:16,709 | INFO | Loaded 152 lines from https://raw.githubusercontent.com/igareck/vpn-conf...
2026-07-29 14:13:16,961 | INFO | Loaded 401 lines from https://raw.githubusercontent.com/FLAT447/v2ray-li...
2026-07-29 14:13:16,962 | INFO | 
--- STEP 2: VALIDATION ---
2026-07-29 14:13:16,964 | INFO | Unique VLESS configs: 791
2026-07-29 14:13:16,992 | INFO | Archive updated: 10000 nodes (limit 10000)
2026-07-29 14:13:16,997 | INFO | 
--- STEP 3: LIVE CHECK (791 nodes, threads: 40) ---
2026-07-29 14:15:28,645 | INFO | [🎉 SNI WORKED] Нода ожила с SNI: api-maps.yandex.ru (порт 11021)
2026-07-29 14:15:31,258 | INFO | [🎉 SNI WORKED] Нода ожила с SNI: api-maps.yandex.ru (порт 11038)
2026-07-29 14:15:32,409 | INFO | [🎉 SNI WORKED] Нода ожила с SNI: api-maps.yandex.ru (порт 11004)
2026-07-29 14:15:59,352 | INFO | [🎉 SNI WORKED] Нода ожила с SNI: api-maps.yandex.ru (порт 11012)
2026-07-29 14:19:43,793 | INFO | [🎉 SNI WORKED] Нода ожила с SNI: rutube.ru (порт 11001)
2026-07-29 14:22:14,837 | INFO | ⏱️ Время проверки: 537.8 сек
2026-07-29 14:22:14,837 | INFO | 
--- RESULT: Found 101 live nodes ---
2026-07-29 14:22:14,838 | INFO | After dedup: 101
2026-07-29 14:22:14,849 | INFO | alive_archive.txt updated: 5000 nodes (limit 5000)
2026-07-29 14:22:14,850 | INFO | Subscription updated: /home/runner/work/sbornik/sbornik/subs/vless_001.txt
2026-07-29 14:22:14,850 | INFO | 
--- STATS BY PROTOCOL ---
2026-07-29 14:22:14,850 | INFO | reality: 53
2026-07-29 14:22:14,850 | INFO | tls: 1
2026-07-29 14:22:14,850 | INFO | ws: 44
2026-07-29 14:22:14,850 | INFO | other: 3
2026-07-29 14:22:14,850 | INFO | 
--- TOP SNI STATS ---
2026-07-29 14:22:14,850 | INFO | api-maps.yandex.ru: 61 успешных мутаций
2026-07-29 14:22:14,850 | INFO | ozon.ru: 37 успешных мутаций
2026-07-29 14:22:14,850 | INFO | mail.ru: 32 успешных мутаций
2026-07-29 14:22:14,850 | INFO | ok.ru: 28 успешных мутаций
2026-07-29 14:22:14,850 | INFO | yandex.ru: 28 успешных мутаций
2026-07-29 14:22:14,851 | INFO | vk.com: 26 успешных мутаций
2026-07-29 14:22:14,851 | INFO | wildberries.ru: 25 успешных мутаций
2026-07-29 14:22:14,851 | INFO | rutube.ru: 2 успешных мутаций
2026-07-29 14:22:14,851 | INFO | dzen.ru: 2 успешных мутаций
2026-07-29 14:22:14,851 | INFO | cdn.x5.ru: 1 успешных мутаций
2026-07-29 14:22:14,851 | INFO | 💾 Статистика SNI сохранена
