2026-08-20 08:39:57,539 | INFO | 📊 Загружена статистика SNI: 26 доменов
2026-08-20 08:39:57,539 | INFO | === SING-BOX STATUS ===
2026-08-20 08:39:57,548 | INFO | sing-box version 1.13.19

Environment: go1.25.12 linux/amd64
Tags: with_gvisor,with_quic,with_dhcp,with_wireguard,with_utls,with_acme,with_clash_api,with_tailscale,with_ccm,with_ocm,with_naive_outbound,badlinkname,tfogo_checklinkname0,with_musl
Revision: b5ebaa1fc0f2b94256180b95468e73ef53caa27d
CGO: enabled
2026-08-20 08:39:57,548 | INFO | 
--- STEP 1: FETCHING SOURCES ---
2026-08-20 08:39:57,583 | INFO | Loaded 97 lines from https://raw.githubusercontent.com/igareck/vpn-conf...
2026-08-20 08:39:57,631 | INFO | Loaded 0 lines from https://raw.githubusercontent.com/igareck/vpn-conf...
2026-08-20 08:39:57,661 | INFO | Loaded 7 lines from https://raw.githubusercontent.com/igareck/vpn-conf...
2026-08-20 08:39:57,690 | INFO | Loaded 32 lines from https://raw.githubusercontent.com/igareck/vpn-conf...
2026-08-20 08:39:57,718 | INFO | Loaded 97 lines from https://raw.githubusercontent.com/igareck/vpn-conf...
2026-08-20 08:39:57,746 | INFO | Loaded 169 lines from https://raw.githubusercontent.com/igareck/vpn-conf...
2026-08-20 08:39:57,814 | INFO | Loaded 153 lines from https://raw.githubusercontent.com/igareck/vpn-conf...
2026-08-20 08:39:57,931 | INFO | Loaded 452 lines from https://raw.githubusercontent.com/FLAT447/v2ray-li...
2026-08-20 08:39:57,931 | INFO | 
--- STEP 2: VALIDATION ---
2026-08-20 08:39:57,933 | INFO | Unique VLESS configs: 720
2026-08-20 08:39:57,961 | INFO | Archive updated: 10000 nodes (limit 10000)
2026-08-20 08:39:57,965 | INFO | 
--- STEP 3: LIVE CHECK (720 nodes, threads: 40) ---
2026-08-20 08:44:58,930 | INFO | [🎉 SNI WORKED] Нода ожила с SNI: dzen.ru (порт 11031)
2026-08-20 09:06:52,907 | INFO | ⏱️ Время проверки: 1614.9 сек
2026-08-20 09:06:52,907 | INFO | 
--- RESULT: Found 59 live nodes ---
2026-08-20 09:06:52,907 | INFO | After dedup: 59
2026-08-20 09:06:52,907 | INFO | Filled from archive (+41), total: 100
2026-08-20 09:06:52,920 | INFO | alive_archive.txt updated: 5000 nodes (limit 5000)
2026-08-20 09:06:52,920 | INFO | Subscription updated: /home/runner/work/sbornik/sbornik/subs/vless_001.txt
2026-08-20 09:06:52,920 | INFO | 
--- STATS BY PROTOCOL ---
2026-08-20 09:06:52,920 | INFO | reality: 73
2026-08-20 09:06:52,920 | INFO | tls: 6
2026-08-20 09:06:52,920 | INFO | ws: 21
2026-08-20 09:06:52,920 | INFO | 
--- TOP SNI STATS ---
2026-08-20 09:06:52,920 | INFO | api-maps.yandex.ru: 257 успешных мутаций
2026-08-20 09:06:52,920 | INFO | yandex.ru: 96 успешных мутаций
2026-08-20 09:06:52,920 | INFO | ozon.ru: 93 успешных мутаций
2026-08-20 09:06:52,920 | INFO | vk.com: 90 успешных мутаций
2026-08-20 09:06:52,920 | INFO | mail.ru: 90 успешных мутаций
2026-08-20 09:06:52,921 | INFO | wildberries.ru: 84 успешных мутаций
2026-08-20 09:06:52,921 | INFO | ok.ru: 72 успешных мутаций
2026-08-20 09:06:52,921 | INFO | storage.yandex.net: 14 успешных мутаций
2026-08-20 09:06:52,921 | INFO | dzen.ru: 8 успешных мутаций
2026-08-20 09:06:52,921 | INFO | rutube.ru: 7 успешных мутаций
2026-08-20 09:06:52,921 | INFO | 💾 Статистика SNI сохранена
