2026-09-07 03:28:22,211 | INFO | 📊 Загружена статистика SNI: 26 доменов
2026-09-07 03:28:22,211 | INFO | === SING-BOX STATUS ===
2026-09-07 03:28:22,246 | INFO | sing-box version 1.14.0

Environment: go1.26.7 linux/amd64
Tags: with_gvisor,with_quic,with_dhcp,with_wireguard,with_utls,with_acme,with_clash_api,with_tailscale,with_ccm,with_ocm,with_cloudflared,with_naive_outbound,with_usbip,with_openvpn,with_openconnect,badlinkname,tfogo_checklinkname0,with_musl
Revision: 0b8995879f29a9b98ee027bc17b75e101445b238
CGO: enabled
2026-09-07 03:28:22,247 | INFO | 
--- STEP 1: FETCHING SOURCES ---
2026-09-07 03:28:22,295 | INFO | Loaded 39 lines from https://raw.githubusercontent.com/igareck/vpn-conf...
2026-09-07 03:28:22,352 | INFO | Loaded 0 lines from https://raw.githubusercontent.com/igareck/vpn-conf...
2026-09-07 03:28:22,415 | INFO | Loaded 19 lines from https://raw.githubusercontent.com/igareck/vpn-conf...
2026-09-07 03:28:22,456 | INFO | Loaded 3 lines from https://raw.githubusercontent.com/igareck/vpn-conf...
2026-09-07 03:28:22,496 | INFO | Loaded 40 lines from https://raw.githubusercontent.com/igareck/vpn-conf...
2026-09-07 03:28:22,538 | INFO | Loaded 127 lines from https://raw.githubusercontent.com/igareck/vpn-conf...
2026-09-07 03:28:22,580 | INFO | Loaded 141 lines from https://raw.githubusercontent.com/igareck/vpn-conf...
2026-09-07 03:28:22,665 | INFO | Loaded 15 lines from https://raw.githubusercontent.com/FLAT447/v2ray-li...
2026-09-07 03:28:22,665 | INFO | 
--- STEP 2: VALIDATION ---
2026-09-07 03:28:22,665 | INFO | Unique VLESS configs: 159
2026-09-07 03:28:22,700 | INFO | Archive updated: 10000 nodes (limit 10000)
2026-09-07 03:28:22,702 | INFO | 
--- STEP 3: LIVE CHECK (159 nodes, threads: 40) ---
2026-09-07 03:33:00,171 | INFO | ⏱️ Время проверки: 277.5 сек
2026-09-07 03:33:00,172 | INFO | 
--- RESULT: Found 58 live nodes ---
2026-09-07 03:33:00,172 | INFO | After dedup: 58
2026-09-07 03:33:00,172 | INFO | Filled from archive (+42), total: 100
2026-09-07 03:33:00,183 | INFO | alive_archive.txt updated: 5000 nodes (limit 5000)
2026-09-07 03:33:00,184 | INFO | Subscription updated: /home/runner/work/sbornik/sbornik/subs/vless_001.txt
2026-09-07 03:33:00,184 | INFO | 
--- STATS BY PROTOCOL ---
2026-09-07 03:33:00,184 | INFO | reality: 50
2026-09-07 03:33:00,184 | INFO | tls: 21
2026-09-07 03:33:00,184 | INFO | ws: 28
2026-09-07 03:33:00,184 | INFO | other: 1
2026-09-07 03:33:00,184 | INFO | 
--- TOP SNI STATS ---
2026-09-07 03:33:00,184 | INFO | api-maps.yandex.ru: 262 успешных мутаций
2026-09-07 03:33:00,184 | INFO | ozon.ru: 108 успешных мутаций
2026-09-07 03:33:00,184 | INFO | yandex.ru: 98 успешных мутаций
2026-09-07 03:33:00,184 | INFO | vk.com: 94 успешных мутаций
2026-09-07 03:33:00,184 | INFO | mail.ru: 90 успешных мутаций
2026-09-07 03:33:00,184 | INFO | wildberries.ru: 86 успешных мутаций
2026-09-07 03:33:00,184 | INFO | ok.ru: 72 успешных мутаций
2026-09-07 03:33:00,184 | INFO | storage.yandex.net: 16 успешных мутаций
2026-09-07 03:33:00,184 | INFO | dzen.ru: 9 успешных мутаций
2026-09-07 03:33:00,184 | INFO | rutube.ru: 8 успешных мутаций
2026-09-07 03:33:00,185 | INFO | 💾 Статистика SNI сохранена
