2026-09-22 09:08:09,699 | INFO | 📊 Загружена статистика SNI: 26 доменов
2026-09-22 09:08:09,699 | INFO | === SING-BOX STATUS ===
2026-09-22 09:08:09,741 | INFO | sing-box version 1.14.1

Environment: go1.26.8 linux/amd64
Tags: with_gvisor,with_quic,with_dhcp,with_wireguard,with_utls,with_acme,with_clash_api,with_tailscale,with_ccm,with_ocm,with_cloudflared,with_naive_outbound,with_usbip,with_openvpn,with_openconnect,badlinkname,tfogo_checklinkname0,with_musl
Revision: 1ac1a339cb1223e9c70eae14c44411c75033c02d
CGO: enabled
2026-09-22 09:08:09,742 | INFO | 
--- STEP 1: FETCHING SOURCES ---
2026-09-22 09:08:09,835 | INFO | Loaded 43 lines from https://raw.githubusercontent.com/igareck/vpn-conf...
2026-09-22 09:08:09,889 | INFO | Loaded 0 lines from https://raw.githubusercontent.com/igareck/vpn-conf...
2026-09-22 09:08:09,977 | INFO | Loaded 18 lines from https://raw.githubusercontent.com/igareck/vpn-conf...
2026-09-22 09:08:10,006 | INFO | Loaded 3 lines from https://raw.githubusercontent.com/igareck/vpn-conf...
2026-09-22 09:08:10,035 | INFO | Loaded 48 lines from https://raw.githubusercontent.com/igareck/vpn-conf...
2026-09-22 09:08:10,089 | INFO | Loaded 130 lines from https://raw.githubusercontent.com/igareck/vpn-conf...
2026-09-22 09:08:10,148 | INFO | Loaded 153 lines from https://raw.githubusercontent.com/igareck/vpn-conf...
2026-09-22 09:08:10,261 | INFO | Loaded 90 lines from https://raw.githubusercontent.com/FLAT447/v2ray-li...
2026-09-22 09:08:10,261 | INFO | 
--- STEP 2: VALIDATION ---
2026-09-22 09:08:10,262 | INFO | Unique VLESS configs: 279
2026-09-22 09:08:10,282 | INFO | Archive updated: 10000 nodes (limit 10000)
2026-09-22 09:08:10,284 | INFO | 
--- STEP 3: LIVE CHECK (279 nodes, threads: 40) ---
2026-09-22 09:13:45,975 | INFO | ⏱️ Время проверки: 335.7 сек
2026-09-22 09:13:45,975 | INFO | 
--- RESULT: Found 101 live nodes ---
2026-09-22 09:13:45,975 | INFO | After dedup: 101
2026-09-22 09:13:45,985 | INFO | alive_archive.txt updated: 5000 nodes (limit 5000)
2026-09-22 09:13:45,985 | INFO | Subscription updated: /home/runner/work/sbornik/sbornik/subs/vless_001.txt
2026-09-22 09:13:45,985 | INFO | 
--- STATS BY PROTOCOL ---
2026-09-22 09:13:45,985 | INFO | reality: 63
2026-09-22 09:13:45,985 | INFO | tls: 17
2026-09-22 09:13:45,985 | INFO | ws: 15
2026-09-22 09:13:45,985 | INFO | other: 6
2026-09-22 09:13:45,985 | INFO | 
--- TOP SNI STATS ---
2026-09-22 09:13:45,986 | INFO | api-maps.yandex.ru: 268 успешных мутаций
2026-09-22 09:13:45,986 | INFO | ozon.ru: 108 успешных мутаций
2026-09-22 09:13:45,986 | INFO | yandex.ru: 98 успешных мутаций
2026-09-22 09:13:45,986 | INFO | vk.com: 94 успешных мутаций
2026-09-22 09:13:45,986 | INFO | mail.ru: 90 успешных мутаций
2026-09-22 09:13:45,986 | INFO | wildberries.ru: 86 успешных мутаций
2026-09-22 09:13:45,986 | INFO | ok.ru: 73 успешных мутаций
2026-09-22 09:13:45,986 | INFO | storage.yandex.net: 16 успешных мутаций
2026-09-22 09:13:45,986 | INFO | dzen.ru: 9 успешных мутаций
2026-09-22 09:13:45,986 | INFO | rutube.ru: 8 успешных мутаций
2026-09-22 09:13:45,986 | INFO | 💾 Статистика SNI сохранена
