2026-08-02 13:24:40,171 | INFO | 📊 Загружена статистика SNI: 26 доменов
2026-08-02 13:24:40,171 | INFO | === SING-BOX STATUS ===
2026-08-02 13:24:40,181 | INFO | sing-box version 1.13.15

Environment: go1.25.12 linux/amd64
Tags: with_gvisor,with_quic,with_dhcp,with_wireguard,with_utls,with_acme,with_clash_api,with_tailscale,with_ccm,with_ocm,with_naive_outbound,badlinkname,tfogo_checklinkname0,with_musl
Revision: 3708fa18766cda1f11b77f6ed9c7bd61688f17df
CGO: enabled
2026-08-02 13:24:40,181 | INFO | 
--- STEP 1: FETCHING SOURCES ---
2026-08-02 13:24:40,258 | INFO | Loaded 153 lines from https://raw.githubusercontent.com/igareck/vpn-conf...
2026-08-02 13:24:40,317 | INFO | Loaded 0 lines from https://raw.githubusercontent.com/igareck/vpn-conf...
2026-08-02 13:24:40,359 | INFO | Loaded 294 lines from https://raw.githubusercontent.com/igareck/vpn-conf...
2026-08-02 13:24:40,408 | INFO | Loaded 8 lines from https://raw.githubusercontent.com/igareck/vpn-conf...
2026-08-02 13:24:40,450 | INFO | Loaded 328 lines from https://raw.githubusercontent.com/igareck/vpn-conf...
2026-08-02 13:24:40,491 | INFO | Loaded 158 lines from https://raw.githubusercontent.com/igareck/vpn-conf...
2026-08-02 13:24:40,532 | INFO | Loaded 153 lines from https://raw.githubusercontent.com/igareck/vpn-conf...
2026-08-02 13:24:40,623 | INFO | Loaded 471 lines from https://raw.githubusercontent.com/FLAT447/v2ray-li...
2026-08-02 13:24:40,623 | INFO | 
--- STEP 2: VALIDATION ---
2026-08-02 13:24:40,625 | INFO | Unique VLESS configs: 929
2026-08-02 13:24:40,654 | INFO | Archive updated: 10000 nodes (limit 10000)
2026-08-02 13:24:40,659 | INFO | 
--- STEP 3: LIVE CHECK (929 nodes, threads: 40) ---
2026-08-02 13:35:17,951 | INFO | ⏱️ Время проверки: 637.3 сек
2026-08-02 13:35:17,951 | INFO | 
--- RESULT: Found 101 live nodes ---
2026-08-02 13:35:17,951 | INFO | After dedup: 101
2026-08-02 13:35:17,966 | INFO | alive_archive.txt updated: 5000 nodes (limit 5000)
2026-08-02 13:35:17,966 | INFO | Subscription updated: /home/runner/work/sbornik/sbornik/subs/vless_001.txt
2026-08-02 13:35:17,966 | INFO | 
--- STATS BY PROTOCOL ---
2026-08-02 13:35:17,966 | INFO | reality: 41
2026-08-02 13:35:17,966 | INFO | tls: 4
2026-08-02 13:35:17,966 | INFO | ws: 55
2026-08-02 13:35:17,966 | INFO | other: 1
2026-08-02 13:35:17,966 | INFO | 
--- TOP SNI STATS ---
2026-08-02 13:35:17,966 | INFO | api-maps.yandex.ru: 180 успешных мутаций
2026-08-02 13:35:17,967 | INFO | ozon.ru: 37 успешных мутаций
2026-08-02 13:35:17,967 | INFO | mail.ru: 32 успешных мутаций
2026-08-02 13:35:17,967 | INFO | ok.ru: 28 успешных мутаций
2026-08-02 13:35:17,967 | INFO | yandex.ru: 28 успешных мутаций
2026-08-02 13:35:17,967 | INFO | vk.com: 26 успешных мутаций
2026-08-02 13:35:17,967 | INFO | wildberries.ru: 25 успешных мутаций
2026-08-02 13:35:17,967 | INFO | dzen.ru: 4 успешных мутаций
2026-08-02 13:35:17,967 | INFO | rutube.ru: 3 успешных мутаций
2026-08-02 13:35:17,967 | INFO | cdn.x5.ru: 1 успешных мутаций
2026-08-02 13:35:17,967 | INFO | 💾 Статистика SNI сохранена
