2026-09-17 03:56:15,837 | INFO | 📊 Загружена статистика SNI: 26 доменов
2026-09-17 03:56:15,837 | INFO | === SING-BOX STATUS ===
2026-09-17 03:56:15,874 | INFO | sing-box version 1.14.1

Environment: go1.26.8 linux/amd64
Tags: with_gvisor,with_quic,with_dhcp,with_wireguard,with_utls,with_acme,with_clash_api,with_tailscale,with_ccm,with_ocm,with_cloudflared,with_naive_outbound,with_usbip,with_openvpn,with_openconnect,badlinkname,tfogo_checklinkname0,with_musl
Revision: 1ac1a339cb1223e9c70eae14c44411c75033c02d
CGO: enabled
2026-09-17 03:56:15,874 | INFO | 
--- STEP 1: FETCHING SOURCES ---
2026-09-17 03:56:15,923 | INFO | Loaded 51 lines from https://raw.githubusercontent.com/igareck/vpn-conf...
2026-09-17 03:56:15,963 | INFO | Loaded 0 lines from https://raw.githubusercontent.com/igareck/vpn-conf...
2026-09-17 03:56:16,005 | INFO | Loaded 3 lines from https://raw.githubusercontent.com/igareck/vpn-conf...
2026-09-17 03:56:16,047 | INFO | Loaded 7 lines from https://raw.githubusercontent.com/igareck/vpn-conf...
2026-09-17 03:56:16,087 | INFO | Loaded 59 lines from https://raw.githubusercontent.com/igareck/vpn-conf...
2026-09-17 03:56:16,132 | INFO | Loaded 191 lines from https://raw.githubusercontent.com/igareck/vpn-conf...
2026-09-17 03:56:16,173 | INFO | Loaded 149 lines from https://raw.githubusercontent.com/igareck/vpn-conf...
2026-09-17 03:56:16,291 | INFO | Loaded 23 lines from https://raw.githubusercontent.com/FLAT447/v2ray-li...
2026-09-17 03:56:16,291 | INFO | 
--- STEP 2: VALIDATION ---
2026-09-17 03:56:16,292 | INFO | Unique VLESS configs: 245
2026-09-17 03:56:16,314 | INFO | Archive updated: 10000 nodes (limit 10000)
2026-09-17 03:56:16,316 | INFO | 
--- STEP 3: LIVE CHECK (245 nodes, threads: 40) ---
2026-09-17 03:58:32,758 | INFO | ⏱️ Время проверки: 136.4 сек
2026-09-17 03:58:32,759 | INFO | 
--- RESULT: Found 102 live nodes ---
2026-09-17 03:58:32,759 | INFO | After dedup: 102
2026-09-17 03:58:32,769 | INFO | alive_archive.txt updated: 5000 nodes (limit 5000)
2026-09-17 03:58:32,770 | INFO | Subscription updated: /home/runner/work/sbornik/sbornik/subs/vless_001.txt
2026-09-17 03:58:32,770 | INFO | 
--- STATS BY PROTOCOL ---
2026-09-17 03:58:32,770 | INFO | reality: 89
2026-09-17 03:58:32,770 | INFO | tls: 1
2026-09-17 03:58:32,770 | INFO | ws: 10
2026-09-17 03:58:32,770 | INFO | other: 2
2026-09-17 03:58:32,770 | INFO | 
--- TOP SNI STATS ---
2026-09-17 03:58:32,770 | INFO | api-maps.yandex.ru: 268 успешных мутаций
2026-09-17 03:58:32,770 | INFO | ozon.ru: 108 успешных мутаций
2026-09-17 03:58:32,770 | INFO | yandex.ru: 98 успешных мутаций
2026-09-17 03:58:32,770 | INFO | vk.com: 94 успешных мутаций
2026-09-17 03:58:32,770 | INFO | mail.ru: 90 успешных мутаций
2026-09-17 03:58:32,770 | INFO | wildberries.ru: 86 успешных мутаций
2026-09-17 03:58:32,770 | INFO | ok.ru: 72 успешных мутаций
2026-09-17 03:58:32,770 | INFO | storage.yandex.net: 16 успешных мутаций
2026-09-17 03:58:32,770 | INFO | dzen.ru: 9 успешных мутаций
2026-09-17 03:58:32,771 | INFO | rutube.ru: 8 успешных мутаций
2026-09-17 03:58:32,771 | INFO | 💾 Статистика SNI сохранена
