2026-09-02 22:25:55,048 | INFO | 📊 Загружена статистика SNI: 26 доменов
2026-09-02 22:25:55,048 | INFO | === SING-BOX STATUS ===
2026-09-02 22:25:55,085 | INFO | sing-box version 1.14.0

Environment: go1.26.7 linux/amd64
Tags: with_gvisor,with_quic,with_dhcp,with_wireguard,with_utls,with_acme,with_clash_api,with_tailscale,with_ccm,with_ocm,with_cloudflared,with_naive_outbound,with_usbip,with_openvpn,with_openconnect,badlinkname,tfogo_checklinkname0,with_musl
Revision: 0b8995879f29a9b98ee027bc17b75e101445b238
CGO: enabled
2026-09-02 22:25:55,085 | INFO | 
--- STEP 1: FETCHING SOURCES ---
2026-09-02 22:25:55,179 | INFO | Loaded 53 lines from https://raw.githubusercontent.com/igareck/vpn-conf...
2026-09-02 22:25:55,208 | INFO | Loaded 0 lines from https://raw.githubusercontent.com/igareck/vpn-conf...
2026-09-02 22:25:55,262 | INFO | Loaded 8 lines from https://raw.githubusercontent.com/igareck/vpn-conf...
2026-09-02 22:25:55,290 | INFO | Loaded 21 lines from https://raw.githubusercontent.com/igareck/vpn-conf...
2026-09-02 22:25:55,318 | INFO | Loaded 53 lines from https://raw.githubusercontent.com/igareck/vpn-conf...
2026-09-02 22:25:55,423 | INFO | Loaded 149 lines from https://raw.githubusercontent.com/igareck/vpn-conf...
2026-09-02 22:25:55,506 | INFO | Loaded 153 lines from https://raw.githubusercontent.com/igareck/vpn-conf...
2026-09-02 22:25:55,653 | INFO | Loaded 1458 lines from https://raw.githubusercontent.com/FLAT447/v2ray-li...
2026-09-02 22:25:55,654 | INFO | 
--- STEP 2: VALIDATION ---
2026-09-02 22:25:55,657 | INFO | Unique VLESS configs: 1627
2026-09-02 22:25:55,692 | INFO | Archive updated: 10000 nodes (limit 10000)
2026-09-02 22:25:55,705 | INFO | 
--- STEP 3: LIVE CHECK (1627 nodes, threads: 40) ---
2026-09-02 22:34:59,474 | INFO | ⏱️ Время проверки: 543.8 сек
2026-09-02 22:34:59,474 | INFO | 
--- RESULT: Found 104 live nodes ---
2026-09-02 22:34:59,474 | INFO | After dedup: 104
2026-09-02 22:34:59,484 | INFO | alive_archive.txt updated: 5000 nodes (limit 5000)
2026-09-02 22:34:59,485 | INFO | Subscription updated: /home/runner/work/sbornik/sbornik/subs/vless_001.txt
2026-09-02 22:34:59,485 | INFO | 
--- STATS BY PROTOCOL ---
2026-09-02 22:34:59,485 | INFO | reality: 13
2026-09-02 22:34:59,485 | INFO | tls: 38
2026-09-02 22:34:59,485 | INFO | ws: 45
2026-09-02 22:34:59,485 | INFO | other: 8
2026-09-02 22:34:59,485 | INFO | 
--- TOP SNI STATS ---
2026-09-02 22:34:59,485 | INFO | api-maps.yandex.ru: 262 успешных мутаций
2026-09-02 22:34:59,485 | INFO | ozon.ru: 108 успешных мутаций
2026-09-02 22:34:59,485 | INFO | yandex.ru: 98 успешных мутаций
2026-09-02 22:34:59,485 | INFO | vk.com: 92 успешных мутаций
2026-09-02 22:34:59,485 | INFO | mail.ru: 90 успешных мутаций
2026-09-02 22:34:59,485 | INFO | wildberries.ru: 86 успешных мутаций
2026-09-02 22:34:59,485 | INFO | ok.ru: 72 успешных мутаций
2026-09-02 22:34:59,485 | INFO | storage.yandex.net: 16 успешных мутаций
2026-09-02 22:34:59,485 | INFO | rutube.ru: 8 успешных мутаций
2026-09-02 22:34:59,485 | INFO | dzen.ru: 8 успешных мутаций
2026-09-02 22:34:59,485 | INFO | 💾 Статистика SNI сохранена
