2026-07-24 21:05:52,431 | INFO | 📊 Загружена статистика SNI: 26 доменов
2026-07-24 21:05:52,431 | INFO | === SING-BOX STATUS ===
2026-07-24 21:05:52,439 | INFO | sing-box version 1.13.14

Environment: go1.25.11 linux/amd64
Tags: with_gvisor,with_quic,with_dhcp,with_wireguard,with_utls,with_acme,with_clash_api,with_tailscale,with_ccm,with_ocm,with_naive_outbound,badlinkname,tfogo_checklinkname0,with_musl
Revision: 25a600db24f7680ad9806ce5427bd0ab8afe1114
CGO: enabled
2026-07-24 21:05:52,439 | INFO | 
--- STEP 1: FETCHING SOURCES ---
2026-07-24 21:05:52,552 | INFO | Loaded 30 lines from https://raw.githubusercontent.com/igareck/vpn-conf...
2026-07-24 21:05:52,661 | INFO | Loaded 0 lines from https://raw.githubusercontent.com/igareck/vpn-conf...
2026-07-24 21:05:52,765 | INFO | Loaded 3 lines from https://raw.githubusercontent.com/igareck/vpn-conf...
2026-07-24 21:05:52,967 | INFO | Loaded 8 lines from https://raw.githubusercontent.com/igareck/vpn-conf...
2026-07-24 21:05:53,034 | INFO | Loaded 36 lines from https://raw.githubusercontent.com/igareck/vpn-conf...
2026-07-24 21:05:53,102 | INFO | Loaded 190 lines from https://raw.githubusercontent.com/igareck/vpn-conf...
2026-07-24 21:05:53,159 | INFO | Loaded 153 lines from https://raw.githubusercontent.com/igareck/vpn-conf...
2026-07-24 21:05:53,365 | INFO | Loaded 459 lines from https://raw.githubusercontent.com/FLAT447/v2ray-li...
2026-07-24 21:05:53,365 | INFO | 
--- STEP 2: VALIDATION ---
2026-07-24 21:05:53,366 | INFO | Unique VLESS configs: 610
2026-07-24 21:05:53,395 | INFO | Archive updated: 10000 nodes (limit 10000)
2026-07-24 21:05:53,398 | INFO | 
--- STEP 3: LIVE CHECK (610 nodes, threads: 40) ---
2026-07-24 21:06:48,478 | INFO | [🎉 SNI WORKED] Нода ожила с SNI: ok.ru (порт 11037)
2026-07-24 21:07:00,991 | INFO | [🎉 SNI WORKED] Нода ожила с SNI: ok.ru (порт 11017)
2026-07-24 21:07:04,036 | INFO | ⏱️ Время проверки: 70.6 сек
2026-07-24 21:07:04,036 | INFO | 
--- RESULT: Found 103 live nodes ---
2026-07-24 21:07:04,036 | INFO | After dedup: 103
2026-07-24 21:07:04,047 | INFO | alive_archive.txt updated: 5000 nodes (limit 5000)
2026-07-24 21:07:04,047 | INFO | Subscription updated: /home/runner/work/sbornik/sbornik/subs/vless_001.txt
2026-07-24 21:07:04,047 | INFO | 
--- STATS BY PROTOCOL ---
2026-07-24 21:07:04,047 | INFO | reality: 85
2026-07-24 21:07:04,047 | INFO | ws: 16
2026-07-24 21:07:04,047 | INFO | other: 2
2026-07-24 21:07:04,047 | INFO | 
--- TOP SNI STATS ---
2026-07-24 21:07:04,047 | INFO | ozon.ru: 34 успешных мутаций
2026-07-24 21:07:04,048 | INFO | api-maps.yandex.ru: 31 успешных мутаций
2026-07-24 21:07:04,048 | INFO | mail.ru: 28 успешных мутаций
2026-07-24 21:07:04,048 | INFO | yandex.ru: 26 успешных мутаций
2026-07-24 21:07:04,048 | INFO | wildberries.ru: 23 успешных мутаций
2026-07-24 21:07:04,048 | INFO | ok.ru: 22 успешных мутаций
2026-07-24 21:07:04,048 | INFO | vk.com: 21 успешных мутаций
2026-07-24 21:07:04,048 | INFO | dzen.ru: 2 успешных мутаций
2026-07-24 21:07:04,048 | INFO | rutube.ru: 1 успешных мутаций
2026-07-24 21:07:04,048 | INFO | cdn.x5.ru: 1 успешных мутаций
2026-07-24 21:07:04,048 | INFO | 💾 Статистика SNI сохранена
