2026-08-05 02:39:10,170 | INFO | 📊 Загружена статистика SNI: 26 доменов
2026-08-05 02:39:10,170 | INFO | === SING-BOX STATUS ===
2026-08-05 02:39:10,178 | INFO | sing-box version 1.13.16

Environment: go1.25.12 linux/amd64
Tags: with_gvisor,with_quic,with_dhcp,with_wireguard,with_utls,with_acme,with_clash_api,with_tailscale,with_ccm,with_ocm,with_naive_outbound,badlinkname,tfogo_checklinkname0,with_musl
Revision: 17ec3c71af8ca946dc50bf0d927c39fc77322aec
CGO: enabled
2026-08-05 02:39:10,178 | INFO | 
--- STEP 1: FETCHING SOURCES ---
2026-08-05 02:39:10,352 | INFO | Loaded 139 lines from https://raw.githubusercontent.com/igareck/vpn-conf...
2026-08-05 02:39:10,495 | INFO | Loaded 0 lines from https://raw.githubusercontent.com/igareck/vpn-conf...
2026-08-05 02:39:10,671 | INFO | Loaded 26 lines from https://raw.githubusercontent.com/igareck/vpn-conf...
2026-08-05 02:39:10,782 | INFO | Loaded 24 lines from https://raw.githubusercontent.com/igareck/vpn-conf...
2026-08-05 02:39:10,962 | INFO | Loaded 139 lines from https://raw.githubusercontent.com/igareck/vpn-conf...
2026-08-05 02:39:11,166 | INFO | Loaded 156 lines from https://raw.githubusercontent.com/igareck/vpn-conf...
2026-08-05 02:39:11,319 | INFO | Loaded 153 lines from https://raw.githubusercontent.com/igareck/vpn-conf...
2026-08-05 02:39:11,489 | INFO | Loaded 412 lines from https://raw.githubusercontent.com/FLAT447/v2ray-li...
2026-08-05 02:39:11,489 | INFO | 
--- STEP 2: VALIDATION ---
2026-08-05 02:39:11,490 | INFO | Unique VLESS configs: 731
2026-08-05 02:39:11,518 | INFO | Archive updated: 10000 nodes (limit 10000)
2026-08-05 02:39:11,521 | INFO | 
--- STEP 3: LIVE CHECK (731 nodes, threads: 40) ---
2026-08-05 02:40:10,567 | INFO | ⏱️ Время проверки: 59.0 сек
2026-08-05 02:40:10,567 | INFO | 
--- RESULT: Found 100 live nodes ---
2026-08-05 02:40:10,567 | INFO | After dedup: 100
2026-08-05 02:40:10,581 | INFO | alive_archive.txt updated: 5000 nodes (limit 5000)
2026-08-05 02:40:10,581 | INFO | Subscription updated: /home/runner/work/sbornik/sbornik/subs/vless_001.txt
2026-08-05 02:40:10,581 | INFO | 
--- STATS BY PROTOCOL ---
2026-08-05 02:40:10,581 | INFO | reality: 38
2026-08-05 02:40:10,581 | INFO | ws: 62
2026-08-05 02:40:10,581 | INFO | 
--- TOP SNI STATS ---
2026-08-05 02:40:10,581 | INFO | api-maps.yandex.ru: 180 успешных мутаций
2026-08-05 02:40:10,582 | INFO | ozon.ru: 38 успешных мутаций
2026-08-05 02:40:10,582 | INFO | mail.ru: 33 успешных мутаций
2026-08-05 02:40:10,582 | INFO | yandex.ru: 30 успешных мутаций
2026-08-05 02:40:10,582 | INFO | ok.ru: 28 успешных мутаций
2026-08-05 02:40:10,582 | INFO | vk.com: 26 успешных мутаций
2026-08-05 02:40:10,582 | INFO | wildberries.ru: 25 успешных мутаций
2026-08-05 02:40:10,582 | INFO | dzen.ru: 7 успешных мутаций
2026-08-05 02:40:10,582 | INFO | rutube.ru: 3 успешных мутаций
2026-08-05 02:40:10,582 | INFO | cdn.x5.ru: 1 успешных мутаций
2026-08-05 02:40:10,582 | INFO | 💾 Статистика SNI сохранена
