2026-09-18 16:00:07,574 | INFO | 📊 Загружена статистика SNI: 26 доменов
2026-09-18 16:00:07,574 | INFO | === SING-BOX STATUS ===
2026-09-18 16:00:07,609 | INFO | sing-box version 1.14.1

Environment: go1.26.8 linux/amd64
Tags: with_gvisor,with_quic,with_dhcp,with_wireguard,with_utls,with_acme,with_clash_api,with_tailscale,with_ccm,with_ocm,with_cloudflared,with_naive_outbound,with_usbip,with_openvpn,with_openconnect,badlinkname,tfogo_checklinkname0,with_musl
Revision: 1ac1a339cb1223e9c70eae14c44411c75033c02d
CGO: enabled
2026-09-18 16:00:07,609 | INFO | 
--- STEP 1: FETCHING SOURCES ---
2026-09-18 16:00:07,661 | INFO | Loaded 53 lines from https://raw.githubusercontent.com/igareck/vpn-conf...
2026-09-18 16:00:07,820 | INFO | Loaded 0 lines from https://raw.githubusercontent.com/igareck/vpn-conf...
2026-09-18 16:00:07,868 | INFO | Loaded 3 lines from https://raw.githubusercontent.com/igareck/vpn-conf...
2026-09-18 16:00:07,986 | INFO | Loaded 3 lines from https://raw.githubusercontent.com/igareck/vpn-conf...
2026-09-18 16:00:08,286 | INFO | Loaded 58 lines from https://raw.githubusercontent.com/igareck/vpn-conf...
2026-09-18 16:00:08,334 | INFO | Loaded 102 lines from https://raw.githubusercontent.com/igareck/vpn-conf...
2026-09-18 16:00:08,381 | INFO | Loaded 153 lines from https://raw.githubusercontent.com/igareck/vpn-conf...
2026-09-18 16:00:08,567 | INFO | Loaded 23 lines from https://raw.githubusercontent.com/FLAT447/v2ray-li...
2026-09-18 16:00:08,567 | INFO | 
--- STEP 2: VALIDATION ---
2026-09-18 16:00:08,568 | INFO | Unique VLESS configs: 195
2026-09-18 16:00:08,589 | INFO | Archive updated: 10000 nodes (limit 10000)
2026-09-18 16:00:08,590 | INFO | 
--- STEP 3: LIVE CHECK (195 nodes, threads: 40) ---
2026-09-18 16:07:29,011 | INFO | ⏱️ Время проверки: 440.4 сек
2026-09-18 16:07:29,011 | INFO | 
--- RESULT: Found 74 live nodes ---
2026-09-18 16:07:29,011 | INFO | After dedup: 74
2026-09-18 16:07:29,011 | INFO | Filled from archive (+26), total: 100
2026-09-18 16:07:29,022 | INFO | alive_archive.txt updated: 5000 nodes (limit 5000)
2026-09-18 16:07:29,023 | INFO | Subscription updated: /home/runner/work/sbornik/sbornik/subs/vless_001.txt
2026-09-18 16:07:29,023 | INFO | 
--- STATS BY PROTOCOL ---
2026-09-18 16:07:29,023 | INFO | reality: 39
2026-09-18 16:07:29,023 | INFO | tls: 5
2026-09-18 16:07:29,023 | INFO | ws: 55
2026-09-18 16:07:29,023 | INFO | other: 1
2026-09-18 16:07:29,023 | INFO | 
--- TOP SNI STATS ---
2026-09-18 16:07:29,023 | INFO | api-maps.yandex.ru: 268 успешных мутаций
2026-09-18 16:07:29,023 | INFO | ozon.ru: 108 успешных мутаций
2026-09-18 16:07:29,023 | INFO | yandex.ru: 98 успешных мутаций
2026-09-18 16:07:29,023 | INFO | vk.com: 94 успешных мутаций
2026-09-18 16:07:29,023 | INFO | mail.ru: 90 успешных мутаций
2026-09-18 16:07:29,023 | INFO | wildberries.ru: 86 успешных мутаций
2026-09-18 16:07:29,023 | INFO | ok.ru: 72 успешных мутаций
2026-09-18 16:07:29,024 | INFO | storage.yandex.net: 16 успешных мутаций
2026-09-18 16:07:29,024 | INFO | dzen.ru: 9 успешных мутаций
2026-09-18 16:07:29,024 | INFO | rutube.ru: 8 успешных мутаций
2026-09-18 16:07:29,024 | INFO | 💾 Статистика SNI сохранена
