2026-08-18 08:38:34,207 | INFO | 📊 Загружена статистика SNI: 26 доменов
2026-08-18 08:38:34,207 | INFO | === SING-BOX STATUS ===
2026-08-18 08:38:34,215 | INFO | sing-box version 1.13.19

Environment: go1.25.12 linux/amd64
Tags: with_gvisor,with_quic,with_dhcp,with_wireguard,with_utls,with_acme,with_clash_api,with_tailscale,with_ccm,with_ocm,with_naive_outbound,badlinkname,tfogo_checklinkname0,with_musl
Revision: b5ebaa1fc0f2b94256180b95468e73ef53caa27d
CGO: enabled
2026-08-18 08:38:34,215 | INFO | 
--- STEP 1: FETCHING SOURCES ---
2026-08-18 08:38:34,248 | INFO | Loaded 49 lines from https://raw.githubusercontent.com/igareck/vpn-conf...
2026-08-18 08:38:34,279 | INFO | Loaded 0 lines from https://raw.githubusercontent.com/igareck/vpn-conf...
2026-08-18 08:38:34,308 | INFO | Loaded 3 lines from https://raw.githubusercontent.com/igareck/vpn-conf...
2026-08-18 08:38:34,336 | INFO | Loaded 18 lines from https://raw.githubusercontent.com/igareck/vpn-conf...
2026-08-18 08:38:34,364 | INFO | Loaded 53 lines from https://raw.githubusercontent.com/igareck/vpn-conf...
2026-08-18 08:38:34,445 | INFO | Loaded 109 lines from https://raw.githubusercontent.com/igareck/vpn-conf...
2026-08-18 08:38:34,522 | INFO | Loaded 153 lines from https://raw.githubusercontent.com/igareck/vpn-conf...
2026-08-18 08:38:34,652 | INFO | Loaded 446 lines from https://raw.githubusercontent.com/FLAT447/v2ray-li...
2026-08-18 08:38:34,652 | INFO | 
--- STEP 2: VALIDATION ---
2026-08-18 08:38:34,654 | INFO | Unique VLESS configs: 628
2026-08-18 08:38:34,680 | INFO | Archive updated: 10000 nodes (limit 10000)
2026-08-18 08:38:34,683 | INFO | 
--- STEP 3: LIVE CHECK (628 nodes, threads: 40) ---
2026-08-18 09:00:51,667 | INFO | ⏱️ Время проверки: 1337.0 сек
2026-08-18 09:00:51,667 | INFO | 
--- RESULT: Found 66 live nodes ---
2026-08-18 09:00:51,667 | INFO | After dedup: 66
2026-08-18 09:00:51,668 | INFO | Filled from archive (+34), total: 100
2026-08-18 09:00:51,680 | INFO | alive_archive.txt updated: 5000 nodes (limit 5000)
2026-08-18 09:00:51,680 | INFO | Subscription updated: /home/runner/work/sbornik/sbornik/subs/vless_001.txt
2026-08-18 09:00:51,680 | INFO | 
--- STATS BY PROTOCOL ---
2026-08-18 09:00:51,680 | INFO | reality: 51
2026-08-18 09:00:51,680 | INFO | tls: 16
2026-08-18 09:00:51,680 | INFO | ws: 23
2026-08-18 09:00:51,681 | INFO | other: 10
2026-08-18 09:00:51,681 | INFO | 
--- TOP SNI STATS ---
2026-08-18 09:00:51,681 | INFO | api-maps.yandex.ru: 257 успешных мутаций
2026-08-18 09:00:51,681 | INFO | yandex.ru: 96 успешных мутаций
2026-08-18 09:00:51,681 | INFO | ozon.ru: 93 успешных мутаций
2026-08-18 09:00:51,681 | INFO | vk.com: 90 успешных мутаций
2026-08-18 09:00:51,681 | INFO | mail.ru: 90 успешных мутаций
2026-08-18 09:00:51,681 | INFO | wildberries.ru: 84 успешных мутаций
2026-08-18 09:00:51,681 | INFO | ok.ru: 72 успешных мутаций
2026-08-18 09:00:51,681 | INFO | storage.yandex.net: 14 успешных мутаций
2026-08-18 09:00:51,681 | INFO | dzen.ru: 7 успешных мутаций
2026-08-18 09:00:51,681 | INFO | rutube.ru: 6 успешных мутаций
2026-08-18 09:00:51,681 | INFO | 💾 Статистика SNI сохранена
