2026-09-09 22:19:48,397 | INFO | 📊 Загружена статистика SNI: 26 доменов
2026-09-09 22:19:48,397 | INFO | === SING-BOX STATUS ===
2026-09-09 22:19:48,425 | INFO | sing-box version 1.14.0

Environment: go1.26.7 linux/amd64
Tags: with_gvisor,with_quic,with_dhcp,with_wireguard,with_utls,with_acme,with_clash_api,with_tailscale,with_ccm,with_ocm,with_cloudflared,with_naive_outbound,with_usbip,with_openvpn,with_openconnect,badlinkname,tfogo_checklinkname0,with_musl
Revision: 0b8995879f29a9b98ee027bc17b75e101445b238
CGO: enabled
2026-09-09 22:19:48,425 | INFO | 
--- STEP 1: FETCHING SOURCES ---
2026-09-09 22:19:48,483 | INFO | Loaded 61 lines from https://raw.githubusercontent.com/igareck/vpn-conf...
2026-09-09 22:19:48,531 | INFO | Loaded 0 lines from https://raw.githubusercontent.com/igareck/vpn-conf...
2026-09-09 22:19:48,554 | INFO | Loaded 23 lines from https://raw.githubusercontent.com/igareck/vpn-conf...
2026-09-09 22:19:49,441 | INFO | Loaded 3 lines from https://raw.githubusercontent.com/igareck/vpn-conf...
2026-09-09 22:19:49,465 | INFO | Loaded 61 lines from https://raw.githubusercontent.com/igareck/vpn-conf...
2026-09-09 22:19:49,518 | INFO | Loaded 31 lines from https://raw.githubusercontent.com/igareck/vpn-conf...
2026-09-09 22:19:49,569 | INFO | Loaded 89 lines from https://raw.githubusercontent.com/igareck/vpn-conf...
2026-09-09 22:19:49,692 | INFO | Loaded 29 lines from https://raw.githubusercontent.com/FLAT447/v2ray-li...
2026-09-09 22:19:49,692 | INFO | 
--- STEP 2: VALIDATION ---
2026-09-09 22:19:49,692 | INFO | Unique VLESS configs: 90
2026-09-09 22:19:49,717 | INFO | Archive updated: 10000 nodes (limit 10000)
2026-09-09 22:19:49,719 | INFO | 
--- STEP 3: LIVE CHECK (90 nodes, threads: 40) ---
2026-09-09 22:24:39,814 | INFO | ⏱️ Время проверки: 290.1 сек
2026-09-09 22:24:39,814 | INFO | 
--- RESULT: Found 26 live nodes ---
2026-09-09 22:24:39,814 | INFO | After dedup: 26
2026-09-09 22:24:39,814 | INFO | Filled from archive (+74), total: 100
2026-09-09 22:24:39,824 | INFO | alive_archive.txt updated: 5000 nodes (limit 5000)
2026-09-09 22:24:39,824 | INFO | Subscription updated: /home/runner/work/sbornik/sbornik/subs/vless_001.txt
2026-09-09 22:24:39,824 | INFO | 
--- STATS BY PROTOCOL ---
2026-09-09 22:24:39,824 | INFO | reality: 53
2026-09-09 22:24:39,824 | INFO | tls: 6
2026-09-09 22:24:39,824 | INFO | ws: 32
2026-09-09 22:24:39,824 | INFO | other: 9
2026-09-09 22:24:39,824 | INFO | 
--- TOP SNI STATS ---
2026-09-09 22:24:39,824 | INFO | api-maps.yandex.ru: 264 успешных мутаций
2026-09-09 22:24:39,824 | INFO | ozon.ru: 108 успешных мутаций
2026-09-09 22:24:39,824 | INFO | yandex.ru: 98 успешных мутаций
2026-09-09 22:24:39,824 | INFO | vk.com: 94 успешных мутаций
2026-09-09 22:24:39,824 | INFO | mail.ru: 90 успешных мутаций
2026-09-09 22:24:39,824 | INFO | wildberries.ru: 86 успешных мутаций
2026-09-09 22:24:39,824 | INFO | ok.ru: 72 успешных мутаций
2026-09-09 22:24:39,824 | INFO | storage.yandex.net: 16 успешных мутаций
2026-09-09 22:24:39,824 | INFO | dzen.ru: 9 успешных мутаций
2026-09-09 22:24:39,824 | INFO | rutube.ru: 8 успешных мутаций
2026-09-09 22:24:39,825 | INFO | 💾 Статистика SNI сохранена
