2026-09-26 22:27:40,062 | INFO | 📊 Загружена статистика SNI: 26 доменов
2026-09-26 22:27:40,062 | INFO | === SING-BOX STATUS ===
2026-09-26 22:27:40,117 | INFO | sing-box version 1.14.2

Environment: go1.26.8 linux/amd64
Tags: with_gvisor,with_quic,with_dhcp,with_wireguard,with_utls,with_acme,with_clash_api,with_tailscale,with_ccm,with_ocm,with_cloudflared,with_naive_outbound,with_usbip,with_openvpn,with_openconnect,badlinkname,tfogo_checklinkname0,with_musl
Revision: af6e64c3b69e6132ebaee0e1a3d24e93903f6709
CGO: enabled
2026-09-26 22:27:40,118 | INFO | 
--- STEP 1: FETCHING SOURCES ---
2026-09-26 22:27:40,241 | INFO | Loaded 74 lines from https://raw.githubusercontent.com/igareck/vpn-conf...
2026-09-26 22:27:40,337 | INFO | Loaded 0 lines from https://raw.githubusercontent.com/igareck/vpn-conf...
2026-09-26 22:27:40,367 | INFO | Loaded 3 lines from https://raw.githubusercontent.com/igareck/vpn-conf...
2026-09-26 22:27:40,461 | INFO | Loaded 4 lines from https://raw.githubusercontent.com/igareck/vpn-conf...
2026-09-26 22:27:40,562 | INFO | Loaded 79 lines from https://raw.githubusercontent.com/igareck/vpn-conf...
2026-09-26 22:27:40,694 | INFO | Loaded 144 lines from https://raw.githubusercontent.com/igareck/vpn-conf...
2026-09-26 22:27:40,786 | INFO | Loaded 153 lines from https://raw.githubusercontent.com/igareck/vpn-conf...
2026-09-26 22:27:40,906 | INFO | Loaded 37 lines from https://raw.githubusercontent.com/FLAT447/v2ray-li...
2026-09-26 22:27:40,906 | INFO | 
--- STEP 2: VALIDATION ---
2026-09-26 22:27:40,907 | INFO | Unique VLESS configs: 268
2026-09-26 22:27:40,926 | INFO | Archive updated: 10000 nodes (limit 10000)
2026-09-26 22:27:40,928 | INFO | 
--- STEP 3: LIVE CHECK (268 nodes, threads: 40) ---
2026-09-26 22:36:37,610 | INFO | ⏱️ Время проверки: 536.7 сек
2026-09-26 22:36:37,610 | INFO | 
--- RESULT: Found 85 live nodes ---
2026-09-26 22:36:37,610 | INFO | After dedup: 85
2026-09-26 22:36:37,610 | INFO | Filled from archive (+15), total: 100
2026-09-26 22:36:37,622 | INFO | alive_archive.txt updated: 5000 nodes (limit 5000)
2026-09-26 22:36:37,623 | INFO | Subscription updated: /home/runner/work/sbornik/sbornik/subs/vless_001.txt
2026-09-26 22:36:37,623 | INFO | 
--- STATS BY PROTOCOL ---
2026-09-26 22:36:37,623 | INFO | reality: 38
2026-09-26 22:36:37,623 | INFO | tls: 33
2026-09-26 22:36:37,623 | INFO | ws: 26
2026-09-26 22:36:37,623 | INFO | other: 3
2026-09-26 22:36:37,623 | INFO | 
--- TOP SNI STATS ---
2026-09-26 22:36:37,624 | INFO | api-maps.yandex.ru: 268 успешных мутаций
2026-09-26 22:36:37,624 | INFO | ozon.ru: 108 успешных мутаций
2026-09-26 22:36:37,624 | INFO | yandex.ru: 98 успешных мутаций
2026-09-26 22:36:37,624 | INFO | vk.com: 94 успешных мутаций
2026-09-26 22:36:37,624 | INFO | mail.ru: 90 успешных мутаций
2026-09-26 22:36:37,624 | INFO | wildberries.ru: 86 успешных мутаций
2026-09-26 22:36:37,624 | INFO | ok.ru: 73 успешных мутаций
2026-09-26 22:36:37,624 | INFO | storage.yandex.net: 16 успешных мутаций
2026-09-26 22:36:37,624 | INFO | dzen.ru: 9 успешных мутаций
2026-09-26 22:36:37,624 | INFO | rutube.ru: 8 успешных мутаций
2026-09-26 22:36:37,624 | INFO | 💾 Статистика SNI сохранена
