2026-09-06 21:59:14,550 | INFO | 📊 Загружена статистика SNI: 26 доменов
2026-09-06 21:59:14,550 | INFO | === SING-BOX STATUS ===
2026-09-06 21:59:14,590 | INFO | sing-box version 1.14.0

Environment: go1.26.7 linux/amd64
Tags: with_gvisor,with_quic,with_dhcp,with_wireguard,with_utls,with_acme,with_clash_api,with_tailscale,with_ccm,with_ocm,with_cloudflared,with_naive_outbound,with_usbip,with_openvpn,with_openconnect,badlinkname,tfogo_checklinkname0,with_musl
Revision: 0b8995879f29a9b98ee027bc17b75e101445b238
CGO: enabled
2026-09-06 21:59:14,590 | INFO | 
--- STEP 1: FETCHING SOURCES ---
2026-09-06 21:59:14,652 | INFO | Loaded 39 lines from https://raw.githubusercontent.com/igareck/vpn-conf...
2026-09-06 21:59:14,705 | INFO | Loaded 0 lines from https://raw.githubusercontent.com/igareck/vpn-conf...
2026-09-06 21:59:14,733 | INFO | Loaded 8 lines from https://raw.githubusercontent.com/igareck/vpn-conf...
2026-09-06 21:59:14,786 | INFO | Loaded 13 lines from https://raw.githubusercontent.com/igareck/vpn-conf...
2026-09-06 21:59:14,821 | INFO | Loaded 40 lines from https://raw.githubusercontent.com/igareck/vpn-conf...
2026-09-06 21:59:14,906 | INFO | Loaded 107 lines from https://raw.githubusercontent.com/igareck/vpn-conf...
2026-09-06 21:59:14,982 | INFO | Loaded 115 lines from https://raw.githubusercontent.com/igareck/vpn-conf...
2026-09-06 21:59:15,078 | INFO | Loaded 7 lines from https://raw.githubusercontent.com/FLAT447/v2ray-li...
2026-09-06 21:59:15,079 | INFO | 
--- STEP 2: VALIDATION ---
2026-09-06 21:59:15,079 | INFO | Unique VLESS configs: 173
2026-09-06 21:59:15,121 | INFO | Archive updated: 10000 nodes (limit 10000)
2026-09-06 21:59:15,123 | INFO | 
--- STEP 3: LIVE CHECK (173 nodes, threads: 40) ---
2026-09-06 22:01:41,542 | INFO | [🎉 SNI WORKED] Нода ожила с SNI: dzen.ru (порт 11018)
2026-09-06 22:01:50,880 | INFO | [🎉 SNI WORKED] Нода ожила с SNI: vk.com (порт 11031)
2026-09-06 22:02:13,169 | INFO | [🎉 SNI WORKED] Нода ожила с SNI: vk.com (порт 11035)
2026-09-06 22:04:36,182 | INFO | ⏱️ Время проверки: 321.1 сек
2026-09-06 22:04:36,182 | INFO | 
--- RESULT: Found 72 live nodes ---
2026-09-06 22:04:36,182 | INFO | After dedup: 72
2026-09-06 22:04:36,182 | INFO | Filled from archive (+28), total: 100
2026-09-06 22:04:36,193 | INFO | alive_archive.txt updated: 5000 nodes (limit 5000)
2026-09-06 22:04:36,193 | INFO | Subscription updated: /home/runner/work/sbornik/sbornik/subs/vless_001.txt
2026-09-06 22:04:36,193 | INFO | 
--- STATS BY PROTOCOL ---
2026-09-06 22:04:36,193 | INFO | reality: 52
2026-09-06 22:04:36,193 | INFO | tls: 24
2026-09-06 22:04:36,193 | INFO | ws: 24
2026-09-06 22:04:36,193 | INFO | 
--- TOP SNI STATS ---
2026-09-06 22:04:36,193 | INFO | api-maps.yandex.ru: 262 успешных мутаций
2026-09-06 22:04:36,193 | INFO | ozon.ru: 108 успешных мутаций
2026-09-06 22:04:36,194 | INFO | yandex.ru: 98 успешных мутаций
2026-09-06 22:04:36,194 | INFO | vk.com: 94 успешных мутаций
2026-09-06 22:04:36,194 | INFO | mail.ru: 90 успешных мутаций
2026-09-06 22:04:36,194 | INFO | wildberries.ru: 86 успешных мутаций
2026-09-06 22:04:36,194 | INFO | ok.ru: 72 успешных мутаций
2026-09-06 22:04:36,194 | INFO | storage.yandex.net: 16 успешных мутаций
2026-09-06 22:04:36,194 | INFO | dzen.ru: 9 успешных мутаций
2026-09-06 22:04:36,194 | INFO | rutube.ru: 8 успешных мутаций
2026-09-06 22:04:36,194 | INFO | 💾 Статистика SNI сохранена
