2026-09-21 03:53:31,227 | INFO | 📊 Загружена статистика SNI: 26 доменов
2026-09-21 03:53:31,227 | INFO | === SING-BOX STATUS ===
2026-09-21 03:53:31,262 | INFO | sing-box version 1.14.1

Environment: go1.26.8 linux/amd64
Tags: with_gvisor,with_quic,with_dhcp,with_wireguard,with_utls,with_acme,with_clash_api,with_tailscale,with_ccm,with_ocm,with_cloudflared,with_naive_outbound,with_usbip,with_openvpn,with_openconnect,badlinkname,tfogo_checklinkname0,with_musl
Revision: 1ac1a339cb1223e9c70eae14c44411c75033c02d
CGO: enabled
2026-09-21 03:53:31,262 | INFO | 
--- STEP 1: FETCHING SOURCES ---
2026-09-21 03:53:31,298 | INFO | Loaded 49 lines from https://raw.githubusercontent.com/igareck/vpn-conf...
2026-09-21 03:53:31,359 | INFO | Loaded 0 lines from https://raw.githubusercontent.com/igareck/vpn-conf...
2026-09-21 03:53:31,393 | INFO | Loaded 8 lines from https://raw.githubusercontent.com/igareck/vpn-conf...
2026-09-21 03:53:31,424 | INFO | Loaded 3 lines from https://raw.githubusercontent.com/igareck/vpn-conf...
2026-09-21 03:53:31,454 | INFO | Loaded 56 lines from https://raw.githubusercontent.com/igareck/vpn-conf...
2026-09-21 03:53:31,483 | INFO | Loaded 213 lines from https://raw.githubusercontent.com/igareck/vpn-conf...
2026-09-21 03:53:31,542 | INFO | Loaded 146 lines from https://raw.githubusercontent.com/igareck/vpn-conf...
2026-09-21 03:53:31,638 | INFO | Loaded 23 lines from https://raw.githubusercontent.com/FLAT447/v2ray-li...
2026-09-21 03:53:31,638 | INFO | 
--- STEP 2: VALIDATION ---
2026-09-21 03:53:31,639 | INFO | Unique VLESS configs: 258
2026-09-21 03:53:31,662 | INFO | Archive updated: 10000 nodes (limit 10000)
2026-09-21 03:53:31,664 | INFO | 
--- STEP 3: LIVE CHECK (258 nodes, threads: 40) ---
2026-09-21 03:54:14,560 | INFO | ⏱️ Время проверки: 42.9 сек
2026-09-21 03:54:14,560 | INFO | 
--- RESULT: Found 106 live nodes ---
2026-09-21 03:54:14,560 | INFO | After dedup: 106
2026-09-21 03:54:14,573 | INFO | alive_archive.txt updated: 5000 nodes (limit 5000)
2026-09-21 03:54:14,573 | INFO | Subscription updated: /home/runner/work/sbornik/sbornik/subs/vless_001.txt
2026-09-21 03:54:14,574 | INFO | 
--- STATS BY PROTOCOL ---
2026-09-21 03:54:14,574 | INFO | reality: 99
2026-09-21 03:54:14,574 | INFO | tls: 4
2026-09-21 03:54:14,574 | INFO | ws: 3
2026-09-21 03:54:14,574 | INFO | 
--- TOP SNI STATS ---
2026-09-21 03:54:14,574 | INFO | api-maps.yandex.ru: 268 успешных мутаций
2026-09-21 03:54:14,574 | INFO | ozon.ru: 108 успешных мутаций
2026-09-21 03:54:14,574 | INFO | yandex.ru: 98 успешных мутаций
2026-09-21 03:54:14,574 | INFO | vk.com: 94 успешных мутаций
2026-09-21 03:54:14,574 | INFO | mail.ru: 90 успешных мутаций
2026-09-21 03:54:14,574 | INFO | wildberries.ru: 86 успешных мутаций
2026-09-21 03:54:14,574 | INFO | ok.ru: 72 успешных мутаций
2026-09-21 03:54:14,574 | INFO | storage.yandex.net: 16 успешных мутаций
2026-09-21 03:54:14,574 | INFO | dzen.ru: 9 успешных мутаций
2026-09-21 03:54:14,575 | INFO | rutube.ru: 8 успешных мутаций
2026-09-21 03:54:14,575 | INFO | 💾 Статистика SNI сохранена
