2026-08-22 12:41:16,213 | INFO | 📊 Загружена статистика SNI: 26 доменов
2026-08-22 12:41:16,213 | INFO | === SING-BOX STATUS ===
2026-08-22 12:41:16,220 | INFO | sing-box version 1.13.19

Environment: go1.25.12 linux/amd64
Tags: with_gvisor,with_quic,with_dhcp,with_wireguard,with_utls,with_acme,with_clash_api,with_tailscale,with_ccm,with_ocm,with_naive_outbound,badlinkname,tfogo_checklinkname0,with_musl
Revision: b5ebaa1fc0f2b94256180b95468e73ef53caa27d
CGO: enabled
2026-08-22 12:41:16,220 | INFO | 
--- STEP 1: FETCHING SOURCES ---
2026-08-22 12:41:16,285 | INFO | Loaded 68 lines from https://raw.githubusercontent.com/igareck/vpn-conf...
2026-08-22 12:41:16,391 | INFO | Loaded 0 lines from https://raw.githubusercontent.com/igareck/vpn-conf...
2026-08-22 12:41:16,480 | INFO | Loaded 8 lines from https://raw.githubusercontent.com/igareck/vpn-conf...
2026-08-22 12:41:16,610 | INFO | Loaded 28 lines from https://raw.githubusercontent.com/igareck/vpn-conf...
2026-08-22 12:41:16,657 | INFO | Loaded 73 lines from https://raw.githubusercontent.com/igareck/vpn-conf...
2026-08-22 12:41:16,759 | INFO | Loaded 133 lines from https://raw.githubusercontent.com/igareck/vpn-conf...
2026-08-22 12:41:16,873 | INFO | Loaded 153 lines from https://raw.githubusercontent.com/igareck/vpn-conf...
2026-08-22 12:41:17,036 | INFO | Loaded 436 lines from https://raw.githubusercontent.com/FLAT447/v2ray-li...
2026-08-22 12:41:17,036 | INFO | 
--- STEP 2: VALIDATION ---
2026-08-22 12:41:17,037 | INFO | Unique VLESS configs: 658
2026-08-22 12:41:17,058 | INFO | Archive updated: 10000 nodes (limit 10000)
2026-08-22 12:41:17,061 | INFO | 
--- STEP 3: LIVE CHECK (658 nodes, threads: 40) ---
2026-08-22 13:12:19,693 | INFO | ⏱️ Время проверки: 1862.6 сек
2026-08-22 13:12:19,693 | INFO | 
--- RESULT: Found 22 live nodes ---
2026-08-22 13:12:19,693 | INFO | After dedup: 22
2026-08-22 13:12:19,694 | INFO | Filled from archive (+78), total: 100
2026-08-22 13:12:19,702 | INFO | alive_archive.txt updated: 5000 nodes (limit 5000)
2026-08-22 13:12:19,703 | INFO | Subscription updated: /home/runner/work/sbornik/sbornik/subs/vless_001.txt
2026-08-22 13:12:19,703 | INFO | 
--- STATS BY PROTOCOL ---
2026-08-22 13:12:19,703 | INFO | reality: 45
2026-08-22 13:12:19,703 | INFO | tls: 20
2026-08-22 13:12:19,703 | INFO | ws: 35
2026-08-22 13:12:19,703 | INFO | 
--- TOP SNI STATS ---
2026-08-22 13:12:19,703 | INFO | api-maps.yandex.ru: 258 успешных мутаций
2026-08-22 13:12:19,703 | INFO | yandex.ru: 96 успешных мутаций
2026-08-22 13:12:19,703 | INFO | ozon.ru: 93 успешных мутаций
2026-08-22 13:12:19,703 | INFO | vk.com: 90 успешных мутаций
2026-08-22 13:12:19,703 | INFO | mail.ru: 90 успешных мутаций
2026-08-22 13:12:19,703 | INFO | wildberries.ru: 84 успешных мутаций
2026-08-22 13:12:19,703 | INFO | ok.ru: 72 успешных мутаций
2026-08-22 13:12:19,703 | INFO | storage.yandex.net: 15 успешных мутаций
2026-08-22 13:12:19,703 | INFO | dzen.ru: 8 успешных мутаций
2026-08-22 13:12:19,703 | INFO | rutube.ru: 7 успешных мутаций
2026-08-22 13:12:19,703 | INFO | 💾 Статистика SNI сохранена
