2026-09-05 08:09:03,537 | INFO | 📊 Загружена статистика SNI: 26 доменов
2026-09-05 08:09:03,537 | INFO | === SING-BOX STATUS ===
2026-09-05 08:09:03,572 | INFO | sing-box version 1.14.0

Environment: go1.26.7 linux/amd64
Tags: with_gvisor,with_quic,with_dhcp,with_wireguard,with_utls,with_acme,with_clash_api,with_tailscale,with_ccm,with_ocm,with_cloudflared,with_naive_outbound,with_usbip,with_openvpn,with_openconnect,badlinkname,tfogo_checklinkname0,with_musl
Revision: 0b8995879f29a9b98ee027bc17b75e101445b238
CGO: enabled
2026-09-05 08:09:03,572 | INFO | 
--- STEP 1: FETCHING SOURCES ---
2026-09-05 08:09:03,695 | INFO | Loaded 13 lines from https://raw.githubusercontent.com/igareck/vpn-conf...
2026-09-05 08:09:03,847 | INFO | Loaded 0 lines from https://raw.githubusercontent.com/igareck/vpn-conf...
2026-09-05 08:09:03,985 | INFO | Loaded 3 lines from https://raw.githubusercontent.com/igareck/vpn-conf...
2026-09-05 08:09:04,114 | INFO | Loaded 3 lines from https://raw.githubusercontent.com/igareck/vpn-conf...
2026-09-05 08:09:04,221 | INFO | Loaded 14 lines from https://raw.githubusercontent.com/igareck/vpn-conf...
2026-09-05 08:09:04,250 | INFO | Loaded 92 lines from https://raw.githubusercontent.com/igareck/vpn-conf...
2026-09-05 08:09:04,417 | INFO | Loaded 132 lines from https://raw.githubusercontent.com/igareck/vpn-conf...
2026-09-05 08:09:04,631 | INFO | Loaded 1993 lines from https://raw.githubusercontent.com/FLAT447/v2ray-li...
2026-09-05 08:09:04,631 | INFO | 
--- STEP 2: VALIDATION ---
2026-09-05 08:09:04,636 | INFO | Unique VLESS configs: 2015
2026-09-05 08:09:04,672 | INFO | Archive updated: 10000 nodes (limit 10000)
2026-09-05 08:09:04,689 | INFO | 
--- STEP 3: LIVE CHECK (2015 nodes, threads: 40) ---
2026-09-05 08:10:22,322 | INFO | ⏱️ Время проверки: 77.6 сек
2026-09-05 08:10:22,323 | INFO | 
--- RESULT: Found 101 live nodes ---
2026-09-05 08:10:22,323 | INFO | After dedup: 101
2026-09-05 08:10:22,335 | INFO | alive_archive.txt updated: 5000 nodes (limit 5000)
2026-09-05 08:10:22,335 | INFO | Subscription updated: /home/runner/work/sbornik/sbornik/subs/vless_001.txt
2026-09-05 08:10:22,335 | INFO | 
--- STATS BY PROTOCOL ---
2026-09-05 08:10:22,335 | INFO | reality: 70
2026-09-05 08:10:22,336 | INFO | ws: 26
2026-09-05 08:10:22,336 | INFO | other: 5
2026-09-05 08:10:22,336 | INFO | 
--- TOP SNI STATS ---
2026-09-05 08:10:22,336 | INFO | api-maps.yandex.ru: 262 успешных мутаций
2026-09-05 08:10:22,336 | INFO | ozon.ru: 108 успешных мутаций
2026-09-05 08:10:22,336 | INFO | yandex.ru: 98 успешных мутаций
2026-09-05 08:10:22,336 | INFO | vk.com: 92 успешных мутаций
2026-09-05 08:10:22,336 | INFO | mail.ru: 90 успешных мутаций
2026-09-05 08:10:22,336 | INFO | wildberries.ru: 86 успешных мутаций
2026-09-05 08:10:22,336 | INFO | ok.ru: 72 успешных мутаций
2026-09-05 08:10:22,336 | INFO | storage.yandex.net: 16 успешных мутаций
2026-09-05 08:10:22,336 | INFO | rutube.ru: 8 успешных мутаций
2026-09-05 08:10:22,336 | INFO | dzen.ru: 8 успешных мутаций
2026-09-05 08:10:22,337 | INFO | 💾 Статистика SNI сохранена
