2026-07-31 17:40:00,836 | INFO | 📊 Загружена статистика SNI: 26 доменов
2026-07-31 17:40:00,836 | INFO | === SING-BOX STATUS ===
2026-07-31 17:40:00,844 | INFO | sing-box version 1.13.15

Environment: go1.25.12 linux/amd64
Tags: with_gvisor,with_quic,with_dhcp,with_wireguard,with_utls,with_acme,with_clash_api,with_tailscale,with_ccm,with_ocm,with_naive_outbound,badlinkname,tfogo_checklinkname0,with_musl
Revision: 3708fa18766cda1f11b77f6ed9c7bd61688f17df
CGO: enabled
2026-07-31 17:40:00,844 | INFO | 
--- STEP 1: FETCHING SOURCES ---
2026-07-31 17:40:00,898 | INFO | Loaded 10 lines from https://raw.githubusercontent.com/igareck/vpn-conf...
2026-07-31 17:40:01,020 | INFO | Loaded 0 lines from https://raw.githubusercontent.com/igareck/vpn-conf...
2026-07-31 17:40:01,051 | INFO | Loaded 3 lines from https://raw.githubusercontent.com/igareck/vpn-conf...
2026-07-31 17:40:01,213 | INFO | Loaded 13 lines from https://raw.githubusercontent.com/igareck/vpn-conf...
2026-07-31 17:40:01,355 | INFO | Loaded 15 lines from https://raw.githubusercontent.com/igareck/vpn-conf...
2026-07-31 17:40:01,487 | INFO | Loaded 158 lines from https://raw.githubusercontent.com/igareck/vpn-conf...
2026-07-31 17:40:01,643 | INFO | Loaded 152 lines from https://raw.githubusercontent.com/igareck/vpn-conf...
2026-07-31 17:40:01,831 | INFO | Loaded 439 lines from https://raw.githubusercontent.com/FLAT447/v2ray-li...
2026-07-31 17:40:01,831 | INFO | 
--- STEP 2: VALIDATION ---
2026-07-31 17:40:01,832 | INFO | Unique VLESS configs: 630
2026-07-31 17:40:01,861 | INFO | Archive updated: 10000 nodes (limit 10000)
2026-07-31 17:40:01,864 | INFO | 
--- STEP 3: LIVE CHECK (630 nodes, threads: 40) ---
2026-07-31 17:57:44,669 | INFO | [🎉 SNI WORKED] Нода ожила с SNI: dzen.ru (порт 11035)
2026-07-31 18:01:19,641 | INFO | ⏱️ Время проверки: 1277.8 сек
2026-07-31 18:01:19,641 | INFO | 
--- RESULT: Found 80 live nodes ---
2026-07-31 18:01:19,641 | INFO | After dedup: 80
2026-07-31 18:01:19,641 | INFO | Filled from archive (+20), total: 100
2026-07-31 18:01:19,653 | INFO | alive_archive.txt updated: 5000 nodes (limit 5000)
2026-07-31 18:01:19,654 | INFO | Subscription updated: /home/runner/work/sbornik/sbornik/subs/vless_001.txt
2026-07-31 18:01:19,654 | INFO | 
--- STATS BY PROTOCOL ---
2026-07-31 18:01:19,654 | INFO | reality: 28
2026-07-31 18:01:19,654 | INFO | tls: 4
2026-07-31 18:01:19,654 | INFO | ws: 67
2026-07-31 18:01:19,654 | INFO | other: 1
2026-07-31 18:01:19,654 | INFO | 
--- TOP SNI STATS ---
2026-07-31 18:01:19,654 | INFO | api-maps.yandex.ru: 123 успешных мутаций
2026-07-31 18:01:19,654 | INFO | ozon.ru: 37 успешных мутаций
2026-07-31 18:01:19,654 | INFO | mail.ru: 32 успешных мутаций
2026-07-31 18:01:19,654 | INFO | ok.ru: 28 успешных мутаций
2026-07-31 18:01:19,654 | INFO | yandex.ru: 28 успешных мутаций
2026-07-31 18:01:19,654 | INFO | vk.com: 26 успешных мутаций
2026-07-31 18:01:19,655 | INFO | wildberries.ru: 25 успешных мутаций
2026-07-31 18:01:19,655 | INFO | dzen.ru: 3 успешных мутаций
2026-07-31 18:01:19,655 | INFO | rutube.ru: 2 успешных мутаций
2026-07-31 18:01:19,655 | INFO | cdn.x5.ru: 1 успешных мутаций
2026-07-31 18:01:19,655 | INFO | 💾 Статистика SNI сохранена
