2026-08-07 00:52:59,410 | INFO | 📊 Загружена статистика SNI: 26 доменов
2026-08-07 00:52:59,410 | INFO | === SING-BOX STATUS ===
2026-08-07 00:52:59,420 | INFO | sing-box version 1.13.16

Environment: go1.25.12 linux/amd64
Tags: with_gvisor,with_quic,with_dhcp,with_wireguard,with_utls,with_acme,with_clash_api,with_tailscale,with_ccm,with_ocm,with_naive_outbound,badlinkname,tfogo_checklinkname0,with_musl
Revision: 17ec3c71af8ca946dc50bf0d927c39fc77322aec
CGO: enabled
2026-08-07 00:52:59,420 | INFO | 
--- STEP 1: FETCHING SOURCES ---
2026-08-07 00:52:59,551 | INFO | Loaded 122 lines from https://raw.githubusercontent.com/igareck/vpn-conf...
2026-08-07 00:52:59,688 | INFO | Loaded 0 lines from https://raw.githubusercontent.com/igareck/vpn-conf...
2026-08-07 00:52:59,832 | INFO | Loaded 33 lines from https://raw.githubusercontent.com/igareck/vpn-conf...
2026-08-07 00:52:59,969 | INFO | Loaded 12 lines from https://raw.githubusercontent.com/igareck/vpn-conf...
2026-08-07 00:53:00,113 | INFO | Loaded 122 lines from https://raw.githubusercontent.com/igareck/vpn-conf...
2026-08-07 00:53:00,242 | INFO | Loaded 130 lines from https://raw.githubusercontent.com/igareck/vpn-conf...
2026-08-07 00:53:00,268 | INFO | Loaded 153 lines from https://raw.githubusercontent.com/igareck/vpn-conf...
2026-08-07 00:53:00,452 | INFO | Loaded 387 lines from https://raw.githubusercontent.com/FLAT447/v2ray-li...
2026-08-07 00:53:00,452 | INFO | 
--- STEP 2: VALIDATION ---
2026-08-07 00:53:00,454 | INFO | Unique VLESS configs: 689
2026-08-07 00:53:00,482 | INFO | Archive updated: 10000 nodes (limit 10000)
2026-08-07 00:53:00,486 | INFO | 
--- STEP 3: LIVE CHECK (689 nodes, threads: 40) ---
2026-08-07 00:53:24,954 | INFO | [🎉 SNI WORKED] Нода ожила с SNI: vk.com (порт 11024)
2026-08-07 00:57:38,184 | INFO | ⏱️ Время проверки: 277.7 сек
2026-08-07 00:57:38,184 | INFO | 
--- RESULT: Found 107 live nodes ---
2026-08-07 00:57:38,184 | INFO | After dedup: 107
2026-08-07 00:57:38,197 | INFO | alive_archive.txt updated: 5000 nodes (limit 5000)
2026-08-07 00:57:38,197 | INFO | Subscription updated: /home/runner/work/sbornik/sbornik/subs/vless_001.txt
2026-08-07 00:57:38,197 | INFO | 
--- STATS BY PROTOCOL ---
2026-08-07 00:57:38,197 | INFO | reality: 36
2026-08-07 00:57:38,197 | INFO | tls: 1
2026-08-07 00:57:38,198 | INFO | ws: 67
2026-08-07 00:57:38,198 | INFO | other: 3
2026-08-07 00:57:38,198 | INFO | 
--- TOP SNI STATS ---
2026-08-07 00:57:38,198 | INFO | api-maps.yandex.ru: 182 успешных мутаций
2026-08-07 00:57:38,198 | INFO | ozon.ru: 38 успешных мутаций
2026-08-07 00:57:38,198 | INFO | mail.ru: 35 успешных мутаций
2026-08-07 00:57:38,198 | INFO | yandex.ru: 30 успешных мутаций
2026-08-07 00:57:38,198 | INFO | vk.com: 28 успешных мутаций
2026-08-07 00:57:38,198 | INFO | ok.ru: 28 успешных мутаций
2026-08-07 00:57:38,198 | INFO | wildberries.ru: 26 успешных мутаций
2026-08-07 00:57:38,198 | INFO | dzen.ru: 7 успешных мутаций
2026-08-07 00:57:38,198 | INFO | rutube.ru: 3 успешных мутаций
2026-08-07 00:57:38,198 | INFO | cdn.x5.ru: 1 успешных мутаций
2026-08-07 00:57:38,199 | INFO | 💾 Статистика SNI сохранена
