2026-08-03 11:25:21,437 | INFO | 📊 Загружена статистика SNI: 26 доменов
2026-08-03 11:25:21,437 | INFO | === SING-BOX STATUS ===
2026-08-03 11:25:21,446 | INFO | sing-box version 1.13.15

Environment: go1.25.12 linux/amd64
Tags: with_gvisor,with_quic,with_dhcp,with_wireguard,with_utls,with_acme,with_clash_api,with_tailscale,with_ccm,with_ocm,with_naive_outbound,badlinkname,tfogo_checklinkname0,with_musl
Revision: 3708fa18766cda1f11b77f6ed9c7bd61688f17df
CGO: enabled
2026-08-03 11:25:21,446 | INFO | 
--- STEP 1: FETCHING SOURCES ---
2026-08-03 11:25:21,489 | INFO | Loaded 102 lines from https://raw.githubusercontent.com/igareck/vpn-conf...
2026-08-03 11:25:21,517 | INFO | Loaded 0 lines from https://raw.githubusercontent.com/igareck/vpn-conf...
2026-08-03 11:25:21,557 | INFO | Loaded 11 lines from https://raw.githubusercontent.com/igareck/vpn-conf...
2026-08-03 11:25:21,586 | INFO | Loaded 8 lines from https://raw.githubusercontent.com/igareck/vpn-conf...
2026-08-03 11:25:21,614 | INFO | Loaded 106 lines from https://raw.githubusercontent.com/igareck/vpn-conf...
2026-08-03 11:25:21,643 | INFO | Loaded 323 lines from https://raw.githubusercontent.com/igareck/vpn-conf...
2026-08-03 11:25:21,698 | INFO | Loaded 152 lines from https://raw.githubusercontent.com/igareck/vpn-conf...
2026-08-03 11:25:21,788 | INFO | Loaded 437 lines from https://raw.githubusercontent.com/FLAT447/v2ray-li...
2026-08-03 11:25:21,788 | INFO | 
--- STEP 2: VALIDATION ---
2026-08-03 11:25:21,790 | INFO | Unique VLESS configs: 845
2026-08-03 11:25:21,822 | INFO | Archive updated: 10000 nodes (limit 10000)
2026-08-03 11:25:21,829 | INFO | 
--- STEP 3: LIVE CHECK (845 nodes, threads: 40) ---
2026-08-03 11:30:41,367 | INFO | ⏱️ Время проверки: 319.5 сек
2026-08-03 11:30:41,367 | INFO | 
--- RESULT: Found 101 live nodes ---
2026-08-03 11:30:41,367 | INFO | After dedup: 101
2026-08-03 11:30:41,379 | INFO | alive_archive.txt updated: 5000 nodes (limit 5000)
2026-08-03 11:30:41,380 | INFO | Subscription updated: /home/runner/work/sbornik/sbornik/subs/vless_001.txt
2026-08-03 11:30:41,380 | INFO | 
--- STATS BY PROTOCOL ---
2026-08-03 11:30:41,380 | INFO | reality: 43
2026-08-03 11:30:41,380 | INFO | tls: 6
2026-08-03 11:30:41,380 | INFO | ws: 49
2026-08-03 11:30:41,380 | INFO | other: 3
2026-08-03 11:30:41,380 | INFO | 
--- TOP SNI STATS ---
2026-08-03 11:30:41,380 | INFO | api-maps.yandex.ru: 180 успешных мутаций
2026-08-03 11:30:41,380 | INFO | ozon.ru: 37 успешных мутаций
2026-08-03 11:30:41,380 | INFO | mail.ru: 32 успешных мутаций
2026-08-03 11:30:41,380 | INFO | ok.ru: 28 успешных мутаций
2026-08-03 11:30:41,380 | INFO | yandex.ru: 28 успешных мутаций
2026-08-03 11:30:41,380 | INFO | vk.com: 26 успешных мутаций
2026-08-03 11:30:41,380 | INFO | wildberries.ru: 25 успешных мутаций
2026-08-03 11:30:41,380 | INFO | dzen.ru: 4 успешных мутаций
2026-08-03 11:30:41,380 | INFO | rutube.ru: 3 успешных мутаций
2026-08-03 11:30:41,380 | INFO | cdn.x5.ru: 1 успешных мутаций
2026-08-03 11:30:41,381 | INFO | 💾 Статистика SNI сохранена
