2026-09-30 04:32:49,069 | INFO | 📊 Загружена статистика SNI: 26 доменов
2026-09-30 04:32:49,069 | INFO | === SING-BOX STATUS ===
2026-09-30 04:32:49,104 | INFO | sing-box version 1.14.2

Environment: go1.26.8 linux/amd64
Tags: with_gvisor,with_quic,with_dhcp,with_wireguard,with_utls,with_acme,with_clash_api,with_tailscale,with_ccm,with_ocm,with_cloudflared,with_naive_outbound,with_usbip,with_openvpn,with_openconnect,badlinkname,tfogo_checklinkname0,with_musl
Revision: af6e64c3b69e6132ebaee0e1a3d24e93903f6709
CGO: enabled
2026-09-30 04:32:49,104 | INFO | 
--- STEP 1: FETCHING SOURCES ---
2026-09-30 04:32:49,148 | INFO | Loaded 110 lines from https://raw.githubusercontent.com/igareck/vpn-conf...
2026-09-30 04:32:49,213 | INFO | Loaded 0 lines from https://raw.githubusercontent.com/igareck/vpn-conf...
2026-09-30 04:32:49,253 | INFO | Loaded 3 lines from https://raw.githubusercontent.com/igareck/vpn-conf...
2026-09-30 04:32:49,293 | INFO | Loaded 3 lines from https://raw.githubusercontent.com/igareck/vpn-conf...
2026-09-30 04:32:49,365 | INFO | Loaded 118 lines from https://raw.githubusercontent.com/igareck/vpn-conf...
2026-09-30 04:32:49,406 | INFO | Loaded 140 lines from https://raw.githubusercontent.com/igareck/vpn-conf...
2026-09-30 04:32:49,483 | INFO | Loaded 149 lines from https://raw.githubusercontent.com/igareck/vpn-conf...
2026-09-30 04:32:49,566 | INFO | Loaded 42 lines from https://raw.githubusercontent.com/FLAT447/v2ray-li...
2026-09-30 04:32:49,566 | INFO | 
--- STEP 2: VALIDATION ---
2026-09-30 04:32:49,567 | INFO | Unique VLESS configs: 277
2026-09-30 04:32:49,585 | INFO | Archive updated: 10000 nodes (limit 10000)
2026-09-30 04:32:49,587 | INFO | 
--- STEP 3: LIVE CHECK (277 nodes, threads: 40) ---
2026-09-30 04:51:03,674 | INFO | ⏱️ Время проверки: 1094.1 сек
2026-09-30 04:51:03,674 | INFO | 
--- RESULT: Found 83 live nodes ---
2026-09-30 04:51:03,674 | INFO | After dedup: 83
2026-09-30 04:51:03,674 | INFO | Filled from archive (+17), total: 100
2026-09-30 04:51:03,689 | INFO | alive_archive.txt updated: 5000 nodes (limit 5000)
2026-09-30 04:51:03,690 | INFO | Subscription updated: /home/runner/work/sbornik/sbornik/subs/vless_001.txt
2026-09-30 04:51:03,690 | INFO | 
--- STATS BY PROTOCOL ---
2026-09-30 04:51:03,690 | INFO | reality: 88
2026-09-30 04:51:03,690 | INFO | tls: 3
2026-09-30 04:51:03,690 | INFO | ws: 5
2026-09-30 04:51:03,691 | INFO | other: 4
2026-09-30 04:51:03,691 | INFO | 
--- TOP SNI STATS ---
2026-09-30 04:51:03,691 | INFO | api-maps.yandex.ru: 268/589 успешных (45.5%)
2026-09-30 04:51:03,691 | INFO | ozon.ru: 108/430 успешных (25.1%)
2026-09-30 04:51:03,691 | INFO | yandex.ru: 99/421 успешных (23.5%)
2026-09-30 04:51:03,691 | INFO | vk.com: 94/414 успешных (22.7%)
2026-09-30 04:51:03,691 | INFO | mail.ru: 90/409 успешных (22.0%)
2026-09-30 04:51:03,691 | INFO | wildberries.ru: 86/408 успешных (21.1%)
2026-09-30 04:51:03,691 | INFO | ok.ru: 73/399 успешных (18.3%)
2026-09-30 04:51:03,691 | INFO | storage.yandex.net: 16/338 успешных (4.7%)
2026-09-30 04:51:03,691 | INFO | dzen.ru: 9/330 успешных (2.7%)
2026-09-30 04:51:03,691 | INFO | rutube.ru: 8/329 успешных (2.4%)
2026-09-30 04:51:03,691 | INFO | kinopoisk.ru: 5/327 успешных (1.5%)
2026-09-30 04:51:03,691 | INFO | gosuslugi.ru: 2/323 успешных (0.6%)
2026-09-30 04:51:03,691 | INFO | tbank.ru: 1/327 успешных (0.3%)
2026-09-30 04:51:03,691 | INFO | cdn.x5.ru: 1/323 успешных (0.3%)
2026-09-30 04:51:03,692 | INFO | avito.ru: 1/319 успешных (0.3%)
2026-09-30 04:51:03,692 | INFO | 💾 Статистика SNI сохранена
