2026-07-29 10:40:51,404 | INFO | 📊 Загружена статистика SNI: 26 доменов
2026-07-29 10:40:51,404 | INFO | === SING-BOX STATUS ===
2026-07-29 10:40:51,413 | INFO | sing-box version 1.13.14

Environment: go1.25.11 linux/amd64
Tags: with_gvisor,with_quic,with_dhcp,with_wireguard,with_utls,with_acme,with_clash_api,with_tailscale,with_ccm,with_ocm,with_naive_outbound,badlinkname,tfogo_checklinkname0,with_musl
Revision: 25a600db24f7680ad9806ce5427bd0ab8afe1114
CGO: enabled
2026-07-29 10:40:51,413 | INFO | 
--- STEP 1: FETCHING SOURCES ---
2026-07-29 10:40:51,457 | INFO | Loaded 153 lines from https://raw.githubusercontent.com/igareck/vpn-conf...
2026-07-29 10:40:51,584 | INFO | Loaded 0 lines from https://raw.githubusercontent.com/igareck/vpn-conf...
2026-07-29 10:40:51,707 | INFO | Loaded 170 lines from https://raw.githubusercontent.com/igareck/vpn-conf...
2026-07-29 10:40:51,830 | INFO | Loaded 25 lines from https://raw.githubusercontent.com/igareck/vpn-conf...
2026-07-29 10:40:51,950 | INFO | Loaded 226 lines from https://raw.githubusercontent.com/igareck/vpn-conf...
2026-07-29 10:40:52,101 | INFO | Loaded 353 lines from https://raw.githubusercontent.com/igareck/vpn-conf...
2026-07-29 10:40:52,206 | INFO | Loaded 153 lines from https://raw.githubusercontent.com/igareck/vpn-conf...
2026-07-29 10:40:52,393 | INFO | Loaded 413 lines from https://raw.githubusercontent.com/FLAT447/v2ray-li...
2026-07-29 10:40:52,394 | INFO | 
--- STEP 2: VALIDATION ---
2026-07-29 10:40:52,395 | INFO | Unique VLESS configs: 950
2026-07-29 10:40:52,422 | INFO | Archive updated: 10000 nodes (limit 10000)
2026-07-29 10:40:52,427 | INFO | 
--- STEP 3: LIVE CHECK (950 nodes, threads: 40) ---
2026-07-29 10:41:15,782 | INFO | ⏱️ Время проверки: 23.4 сек
2026-07-29 10:41:15,782 | INFO | 
--- RESULT: Found 108 live nodes ---
2026-07-29 10:41:15,782 | INFO | After dedup: 108
2026-07-29 10:41:15,796 | INFO | alive_archive.txt updated: 5000 nodes (limit 5000)
2026-07-29 10:41:15,797 | INFO | Subscription updated: /home/runner/work/sbornik/sbornik/subs/vless_001.txt
2026-07-29 10:41:15,797 | INFO | 
--- STATS BY PROTOCOL ---
2026-07-29 10:41:15,797 | INFO | reality: 71
2026-07-29 10:41:15,797 | INFO | tls: 1
2026-07-29 10:41:15,797 | INFO | grpc: 5
2026-07-29 10:41:15,797 | INFO | ws: 27
2026-07-29 10:41:15,797 | INFO | other: 4
2026-07-29 10:41:15,797 | INFO | 
--- TOP SNI STATS ---
2026-07-29 10:41:15,797 | INFO | api-maps.yandex.ru: 57 успешных мутаций
2026-07-29 10:41:15,797 | INFO | ozon.ru: 37 успешных мутаций
2026-07-29 10:41:15,797 | INFO | mail.ru: 32 успешных мутаций
2026-07-29 10:41:15,797 | INFO | ok.ru: 28 успешных мутаций
2026-07-29 10:41:15,797 | INFO | yandex.ru: 28 успешных мутаций
2026-07-29 10:41:15,797 | INFO | vk.com: 26 успешных мутаций
2026-07-29 10:41:15,797 | INFO | wildberries.ru: 25 успешных мутаций
2026-07-29 10:41:15,797 | INFO | dzen.ru: 2 успешных мутаций
2026-07-29 10:41:15,797 | INFO | rutube.ru: 1 успешных мутаций
2026-07-29 10:41:15,797 | INFO | cdn.x5.ru: 1 успешных мутаций
2026-07-29 10:41:15,798 | INFO | 💾 Статистика SNI сохранена
