2026-08-31 15:56:00,093 | INFO | 📊 Загружена статистика SNI: 26 доменов
2026-08-31 15:56:00,093 | INFO | === SING-BOX STATUS ===
2026-08-31 15:56:00,128 | INFO | sing-box version 1.14.0

Environment: go1.26.7 linux/amd64
Tags: with_gvisor,with_quic,with_dhcp,with_wireguard,with_utls,with_acme,with_clash_api,with_tailscale,with_ccm,with_ocm,with_cloudflared,with_naive_outbound,with_usbip,with_openvpn,with_openconnect,badlinkname,tfogo_checklinkname0,with_musl
Revision: 0b8995879f29a9b98ee027bc17b75e101445b238
CGO: enabled
2026-08-31 15:56:00,128 | INFO | 
--- STEP 1: FETCHING SOURCES ---
2026-08-31 15:56:00,167 | INFO | Loaded 55 lines from https://raw.githubusercontent.com/igareck/vpn-conf...
2026-08-31 15:56:00,244 | INFO | Loaded 0 lines from https://raw.githubusercontent.com/igareck/vpn-conf...
2026-08-31 15:56:00,279 | INFO | Loaded 23 lines from https://raw.githubusercontent.com/igareck/vpn-conf...
2026-08-31 15:56:00,311 | INFO | Loaded 19 lines from https://raw.githubusercontent.com/igareck/vpn-conf...
2026-08-31 15:56:00,342 | INFO | Loaded 56 lines from https://raw.githubusercontent.com/igareck/vpn-conf...
2026-08-31 15:56:00,402 | INFO | Loaded 116 lines from https://raw.githubusercontent.com/igareck/vpn-conf...
2026-08-31 15:56:00,434 | INFO | Loaded 153 lines from https://raw.githubusercontent.com/igareck/vpn-conf...
2026-08-31 15:56:00,556 | INFO | Loaded 1680 lines from https://raw.githubusercontent.com/FLAT447/v2ray-li...
2026-08-31 15:56:00,556 | INFO | 
--- STEP 2: VALIDATION ---
2026-08-31 15:56:00,561 | INFO | Unique VLESS configs: 1771
2026-08-31 15:56:00,591 | INFO | Archive updated: 10000 nodes (limit 10000)
2026-08-31 15:56:00,605 | INFO | 
--- STEP 3: LIVE CHECK (1771 nodes, threads: 40) ---
2026-08-31 16:47:30,182 | INFO | ⏱️ Время проверки: 3089.6 сек
2026-08-31 16:47:30,182 | INFO | 
--- RESULT: Found 98 live nodes ---
2026-08-31 16:47:30,182 | INFO | After dedup: 98
2026-08-31 16:47:30,182 | INFO | Filled from archive (+2), total: 100
2026-08-31 16:47:30,194 | INFO | alive_archive.txt updated: 5000 nodes (limit 5000)
2026-08-31 16:47:30,194 | INFO | Subscription updated: /home/runner/work/sbornik/sbornik/subs/vless_001.txt
2026-08-31 16:47:30,194 | INFO | 
--- STATS BY PROTOCOL ---
2026-08-31 16:47:30,194 | INFO | reality: 49
2026-08-31 16:47:30,194 | INFO | ws: 43
2026-08-31 16:47:30,194 | INFO | other: 8
2026-08-31 16:47:30,194 | INFO | 
--- TOP SNI STATS ---
2026-08-31 16:47:30,194 | INFO | api-maps.yandex.ru: 262 успешных мутаций
2026-08-31 16:47:30,194 | INFO | ozon.ru: 107 успешных мутаций
2026-08-31 16:47:30,194 | INFO | yandex.ru: 98 успешных мутаций
2026-08-31 16:47:30,195 | INFO | vk.com: 91 успешных мутаций
2026-08-31 16:47:30,195 | INFO | mail.ru: 90 успешных мутаций
2026-08-31 16:47:30,195 | INFO | wildberries.ru: 86 успешных мутаций
2026-08-31 16:47:30,195 | INFO | ok.ru: 72 успешных мутаций
2026-08-31 16:47:30,195 | INFO | storage.yandex.net: 16 успешных мутаций
2026-08-31 16:47:30,195 | INFO | rutube.ru: 8 успешных мутаций
2026-08-31 16:47:30,195 | INFO | dzen.ru: 8 успешных мутаций
2026-08-31 16:47:30,195 | INFO | 💾 Статистика SNI сохранена
