2026-08-08 08:42:42,782 | INFO | 📊 Загружена статистика SNI: 26 доменов
2026-08-08 08:42:42,782 | INFO | === SING-BOX STATUS ===
2026-08-08 08:42:42,792 | INFO | sing-box version 1.13.16

Environment: go1.25.12 linux/amd64
Tags: with_gvisor,with_quic,with_dhcp,with_wireguard,with_utls,with_acme,with_clash_api,with_tailscale,with_ccm,with_ocm,with_naive_outbound,badlinkname,tfogo_checklinkname0,with_musl
Revision: 17ec3c71af8ca946dc50bf0d927c39fc77322aec
CGO: enabled
2026-08-08 08:42:42,792 | INFO | 
--- STEP 1: FETCHING SOURCES ---
2026-08-08 08:42:42,906 | INFO | Loaded 91 lines from https://raw.githubusercontent.com/igareck/vpn-conf...
2026-08-08 08:42:43,041 | INFO | Loaded 0 lines from https://raw.githubusercontent.com/igareck/vpn-conf...
2026-08-08 08:42:43,070 | INFO | Loaded 14 lines from https://raw.githubusercontent.com/igareck/vpn-conf...
2026-08-08 08:42:43,200 | INFO | Loaded 13 lines from https://raw.githubusercontent.com/igareck/vpn-conf...
2026-08-08 08:42:43,342 | INFO | Loaded 91 lines from https://raw.githubusercontent.com/igareck/vpn-conf...
2026-08-08 08:42:43,473 | INFO | Loaded 417 lines from https://raw.githubusercontent.com/igareck/vpn-conf...
2026-08-08 08:42:43,593 | INFO | Loaded 152 lines from https://raw.githubusercontent.com/igareck/vpn-conf...
2026-08-08 08:42:43,767 | INFO | Loaded 384 lines from https://raw.githubusercontent.com/FLAT447/v2ray-li...
2026-08-08 08:42:43,767 | INFO | 
--- STEP 2: VALIDATION ---
2026-08-08 08:42:43,769 | INFO | Unique VLESS configs: 877
2026-08-08 08:42:43,796 | INFO | Archive updated: 10000 nodes (limit 10000)
2026-08-08 08:42:43,800 | INFO | 
--- STEP 3: LIVE CHECK (877 nodes, threads: 40) ---
2026-08-08 08:42:51,781 | INFO | [🎉 SNI WORKED] Нода ожила с SNI: mail.ru (порт 11031)
2026-08-08 08:43:00,063 | INFO | [🎉 SNI WORKED] Нода ожила с SNI: wildberries.ru (порт 11032)
2026-08-08 08:43:00,671 | INFO | [🎉 SNI WORKED] Нода ожила с SNI: yandex.ru (порт 11030)
2026-08-08 08:43:00,798 | INFO | [🎉 SNI WORKED] Нода ожила с SNI: mail.ru (порт 11033)
2026-08-08 08:43:02,753 | INFO | [🎉 SNI WORKED] Нода ожила с SNI: ozon.ru (порт 11029)
2026-08-08 08:43:03,875 | INFO | [🎉 SNI WORKED] Нода ожила с SNI: wildberries.ru (порт 11019)
2026-08-08 08:43:04,238 | INFO | [🎉 SNI WORKED] Нода ожила с SNI: ozon.ru (порт 11034)
2026-08-08 08:44:27,964 | INFO | [🎉 SNI WORKED] Нода ожила с SNI: vk.com (порт 11007)
2026-08-08 08:47:26,750 | INFO | [🎉 SNI WORKED] Нода ожила с SNI: vk.com (порт 11019)
2026-08-08 08:47:40,866 | INFO | [🎉 SNI WORKED] Нода ожила с SNI: ok.ru (порт 11019)
2026-08-08 08:47:57,451 | INFO | ⏱️ Время проверки: 313.7 сек
2026-08-08 08:47:57,451 | INFO | 
--- RESULT: Found 101 live nodes ---
2026-08-08 08:47:57,451 | INFO | After dedup: 101
2026-08-08 08:47:57,462 | INFO | alive_archive.txt updated: 5000 nodes (limit 5000)
2026-08-08 08:47:57,462 | INFO | Subscription updated: /home/runner/work/sbornik/sbornik/subs/vless_001.txt
2026-08-08 08:47:57,462 | INFO | 
--- STATS BY PROTOCOL ---
2026-08-08 08:47:57,463 | INFO | reality: 84
2026-08-08 08:47:57,463 | INFO | tls: 11
2026-08-08 08:47:57,463 | INFO | ws: 3
2026-08-08 08:47:57,463 | INFO | other: 3
2026-08-08 08:47:57,463 | INFO | 
--- TOP SNI STATS ---
2026-08-08 08:47:57,463 | INFO | api-maps.yandex.ru: 200 успешных мутаций
2026-08-08 08:47:57,463 | INFO | yandex.ru: 52 успешных мутаций
2026-08-08 08:47:57,463 | INFO | mail.ru: 51 успешных мутаций
2026-08-08 08:47:57,463 | INFO | ozon.ru: 48 успешных мутаций
2026-08-08 08:47:57,463 | INFO | vk.com: 44 успешных мутаций
2026-08-08 08:47:57,463 | INFO | ok.ru: 39 успешных мутаций
2026-08-08 08:47:57,463 | INFO | wildberries.ru: 37 успешных мутаций
2026-08-08 08:47:57,463 | INFO | dzen.ru: 7 успешных мутаций
2026-08-08 08:47:57,463 | INFO | rutube.ru: 3 успешных мутаций
2026-08-08 08:47:57,463 | INFO | cdn.x5.ru: 1 успешных мутаций
2026-08-08 08:47:57,464 | INFO | 💾 Статистика SNI сохранена
