2026-09-05 14:46:16,512 | INFO | 📊 Загружена статистика SNI: 26 доменов
2026-09-05 14:46:16,512 | INFO | === SING-BOX STATUS ===
2026-09-05 14:46:16,553 | INFO | sing-box version 1.14.0

Environment: go1.26.7 linux/amd64
Tags: with_gvisor,with_quic,with_dhcp,with_wireguard,with_utls,with_acme,with_clash_api,with_tailscale,with_ccm,with_ocm,with_cloudflared,with_naive_outbound,with_usbip,with_openvpn,with_openconnect,badlinkname,tfogo_checklinkname0,with_musl
Revision: 0b8995879f29a9b98ee027bc17b75e101445b238
CGO: enabled
2026-09-05 14:46:16,553 | INFO | 
--- STEP 1: FETCHING SOURCES ---
2026-09-05 14:46:16,705 | INFO | Loaded 11 lines from https://raw.githubusercontent.com/igareck/vpn-conf...
2026-09-05 14:46:16,846 | INFO | Loaded 0 lines from https://raw.githubusercontent.com/igareck/vpn-conf...
2026-09-05 14:46:16,926 | INFO | Loaded 3 lines from https://raw.githubusercontent.com/igareck/vpn-conf...
2026-09-05 14:46:17,033 | INFO | Loaded 3 lines from https://raw.githubusercontent.com/igareck/vpn-conf...
2026-09-05 14:46:17,157 | INFO | Loaded 11 lines from https://raw.githubusercontent.com/igareck/vpn-conf...
2026-09-05 14:46:17,291 | INFO | Loaded 28 lines from https://raw.githubusercontent.com/igareck/vpn-conf...
2026-09-05 14:46:17,434 | INFO | Loaded 42 lines from https://raw.githubusercontent.com/igareck/vpn-conf...
2026-09-05 14:46:17,634 | INFO | Loaded 239 lines from https://raw.githubusercontent.com/FLAT447/v2ray-li...
2026-09-05 14:46:17,634 | INFO | 
--- STEP 2: VALIDATION ---
2026-09-05 14:46:17,634 | INFO | Unique VLESS configs: 228
2026-09-05 14:46:17,669 | INFO | Archive updated: 10000 nodes (limit 10000)
2026-09-05 14:46:17,671 | INFO | 
--- STEP 3: LIVE CHECK (228 nodes, threads: 40) ---
2026-09-05 14:58:11,788 | INFO | ⏱️ Время проверки: 714.1 сек
2026-09-05 14:58:11,788 | INFO | 
--- RESULT: Found 1 live nodes ---
2026-09-05 14:58:11,788 | INFO | After dedup: 1
2026-09-05 14:58:11,789 | INFO | Filled from archive (+99), total: 100
2026-09-05 14:58:11,802 | INFO | alive_archive.txt updated: 5000 nodes (limit 5000)
2026-09-05 14:58:11,802 | INFO | Subscription updated: /home/runner/work/sbornik/sbornik/subs/vless_001.txt
2026-09-05 14:58:11,802 | INFO | 
--- STATS BY PROTOCOL ---
2026-09-05 14:58:11,802 | INFO | reality: 70
2026-09-05 14:58:11,803 | INFO | tls: 1
2026-09-05 14:58:11,803 | INFO | ws: 24
2026-09-05 14:58:11,803 | INFO | other: 5
2026-09-05 14:58:11,803 | INFO | 
--- TOP SNI STATS ---
2026-09-05 14:58:11,803 | INFO | api-maps.yandex.ru: 262 успешных мутаций
2026-09-05 14:58:11,803 | INFO | ozon.ru: 108 успешных мутаций
2026-09-05 14:58:11,803 | INFO | yandex.ru: 98 успешных мутаций
2026-09-05 14:58:11,803 | INFO | vk.com: 92 успешных мутаций
2026-09-05 14:58:11,803 | INFO | mail.ru: 90 успешных мутаций
2026-09-05 14:58:11,803 | INFO | wildberries.ru: 86 успешных мутаций
2026-09-05 14:58:11,803 | INFO | ok.ru: 72 успешных мутаций
2026-09-05 14:58:11,803 | INFO | storage.yandex.net: 16 успешных мутаций
2026-09-05 14:58:11,803 | INFO | rutube.ru: 8 успешных мутаций
2026-09-05 14:58:11,803 | INFO | dzen.ru: 8 успешных мутаций
2026-09-05 14:58:11,803 | INFO | 💾 Статистика SNI сохранена
