2026-09-15 22:44:33,006 | INFO | 📊 Загружена статистика SNI: 26 доменов
2026-09-15 22:44:33,006 | INFO | === SING-BOX STATUS ===
2026-09-15 22:44:33,042 | INFO | sing-box version 1.14.1

Environment: go1.26.8 linux/amd64
Tags: with_gvisor,with_quic,with_dhcp,with_wireguard,with_utls,with_acme,with_clash_api,with_tailscale,with_ccm,with_ocm,with_cloudflared,with_naive_outbound,with_usbip,with_openvpn,with_openconnect,badlinkname,tfogo_checklinkname0,with_musl
Revision: 1ac1a339cb1223e9c70eae14c44411c75033c02d
CGO: enabled
2026-09-15 22:44:33,042 | INFO | 
--- STEP 1: FETCHING SOURCES ---
2026-09-15 22:44:33,087 | INFO | Loaded 73 lines from https://raw.githubusercontent.com/igareck/vpn-conf...
2026-09-15 22:44:33,140 | INFO | Loaded 0 lines from https://raw.githubusercontent.com/igareck/vpn-conf...
2026-09-15 22:44:33,184 | INFO | Loaded 3 lines from https://raw.githubusercontent.com/igareck/vpn-conf...
2026-09-15 22:44:33,227 | INFO | Loaded 8 lines from https://raw.githubusercontent.com/igareck/vpn-conf...
2026-09-15 22:44:33,269 | INFO | Loaded 77 lines from https://raw.githubusercontent.com/igareck/vpn-conf...
2026-09-15 22:44:33,392 | INFO | Loaded 182 lines from https://raw.githubusercontent.com/igareck/vpn-conf...
2026-09-15 22:44:33,460 | INFO | Loaded 128 lines from https://raw.githubusercontent.com/igareck/vpn-conf...
2026-09-15 22:44:33,565 | INFO | Loaded 98 lines from https://raw.githubusercontent.com/FLAT447/v2ray-li...
2026-09-15 22:44:33,566 | INFO | 
--- STEP 2: VALIDATION ---
2026-09-15 22:44:33,566 | INFO | Unique VLESS configs: 316
2026-09-15 22:44:33,590 | INFO | Archive updated: 10000 nodes (limit 10000)
2026-09-15 22:44:33,592 | INFO | 
--- STEP 3: LIVE CHECK (316 nodes, threads: 40) ---
2026-09-15 22:44:54,199 | INFO | ⏱️ Время проверки: 20.6 сек
2026-09-15 22:44:54,200 | INFO | 
--- RESULT: Found 124 live nodes ---
2026-09-15 22:44:54,200 | INFO | After dedup: 124
2026-09-15 22:44:54,212 | INFO | alive_archive.txt updated: 5000 nodes (limit 5000)
2026-09-15 22:44:54,213 | INFO | Subscription updated: /home/runner/work/sbornik/sbornik/subs/vless_001.txt
2026-09-15 22:44:54,213 | INFO | 
--- STATS BY PROTOCOL ---
2026-09-15 22:44:54,213 | INFO | reality: 112
2026-09-15 22:44:54,213 | INFO | ws: 12
2026-09-15 22:44:54,213 | INFO | 
--- TOP SNI STATS ---
2026-09-15 22:44:54,213 | INFO | api-maps.yandex.ru: 268 успешных мутаций
2026-09-15 22:44:54,213 | INFO | ozon.ru: 108 успешных мутаций
2026-09-15 22:44:54,213 | INFO | yandex.ru: 98 успешных мутаций
2026-09-15 22:44:54,213 | INFO | vk.com: 94 успешных мутаций
2026-09-15 22:44:54,213 | INFO | mail.ru: 90 успешных мутаций
2026-09-15 22:44:54,213 | INFO | wildberries.ru: 86 успешных мутаций
2026-09-15 22:44:54,213 | INFO | ok.ru: 72 успешных мутаций
2026-09-15 22:44:54,214 | INFO | storage.yandex.net: 16 успешных мутаций
2026-09-15 22:44:54,214 | INFO | dzen.ru: 9 успешных мутаций
2026-09-15 22:44:54,214 | INFO | rutube.ru: 8 успешных мутаций
2026-09-15 22:44:54,214 | INFO | 💾 Статистика SNI сохранена
