2026-09-16 22:42:17,925 | INFO | 📊 Загружена статистика SNI: 26 доменов
2026-09-16 22:42:17,925 | INFO | === SING-BOX STATUS ===
2026-09-16 22:42:17,960 | INFO | sing-box version 1.14.1

Environment: go1.26.8 linux/amd64
Tags: with_gvisor,with_quic,with_dhcp,with_wireguard,with_utls,with_acme,with_clash_api,with_tailscale,with_ccm,with_ocm,with_cloudflared,with_naive_outbound,with_usbip,with_openvpn,with_openconnect,badlinkname,tfogo_checklinkname0,with_musl
Revision: 1ac1a339cb1223e9c70eae14c44411c75033c02d
CGO: enabled
2026-09-16 22:42:17,960 | INFO | 
--- STEP 1: FETCHING SOURCES ---
2026-09-16 22:42:18,087 | INFO | Loaded 36 lines from https://raw.githubusercontent.com/igareck/vpn-conf...
2026-09-16 22:42:18,254 | INFO | Loaded 0 lines from https://raw.githubusercontent.com/igareck/vpn-conf...
2026-09-16 22:42:18,356 | INFO | Loaded 3 lines from https://raw.githubusercontent.com/igareck/vpn-conf...
2026-09-16 22:42:18,478 | INFO | Loaded 8 lines from https://raw.githubusercontent.com/igareck/vpn-conf...
2026-09-16 22:42:18,587 | INFO | Loaded 43 lines from https://raw.githubusercontent.com/igareck/vpn-conf...
2026-09-16 22:42:18,769 | INFO | Loaded 121 lines from https://raw.githubusercontent.com/igareck/vpn-conf...
2026-09-16 22:42:18,877 | INFO | Loaded 144 lines from https://raw.githubusercontent.com/igareck/vpn-conf...
2026-09-16 22:42:19,059 | INFO | Loaded 23 lines from https://raw.githubusercontent.com/FLAT447/v2ray-li...
2026-09-16 22:42:19,060 | INFO | 
--- STEP 2: VALIDATION ---
2026-09-16 22:42:19,060 | INFO | Unique VLESS configs: 179
2026-09-16 22:42:19,083 | INFO | Archive updated: 10000 nodes (limit 10000)
2026-09-16 22:42:19,085 | INFO | 
--- STEP 3: LIVE CHECK (179 nodes, threads: 40) ---
2026-09-16 22:42:45,519 | INFO | ⏱️ Время проверки: 26.4 сек
2026-09-16 22:42:45,519 | INFO | 
--- RESULT: Found 107 live nodes ---
2026-09-16 22:42:45,520 | INFO | After dedup: 107
2026-09-16 22:42:45,531 | INFO | alive_archive.txt updated: 5000 nodes (limit 5000)
2026-09-16 22:42:45,532 | INFO | Subscription updated: /home/runner/work/sbornik/sbornik/subs/vless_001.txt
2026-09-16 22:42:45,532 | INFO | 
--- STATS BY PROTOCOL ---
2026-09-16 22:42:45,532 | INFO | reality: 105
2026-09-16 22:42:45,532 | INFO | ws: 1
2026-09-16 22:42:45,532 | INFO | other: 1
2026-09-16 22:42:45,532 | INFO | 
--- TOP SNI STATS ---
2026-09-16 22:42:45,532 | INFO | api-maps.yandex.ru: 268 успешных мутаций
2026-09-16 22:42:45,532 | INFO | ozon.ru: 108 успешных мутаций
2026-09-16 22:42:45,532 | INFO | yandex.ru: 98 успешных мутаций
2026-09-16 22:42:45,533 | INFO | vk.com: 94 успешных мутаций
2026-09-16 22:42:45,533 | INFO | mail.ru: 90 успешных мутаций
2026-09-16 22:42:45,533 | INFO | wildberries.ru: 86 успешных мутаций
2026-09-16 22:42:45,533 | INFO | ok.ru: 72 успешных мутаций
2026-09-16 22:42:45,533 | INFO | storage.yandex.net: 16 успешных мутаций
2026-09-16 22:42:45,533 | INFO | dzen.ru: 9 успешных мутаций
2026-09-16 22:42:45,533 | INFO | rutube.ru: 8 успешных мутаций
2026-09-16 22:42:45,533 | INFO | 💾 Статистика SNI сохранена
