2026-09-25 16:46:53,442 | INFO | 📊 Загружена статистика SNI: 26 доменов
2026-09-25 16:46:53,442 | INFO | === SING-BOX STATUS ===
2026-09-25 16:46:53,478 | INFO | sing-box version 1.14.2

Environment: go1.26.8 linux/amd64
Tags: with_gvisor,with_quic,with_dhcp,with_wireguard,with_utls,with_acme,with_clash_api,with_tailscale,with_ccm,with_ocm,with_cloudflared,with_naive_outbound,with_usbip,with_openvpn,with_openconnect,badlinkname,tfogo_checklinkname0,with_musl
Revision: af6e64c3b69e6132ebaee0e1a3d24e93903f6709
CGO: enabled
2026-09-25 16:46:53,478 | INFO | 
--- STEP 1: FETCHING SOURCES ---
2026-09-25 16:46:53,518 | INFO | Loaded 27 lines from https://raw.githubusercontent.com/igareck/vpn-conf...
2026-09-25 16:46:53,549 | INFO | Loaded 0 lines from https://raw.githubusercontent.com/igareck/vpn-conf...
2026-09-25 16:46:53,578 | INFO | Loaded 21 lines from https://raw.githubusercontent.com/igareck/vpn-conf...
2026-09-25 16:46:53,606 | INFO | Loaded 8 lines from https://raw.githubusercontent.com/igareck/vpn-conf...
2026-09-25 16:46:53,680 | INFO | Loaded 33 lines from https://raw.githubusercontent.com/igareck/vpn-conf...
2026-09-25 16:46:53,720 | INFO | Loaded 74 lines from https://raw.githubusercontent.com/igareck/vpn-conf...
2026-09-25 16:46:53,779 | INFO | Loaded 121 lines from https://raw.githubusercontent.com/igareck/vpn-conf...
2026-09-25 16:46:53,863 | INFO | Loaded 134 lines from https://raw.githubusercontent.com/FLAT447/v2ray-li...
2026-09-25 16:46:53,863 | INFO | 
--- STEP 2: VALIDATION ---
2026-09-25 16:46:53,864 | INFO | Unique VLESS configs: 221
2026-09-25 16:46:53,884 | INFO | Archive updated: 10000 nodes (limit 10000)
2026-09-25 16:46:53,885 | INFO | 
--- STEP 3: LIVE CHECK (221 nodes, threads: 40) ---
2026-09-25 16:53:02,532 | INFO | ⏱️ Время проверки: 368.6 сек
2026-09-25 16:53:02,532 | INFO | 
--- RESULT: Found 37 live nodes ---
2026-09-25 16:53:02,532 | INFO | After dedup: 37
2026-09-25 16:53:02,532 | INFO | Filled from archive (+63), total: 100
2026-09-25 16:53:02,547 | INFO | alive_archive.txt updated: 5000 nodes (limit 5000)
2026-09-25 16:53:02,547 | INFO | Subscription updated: /home/runner/work/sbornik/sbornik/subs/vless_001.txt
2026-09-25 16:53:02,548 | INFO | 
--- STATS BY PROTOCOL ---
2026-09-25 16:53:02,548 | INFO | reality: 19
2026-09-25 16:53:02,548 | INFO | ws: 77
2026-09-25 16:53:02,548 | INFO | other: 4
2026-09-25 16:53:02,548 | INFO | 
--- TOP SNI STATS ---
2026-09-25 16:53:02,548 | INFO | api-maps.yandex.ru: 268 успешных мутаций
2026-09-25 16:53:02,548 | INFO | ozon.ru: 108 успешных мутаций
2026-09-25 16:53:02,548 | INFO | yandex.ru: 98 успешных мутаций
2026-09-25 16:53:02,548 | INFO | vk.com: 94 успешных мутаций
2026-09-25 16:53:02,548 | INFO | mail.ru: 90 успешных мутаций
2026-09-25 16:53:02,548 | INFO | wildberries.ru: 86 успешных мутаций
2026-09-25 16:53:02,548 | INFO | ok.ru: 73 успешных мутаций
2026-09-25 16:53:02,548 | INFO | storage.yandex.net: 16 успешных мутаций
2026-09-25 16:53:02,548 | INFO | dzen.ru: 9 успешных мутаций
2026-09-25 16:53:02,549 | INFO | rutube.ru: 8 успешных мутаций
2026-09-25 16:53:02,549 | INFO | 💾 Статистика SNI сохранена
