2026-08-19 04:38:48,135 | INFO | 📊 Загружена статистика SNI: 26 доменов
2026-08-19 04:38:48,135 | INFO | === SING-BOX STATUS ===
2026-08-19 04:38:48,142 | INFO | sing-box version 1.13.19

Environment: go1.25.12 linux/amd64
Tags: with_gvisor,with_quic,with_dhcp,with_wireguard,with_utls,with_acme,with_clash_api,with_tailscale,with_ccm,with_ocm,with_naive_outbound,badlinkname,tfogo_checklinkname0,with_musl
Revision: b5ebaa1fc0f2b94256180b95468e73ef53caa27d
CGO: enabled
2026-08-19 04:38:48,142 | INFO | 
--- STEP 1: FETCHING SOURCES ---
2026-08-19 04:38:48,211 | INFO | Loaded 134 lines from https://raw.githubusercontent.com/igareck/vpn-conf...
2026-08-19 04:38:48,310 | INFO | Loaded 0 lines from https://raw.githubusercontent.com/igareck/vpn-conf...
2026-08-19 04:38:48,403 | INFO | Loaded 10 lines from https://raw.githubusercontent.com/igareck/vpn-conf...
2026-08-19 04:38:48,512 | INFO | Loaded 48 lines from https://raw.githubusercontent.com/igareck/vpn-conf...
2026-08-19 04:38:48,624 | INFO | Loaded 137 lines from https://raw.githubusercontent.com/igareck/vpn-conf...
2026-08-19 04:38:48,688 | INFO | Loaded 167 lines from https://raw.githubusercontent.com/igareck/vpn-conf...
2026-08-19 04:38:48,754 | INFO | Loaded 153 lines from https://raw.githubusercontent.com/igareck/vpn-conf...
2026-08-19 04:38:48,903 | INFO | Loaded 469 lines from https://raw.githubusercontent.com/FLAT447/v2ray-li...
2026-08-19 04:38:48,903 | INFO | 
--- STEP 2: VALIDATION ---
2026-08-19 04:38:48,904 | INFO | Unique VLESS configs: 781
2026-08-19 04:38:48,924 | INFO | Archive updated: 10000 nodes (limit 10000)
2026-08-19 04:38:48,927 | INFO | 
--- STEP 3: LIVE CHECK (781 nodes, threads: 40) ---
2026-08-19 04:48:21,582 | INFO | ⏱️ Время проверки: 572.7 сек
2026-08-19 04:48:21,582 | INFO | 
--- RESULT: Found 100 live nodes ---
2026-08-19 04:48:21,582 | INFO | After dedup: 100
2026-08-19 04:48:21,590 | INFO | alive_archive.txt updated: 5000 nodes (limit 5000)
2026-08-19 04:48:21,590 | INFO | Subscription updated: /home/runner/work/sbornik/sbornik/subs/vless_001.txt
2026-08-19 04:48:21,591 | INFO | 
--- STATS BY PROTOCOL ---
2026-08-19 04:48:21,591 | INFO | reality: 59
2026-08-19 04:48:21,591 | INFO | tls: 12
2026-08-19 04:48:21,591 | INFO | ws: 22
2026-08-19 04:48:21,591 | INFO | other: 7
2026-08-19 04:48:21,591 | INFO | 
--- TOP SNI STATS ---
2026-08-19 04:48:21,591 | INFO | api-maps.yandex.ru: 257 успешных мутаций
2026-08-19 04:48:21,591 | INFO | yandex.ru: 96 успешных мутаций
2026-08-19 04:48:21,591 | INFO | ozon.ru: 93 успешных мутаций
2026-08-19 04:48:21,591 | INFO | vk.com: 90 успешных мутаций
2026-08-19 04:48:21,591 | INFO | mail.ru: 90 успешных мутаций
2026-08-19 04:48:21,591 | INFO | wildberries.ru: 84 успешных мутаций
2026-08-19 04:48:21,591 | INFO | ok.ru: 72 успешных мутаций
2026-08-19 04:48:21,591 | INFO | storage.yandex.net: 14 успешных мутаций
2026-08-19 04:48:21,591 | INFO | dzen.ru: 7 успешных мутаций
2026-08-19 04:48:21,591 | INFO | rutube.ru: 6 успешных мутаций
2026-08-19 04:48:21,591 | INFO | 💾 Статистика SNI сохранена
