2026-08-15 01:18:35,277 | INFO | 📊 Загружена статистика SNI: 26 доменов
2026-08-15 01:18:35,277 | INFO | === SING-BOX STATUS ===
2026-08-15 01:18:35,286 | INFO | sing-box version 1.13.18

Environment: go1.25.12 linux/amd64
Tags: with_gvisor,with_quic,with_dhcp,with_wireguard,with_utls,with_acme,with_clash_api,with_tailscale,with_ccm,with_ocm,with_naive_outbound,badlinkname,tfogo_checklinkname0,with_musl
Revision: 45ca32dcb966f07f97fc888fe8586e359dbe8405
CGO: enabled
2026-08-15 01:18:35,286 | INFO | 
--- STEP 1: FETCHING SOURCES ---
2026-08-15 01:18:35,348 | INFO | Loaded 153 lines from https://raw.githubusercontent.com/igareck/vpn-conf...
2026-08-15 01:18:35,430 | INFO | Loaded 0 lines from https://raw.githubusercontent.com/igareck/vpn-conf...
2026-08-15 01:18:35,491 | INFO | Loaded 15 lines from https://raw.githubusercontent.com/igareck/vpn-conf...
2026-08-15 01:18:35,545 | INFO | Loaded 10 lines from https://raw.githubusercontent.com/igareck/vpn-conf...
2026-08-15 01:18:35,602 | INFO | Loaded 209 lines from https://raw.githubusercontent.com/igareck/vpn-conf...
2026-08-15 01:18:35,678 | INFO | Loaded 130 lines from https://raw.githubusercontent.com/igareck/vpn-conf...
2026-08-15 01:18:35,719 | INFO | Loaded 153 lines from https://raw.githubusercontent.com/igareck/vpn-conf...
2026-08-15 01:18:35,838 | INFO | Loaded 424 lines from https://raw.githubusercontent.com/FLAT447/v2ray-li...
2026-08-15 01:18:35,838 | INFO | 
--- STEP 2: VALIDATION ---
2026-08-15 01:18:35,840 | INFO | Unique VLESS configs: 749
2026-08-15 01:18:35,889 | INFO | Archive updated: 10000 nodes (limit 10000)
2026-08-15 01:18:35,893 | INFO | 
--- STEP 3: LIVE CHECK (749 nodes, threads: 40) ---
2026-08-15 01:23:08,996 | INFO | ⏱️ Время проверки: 273.1 сек
2026-08-15 01:23:08,996 | INFO | 
--- RESULT: Found 104 live nodes ---
2026-08-15 01:23:08,996 | INFO | After dedup: 104
2026-08-15 01:23:09,007 | INFO | alive_archive.txt updated: 5000 nodes (limit 5000)
2026-08-15 01:23:09,007 | INFO | Subscription updated: /home/runner/work/sbornik/sbornik/subs/vless_001.txt
2026-08-15 01:23:09,007 | INFO | 
--- STATS BY PROTOCOL ---
2026-08-15 01:23:09,007 | INFO | reality: 35
2026-08-15 01:23:09,007 | INFO | tls: 25
2026-08-15 01:23:09,007 | INFO | ws: 36
2026-08-15 01:23:09,007 | INFO | other: 8
2026-08-15 01:23:09,008 | INFO | 
--- TOP SNI STATS ---
2026-08-15 01:23:09,008 | INFO | api-maps.yandex.ru: 253 успешных мутаций
2026-08-15 01:23:09,008 | INFO | yandex.ru: 96 успешных мутаций
2026-08-15 01:23:09,008 | INFO | ozon.ru: 93 успешных мутаций
2026-08-15 01:23:09,008 | INFO | vk.com: 90 успешных мутаций
2026-08-15 01:23:09,008 | INFO | mail.ru: 90 успешных мутаций
2026-08-15 01:23:09,008 | INFO | wildberries.ru: 84 успешных мутаций
2026-08-15 01:23:09,008 | INFO | ok.ru: 72 успешных мутаций
2026-08-15 01:23:09,008 | INFO | storage.yandex.net: 14 успешных мутаций
2026-08-15 01:23:09,008 | INFO | dzen.ru: 7 успешных мутаций
2026-08-15 01:23:09,008 | INFO | rutube.ru: 6 успешных мутаций
2026-08-15 01:23:09,008 | INFO | 💾 Статистика SNI сохранена
