2026-09-29 17:48:48,998 | INFO | 📊 Загружена статистика SNI: 26 доменов
2026-09-29 17:48:48,998 | INFO | === SING-BOX STATUS ===
2026-09-29 17:48:49,034 | INFO | sing-box version 1.14.2

Environment: go1.26.8 linux/amd64
Tags: with_gvisor,with_quic,with_dhcp,with_wireguard,with_utls,with_acme,with_clash_api,with_tailscale,with_ccm,with_ocm,with_cloudflared,with_naive_outbound,with_usbip,with_openvpn,with_openconnect,badlinkname,tfogo_checklinkname0,with_musl
Revision: af6e64c3b69e6132ebaee0e1a3d24e93903f6709
CGO: enabled
2026-09-29 17:48:49,034 | INFO | 
--- STEP 1: FETCHING SOURCES ---
2026-09-29 17:48:49,068 | INFO | Loaded 7 lines from https://raw.githubusercontent.com/igareck/vpn-conf...
2026-09-29 17:48:49,164 | INFO | Loaded 0 lines from https://raw.githubusercontent.com/igareck/vpn-conf...
2026-09-29 17:48:49,272 | INFO | Loaded 3 lines from https://raw.githubusercontent.com/igareck/vpn-conf...
2026-09-29 17:48:49,359 | INFO | Loaded 3 lines from https://raw.githubusercontent.com/igareck/vpn-conf...
2026-09-29 17:48:49,448 | INFO | Loaded 17 lines from https://raw.githubusercontent.com/igareck/vpn-conf...
2026-09-29 17:48:49,546 | INFO | Loaded 75 lines from https://raw.githubusercontent.com/igareck/vpn-conf...
2026-09-29 17:48:49,637 | INFO | Loaded 106 lines from https://raw.githubusercontent.com/igareck/vpn-conf...
2026-09-29 17:48:49,743 | INFO | Loaded 49 lines from https://raw.githubusercontent.com/FLAT447/v2ray-li...
2026-09-29 17:48:49,743 | INFO | 
--- STEP 2: VALIDATION ---
2026-09-29 17:48:49,744 | INFO | Unique VLESS configs: 129
2026-09-29 17:48:49,763 | INFO | Archive updated: 10000 nodes (limit 10000)
2026-09-29 17:48:49,765 | INFO | 
--- STEP 3: LIVE CHECK (129 nodes, threads: 40) ---
2026-09-29 17:55:51,557 | INFO | ⏱️ Время проверки: 421.8 сек
2026-09-29 17:55:51,557 | INFO | 
--- RESULT: Found 36 live nodes ---
2026-09-29 17:55:51,557 | INFO | After dedup: 36
2026-09-29 17:55:51,557 | INFO | Filled from archive (+64), total: 100
2026-09-29 17:55:51,571 | INFO | alive_archive.txt updated: 5000 nodes (limit 5000)
2026-09-29 17:55:51,572 | INFO | Subscription updated: /home/runner/work/sbornik/sbornik/subs/vless_001.txt
2026-09-29 17:55:51,572 | INFO | 
--- STATS BY PROTOCOL ---
2026-09-29 17:55:51,572 | INFO | reality: 56
2026-09-29 17:55:51,572 | INFO | tls: 2
2026-09-29 17:55:51,572 | INFO | ws: 40
2026-09-29 17:55:51,572 | INFO | other: 2
2026-09-29 17:55:51,572 | INFO | 
--- TOP SNI STATS ---
2026-09-29 17:55:51,572 | INFO | api-maps.yandex.ru: 268/345 успешных (77.7%)
2026-09-29 17:55:51,572 | INFO | ozon.ru: 108/185 успешных (58.4%)
2026-09-29 17:55:51,572 | INFO | yandex.ru: 99/176 успешных (56.2%)
2026-09-29 17:55:51,572 | INFO | vk.com: 94/171 успешных (55.0%)
2026-09-29 17:55:51,572 | INFO | mail.ru: 90/167 успешных (53.9%)
2026-09-29 17:55:51,572 | INFO | wildberries.ru: 86/163 успешных (52.8%)
2026-09-29 17:55:51,572 | INFO | ok.ru: 73/150 успешных (48.7%)
2026-09-29 17:55:51,572 | INFO | storage.yandex.net: 16/93 успешных (17.2%)
2026-09-29 17:55:51,572 | INFO | dzen.ru: 9/86 успешных (10.5%)
2026-09-29 17:55:51,573 | INFO | rutube.ru: 8/85 успешных (9.4%)
2026-09-29 17:55:51,573 | INFO | kinopoisk.ru: 5/82 успешных (6.1%)
2026-09-29 17:55:51,573 | INFO | gosuslugi.ru: 2/79 успешных (2.5%)
2026-09-29 17:55:51,573 | INFO | cdn.x5.ru: 1/78 успешных (1.3%)
2026-09-29 17:55:51,573 | INFO | tbank.ru: 1/78 успешных (1.3%)
2026-09-29 17:55:51,573 | INFO | avito.ru: 1/78 успешных (1.3%)
2026-09-29 17:55:51,573 | INFO | 💾 Статистика SNI сохранена
