2026-08-26 12:55:01,126 | INFO | 📊 Загружена статистика SNI: 26 доменов
2026-08-26 12:55:01,127 | INFO | === SING-BOX STATUS ===
2026-08-26 12:55:01,133 | INFO | sing-box version 1.13.19

Environment: go1.25.12 linux/amd64
Tags: with_gvisor,with_quic,with_dhcp,with_wireguard,with_utls,with_acme,with_clash_api,with_tailscale,with_ccm,with_ocm,with_naive_outbound,badlinkname,tfogo_checklinkname0,with_musl
Revision: b5ebaa1fc0f2b94256180b95468e73ef53caa27d
CGO: enabled
2026-08-26 12:55:01,133 | INFO | 
--- STEP 1: FETCHING SOURCES ---
2026-08-26 12:55:01,243 | INFO | Loaded 153 lines from https://raw.githubusercontent.com/igareck/vpn-conf...
2026-08-26 12:55:01,353 | INFO | Loaded 0 lines from https://raw.githubusercontent.com/igareck/vpn-conf...
2026-08-26 12:55:01,513 | INFO | Loaded 50 lines from https://raw.githubusercontent.com/igareck/vpn-conf...
2026-08-26 12:55:01,662 | INFO | Loaded 27 lines from https://raw.githubusercontent.com/igareck/vpn-conf...
2026-08-26 12:55:01,706 | INFO | Loaded 389 lines from https://raw.githubusercontent.com/igareck/vpn-conf...
2026-08-26 12:55:01,857 | INFO | Loaded 206 lines from https://raw.githubusercontent.com/igareck/vpn-conf...
2026-08-26 12:55:01,960 | INFO | Loaded 150 lines from https://raw.githubusercontent.com/igareck/vpn-conf...
2026-08-26 12:55:02,163 | INFO | Loaded 1146 lines from https://raw.githubusercontent.com/FLAT447/v2ray-li...
2026-08-26 12:55:02,163 | INFO | 
--- STEP 2: VALIDATION ---
2026-08-26 12:55:02,165 | INFO | Unique VLESS configs: 1609
2026-08-26 12:55:02,184 | INFO | Archive updated: 10000 nodes (limit 10000)
2026-08-26 12:55:02,191 | INFO | 
--- STEP 3: LIVE CHECK (1609 nodes, threads: 40) ---
2026-08-26 12:56:23,676 | INFO | [🎉 SNI WORKED] Нода ожила с SNI: ozon.ru (порт 11006)
2026-08-26 12:57:15,837 | INFO | [🎉 SNI WORKED] Нода ожила с SNI: yandex.ru (порт 11032)
2026-08-26 12:57:37,159 | INFO | [🎉 SNI WORKED] Нода ожила с SNI: wildberries.ru (порт 11037)
2026-08-26 12:57:47,933 | INFO | [🎉 SNI WORKED] Нода ожила с SNI: wildberries.ru (порт 11030)
2026-08-26 13:03:35,779 | INFO | ⏱️ Время проверки: 513.6 сек
2026-08-26 13:03:35,779 | INFO | 
--- RESULT: Found 100 live nodes ---
2026-08-26 13:03:35,779 | INFO | After dedup: 100
2026-08-26 13:03:35,786 | INFO | alive_archive.txt updated: 5000 nodes (limit 5000)
2026-08-26 13:03:35,786 | INFO | Subscription updated: /home/runner/work/sbornik/sbornik/subs/vless_001.txt
2026-08-26 13:03:35,786 | INFO | 
--- STATS BY PROTOCOL ---
2026-08-26 13:03:35,786 | INFO | reality: 85
2026-08-26 13:03:35,786 | INFO | tls: 2
2026-08-26 13:03:35,786 | INFO | ws: 13
2026-08-26 13:03:35,786 | INFO | 
--- TOP SNI STATS ---
2026-08-26 13:03:35,786 | INFO | api-maps.yandex.ru: 259 успешных мутаций
2026-08-26 13:03:35,786 | INFO | ozon.ru: 107 успешных мутаций
2026-08-26 13:03:35,786 | INFO | yandex.ru: 97 успешных мутаций
2026-08-26 13:03:35,786 | INFO | vk.com: 91 успешных мутаций
2026-08-26 13:03:35,786 | INFO | mail.ru: 90 успешных мутаций
2026-08-26 13:03:35,786 | INFO | wildberries.ru: 86 успешных мутаций
2026-08-26 13:03:35,786 | INFO | ok.ru: 72 успешных мутаций
2026-08-26 13:03:35,786 | INFO | storage.yandex.net: 16 успешных мутаций
2026-08-26 13:03:35,786 | INFO | dzen.ru: 8 успешных мутаций
2026-08-26 13:03:35,787 | INFO | rutube.ru: 7 успешных мутаций
2026-08-26 13:03:35,787 | INFO | 💾 Статистика SNI сохранена
