2026-08-23 16:27:33,824 | INFO | 📊 Загружена статистика SNI: 26 доменов
2026-08-23 16:27:33,824 | INFO | === SING-BOX STATUS ===
2026-08-23 16:27:33,833 | INFO | sing-box version 1.13.19

Environment: go1.25.12 linux/amd64
Tags: with_gvisor,with_quic,with_dhcp,with_wireguard,with_utls,with_acme,with_clash_api,with_tailscale,with_ccm,with_ocm,with_naive_outbound,badlinkname,tfogo_checklinkname0,with_musl
Revision: b5ebaa1fc0f2b94256180b95468e73ef53caa27d
CGO: enabled
2026-08-23 16:27:33,833 | INFO | 
--- STEP 1: FETCHING SOURCES ---
2026-08-23 16:27:33,864 | INFO | Loaded 64 lines from https://raw.githubusercontent.com/igareck/vpn-conf...
2026-08-23 16:27:33,972 | INFO | Loaded 0 lines from https://raw.githubusercontent.com/igareck/vpn-conf...
2026-08-23 16:27:34,091 | INFO | Loaded 16 lines from https://raw.githubusercontent.com/igareck/vpn-conf...
2026-08-23 16:27:34,212 | INFO | Loaded 7 lines from https://raw.githubusercontent.com/igareck/vpn-conf...
2026-08-23 16:27:34,334 | INFO | Loaded 70 lines from https://raw.githubusercontent.com/igareck/vpn-conf...
2026-08-23 16:27:34,466 | INFO | Loaded 76 lines from https://raw.githubusercontent.com/igareck/vpn-conf...
2026-08-23 16:27:34,585 | INFO | Loaded 112 lines from https://raw.githubusercontent.com/igareck/vpn-conf...
2026-08-23 16:27:34,787 | INFO | Loaded 464 lines from https://raw.githubusercontent.com/FLAT447/v2ray-li...
2026-08-23 16:27:34,787 | INFO | 
--- STEP 2: VALIDATION ---
2026-08-23 16:27:34,788 | INFO | Unique VLESS configs: 590
2026-08-23 16:27:34,815 | INFO | Archive updated: 10000 nodes (limit 10000)
2026-08-23 16:27:34,818 | INFO | 
--- STEP 3: LIVE CHECK (590 nodes, threads: 40) ---
2026-08-23 16:50:00,408 | INFO | ⏱️ Время проверки: 1345.6 сек
2026-08-23 16:50:00,408 | INFO | 
--- RESULT: Found 80 live nodes ---
2026-08-23 16:50:00,408 | INFO | After dedup: 80
2026-08-23 16:50:00,408 | INFO | Filled from archive (+20), total: 100
2026-08-23 16:50:00,420 | INFO | alive_archive.txt updated: 5000 nodes (limit 5000)
2026-08-23 16:50:00,420 | INFO | Subscription updated: /home/runner/work/sbornik/sbornik/subs/vless_001.txt
2026-08-23 16:50:00,420 | INFO | 
--- STATS BY PROTOCOL ---
2026-08-23 16:50:00,420 | INFO | reality: 92
2026-08-23 16:50:00,420 | INFO | tls: 3
2026-08-23 16:50:00,420 | INFO | ws: 5
2026-08-23 16:50:00,420 | INFO | 
--- TOP SNI STATS ---
2026-08-23 16:50:00,420 | INFO | api-maps.yandex.ru: 259 успешных мутаций
2026-08-23 16:50:00,420 | INFO | ozon.ru: 99 успешных мутаций
2026-08-23 16:50:00,421 | INFO | yandex.ru: 96 успешных мутаций
2026-08-23 16:50:00,421 | INFO | vk.com: 91 успешных мутаций
2026-08-23 16:50:00,421 | INFO | mail.ru: 90 успешных мутаций
2026-08-23 16:50:00,421 | INFO | wildberries.ru: 84 успешных мутаций
2026-08-23 16:50:00,421 | INFO | ok.ru: 72 успешных мутаций
2026-08-23 16:50:00,421 | INFO | storage.yandex.net: 16 успешных мутаций
2026-08-23 16:50:00,421 | INFO | dzen.ru: 8 успешных мутаций
2026-08-23 16:50:00,421 | INFO | rutube.ru: 7 успешных мутаций
2026-08-23 16:50:00,421 | INFO | 💾 Статистика SNI сохранена
