2026-08-23 08:32:01,682 | INFO | 📊 Загружена статистика SNI: 26 доменов
2026-08-23 08:32:01,682 | INFO | === SING-BOX STATUS ===
2026-08-23 08:32:01,690 | INFO | sing-box version 1.13.19

Environment: go1.25.12 linux/amd64
Tags: with_gvisor,with_quic,with_dhcp,with_wireguard,with_utls,with_acme,with_clash_api,with_tailscale,with_ccm,with_ocm,with_naive_outbound,badlinkname,tfogo_checklinkname0,with_musl
Revision: b5ebaa1fc0f2b94256180b95468e73ef53caa27d
CGO: enabled
2026-08-23 08:32:01,690 | INFO | 
--- STEP 1: FETCHING SOURCES ---
2026-08-23 08:32:01,733 | INFO | Loaded 22 lines from https://raw.githubusercontent.com/igareck/vpn-conf...
2026-08-23 08:32:01,762 | INFO | Loaded 0 lines from https://raw.githubusercontent.com/igareck/vpn-conf...
2026-08-23 08:32:01,792 | INFO | Loaded 13 lines from https://raw.githubusercontent.com/igareck/vpn-conf...
2026-08-23 08:32:01,819 | INFO | Loaded 19 lines from https://raw.githubusercontent.com/igareck/vpn-conf...
2026-08-23 08:32:01,846 | INFO | Loaded 32 lines from https://raw.githubusercontent.com/igareck/vpn-conf...
2026-08-23 08:32:01,954 | INFO | Loaded 271 lines from https://raw.githubusercontent.com/igareck/vpn-conf...
2026-08-23 08:32:02,024 | INFO | Loaded 153 lines from https://raw.githubusercontent.com/igareck/vpn-conf...
2026-08-23 08:32:02,222 | INFO | Loaded 458 lines from https://raw.githubusercontent.com/FLAT447/v2ray-li...
2026-08-23 08:32:02,222 | INFO | 
--- STEP 2: VALIDATION ---
2026-08-23 08:32:02,223 | INFO | Unique VLESS configs: 723
2026-08-23 08:32:02,253 | INFO | Archive updated: 10000 nodes (limit 10000)
2026-08-23 08:32:02,256 | INFO | 
--- STEP 3: LIVE CHECK (723 nodes, threads: 40) ---
2026-08-23 08:32:21,374 | INFO | [🎉 SNI WORKED] Нода ожила с SNI: api-maps.yandex.ru (порт 11030)
2026-08-23 08:32:46,241 | INFO | [🎉 SNI WORKED] Нода ожила с SNI: vk.com (порт 11029)
2026-08-23 08:32:55,978 | INFO | [🎉 SNI WORKED] Нода ожила с SNI: storage.yandex.net (порт 11031)
2026-08-23 08:33:29,122 | INFO | ⏱️ Время проверки: 86.9 сек
2026-08-23 08:33:29,123 | INFO | 
--- RESULT: Found 100 live nodes ---
2026-08-23 08:33:29,123 | INFO | After dedup: 100
2026-08-23 08:33:29,134 | INFO | alive_archive.txt updated: 5000 nodes (limit 5000)
2026-08-23 08:33:29,134 | INFO | Subscription updated: /home/runner/work/sbornik/sbornik/subs/vless_001.txt
2026-08-23 08:33:29,134 | INFO | 
--- STATS BY PROTOCOL ---
2026-08-23 08:33:29,134 | INFO | reality: 65
2026-08-23 08:33:29,134 | INFO | tls: 31
2026-08-23 08:33:29,134 | INFO | ws: 4
2026-08-23 08:33:29,134 | INFO | 
--- TOP SNI STATS ---
2026-08-23 08:33:29,134 | INFO | api-maps.yandex.ru: 259 успешных мутаций
2026-08-23 08:33:29,134 | INFO | yandex.ru: 96 успешных мутаций
2026-08-23 08:33:29,134 | INFO | ozon.ru: 93 успешных мутаций
2026-08-23 08:33:29,135 | INFO | vk.com: 91 успешных мутаций
2026-08-23 08:33:29,135 | INFO | mail.ru: 90 успешных мутаций
2026-08-23 08:33:29,135 | INFO | wildberries.ru: 84 успешных мутаций
2026-08-23 08:33:29,135 | INFO | ok.ru: 72 успешных мутаций
2026-08-23 08:33:29,135 | INFO | storage.yandex.net: 16 успешных мутаций
2026-08-23 08:33:29,135 | INFO | dzen.ru: 8 успешных мутаций
2026-08-23 08:33:29,135 | INFO | rutube.ru: 7 успешных мутаций
2026-08-23 08:33:29,135 | INFO | 💾 Статистика SNI сохранена
