2026-08-16 08:31:04,089 | INFO | 📊 Загружена статистика SNI: 26 доменов
2026-08-16 08:31:04,089 | INFO | === SING-BOX STATUS ===
2026-08-16 08:31:04,097 | INFO | sing-box version 1.13.18

Environment: go1.25.12 linux/amd64
Tags: with_gvisor,with_quic,with_dhcp,with_wireguard,with_utls,with_acme,with_clash_api,with_tailscale,with_ccm,with_ocm,with_naive_outbound,badlinkname,tfogo_checklinkname0,with_musl
Revision: 45ca32dcb966f07f97fc888fe8586e359dbe8405
CGO: enabled
2026-08-16 08:31:04,097 | INFO | 
--- STEP 1: FETCHING SOURCES ---
2026-08-16 08:31:04,131 | INFO | Loaded 153 lines from https://raw.githubusercontent.com/igareck/vpn-conf...
2026-08-16 08:31:04,166 | INFO | Loaded 0 lines from https://raw.githubusercontent.com/igareck/vpn-conf...
2026-08-16 08:31:04,205 | INFO | Loaded 9 lines from https://raw.githubusercontent.com/igareck/vpn-conf...
2026-08-16 08:31:04,233 | INFO | Loaded 38 lines from https://raw.githubusercontent.com/igareck/vpn-conf...
2026-08-16 08:31:04,262 | INFO | Loaded 204 lines from https://raw.githubusercontent.com/igareck/vpn-conf...
2026-08-16 08:31:04,292 | INFO | Loaded 277 lines from https://raw.githubusercontent.com/igareck/vpn-conf...
2026-08-16 08:31:04,321 | INFO | Loaded 153 lines from https://raw.githubusercontent.com/igareck/vpn-conf...
2026-08-16 08:31:04,422 | INFO | Loaded 426 lines from https://raw.githubusercontent.com/FLAT447/v2ray-li...
2026-08-16 08:31:04,422 | INFO | 
--- STEP 2: VALIDATION ---
2026-08-16 08:31:04,424 | INFO | Unique VLESS configs: 898
2026-08-16 08:31:04,448 | INFO | Archive updated: 10000 nodes (limit 10000)
2026-08-16 08:31:04,452 | INFO | 
--- STEP 3: LIVE CHECK (898 nodes, threads: 40) ---
2026-08-16 08:43:45,254 | INFO | ⏱️ Время проверки: 760.8 сек
2026-08-16 08:43:45,254 | INFO | 
--- RESULT: Found 103 live nodes ---
2026-08-16 08:43:45,255 | INFO | After dedup: 103
2026-08-16 08:43:45,266 | INFO | alive_archive.txt updated: 5000 nodes (limit 5000)
2026-08-16 08:43:45,266 | INFO | Subscription updated: /home/runner/work/sbornik/sbornik/subs/vless_001.txt
2026-08-16 08:43:45,267 | INFO | 
--- STATS BY PROTOCOL ---
2026-08-16 08:43:45,267 | INFO | reality: 38
2026-08-16 08:43:45,267 | INFO | tls: 41
2026-08-16 08:43:45,267 | INFO | ws: 24
2026-08-16 08:43:45,267 | INFO | 
--- TOP SNI STATS ---
2026-08-16 08:43:45,267 | INFO | api-maps.yandex.ru: 257 успешных мутаций
2026-08-16 08:43:45,267 | INFO | yandex.ru: 96 успешных мутаций
2026-08-16 08:43:45,267 | INFO | ozon.ru: 93 успешных мутаций
2026-08-16 08:43:45,267 | INFO | vk.com: 90 успешных мутаций
2026-08-16 08:43:45,267 | INFO | mail.ru: 90 успешных мутаций
2026-08-16 08:43:45,267 | INFO | wildberries.ru: 84 успешных мутаций
2026-08-16 08:43:45,267 | INFO | ok.ru: 72 успешных мутаций
2026-08-16 08:43:45,267 | INFO | storage.yandex.net: 14 успешных мутаций
2026-08-16 08:43:45,267 | INFO | dzen.ru: 7 успешных мутаций
2026-08-16 08:43:45,267 | INFO | rutube.ru: 6 успешных мутаций
2026-08-16 08:43:45,267 | INFO | 💾 Статистика SNI сохранена
