2026-08-05 17:40:00,097 | INFO | 📊 Загружена статистика SNI: 26 доменов
2026-08-05 17:40:00,097 | INFO | === SING-BOX STATUS ===
2026-08-05 17:40:00,105 | INFO | sing-box version 1.13.16

Environment: go1.25.12 linux/amd64
Tags: with_gvisor,with_quic,with_dhcp,with_wireguard,with_utls,with_acme,with_clash_api,with_tailscale,with_ccm,with_ocm,with_naive_outbound,badlinkname,tfogo_checklinkname0,with_musl
Revision: 17ec3c71af8ca946dc50bf0d927c39fc77322aec
CGO: enabled
2026-08-05 17:40:00,105 | INFO | 
--- STEP 1: FETCHING SOURCES ---
2026-08-05 17:40:00,172 | INFO | Loaded 153 lines from https://raw.githubusercontent.com/igareck/vpn-conf...
2026-08-05 17:40:00,220 | INFO | Loaded 0 lines from https://raw.githubusercontent.com/igareck/vpn-conf...
2026-08-05 17:40:00,269 | INFO | Loaded 216 lines from https://raw.githubusercontent.com/igareck/vpn-conf...
2026-08-05 17:40:00,308 | INFO | Loaded 3 lines from https://raw.githubusercontent.com/igareck/vpn-conf...
2026-08-05 17:40:00,351 | INFO | Loaded 252 lines from https://raw.githubusercontent.com/igareck/vpn-conf...
2026-08-05 17:40:00,393 | INFO | Loaded 145 lines from https://raw.githubusercontent.com/igareck/vpn-conf...
2026-08-05 17:40:00,437 | INFO | Loaded 153 lines from https://raw.githubusercontent.com/igareck/vpn-conf...
2026-08-05 17:40:00,543 | INFO | Loaded 386 lines from https://raw.githubusercontent.com/FLAT447/v2ray-li...
2026-08-05 17:40:00,543 | INFO | 
--- STEP 2: VALIDATION ---
2026-08-05 17:40:00,544 | INFO | Unique VLESS configs: 762
2026-08-05 17:40:00,576 | INFO | Archive updated: 10000 nodes (limit 10000)
2026-08-05 17:40:00,580 | INFO | 
--- STEP 3: LIVE CHECK (762 nodes, threads: 40) ---
2026-08-05 17:40:19,929 | INFO | ⏱️ Время проверки: 19.3 сек
2026-08-05 17:40:19,929 | INFO | 
--- RESULT: Found 116 live nodes ---
2026-08-05 17:40:19,929 | INFO | After dedup: 116
2026-08-05 17:40:19,945 | INFO | alive_archive.txt updated: 5000 nodes (limit 5000)
2026-08-05 17:40:19,945 | INFO | Subscription updated: /home/runner/work/sbornik/sbornik/subs/vless_001.txt
2026-08-05 17:40:19,945 | INFO | 
--- STATS BY PROTOCOL ---
2026-08-05 17:40:19,945 | INFO | reality: 81
2026-08-05 17:40:19,945 | INFO | ws: 35
2026-08-05 17:40:19,945 | INFO | 
--- TOP SNI STATS ---
2026-08-05 17:40:19,945 | INFO | api-maps.yandex.ru: 180 успешных мутаций
2026-08-05 17:40:19,945 | INFO | ozon.ru: 38 успешных мутаций
2026-08-05 17:40:19,945 | INFO | mail.ru: 33 успешных мутаций
2026-08-05 17:40:19,945 | INFO | yandex.ru: 30 успешных мутаций
2026-08-05 17:40:19,946 | INFO | ok.ru: 28 успешных мутаций
2026-08-05 17:40:19,946 | INFO | vk.com: 26 успешных мутаций
2026-08-05 17:40:19,946 | INFO | wildberries.ru: 25 успешных мутаций
2026-08-05 17:40:19,946 | INFO | dzen.ru: 7 успешных мутаций
2026-08-05 17:40:19,946 | INFO | rutube.ru: 3 успешных мутаций
2026-08-05 17:40:19,946 | INFO | cdn.x5.ru: 1 успешных мутаций
2026-08-05 17:40:19,946 | INFO | 💾 Статистика SNI сохранена
