2026-08-18 20:25:51,954 | INFO | 📊 Загружена статистика SNI: 26 доменов
2026-08-18 20:25:51,954 | INFO | === SING-BOX STATUS ===
2026-08-18 20:25:51,961 | INFO | sing-box version 1.13.19

Environment: go1.25.12 linux/amd64
Tags: with_gvisor,with_quic,with_dhcp,with_wireguard,with_utls,with_acme,with_clash_api,with_tailscale,with_ccm,with_ocm,with_naive_outbound,badlinkname,tfogo_checklinkname0,with_musl
Revision: b5ebaa1fc0f2b94256180b95468e73ef53caa27d
CGO: enabled
2026-08-18 20:25:51,961 | INFO | 
--- STEP 1: FETCHING SOURCES ---
2026-08-18 20:25:52,451 | INFO | Loaded 132 lines from https://raw.githubusercontent.com/igareck/vpn-conf...
2026-08-18 20:25:52,905 | INFO | Loaded 0 lines from https://raw.githubusercontent.com/igareck/vpn-conf...
2026-08-18 20:25:53,954 | INFO | Loaded 7 lines from https://raw.githubusercontent.com/igareck/vpn-conf...
2026-08-18 20:25:53,980 | INFO | Loaded 17 lines from https://raw.githubusercontent.com/igareck/vpn-conf...
2026-08-18 20:25:54,346 | INFO | Loaded 136 lines from https://raw.githubusercontent.com/igareck/vpn-conf...
2026-08-18 20:25:54,722 | INFO | Loaded 143 lines from https://raw.githubusercontent.com/igareck/vpn-conf...
2026-08-18 20:25:55,145 | INFO | Loaded 153 lines from https://raw.githubusercontent.com/igareck/vpn-conf...
2026-08-18 20:25:55,485 | INFO | Loaded 395 lines from https://raw.githubusercontent.com/FLAT447/v2ray-li...
2026-08-18 20:25:55,485 | INFO | 
--- STEP 2: VALIDATION ---
2026-08-18 20:25:55,486 | INFO | Unique VLESS configs: 710
2026-08-18 20:25:55,509 | INFO | Archive updated: 10000 nodes (limit 10000)
2026-08-18 20:25:55,512 | INFO | 
--- STEP 3: LIVE CHECK (710 nodes, threads: 40) ---
2026-08-18 20:38:06,994 | INFO | ⏱️ Время проверки: 731.5 сек
2026-08-18 20:38:06,994 | INFO | 
--- RESULT: Found 102 live nodes ---
2026-08-18 20:38:06,994 | INFO | After dedup: 102
2026-08-18 20:38:07,005 | INFO | alive_archive.txt updated: 5000 nodes (limit 5000)
2026-08-18 20:38:07,005 | INFO | Subscription updated: /home/runner/work/sbornik/sbornik/subs/vless_001.txt
2026-08-18 20:38:07,005 | INFO | 
--- STATS BY PROTOCOL ---
2026-08-18 20:38:07,005 | INFO | reality: 82
2026-08-18 20:38:07,005 | INFO | tls: 6
2026-08-18 20:38:07,005 | INFO | ws: 14
2026-08-18 20:38:07,005 | INFO | 
--- TOP SNI STATS ---
2026-08-18 20:38:07,005 | INFO | api-maps.yandex.ru: 257 успешных мутаций
2026-08-18 20:38:07,005 | INFO | yandex.ru: 96 успешных мутаций
2026-08-18 20:38:07,006 | INFO | ozon.ru: 93 успешных мутаций
2026-08-18 20:38:07,006 | INFO | vk.com: 90 успешных мутаций
2026-08-18 20:38:07,006 | INFO | mail.ru: 90 успешных мутаций
2026-08-18 20:38:07,006 | INFO | wildberries.ru: 84 успешных мутаций
2026-08-18 20:38:07,006 | INFO | ok.ru: 72 успешных мутаций
2026-08-18 20:38:07,006 | INFO | storage.yandex.net: 14 успешных мутаций
2026-08-18 20:38:07,006 | INFO | dzen.ru: 7 успешных мутаций
2026-08-18 20:38:07,006 | INFO | rutube.ru: 6 успешных мутаций
2026-08-18 20:38:07,006 | INFO | 💾 Статистика SNI сохранена
