2026-08-30 13:38:29,378 | INFO | 📊 Загружена статистика SNI: 26 доменов
2026-08-30 13:38:29,378 | INFO | === SING-BOX STATUS ===
2026-08-30 13:38:29,385 | INFO | sing-box version 1.13.21

Environment: go1.25.12 linux/amd64
Tags: with_gvisor,with_quic,with_dhcp,with_wireguard,with_utls,with_acme,with_clash_api,with_tailscale,with_ccm,with_ocm,with_naive_outbound,badlinkname,tfogo_checklinkname0,with_musl
Revision: 628cb31ffa79cffffd34c2f9cde6cae044e4fc12
CGO: enabled
2026-08-30 13:38:29,385 | INFO | 
--- STEP 1: FETCHING SOURCES ---
2026-08-30 13:38:29,574 | INFO | Loaded 50 lines from https://raw.githubusercontent.com/igareck/vpn-conf...
2026-08-30 13:38:29,685 | INFO | Loaded 0 lines from https://raw.githubusercontent.com/igareck/vpn-conf...
2026-08-30 13:38:29,804 | INFO | Loaded 23 lines from https://raw.githubusercontent.com/igareck/vpn-conf...
2026-08-30 13:38:29,849 | INFO | Loaded 16 lines from https://raw.githubusercontent.com/igareck/vpn-conf...
2026-08-30 13:38:30,058 | INFO | Loaded 51 lines from https://raw.githubusercontent.com/igareck/vpn-conf...
2026-08-30 13:38:30,102 | INFO | Loaded 155 lines from https://raw.githubusercontent.com/igareck/vpn-conf...
2026-08-30 13:38:30,250 | INFO | Loaded 153 lines from https://raw.githubusercontent.com/igareck/vpn-conf...
2026-08-30 13:38:30,622 | INFO | Loaded 2657 lines from https://raw.githubusercontent.com/FLAT447/v2ray-li...
2026-08-30 13:38:30,623 | INFO | 
--- STEP 2: VALIDATION ---
2026-08-30 13:38:30,627 | INFO | Unique VLESS configs: 2647
2026-08-30 13:38:30,653 | INFO | Archive updated: 10000 nodes (limit 10000)
2026-08-30 13:38:30,678 | INFO | 
--- STEP 3: LIVE CHECK (2647 nodes, threads: 40) ---
2026-08-30 13:39:53,929 | INFO | [🎉 SNI WORKED] Нода ожила с SNI: api-maps.yandex.ru (порт 11018)
2026-08-30 13:40:08,758 | INFO | [🎉 SNI WORKED] Нода ожила с SNI: api-maps.yandex.ru (порт 11015)
2026-08-30 13:40:39,334 | INFO | [🎉 SNI WORKED] Нода ожила с SNI: api-maps.yandex.ru (порт 11029)
2026-08-30 14:05:10,821 | INFO | ⏱️ Время проверки: 1600.1 сек
2026-08-30 14:05:10,822 | INFO | 
--- RESULT: Found 100 live nodes ---
2026-08-30 14:05:10,822 | INFO | After dedup: 100
2026-08-30 14:05:10,830 | INFO | alive_archive.txt updated: 5000 nodes (limit 5000)
2026-08-30 14:05:10,831 | INFO | Subscription updated: /home/runner/work/sbornik/sbornik/subs/vless_001.txt
2026-08-30 14:05:10,831 | INFO | 
--- STATS BY PROTOCOL ---
2026-08-30 14:05:10,831 | INFO | reality: 63
2026-08-30 14:05:10,831 | INFO | tls: 2
2026-08-30 14:05:10,831 | INFO | ws: 32
2026-08-30 14:05:10,831 | INFO | other: 3
2026-08-30 14:05:10,831 | INFO | 
--- TOP SNI STATS ---
2026-08-30 14:05:10,831 | INFO | api-maps.yandex.ru: 262 успешных мутаций
2026-08-30 14:05:10,831 | INFO | ozon.ru: 107 успешных мутаций
2026-08-30 14:05:10,831 | INFO | yandex.ru: 98 успешных мутаций
2026-08-30 14:05:10,831 | INFO | vk.com: 91 успешных мутаций
2026-08-30 14:05:10,831 | INFO | mail.ru: 90 успешных мутаций
2026-08-30 14:05:10,831 | INFO | wildberries.ru: 86 успешных мутаций
2026-08-30 14:05:10,831 | INFO | ok.ru: 72 успешных мутаций
2026-08-30 14:05:10,831 | INFO | storage.yandex.net: 16 успешных мутаций
2026-08-30 14:05:10,831 | INFO | rutube.ru: 8 успешных мутаций
2026-08-30 14:05:10,831 | INFO | dzen.ru: 8 успешных мутаций
2026-08-30 14:05:10,831 | INFO | 💾 Статистика SNI сохранена
