2026-10-04 16:33:28,597 | INFO | 📊 Загружена статистика сервисов: 3 сайтов
2026-10-04 16:33:28,597 | INFO | === SING-BOX STATUS ===
2026-10-04 16:33:28,621 | INFO | sing-box version 1.14.2

Environment: go1.26.8 linux/amd64
Tags: with_gvisor,with_quic,with_dhcp,with_wireguard,with_utls,with_acme,with_clash_api,with_tailscale,with_ccm,with_ocm,with_cloudflared,with_naive_outbound,with_usbip,with_openvpn,with_openconnect,badlinkname,tfogo_checklinkname0,with_musl
Revision: af6e64c3b69e6132ebaee0e1a3d24e93903f6709
CGO: enabled
2026-10-04 16:33:28,621 | INFO | 
--- STEP 1: FETCHING SOURCES ---
2026-10-04 16:33:28,748 | INFO | Loaded 80 lines from https://raw.githubusercontent.com/igareck/vpn-configs-for-russia/refs/heads/main...
2026-10-04 16:33:28,846 | INFO | Loaded 18 lines from https://raw.githubusercontent.com/igareck/vpn-configs-for-russia/refs/heads/main...
2026-10-04 16:33:28,899 | INFO | Loaded 5 lines from https://raw.githubusercontent.com/igareck/vpn-configs-for-russia/refs/heads/main...
2026-10-04 16:33:28,976 | INFO | Loaded 82 lines from https://raw.githubusercontent.com/igareck/vpn-configs-for-russia/refs/heads/main...
2026-10-04 16:33:29,116 | INFO | Loaded 143 lines from https://raw.githubusercontent.com/igareck/vpn-configs-for-russia/main/BLACK_VLES...
2026-10-04 16:33:29,231 | INFO | Loaded 133 lines from https://raw.githubusercontent.com/igareck/vpn-configs-for-russia/main/BLACK_VLES...
2026-10-04 16:33:29,349 | INFO | Loaded 18 lines from https://raw.githubusercontent.com/FLAT447/v2ray-lists/main/WHITE_LITE.txt...
2026-10-04 16:33:29,349 | INFO | 
--- STEP 2: VALIDATION ---
2026-10-04 16:33:29,349 | INFO | Unique VLESS configs: 223
2026-10-04 16:33:29,350 | INFO | archive.txt loaded: 179 nodes
2026-10-04 16:33:29,350 | INFO | 
--- ARCHIVE TCP CLEANUP (179 nodes, threads: 40) ---
2026-10-04 16:33:32,037 | INFO | ARCHIVE TCP CLEANUP done: alive=179, removed=0, time=2.7с
2026-10-04 16:33:32,038 | INFO | 
--- STEP 3: LIVE CHECK (223 nodes, threads: 40, min_sites_ok=2) ---
2026-10-04 16:34:12,024 | INFO | ⏱️ Время проверки: 40.0 сек
2026-10-04 16:34:12,024 | INFO | 
--- RESULT: Found 48 live nodes ---
2026-10-04 16:34:12,024 | INFO | 
--- FILL FROM ARCHIVE (need 52 more, threads: 40) ---
2026-10-04 16:34:16,871 | INFO | [ARCHIVE LIVE 3/3] Нода из архива рабочая, добавляю
2026-10-04 16:34:16,877 | INFO | [ARCHIVE LIVE 3/3] Нода из архива рабочая, добавляю
2026-10-04 16:34:16,888 | INFO | [ARCHIVE LIVE 3/3] Нода из архива рабочая, добавляю
2026-10-04 16:34:16,891 | INFO | [ARCHIVE LIVE 3/3] Нода из архива рабочая, добавляю
2026-10-04 16:34:16,897 | INFO | [ARCHIVE LIVE 3/3] Нода из архива рабочая, добавляю
2026-10-04 16:34:16,904 | INFO | [ARCHIVE LIVE 3/3] Нода из архива рабочая, добавляю
2026-10-04 16:34:16,958 | INFO | [ARCHIVE LIVE 3/3] Нода из архива рабочая, добавляю
2026-10-04 16:34:16,962 | INFO | [ARCHIVE LIVE 3/3] Нода из архива рабочая, добавляю
2026-10-04 16:34:16,998 | INFO | [ARCHIVE LIVE 3/3] Нода из архива рабочая, добавляю
2026-10-04 16:34:17,028 | INFO | [ARCHIVE LIVE 3/3] Нода из архива рабочая, добавляю
2026-10-04 16:34:17,047 | INFO | [ARCHIVE LIVE 3/3] Нода из архива рабочая, добавляю
2026-10-04 16:34:17,066 | INFO | [ARCHIVE LIVE 3/3] Нода из архива рабочая, добавляю
2026-10-04 16:34:17,086 | INFO | [ARCHIVE LIVE 3/3] Нода из архива рабочая, добавляю
2026-10-04 16:34:17,091 | INFO | [ARCHIVE LIVE 3/3] Нода из архива рабочая, добавляю
2026-10-04 16:34:17,167 | INFO | [ARCHIVE LIVE 3/3] Нода из архива рабочая, добавляю
2026-10-04 16:34:17,567 | INFO | [ARCHIVE LIVE 3/3] Нода из архива рабочая, добавляю
2026-10-04 16:34:17,700 | INFO | [ARCHIVE LIVE 2/3] Нода из архива рабочая, добавляю
2026-10-04 16:34:18,308 | INFO | [ARCHIVE LIVE 3/3] Нода из архива рабочая, добавляю
2026-10-04 16:34:18,362 | INFO | [ARCHIVE LIVE 3/3] Нода из архива рабочая, добавляю
2026-10-04 16:34:18,367 | INFO | [ARCHIVE LIVE 3/3] Нода из архива рабочая, добавляю
2026-10-04 16:34:18,386 | INFO | [ARCHIVE LIVE 3/3] Нода из архива рабочая, добавляю
2026-10-04 16:34:18,392 | INFO | [ARCHIVE LIVE 3/3] Нода из архива рабочая, добавляю
2026-10-04 16:34:18,435 | INFO | [ARCHIVE LIVE 3/3] Нода из архива рабочая, добавляю
2026-10-04 16:34:18,444 | INFO | [ARCHIVE LIVE 3/3] Нода из архива рабочая, добавляю
2026-10-04 16:34:18,459 | INFO | [ARCHIVE LIVE 3/3] Нода из архива рабочая, добавляю
2026-10-04 16:34:18,483 | INFO | [ARCHIVE LIVE 3/3] Нода из архива рабочая, добавляю
2026-10-04 16:34:18,484 | INFO | [ARCHIVE LIVE 3/3] Нода из архива рабочая, добавляю
2026-10-04 16:34:18,575 | INFO | [ARCHIVE LIVE 3/3] Нода из архива рабочая, добавляю
2026-10-04 16:34:18,783 | INFO | [ARCHIVE LIVE 3/3] Нода из архива рабочая, добавляю
2026-10-04 16:34:19,018 | INFO | [ARCHIVE LIVE 3/3] Нода из архива рабочая, добавляю
2026-10-04 16:34:19,791 | INFO | [ARCHIVE DEAD 0/3] Нода из архива мертва, удаляю
2026-10-04 16:34:20,111 | INFO | [ARCHIVE LIVE 3/3] Нода из архива рабочая, добавляю
2026-10-04 16:34:20,125 | INFO | [ARCHIVE LIVE 3/3] Нода из архива рабочая, добавляю
2026-10-04 16:34:20,290 | INFO | [ARCHIVE LIVE 3/3] Нода из архива рабочая, добавляю
2026-10-04 16:34:20,521 | INFO | [ARCHIVE LIVE 3/3] Нода из архива рабочая, добавляю
2026-10-04 16:34:21,037 | INFO | [ARCHIVE LIVE 3/3] Нода из архива рабочая, добавляю
2026-10-04 16:34:21,728 | INFO | [ARCHIVE DEAD 0/3] Нода из архива мертва, удаляю
2026-10-04 16:34:21,746 | INFO | [ARCHIVE LIVE 2/3] Нода из архива рабочая, добавляю
2026-10-04 16:34:21,796 | INFO | [ARCHIVE DEAD 0/3] Нода из архива мертва, удаляю
2026-10-04 16:34:22,564 | INFO | [ARCHIVE DEAD 0/3] Нода из архива мертва, удаляю
2026-10-04 16:34:22,590 | INFO | [ARCHIVE DEAD 0/3] Нода из архива мертва, удаляю
2026-10-04 16:34:22,884 | INFO | [ARCHIVE DEAD 0/3] Нода из архива мертва, удаляю
2026-10-04 16:34:22,912 | INFO | [ARCHIVE DEAD 0/3] Нода из архива мертва, удаляю
2026-10-04 16:34:22,954 | INFO | [ARCHIVE DEAD 0/3] Нода из архива мертва, удаляю
2026-10-04 16:34:23,018 | INFO | [ARCHIVE LIVE 3/3] Нода из архива рабочая, добавляю
2026-10-04 16:34:23,207 | INFO | [ARCHIVE LIVE 3/3] Нода из архива рабочая, добавляю
2026-10-04 16:34:23,215 | INFO | [ARCHIVE LIVE 3/3] Нода из архива рабочая, добавляю
2026-10-04 16:34:23,280 | INFO | [ARCHIVE LIVE 3/3] Нода из архива рабочая, добавляю
2026-10-04 16:34:23,361 | INFO | [ARCHIVE DEAD 1/3] Нода из архива мертва, удаляю
2026-10-04 16:34:24,014 | INFO | [ARCHIVE LIVE 3/3] Нода из архива рабочая, добавляю
2026-10-04 16:34:24,156 | INFO | [ARCHIVE LIVE 3/3] Нода из архива рабочая, добавляю
2026-10-04 16:34:24,563 | INFO | [ARCHIVE LIVE 2/3] Нода из архива рабочая, добавляю
2026-10-04 16:34:24,574 | INFO | [ARCHIVE DEAD 1/3] Нода из архива мертва, удаляю
2026-10-04 16:34:24,625 | INFO | [ARCHIVE DEAD 0/3] Нода из архива мертва, удаляю
2026-10-04 16:34:24,770 | INFO | [ARCHIVE LIVE 3/3] Нода из архива рабочая, добавляю
2026-10-04 16:34:25,191 | INFO | [ARCHIVE LIVE 3/3] Нода из архива рабочая, добавляю
2026-10-04 16:34:25,218 | INFO | [ARCHIVE LIVE 3/3] Нода из архива рабочая, добавляю
2026-10-04 16:34:25,249 | INFO | [ARCHIVE LIVE 3/3] Нода из архива рабочая, добавляю
2026-10-04 16:34:25,260 | INFO | [ARCHIVE LIVE 3/3] Нода из архива рабочая, добавляю
2026-10-04 16:34:25,294 | INFO | [ARCHIVE LIVE 3/3] Нода из архива рабочая, добавляю
2026-10-04 16:34:25,329 | INFO | [ARCHIVE LIVE 3/3] Нода из архива рабочая, добавляю
2026-10-04 16:34:25,346 | INFO | [ARCHIVE LIVE 3/3] Нода из архива рабочая, добавляю
2026-10-04 16:34:25,733 | INFO | [ARCHIVE LIVE 3/3] Нода из архива рабочая, добавляю
2026-10-04 16:34:25,756 | INFO | [ARCHIVE DEAD 0/3] Нода из архива мертва, удаляю
2026-10-04 16:34:25,757 | INFO | [ARCHIVE DEAD 0/3] Нода из архива мертва, удаляю
2026-10-04 16:34:25,764 | INFO | [ARCHIVE DEAD 0/3] Нода из архива мертва, удаляю
2026-10-04 16:34:25,769 | INFO | [ARCHIVE DEAD 0/3] Нода из архива мертва, удаляю
2026-10-04 16:34:25,773 | INFO | [ARCHIVE DEAD 0/3] Нода из архива мертва, удаляю
2026-10-04 16:34:25,777 | INFO | [ARCHIVE DEAD 0/3] Нода из архива мертва, удаляю
2026-10-04 16:34:25,788 | INFO | [ARCHIVE DEAD 0/3] Нода из архива мертва, удаляю
2026-10-04 16:34:25,789 | INFO | [ARCHIVE DEAD 0/3] Нода из архива мертва, удаляю
2026-10-04 16:34:25,799 | INFO | [ARCHIVE DEAD 0/3] Нода из архива мертва, удаляю
2026-10-04 16:34:25,801 | INFO | [ARCHIVE DEAD 0/3] Нода из архива мертва, удаляю
2026-10-04 16:34:25,809 | INFO | [ARCHIVE DEAD 0/3] Нода из архива мертва, удаляю
2026-10-04 16:34:25,825 | INFO | [ARCHIVE DEAD 0/3] Нода из архива мертва, удаляю
2026-10-04 16:34:26,127 | INFO | [ARCHIVE DEAD 0/3] Нода из архива мертва, удаляю
2026-10-04 16:34:26,241 | INFO | [ARCHIVE DEAD 1/3] Нода из архива мертва, удаляю
2026-10-04 16:34:26,323 | INFO | [ARCHIVE DEAD 0/3] Нода из архива мертва, удаляю
2026-10-04 16:34:26,701 | INFO | [ARCHIVE DEAD 1/3] Нода из архива мертва, удаляю
2026-10-04 16:34:26,747 | INFO | [ARCHIVE DEAD 0/3] Нода из архива мертва, удаляю
2026-10-04 16:34:26,789 | INFO | [ARCHIVE DEAD 1/3] Нода из архива мертва, удаляю
2026-10-04 16:34:26,805 | INFO | [ARCHIVE DEAD 1/3] Нода из архива мертва, удаляю
2026-10-04 16:34:27,932 | INFO | [ARCHIVE DEAD 1/3] Нода из архива мертва, удаляю
2026-10-04 16:34:31,249 | INFO | archive.txt updated: 161 nodes
2026-10-04 16:34:31,249 | INFO | Subscription updated: /home/runner/work/sbornik/sbornik/subs/vless_001.txt (100 nodes)
2026-10-04 16:34:31,249 | INFO | 
--- STATS BY TRANSPORT (live_total / dead_total | live_last / dead_last) ---
2026-10-04 16:34:31,249 | INFO | tcp: 365 / 415 | 85 / 120
2026-10-04 16:34:31,249 | INFO | ws: 118 / 147 | 15 / 42
2026-10-04 16:34:31,249 | INFO | grpc: 0 / 46 | 0 / 9
2026-10-04 16:34:31,249 | INFO | xhttp: 0 / 189 | 0 / 35
2026-10-04 16:34:31,249 | INFO | 
--- STATS BY SECURITY (live_total / dead_total | live_last / dead_last) ---
2026-10-04 16:34:31,249 | INFO | none: 37 / 19 | 4 / 9
2026-10-04 16:34:31,249 | INFO | tls: 214 / 296 | 45 / 63
2026-10-04 16:34:31,249 | INFO | reality: 232 / 482 | 51 / 134
2026-10-04 16:34:31,249 | INFO | 
--- TEST SITE STATS ---
2026-10-04 16:34:31,249 | INFO | https://telegram.org: 2130/34226 успешных (6.2%)
2026-10-04 16:34:31,249 | INFO | https://www.instagram.com: 2167/34178 успешных (6.3%)
2026-10-04 16:34:31,249 | INFO | https://www.youtube.com: 2186/34119 успешных (6.4%)
2026-10-04 16:34:31,249 | INFO | 💾 Статистика сервисов сохранена
2026-10-04 16:34:31,250 | INFO | 💾 Статистика источников сохранена: source_stats.json
2026-10-04 16:34:31,250 | INFO | 💾 Статистика протоколов сохранена: protocol_stats.json
2026-10-04 16:34:31,250 | INFO | 
============ ИТОГ ЗАПУСКА ============
Живых из источников:          48
Оживлено из архива:           52
Удалено из архива (мёртвых):  31
Итого в подписке:             100
Итого в архиве:               161

--- ДЕТАЛИЗАЦИЯ ОШИБОК ---
dead_tcp (TCP не открылся):    33
dead_config (битый конфиг):    0
dead_start (sing-box упал):    29
dead_sites (мало сайтов):      113
dead_parse (URI не парсится):  0
======================================
2026-10-04 16:34:31,251 | INFO | 💾 Статистика запуска сохранена: run_stats.json
