2026-08-18 04:36:52,118 | INFO | 📊 Загружена статистика SNI: 26 доменов
2026-08-18 04:36:52,118 | INFO | === SING-BOX STATUS ===
2026-08-18 04:36:52,127 | INFO | sing-box version 1.13.19

Environment: go1.25.12 linux/amd64
Tags: with_gvisor,with_quic,with_dhcp,with_wireguard,with_utls,with_acme,with_clash_api,with_tailscale,with_ccm,with_ocm,with_naive_outbound,badlinkname,tfogo_checklinkname0,with_musl
Revision: b5ebaa1fc0f2b94256180b95468e73ef53caa27d
CGO: enabled
2026-08-18 04:36:52,127 | INFO | 
--- STEP 1: FETCHING SOURCES ---
2026-08-18 04:36:52,241 | INFO | Loaded 100 lines from https://raw.githubusercontent.com/igareck/vpn-conf...
2026-08-18 04:36:52,369 | INFO | Loaded 0 lines from https://raw.githubusercontent.com/igareck/vpn-conf...
2026-08-18 04:36:52,477 | INFO | Loaded 3 lines from https://raw.githubusercontent.com/igareck/vpn-conf...
2026-08-18 04:36:52,508 | INFO | Loaded 21 lines from https://raw.githubusercontent.com/igareck/vpn-conf...
2026-08-18 04:36:52,640 | INFO | Loaded 103 lines from https://raw.githubusercontent.com/igareck/vpn-conf...
2026-08-18 04:36:52,773 | INFO | Loaded 125 lines from https://raw.githubusercontent.com/igareck/vpn-conf...
2026-08-18 04:36:52,897 | INFO | Loaded 153 lines from https://raw.githubusercontent.com/igareck/vpn-conf...
2026-08-18 04:36:53,092 | INFO | Loaded 430 lines from https://raw.githubusercontent.com/FLAT447/v2ray-li...
2026-08-18 04:36:53,092 | INFO | 
--- STEP 2: VALIDATION ---
2026-08-18 04:36:53,094 | INFO | Unique VLESS configs: 651
2026-08-18 04:36:53,122 | INFO | Archive updated: 10000 nodes (limit 10000)
2026-08-18 04:36:53,125 | INFO | 
--- STEP 3: LIVE CHECK (651 nodes, threads: 40) ---
2026-08-18 05:01:25,100 | INFO | ⏱️ Время проверки: 1472.0 сек
2026-08-18 05:01:25,100 | INFO | 
--- RESULT: Found 97 live nodes ---
2026-08-18 05:01:25,100 | INFO | After dedup: 97
2026-08-18 05:01:25,100 | INFO | Filled from archive (+3), total: 100
2026-08-18 05:01:25,111 | INFO | alive_archive.txt updated: 5000 nodes (limit 5000)
2026-08-18 05:01:25,112 | INFO | Subscription updated: /home/runner/work/sbornik/sbornik/subs/vless_001.txt
2026-08-18 05:01:25,112 | INFO | 
--- STATS BY PROTOCOL ---
2026-08-18 05:01:25,112 | INFO | reality: 33
2026-08-18 05:01:25,112 | INFO | tls: 8
2026-08-18 05:01:25,112 | INFO | ws: 48
2026-08-18 05:01:25,112 | INFO | other: 11
2026-08-18 05:01:25,112 | INFO | 
--- TOP SNI STATS ---
2026-08-18 05:01:25,112 | INFO | api-maps.yandex.ru: 257 успешных мутаций
2026-08-18 05:01:25,112 | INFO | yandex.ru: 96 успешных мутаций
2026-08-18 05:01:25,112 | INFO | ozon.ru: 93 успешных мутаций
2026-08-18 05:01:25,112 | INFO | vk.com: 90 успешных мутаций
2026-08-18 05:01:25,112 | INFO | mail.ru: 90 успешных мутаций
2026-08-18 05:01:25,112 | INFO | wildberries.ru: 84 успешных мутаций
2026-08-18 05:01:25,113 | INFO | ok.ru: 72 успешных мутаций
2026-08-18 05:01:25,113 | INFO | storage.yandex.net: 14 успешных мутаций
2026-08-18 05:01:25,113 | INFO | dzen.ru: 7 успешных мутаций
2026-08-18 05:01:25,113 | INFO | rutube.ru: 6 успешных мутаций
2026-08-18 05:01:25,113 | INFO | 💾 Статистика SNI сохранена
