2026-09-18 08:52:12,949 | INFO | 📊 Загружена статистика SNI: 26 доменов
2026-09-18 08:52:12,949 | INFO | === SING-BOX STATUS ===
2026-09-18 08:52:12,984 | INFO | sing-box version 1.14.1

Environment: go1.26.8 linux/amd64
Tags: with_gvisor,with_quic,with_dhcp,with_wireguard,with_utls,with_acme,with_clash_api,with_tailscale,with_ccm,with_ocm,with_cloudflared,with_naive_outbound,with_usbip,with_openvpn,with_openconnect,badlinkname,tfogo_checklinkname0,with_musl
Revision: 1ac1a339cb1223e9c70eae14c44411c75033c02d
CGO: enabled
2026-09-18 08:52:12,984 | INFO | 
--- STEP 1: FETCHING SOURCES ---
2026-09-18 08:52:13,028 | INFO | Loaded 11 lines from https://raw.githubusercontent.com/igareck/vpn-conf...
2026-09-18 08:52:13,073 | INFO | Loaded 0 lines from https://raw.githubusercontent.com/igareck/vpn-conf...
2026-09-18 08:52:13,113 | INFO | Loaded 3 lines from https://raw.githubusercontent.com/igareck/vpn-conf...
2026-09-18 08:52:13,154 | INFO | Loaded 3 lines from https://raw.githubusercontent.com/igareck/vpn-conf...
2026-09-18 08:52:13,197 | INFO | Loaded 17 lines from https://raw.githubusercontent.com/igareck/vpn-conf...
2026-09-18 08:52:13,239 | INFO | Loaded 92 lines from https://raw.githubusercontent.com/igareck/vpn-conf...
2026-09-18 08:52:13,280 | INFO | Loaded 153 lines from https://raw.githubusercontent.com/igareck/vpn-conf...
2026-09-18 08:52:13,389 | INFO | Loaded 23 lines from https://raw.githubusercontent.com/FLAT447/v2ray-li...
2026-09-18 08:52:13,389 | INFO | 
--- STEP 2: VALIDATION ---
2026-09-18 08:52:13,389 | INFO | Unique VLESS configs: 137
2026-09-18 08:52:13,411 | INFO | Archive updated: 10000 nodes (limit 10000)
2026-09-18 08:52:13,412 | INFO | 
--- STEP 3: LIVE CHECK (137 nodes, threads: 40) ---
2026-09-18 09:01:19,245 | INFO | ⏱️ Время проверки: 545.8 сек
2026-09-18 09:01:19,245 | INFO | 
--- RESULT: Found 31 live nodes ---
2026-09-18 09:01:19,245 | INFO | After dedup: 31
2026-09-18 09:01:19,246 | INFO | Filled from archive (+69), total: 100
2026-09-18 09:01:19,259 | INFO | alive_archive.txt updated: 5000 nodes (limit 5000)
2026-09-18 09:01:19,259 | INFO | Subscription updated: /home/runner/work/sbornik/sbornik/subs/vless_001.txt
2026-09-18 09:01:19,259 | INFO | 
--- STATS BY PROTOCOL ---
2026-09-18 09:01:19,259 | INFO | reality: 90
2026-09-18 09:01:19,259 | INFO | ws: 9
2026-09-18 09:01:19,259 | INFO | other: 1
2026-09-18 09:01:19,260 | INFO | 
--- TOP SNI STATS ---
2026-09-18 09:01:19,260 | INFO | api-maps.yandex.ru: 268 успешных мутаций
2026-09-18 09:01:19,260 | INFO | ozon.ru: 108 успешных мутаций
2026-09-18 09:01:19,260 | INFO | yandex.ru: 98 успешных мутаций
2026-09-18 09:01:19,260 | INFO | vk.com: 94 успешных мутаций
2026-09-18 09:01:19,260 | INFO | mail.ru: 90 успешных мутаций
2026-09-18 09:01:19,260 | INFO | wildberries.ru: 86 успешных мутаций
2026-09-18 09:01:19,260 | INFO | ok.ru: 72 успешных мутаций
2026-09-18 09:01:19,260 | INFO | storage.yandex.net: 16 успешных мутаций
2026-09-18 09:01:19,260 | INFO | dzen.ru: 9 успешных мутаций
2026-09-18 09:01:19,260 | INFO | rutube.ru: 8 успешных мутаций
2026-09-18 09:01:19,260 | INFO | 💾 Статистика SNI сохранена
