2026-08-19 08:39:05,724 | INFO | 📊 Загружена статистика SNI: 26 доменов
2026-08-19 08:39:05,724 | INFO | === SING-BOX STATUS ===
2026-08-19 08:39:05,732 | INFO | sing-box version 1.13.19

Environment: go1.25.12 linux/amd64
Tags: with_gvisor,with_quic,with_dhcp,with_wireguard,with_utls,with_acme,with_clash_api,with_tailscale,with_ccm,with_ocm,with_naive_outbound,badlinkname,tfogo_checklinkname0,with_musl
Revision: b5ebaa1fc0f2b94256180b95468e73ef53caa27d
CGO: enabled
2026-08-19 08:39:05,732 | INFO | 
--- STEP 1: FETCHING SOURCES ---
2026-08-19 08:39:06,040 | INFO | Loaded 40 lines from https://raw.githubusercontent.com/igareck/vpn-conf...
2026-08-19 08:39:06,177 | INFO | Loaded 0 lines from https://raw.githubusercontent.com/igareck/vpn-conf...
2026-08-19 08:39:06,312 | INFO | Loaded 5 lines from https://raw.githubusercontent.com/igareck/vpn-conf...
2026-08-19 08:39:06,468 | INFO | Loaded 44 lines from https://raw.githubusercontent.com/igareck/vpn-conf...
2026-08-19 08:39:07,153 | INFO | Loaded 42 lines from https://raw.githubusercontent.com/igareck/vpn-conf...
2026-08-19 08:39:07,313 | INFO | Loaded 202 lines from https://raw.githubusercontent.com/igareck/vpn-conf...
2026-08-19 08:39:07,427 | INFO | Loaded 153 lines from https://raw.githubusercontent.com/igareck/vpn-conf...
2026-08-19 08:39:07,722 | INFO | Loaded 463 lines from https://raw.githubusercontent.com/FLAT447/v2ray-li...
2026-08-19 08:39:07,722 | INFO | 
--- STEP 2: VALIDATION ---
2026-08-19 08:39:07,723 | INFO | Unique VLESS configs: 711
2026-08-19 08:39:07,747 | INFO | Archive updated: 10000 nodes (limit 10000)
2026-08-19 08:39:07,750 | INFO | 
--- STEP 3: LIVE CHECK (711 nodes, threads: 40) ---
2026-08-19 08:42:32,552 | INFO | [🎉 SNI WORKED] Нода ожила с SNI: kinopoisk.ru (порт 11001)
2026-08-19 08:42:32,642 | INFO | [🎉 SNI WORKED] Нода ожила с SNI: rutube.ru (порт 11012)
2026-08-19 08:45:12,536 | INFO | ⏱️ Время проверки: 364.8 сек
2026-08-19 08:45:12,536 | INFO | 
--- RESULT: Found 101 live nodes ---
2026-08-19 08:45:12,537 | INFO | After dedup: 101
2026-08-19 08:45:12,545 | INFO | alive_archive.txt updated: 5000 nodes (limit 5000)
2026-08-19 08:45:12,545 | INFO | Subscription updated: /home/runner/work/sbornik/sbornik/subs/vless_001.txt
2026-08-19 08:45:12,545 | INFO | 
--- STATS BY PROTOCOL ---
2026-08-19 08:45:12,545 | INFO | reality: 92
2026-08-19 08:45:12,545 | INFO | tls: 2
2026-08-19 08:45:12,545 | INFO | ws: 3
2026-08-19 08:45:12,545 | INFO | other: 4
2026-08-19 08:45:12,545 | INFO | 
--- TOP SNI STATS ---
2026-08-19 08:45:12,545 | INFO | api-maps.yandex.ru: 257 успешных мутаций
2026-08-19 08:45:12,545 | INFO | yandex.ru: 96 успешных мутаций
2026-08-19 08:45:12,545 | INFO | ozon.ru: 93 успешных мутаций
2026-08-19 08:45:12,545 | INFO | vk.com: 90 успешных мутаций
2026-08-19 08:45:12,545 | INFO | mail.ru: 90 успешных мутаций
2026-08-19 08:45:12,546 | INFO | wildberries.ru: 84 успешных мутаций
2026-08-19 08:45:12,546 | INFO | ok.ru: 72 успешных мутаций
2026-08-19 08:45:12,546 | INFO | storage.yandex.net: 14 успешных мутаций
2026-08-19 08:45:12,546 | INFO | rutube.ru: 7 успешных мутаций
2026-08-19 08:45:12,546 | INFO | dzen.ru: 7 успешных мутаций
2026-08-19 08:45:12,546 | INFO | 💾 Статистика SNI сохранена
