2026-09-07 22:36:06,211 | INFO | 📊 Загружена статистика SNI: 26 доменов
2026-09-07 22:36:06,211 | INFO | === SING-BOX STATUS ===
2026-09-07 22:36:06,246 | INFO | sing-box version 1.14.0

Environment: go1.26.7 linux/amd64
Tags: with_gvisor,with_quic,with_dhcp,with_wireguard,with_utls,with_acme,with_clash_api,with_tailscale,with_ccm,with_ocm,with_cloudflared,with_naive_outbound,with_usbip,with_openvpn,with_openconnect,badlinkname,tfogo_checklinkname0,with_musl
Revision: 0b8995879f29a9b98ee027bc17b75e101445b238
CGO: enabled
2026-09-07 22:36:06,246 | INFO | 
--- STEP 1: FETCHING SOURCES ---
2026-09-07 22:36:06,380 | INFO | Loaded 63 lines from https://raw.githubusercontent.com/igareck/vpn-conf...
2026-09-07 22:36:06,435 | INFO | Loaded 0 lines from https://raw.githubusercontent.com/igareck/vpn-conf...
2026-09-07 22:36:06,491 | INFO | Loaded 27 lines from https://raw.githubusercontent.com/igareck/vpn-conf...
2026-09-07 22:36:06,545 | INFO | Loaded 10 lines from https://raw.githubusercontent.com/igareck/vpn-conf...
2026-09-07 22:36:06,573 | INFO | Loaded 64 lines from https://raw.githubusercontent.com/igareck/vpn-conf...
2026-09-07 22:36:06,789 | INFO | Loaded 59 lines from https://raw.githubusercontent.com/igareck/vpn-conf...
2026-09-07 22:36:06,946 | INFO | Loaded 102 lines from https://raw.githubusercontent.com/igareck/vpn-conf...
2026-09-07 22:36:07,062 | INFO | Loaded 31 lines from https://raw.githubusercontent.com/FLAT447/v2ray-li...
2026-09-07 22:36:07,063 | INFO | 
--- STEP 2: VALIDATION ---
2026-09-07 22:36:07,063 | INFO | Unique VLESS configs: 153
2026-09-07 22:36:07,095 | INFO | Archive updated: 10000 nodes (limit 10000)
2026-09-07 22:36:07,097 | INFO | 
--- STEP 3: LIVE CHECK (153 nodes, threads: 40) ---
2026-09-07 22:44:04,725 | INFO | ⏱️ Время проверки: 477.6 сек
2026-09-07 22:44:04,725 | INFO | 
--- RESULT: Found 45 live nodes ---
2026-09-07 22:44:04,725 | INFO | After dedup: 45
2026-09-07 22:44:04,726 | INFO | Filled from archive (+55), total: 100
2026-09-07 22:44:04,739 | INFO | alive_archive.txt updated: 5000 nodes (limit 5000)
2026-09-07 22:44:04,739 | INFO | Subscription updated: /home/runner/work/sbornik/sbornik/subs/vless_001.txt
2026-09-07 22:44:04,739 | INFO | 
--- STATS BY PROTOCOL ---
2026-09-07 22:44:04,739 | INFO | reality: 49
2026-09-07 22:44:04,739 | INFO | tls: 3
2026-09-07 22:44:04,739 | INFO | ws: 48
2026-09-07 22:44:04,739 | INFO | 
--- TOP SNI STATS ---
2026-09-07 22:44:04,740 | INFO | api-maps.yandex.ru: 264 успешных мутаций
2026-09-07 22:44:04,740 | INFO | ozon.ru: 108 успешных мутаций
2026-09-07 22:44:04,740 | INFO | yandex.ru: 98 успешных мутаций
2026-09-07 22:44:04,740 | INFO | vk.com: 94 успешных мутаций
2026-09-07 22:44:04,740 | INFO | mail.ru: 90 успешных мутаций
2026-09-07 22:44:04,740 | INFO | wildberries.ru: 86 успешных мутаций
2026-09-07 22:44:04,740 | INFO | ok.ru: 72 успешных мутаций
2026-09-07 22:44:04,740 | INFO | storage.yandex.net: 16 успешных мутаций
2026-09-07 22:44:04,740 | INFO | dzen.ru: 9 успешных мутаций
2026-09-07 22:44:04,740 | INFO | rutube.ru: 8 успешных мутаций
2026-09-07 22:44:04,740 | INFO | 💾 Статистика SNI сохранена
