2026-09-01 19:15:16,747 | INFO | 📊 Загружена статистика SNI: 26 доменов
2026-09-01 19:15:16,747 | INFO | === SING-BOX STATUS ===
2026-09-01 19:15:16,783 | INFO | sing-box version 1.14.0

Environment: go1.26.7 linux/amd64
Tags: with_gvisor,with_quic,with_dhcp,with_wireguard,with_utls,with_acme,with_clash_api,with_tailscale,with_ccm,with_ocm,with_cloudflared,with_naive_outbound,with_usbip,with_openvpn,with_openconnect,badlinkname,tfogo_checklinkname0,with_musl
Revision: 0b8995879f29a9b98ee027bc17b75e101445b238
CGO: enabled
2026-09-01 19:15:16,783 | INFO | 
--- STEP 1: FETCHING SOURCES ---
2026-09-01 19:15:16,824 | INFO | Loaded 30 lines from https://raw.githubusercontent.com/igareck/vpn-conf...
2026-09-01 19:15:16,857 | INFO | Loaded 0 lines from https://raw.githubusercontent.com/igareck/vpn-conf...
2026-09-01 19:15:16,890 | INFO | Loaded 8 lines from https://raw.githubusercontent.com/igareck/vpn-conf...
2026-09-01 19:15:16,921 | INFO | Loaded 32 lines from https://raw.githubusercontent.com/igareck/vpn-conf...
2026-09-01 19:15:16,951 | INFO | Loaded 30 lines from https://raw.githubusercontent.com/igareck/vpn-conf...
2026-09-01 19:15:17,006 | INFO | Loaded 99 lines from https://raw.githubusercontent.com/igareck/vpn-conf...
2026-09-01 19:15:17,091 | INFO | Loaded 148 lines from https://raw.githubusercontent.com/igareck/vpn-conf...
2026-09-01 19:15:17,464 | INFO | Loaded 1385 lines from https://raw.githubusercontent.com/FLAT447/v2ray-li...
2026-09-01 19:15:17,464 | INFO | 
--- STEP 2: VALIDATION ---
2026-09-01 19:15:17,468 | INFO | Unique VLESS configs: 1443
2026-09-01 19:15:17,501 | INFO | Archive updated: 10000 nodes (limit 10000)
2026-09-01 19:15:17,512 | INFO | 
--- STEP 3: LIVE CHECK (1443 nodes, threads: 40) ---
2026-09-01 19:15:59,271 | INFO | [🎉 SNI WORKED] Нода ожила с SNI: vk.com (порт 11020)
2026-09-01 19:39:37,779 | INFO | ⏱️ Время проверки: 1460.3 сек
2026-09-01 19:39:37,779 | INFO | 
--- RESULT: Found 100 live nodes ---
2026-09-01 19:39:37,779 | INFO | After dedup: 100
2026-09-01 19:39:37,790 | INFO | alive_archive.txt updated: 5000 nodes (limit 5000)
2026-09-01 19:39:37,790 | INFO | Subscription updated: /home/runner/work/sbornik/sbornik/subs/vless_001.txt
2026-09-01 19:39:37,790 | INFO | 
--- STATS BY PROTOCOL ---
2026-09-01 19:39:37,790 | INFO | reality: 39
2026-09-01 19:39:37,790 | INFO | ws: 53
2026-09-01 19:39:37,790 | INFO | other: 8
2026-09-01 19:39:37,790 | INFO | 
--- TOP SNI STATS ---
2026-09-01 19:39:37,790 | INFO | api-maps.yandex.ru: 262 успешных мутаций
2026-09-01 19:39:37,790 | INFO | ozon.ru: 108 успешных мутаций
2026-09-01 19:39:37,790 | INFO | yandex.ru: 98 успешных мутаций
2026-09-01 19:39:37,790 | INFO | vk.com: 92 успешных мутаций
2026-09-01 19:39:37,791 | INFO | mail.ru: 90 успешных мутаций
2026-09-01 19:39:37,791 | INFO | wildberries.ru: 86 успешных мутаций
2026-09-01 19:39:37,791 | INFO | ok.ru: 72 успешных мутаций
2026-09-01 19:39:37,791 | INFO | storage.yandex.net: 16 успешных мутаций
2026-09-01 19:39:37,791 | INFO | rutube.ru: 8 успешных мутаций
2026-09-01 19:39:37,791 | INFO | dzen.ru: 8 успешных мутаций
2026-09-01 19:39:37,791 | INFO | 💾 Статистика SNI сохранена
