2026-08-12 05:38:27,489 | INFO | 📊 Загружена статистика SNI: 26 доменов
2026-08-12 05:38:27,489 | INFO | === SING-BOX STATUS ===
2026-08-12 05:38:27,498 | INFO | sing-box version 1.13.18

Environment: go1.25.12 linux/amd64
Tags: with_gvisor,with_quic,with_dhcp,with_wireguard,with_utls,with_acme,with_clash_api,with_tailscale,with_ccm,with_ocm,with_naive_outbound,badlinkname,tfogo_checklinkname0,with_musl
Revision: 45ca32dcb966f07f97fc888fe8586e359dbe8405
CGO: enabled
2026-08-12 05:38:27,498 | INFO | 
--- STEP 1: FETCHING SOURCES ---
2026-08-12 05:38:27,531 | INFO | Loaded 92 lines from https://raw.githubusercontent.com/igareck/vpn-conf...
2026-08-12 05:38:27,635 | INFO | Loaded 0 lines from https://raw.githubusercontent.com/igareck/vpn-conf...
2026-08-12 05:38:27,769 | INFO | Loaded 27 lines from https://raw.githubusercontent.com/igareck/vpn-conf...
2026-08-12 05:38:27,888 | INFO | Loaded 44 lines from https://raw.githubusercontent.com/igareck/vpn-conf...
2026-08-12 05:38:28,025 | INFO | Loaded 93 lines from https://raw.githubusercontent.com/igareck/vpn-conf...
2026-08-12 05:38:28,182 | INFO | Loaded 139 lines from https://raw.githubusercontent.com/igareck/vpn-conf...
2026-08-12 05:38:28,284 | INFO | Loaded 151 lines from https://raw.githubusercontent.com/igareck/vpn-conf...
2026-08-12 05:38:28,463 | INFO | Loaded 354 lines from https://raw.githubusercontent.com/FLAT447/v2ray-li...
2026-08-12 05:38:28,463 | INFO | 
--- STEP 2: VALIDATION ---
2026-08-12 05:38:28,464 | INFO | Unique VLESS configs: 631
2026-08-12 05:38:28,492 | INFO | Archive updated: 10000 nodes (limit 10000)
2026-08-12 05:38:28,496 | INFO | 
--- STEP 3: LIVE CHECK (631 nodes, threads: 40) ---
2026-08-12 05:46:44,085 | INFO | [🎉 SNI WORKED] Нода ожила с SNI: api-maps.yandex.ru (порт 11030)
2026-08-12 05:46:44,093 | INFO | [🎉 SNI WORKED] Нода ожила с SNI: wildberries.ru (порт 11018)
2026-08-12 05:46:51,270 | INFO | [🎉 SNI WORKED] Нода ожила с SNI: ozon.ru (порт 11028)
2026-08-12 05:47:08,458 | INFO | ⏱️ Время проверки: 520.0 сек
2026-08-12 05:47:08,458 | INFO | 
--- RESULT: Found 102 live nodes ---
2026-08-12 05:47:08,458 | INFO | After dedup: 102
2026-08-12 05:47:08,471 | INFO | alive_archive.txt updated: 5000 nodes (limit 5000)
2026-08-12 05:47:08,471 | INFO | Subscription updated: /home/runner/work/sbornik/sbornik/subs/vless_001.txt
2026-08-12 05:47:08,471 | INFO | 
--- STATS BY PROTOCOL ---
2026-08-12 05:47:08,471 | INFO | reality: 53
2026-08-12 05:47:08,471 | INFO | tls: 10
2026-08-12 05:47:08,471 | INFO | grpc: 7
2026-08-12 05:47:08,471 | INFO | ws: 28
2026-08-12 05:47:08,471 | INFO | other: 4
2026-08-12 05:47:08,471 | INFO | 
--- TOP SNI STATS ---
2026-08-12 05:47:08,472 | INFO | api-maps.yandex.ru: 251 успешных мутаций
2026-08-12 05:47:08,472 | INFO | ozon.ru: 93 успешных мутаций
2026-08-12 05:47:08,472 | INFO | yandex.ru: 92 успешных мутаций
2026-08-12 05:47:08,472 | INFO | mail.ru: 89 успешных мутаций
2026-08-12 05:47:08,472 | INFO | vk.com: 86 успешных мутаций
2026-08-12 05:47:08,472 | INFO | wildberries.ru: 83 успешных мутаций
2026-08-12 05:47:08,472 | INFO | ok.ru: 70 успешных мутаций
2026-08-12 05:47:08,472 | INFO | storage.yandex.net: 10 успешных мутаций
2026-08-12 05:47:08,472 | INFO | dzen.ru: 7 успешных мутаций
2026-08-12 05:47:08,472 | INFO | rutube.ru: 5 успешных мутаций
2026-08-12 05:47:08,472 | INFO | 💾 Статистика SNI сохранена
