2026-08-24 08:49:53,023 | INFO | 📊 Загружена статистика SNI: 26 доменов
2026-08-24 08:49:53,023 | INFO | === SING-BOX STATUS ===
2026-08-24 08:49:53,033 | INFO | sing-box version 1.13.19

Environment: go1.25.12 linux/amd64
Tags: with_gvisor,with_quic,with_dhcp,with_wireguard,with_utls,with_acme,with_clash_api,with_tailscale,with_ccm,with_ocm,with_naive_outbound,badlinkname,tfogo_checklinkname0,with_musl
Revision: b5ebaa1fc0f2b94256180b95468e73ef53caa27d
CGO: enabled
2026-08-24 08:49:53,034 | INFO | 
--- STEP 1: FETCHING SOURCES ---
2026-08-24 08:49:53,114 | INFO | Loaded 106 lines from https://raw.githubusercontent.com/igareck/vpn-conf...
2026-08-24 08:49:53,243 | INFO | Loaded 0 lines from https://raw.githubusercontent.com/igareck/vpn-conf...
2026-08-24 08:49:53,318 | INFO | Loaded 30 lines from https://raw.githubusercontent.com/igareck/vpn-conf...
2026-08-24 08:49:53,446 | INFO | Loaded 10 lines from https://raw.githubusercontent.com/igareck/vpn-conf...
2026-08-24 08:49:53,591 | INFO | Loaded 112 lines from https://raw.githubusercontent.com/igareck/vpn-conf...
2026-08-24 08:49:53,892 | INFO | Loaded 132 lines from https://raw.githubusercontent.com/igareck/vpn-conf...
2026-08-24 08:49:54,130 | INFO | Loaded 153 lines from https://raw.githubusercontent.com/igareck/vpn-conf...
2026-08-24 08:49:54,433 | INFO | Loaded 435 lines from https://raw.githubusercontent.com/FLAT447/v2ray-li...
2026-08-24 08:49:54,433 | INFO | 
--- STEP 2: VALIDATION ---
2026-08-24 08:49:54,435 | INFO | Unique VLESS configs: 635
2026-08-24 08:49:54,463 | INFO | Archive updated: 10000 nodes (limit 10000)
2026-08-24 08:49:54,466 | INFO | 
--- STEP 3: LIVE CHECK (635 nodes, threads: 40) ---
2026-08-24 08:54:08,572 | INFO | ⏱️ Время проверки: 254.1 сек
2026-08-24 08:54:08,572 | INFO | 
--- RESULT: Found 105 live nodes ---
2026-08-24 08:54:08,572 | INFO | After dedup: 105
2026-08-24 08:54:08,583 | INFO | alive_archive.txt updated: 5000 nodes (limit 5000)
2026-08-24 08:54:08,583 | INFO | Subscription updated: /home/runner/work/sbornik/sbornik/subs/vless_001.txt
2026-08-24 08:54:08,583 | INFO | 
--- STATS BY PROTOCOL ---
2026-08-24 08:54:08,583 | INFO | reality: 72
2026-08-24 08:54:08,583 | INFO | tls: 2
2026-08-24 08:54:08,583 | INFO | ws: 31
2026-08-24 08:54:08,583 | INFO | 
--- TOP SNI STATS ---
2026-08-24 08:54:08,584 | INFO | api-maps.yandex.ru: 259 успешных мутаций
2026-08-24 08:54:08,584 | INFO | ozon.ru: 100 успешных мутаций
2026-08-24 08:54:08,584 | INFO | yandex.ru: 96 успешных мутаций
2026-08-24 08:54:08,584 | INFO | vk.com: 91 успешных мутаций
2026-08-24 08:54:08,584 | INFO | mail.ru: 90 успешных мутаций
2026-08-24 08:54:08,584 | INFO | wildberries.ru: 84 успешных мутаций
2026-08-24 08:54:08,584 | INFO | ok.ru: 72 успешных мутаций
2026-08-24 08:54:08,584 | INFO | storage.yandex.net: 16 успешных мутаций
2026-08-24 08:54:08,584 | INFO | dzen.ru: 8 успешных мутаций
2026-08-24 08:54:08,584 | INFO | rutube.ru: 7 успешных мутаций
2026-08-24 08:54:08,584 | INFO | 💾 Статистика SNI сохранена
