2026-08-04 10:41:11,982 | INFO | 📊 Загружена статистика SNI: 26 доменов
2026-08-04 10:41:11,982 | INFO | === SING-BOX STATUS ===
2026-08-04 10:41:11,991 | INFO | sing-box version 1.13.16

Environment: go1.25.12 linux/amd64
Tags: with_gvisor,with_quic,with_dhcp,with_wireguard,with_utls,with_acme,with_clash_api,with_tailscale,with_ccm,with_ocm,with_naive_outbound,badlinkname,tfogo_checklinkname0,with_musl
Revision: 17ec3c71af8ca946dc50bf0d927c39fc77322aec
CGO: enabled
2026-08-04 10:41:11,991 | INFO | 
--- STEP 1: FETCHING SOURCES ---
2026-08-04 10:41:12,024 | INFO | Loaded 90 lines from https://raw.githubusercontent.com/igareck/vpn-conf...
2026-08-04 10:41:12,053 | INFO | Loaded 0 lines from https://raw.githubusercontent.com/igareck/vpn-conf...
2026-08-04 10:41:12,082 | INFO | Loaded 18 lines from https://raw.githubusercontent.com/igareck/vpn-conf...
2026-08-04 10:41:12,112 | INFO | Loaded 13 lines from https://raw.githubusercontent.com/igareck/vpn-conf...
2026-08-04 10:41:12,143 | INFO | Loaded 95 lines from https://raw.githubusercontent.com/igareck/vpn-conf...
2026-08-04 10:41:12,193 | INFO | Loaded 130 lines from https://raw.githubusercontent.com/igareck/vpn-conf...
2026-08-04 10:41:12,248 | INFO | Loaded 153 lines from https://raw.githubusercontent.com/igareck/vpn-conf...
2026-08-04 10:41:12,322 | INFO | Loaded 377 lines from https://raw.githubusercontent.com/FLAT447/v2ray-li...
2026-08-04 10:41:12,322 | INFO | 
--- STEP 2: VALIDATION ---
2026-08-04 10:41:12,324 | INFO | Unique VLESS configs: 699
2026-08-04 10:41:12,356 | INFO | Archive updated: 10000 nodes (limit 10000)
2026-08-04 10:41:12,359 | INFO | 
--- STEP 3: LIVE CHECK (699 nodes, threads: 40) ---
2026-08-04 10:43:42,994 | INFO | ⏱️ Время проверки: 150.6 сек
2026-08-04 10:43:42,994 | INFO | 
--- RESULT: Found 104 live nodes ---
2026-08-04 10:43:42,994 | INFO | After dedup: 104
2026-08-04 10:43:43,006 | INFO | alive_archive.txt updated: 5000 nodes (limit 5000)
2026-08-04 10:43:43,006 | INFO | Subscription updated: /home/runner/work/sbornik/sbornik/subs/vless_001.txt
2026-08-04 10:43:43,006 | INFO | 
--- STATS BY PROTOCOL ---
2026-08-04 10:43:43,006 | INFO | reality: 65
2026-08-04 10:43:43,006 | INFO | ws: 36
2026-08-04 10:43:43,006 | INFO | other: 3
2026-08-04 10:43:43,006 | INFO | 
--- TOP SNI STATS ---
2026-08-04 10:43:43,006 | INFO | api-maps.yandex.ru: 180 успешных мутаций
2026-08-04 10:43:43,006 | INFO | ozon.ru: 37 успешных мутаций
2026-08-04 10:43:43,006 | INFO | mail.ru: 32 успешных мутаций
2026-08-04 10:43:43,006 | INFO | ok.ru: 28 успешных мутаций
2026-08-04 10:43:43,006 | INFO | yandex.ru: 28 успешных мутаций
2026-08-04 10:43:43,006 | INFO | vk.com: 26 успешных мутаций
2026-08-04 10:43:43,006 | INFO | wildberries.ru: 25 успешных мутаций
2026-08-04 10:43:43,006 | INFO | dzen.ru: 6 успешных мутаций
2026-08-04 10:43:43,006 | INFO | rutube.ru: 3 успешных мутаций
2026-08-04 10:43:43,007 | INFO | cdn.x5.ru: 1 успешных мутаций
2026-08-04 10:43:43,007 | INFO | 💾 Статистика SNI сохранена
