2026-08-17 12:46:26,507 | INFO | 📊 Загружена статистика SNI: 26 доменов
2026-08-17 12:46:26,507 | INFO | === SING-BOX STATUS ===
2026-08-17 12:46:26,515 | INFO | sing-box version 1.13.19

Environment: go1.25.12 linux/amd64
Tags: with_gvisor,with_quic,with_dhcp,with_wireguard,with_utls,with_acme,with_clash_api,with_tailscale,with_ccm,with_ocm,with_naive_outbound,badlinkname,tfogo_checklinkname0,with_musl
Revision: b5ebaa1fc0f2b94256180b95468e73ef53caa27d
CGO: enabled
2026-08-17 12:46:26,516 | INFO | 
--- STEP 1: FETCHING SOURCES ---
2026-08-17 12:46:26,547 | INFO | Loaded 135 lines from https://raw.githubusercontent.com/igareck/vpn-conf...
2026-08-17 12:46:26,666 | INFO | Loaded 0 lines from https://raw.githubusercontent.com/igareck/vpn-conf...
2026-08-17 12:46:26,700 | INFO | Loaded 3 lines from https://raw.githubusercontent.com/igareck/vpn-conf...
2026-08-17 12:46:26,804 | INFO | Loaded 10 lines from https://raw.githubusercontent.com/igareck/vpn-conf...
2026-08-17 12:46:26,833 | INFO | Loaded 129 lines from https://raw.githubusercontent.com/igareck/vpn-conf...
2026-08-17 12:46:26,961 | INFO | Loaded 249 lines from https://raw.githubusercontent.com/igareck/vpn-conf...
2026-08-17 12:46:27,094 | INFO | Loaded 153 lines from https://raw.githubusercontent.com/igareck/vpn-conf...
2026-08-17 12:46:27,268 | INFO | Loaded 418 lines from https://raw.githubusercontent.com/FLAT447/v2ray-li...
2026-08-17 12:46:27,268 | INFO | 
--- STEP 2: VALIDATION ---
2026-08-17 12:46:27,270 | INFO | Unique VLESS configs: 888
2026-08-17 12:46:27,296 | INFO | Archive updated: 10000 nodes (limit 10000)
2026-08-17 12:46:27,300 | INFO | 
--- STEP 3: LIVE CHECK (888 nodes, threads: 40) ---
2026-08-17 12:54:55,805 | INFO | ⏱️ Время проверки: 508.5 сек
2026-08-17 12:54:55,806 | INFO | 
--- RESULT: Found 100 live nodes ---
2026-08-17 12:54:55,806 | INFO | After dedup: 100
2026-08-17 12:54:55,818 | INFO | alive_archive.txt updated: 5000 nodes (limit 5000)
2026-08-17 12:54:55,818 | INFO | Subscription updated: /home/runner/work/sbornik/sbornik/subs/vless_001.txt
2026-08-17 12:54:55,818 | INFO | 
--- STATS BY PROTOCOL ---
2026-08-17 12:54:55,818 | INFO | reality: 8
2026-08-17 12:54:55,818 | INFO | tls: 40
2026-08-17 12:54:55,818 | INFO | ws: 48
2026-08-17 12:54:55,818 | INFO | other: 4
2026-08-17 12:54:55,818 | INFO | 
--- TOP SNI STATS ---
2026-08-17 12:54:55,819 | INFO | api-maps.yandex.ru: 257 успешных мутаций
2026-08-17 12:54:55,819 | INFO | yandex.ru: 96 успешных мутаций
2026-08-17 12:54:55,819 | INFO | ozon.ru: 93 успешных мутаций
2026-08-17 12:54:55,819 | INFO | vk.com: 90 успешных мутаций
2026-08-17 12:54:55,819 | INFO | mail.ru: 90 успешных мутаций
2026-08-17 12:54:55,819 | INFO | wildberries.ru: 84 успешных мутаций
2026-08-17 12:54:55,819 | INFO | ok.ru: 72 успешных мутаций
2026-08-17 12:54:55,819 | INFO | storage.yandex.net: 14 успешных мутаций
2026-08-17 12:54:55,819 | INFO | dzen.ru: 7 успешных мутаций
2026-08-17 12:54:55,819 | INFO | rutube.ru: 6 успешных мутаций
2026-08-17 12:54:55,819 | INFO | 💾 Статистика SNI сохранена
