2026-07-28 21:09:50,219 | INFO | 📊 Загружена статистика SNI: 26 доменов
2026-07-28 21:09:50,219 | INFO | === SING-BOX STATUS ===
2026-07-28 21:09:50,230 | INFO | sing-box version 1.13.14

Environment: go1.25.11 linux/amd64
Tags: with_gvisor,with_quic,with_dhcp,with_wireguard,with_utls,with_acme,with_clash_api,with_tailscale,with_ccm,with_ocm,with_naive_outbound,badlinkname,tfogo_checklinkname0,with_musl
Revision: 25a600db24f7680ad9806ce5427bd0ab8afe1114
CGO: enabled
2026-07-28 21:09:50,230 | INFO | 
--- STEP 1: FETCHING SOURCES ---
2026-07-28 21:09:50,658 | INFO | Loaded 120 lines from https://raw.githubusercontent.com/igareck/vpn-conf...
2026-07-28 21:09:51,066 | INFO | Loaded 0 lines from https://raw.githubusercontent.com/igareck/vpn-conf...
2026-07-28 21:09:51,139 | INFO | Loaded 53 lines from https://raw.githubusercontent.com/igareck/vpn-conf...
2026-07-28 21:09:51,545 | INFO | Loaded 11 lines from https://raw.githubusercontent.com/igareck/vpn-conf...
2026-07-28 21:09:51,704 | INFO | Loaded 125 lines from https://raw.githubusercontent.com/igareck/vpn-conf...
2026-07-28 21:09:51,894 | INFO | Loaded 221 lines from https://raw.githubusercontent.com/igareck/vpn-conf...
2026-07-28 21:09:52,119 | INFO | Loaded 153 lines from https://raw.githubusercontent.com/igareck/vpn-conf...
2026-07-28 21:09:52,318 | INFO | Loaded 448 lines from https://raw.githubusercontent.com/FLAT447/v2ray-li...
2026-07-28 21:09:52,319 | INFO | 
--- STEP 2: VALIDATION ---
2026-07-28 21:09:52,320 | INFO | Unique VLESS configs: 684
2026-07-28 21:09:52,349 | INFO | Archive updated: 10000 nodes (limit 10000)
2026-07-28 21:09:52,353 | INFO | 
--- STEP 3: LIVE CHECK (684 nodes, threads: 40) ---
2026-07-28 21:10:27,814 | INFO | [🎉 SNI WORKED] Нода ожила с SNI: api-maps.yandex.ru (порт 11007)
2026-07-28 21:12:26,977 | INFO | ⏱️ Время проверки: 154.6 сек
2026-07-28 21:12:26,978 | INFO | 
--- RESULT: Found 100 live nodes ---
2026-07-28 21:12:26,978 | INFO | After dedup: 100
2026-07-28 21:12:26,991 | INFO | alive_archive.txt updated: 5000 nodes (limit 5000)
2026-07-28 21:12:26,991 | INFO | Subscription updated: /home/runner/work/sbornik/sbornik/subs/vless_001.txt
2026-07-28 21:12:26,992 | INFO | 
--- STATS BY PROTOCOL ---
2026-07-28 21:12:26,992 | INFO | reality: 59
2026-07-28 21:12:26,992 | INFO | grpc: 1
2026-07-28 21:12:26,992 | INFO | ws: 37
2026-07-28 21:12:26,992 | INFO | other: 3
2026-07-28 21:12:26,992 | INFO | 
--- TOP SNI STATS ---
2026-07-28 21:12:26,992 | INFO | api-maps.yandex.ru: 55 успешных мутаций
2026-07-28 21:12:26,992 | INFO | ozon.ru: 37 успешных мутаций
2026-07-28 21:12:26,992 | INFO | mail.ru: 32 успешных мутаций
2026-07-28 21:12:26,992 | INFO | ok.ru: 28 успешных мутаций
2026-07-28 21:12:26,992 | INFO | yandex.ru: 28 успешных мутаций
2026-07-28 21:12:26,992 | INFO | vk.com: 26 успешных мутаций
2026-07-28 21:12:26,992 | INFO | wildberries.ru: 25 успешных мутаций
2026-07-28 21:12:26,992 | INFO | dzen.ru: 2 успешных мутаций
2026-07-28 21:12:26,993 | INFO | rutube.ru: 1 успешных мутаций
2026-07-28 21:12:26,993 | INFO | cdn.x5.ru: 1 успешных мутаций
2026-07-28 21:12:26,993 | INFO | 💾 Статистика SNI сохранена
