2026-09-23 16:19:28,460 | INFO | 📊 Загружена статистика SNI: 26 доменов
2026-09-23 16:19:28,461 | INFO | === SING-BOX STATUS ===
2026-09-23 16:19:28,501 | INFO | sing-box version 1.14.1

Environment: go1.26.8 linux/amd64
Tags: with_gvisor,with_quic,with_dhcp,with_wireguard,with_utls,with_acme,with_clash_api,with_tailscale,with_ccm,with_ocm,with_cloudflared,with_naive_outbound,with_usbip,with_openvpn,with_openconnect,badlinkname,tfogo_checklinkname0,with_musl
Revision: 1ac1a339cb1223e9c70eae14c44411c75033c02d
CGO: enabled
2026-09-23 16:19:28,501 | INFO | 
--- STEP 1: FETCHING SOURCES ---
2026-09-23 16:19:28,602 | INFO | Loaded 9 lines from https://raw.githubusercontent.com/igareck/vpn-conf...
2026-09-23 16:19:28,688 | INFO | Loaded 0 lines from https://raw.githubusercontent.com/igareck/vpn-conf...
2026-09-23 16:19:28,834 | INFO | Loaded 3 lines from https://raw.githubusercontent.com/igareck/vpn-conf...
2026-09-23 16:19:28,902 | INFO | Loaded 3 lines from https://raw.githubusercontent.com/igareck/vpn-conf...
2026-09-23 16:19:29,001 | INFO | Loaded 15 lines from https://raw.githubusercontent.com/igareck/vpn-conf...
2026-09-23 16:19:29,040 | INFO | Loaded 84 lines from https://raw.githubusercontent.com/igareck/vpn-conf...
2026-09-23 16:19:29,071 | INFO | Loaded 121 lines from https://raw.githubusercontent.com/igareck/vpn-conf...
2026-09-23 16:19:29,201 | INFO | Loaded 105 lines from https://raw.githubusercontent.com/FLAT447/v2ray-li...
2026-09-23 16:19:29,202 | INFO | 
--- STEP 2: VALIDATION ---
2026-09-23 16:19:29,202 | INFO | Unique VLESS configs: 200
2026-09-23 16:19:29,220 | INFO | Archive updated: 10000 nodes (limit 10000)
2026-09-23 16:19:29,222 | INFO | 
--- STEP 3: LIVE CHECK (200 nodes, threads: 40) ---
2026-09-23 16:27:50,689 | INFO | ⏱️ Время проверки: 501.5 сек
2026-09-23 16:27:50,690 | INFO | 
--- RESULT: Found 50 live nodes ---
2026-09-23 16:27:50,690 | INFO | After dedup: 50
2026-09-23 16:27:50,690 | INFO | Filled from archive (+50), total: 100
2026-09-23 16:27:50,702 | INFO | alive_archive.txt updated: 5000 nodes (limit 5000)
2026-09-23 16:27:50,702 | INFO | Subscription updated: /home/runner/work/sbornik/sbornik/subs/vless_001.txt
2026-09-23 16:27:50,702 | INFO | 
--- STATS BY PROTOCOL ---
2026-09-23 16:27:50,702 | INFO | reality: 65
2026-09-23 16:27:50,702 | INFO | tls: 2
2026-09-23 16:27:50,702 | INFO | ws: 33
2026-09-23 16:27:50,703 | INFO | 
--- TOP SNI STATS ---
2026-09-23 16:27:50,703 | INFO | api-maps.yandex.ru: 268 успешных мутаций
2026-09-23 16:27:50,703 | INFO | ozon.ru: 108 успешных мутаций
2026-09-23 16:27:50,703 | INFO | yandex.ru: 98 успешных мутаций
2026-09-23 16:27:50,703 | INFO | vk.com: 94 успешных мутаций
2026-09-23 16:27:50,703 | INFO | mail.ru: 90 успешных мутаций
2026-09-23 16:27:50,703 | INFO | wildberries.ru: 86 успешных мутаций
2026-09-23 16:27:50,703 | INFO | ok.ru: 73 успешных мутаций
2026-09-23 16:27:50,703 | INFO | storage.yandex.net: 16 успешных мутаций
2026-09-23 16:27:50,703 | INFO | dzen.ru: 9 успешных мутаций
2026-09-23 16:27:50,703 | INFO | rutube.ru: 8 успешных мутаций
2026-09-23 16:27:50,703 | INFO | 💾 Статистика SNI сохранена
