2026-08-13 05:41:19,921 | INFO | 📊 Загружена статистика SNI: 26 доменов
2026-08-13 05:41:19,922 | INFO | === SING-BOX STATUS ===
2026-08-13 05:41:19,931 | INFO | sing-box version 1.13.18

Environment: go1.25.12 linux/amd64
Tags: with_gvisor,with_quic,with_dhcp,with_wireguard,with_utls,with_acme,with_clash_api,with_tailscale,with_ccm,with_ocm,with_naive_outbound,badlinkname,tfogo_checklinkname0,with_musl
Revision: 45ca32dcb966f07f97fc888fe8586e359dbe8405
CGO: enabled
2026-08-13 05:41:19,931 | INFO | 
--- STEP 1: FETCHING SOURCES ---
2026-08-13 05:41:20,069 | INFO | Loaded 133 lines from https://raw.githubusercontent.com/igareck/vpn-conf...
2026-08-13 05:41:20,128 | INFO | Loaded 0 lines from https://raw.githubusercontent.com/igareck/vpn-conf...
2026-08-13 05:41:20,194 | INFO | Loaded 32 lines from https://raw.githubusercontent.com/igareck/vpn-conf...
2026-08-13 05:41:20,244 | INFO | Loaded 15 lines from https://raw.githubusercontent.com/igareck/vpn-conf...
2026-08-13 05:41:20,297 | INFO | Loaded 133 lines from https://raw.githubusercontent.com/igareck/vpn-conf...
2026-08-13 05:41:20,402 | INFO | Loaded 142 lines from https://raw.githubusercontent.com/igareck/vpn-conf...
2026-08-13 05:41:20,461 | INFO | Loaded 149 lines from https://raw.githubusercontent.com/igareck/vpn-conf...
2026-08-13 05:41:20,681 | INFO | Loaded 369 lines from https://raw.githubusercontent.com/FLAT447/v2ray-li...
2026-08-13 05:41:20,681 | INFO | 
--- STEP 2: VALIDATION ---
2026-08-13 05:41:20,683 | INFO | Unique VLESS configs: 682
2026-08-13 05:41:20,713 | INFO | Archive updated: 10000 nodes (limit 10000)
2026-08-13 05:41:20,717 | INFO | 
--- STEP 3: LIVE CHECK (682 nodes, threads: 40) ---
2026-08-13 05:47:06,120 | INFO | ⏱️ Время проверки: 345.4 сек
2026-08-13 05:47:06,121 | INFO | 
--- RESULT: Found 101 live nodes ---
2026-08-13 05:47:06,121 | INFO | After dedup: 101
2026-08-13 05:47:06,131 | INFO | alive_archive.txt updated: 5000 nodes (limit 5000)
2026-08-13 05:47:06,132 | INFO | Subscription updated: /home/runner/work/sbornik/sbornik/subs/vless_001.txt
2026-08-13 05:47:06,132 | INFO | 
--- STATS BY PROTOCOL ---
2026-08-13 05:47:06,132 | INFO | reality: 58
2026-08-13 05:47:06,132 | INFO | tls: 3
2026-08-13 05:47:06,132 | INFO | ws: 37
2026-08-13 05:47:06,132 | INFO | other: 3
2026-08-13 05:47:06,132 | INFO | 
--- TOP SNI STATS ---
2026-08-13 05:47:06,132 | INFO | api-maps.yandex.ru: 253 успешных мутаций
2026-08-13 05:47:06,132 | INFO | yandex.ru: 95 успешных мутаций
2026-08-13 05:47:06,132 | INFO | ozon.ru: 93 успешных мутаций
2026-08-13 05:47:06,132 | INFO | mail.ru: 90 успешных мутаций
2026-08-13 05:47:06,132 | INFO | vk.com: 89 успешных мутаций
2026-08-13 05:47:06,132 | INFO | wildberries.ru: 84 успешных мутаций
2026-08-13 05:47:06,132 | INFO | ok.ru: 71 успешных мутаций
2026-08-13 05:47:06,132 | INFO | storage.yandex.net: 12 успешных мутаций
2026-08-13 05:47:06,132 | INFO | dzen.ru: 7 успешных мутаций
2026-08-13 05:47:06,132 | INFO | rutube.ru: 5 успешных мутаций
2026-08-13 05:47:06,133 | INFO | 💾 Статистика SNI сохранена
