2026-08-25 20:30:32,507 | INFO | 📊 Загружена статистика SNI: 26 доменов
2026-08-25 20:30:32,507 | INFO | === SING-BOX STATUS ===
2026-08-25 20:30:32,515 | INFO | sing-box version 1.13.19

Environment: go1.25.12 linux/amd64
Tags: with_gvisor,with_quic,with_dhcp,with_wireguard,with_utls,with_acme,with_clash_api,with_tailscale,with_ccm,with_ocm,with_naive_outbound,badlinkname,tfogo_checklinkname0,with_musl
Revision: b5ebaa1fc0f2b94256180b95468e73ef53caa27d
CGO: enabled
2026-08-25 20:30:32,515 | INFO | 
--- STEP 1: FETCHING SOURCES ---
2026-08-25 20:30:32,549 | INFO | Loaded 130 lines from https://raw.githubusercontent.com/igareck/vpn-conf...
2026-08-25 20:30:32,659 | INFO | Loaded 0 lines from https://raw.githubusercontent.com/igareck/vpn-conf...
2026-08-25 20:30:32,690 | INFO | Loaded 48 lines from https://raw.githubusercontent.com/igareck/vpn-conf...
2026-08-25 20:30:32,717 | INFO | Loaded 35 lines from https://raw.githubusercontent.com/igareck/vpn-conf...
2026-08-25 20:30:32,833 | INFO | Loaded 130 lines from https://raw.githubusercontent.com/igareck/vpn-conf...
2026-08-25 20:30:32,860 | INFO | Loaded 119 lines from https://raw.githubusercontent.com/igareck/vpn-conf...
2026-08-25 20:30:32,887 | INFO | Loaded 153 lines from https://raw.githubusercontent.com/igareck/vpn-conf...
2026-08-25 20:30:33,119 | INFO | Loaded 469 lines from https://raw.githubusercontent.com/FLAT447/v2ray-li...
2026-08-25 20:30:33,120 | INFO | 
--- STEP 2: VALIDATION ---
2026-08-25 20:30:33,121 | INFO | Unique VLESS configs: 742
2026-08-25 20:30:33,147 | INFO | Archive updated: 10000 nodes (limit 10000)
2026-08-25 20:30:33,150 | INFO | 
--- STEP 3: LIVE CHECK (742 nodes, threads: 40) ---
2026-08-25 20:38:18,744 | INFO | ⏱️ Время проверки: 465.6 сек
2026-08-25 20:38:18,744 | INFO | 
--- RESULT: Found 104 live nodes ---
2026-08-25 20:38:18,744 | INFO | After dedup: 104
2026-08-25 20:38:18,753 | INFO | alive_archive.txt updated: 5000 nodes (limit 5000)
2026-08-25 20:38:18,753 | INFO | Subscription updated: /home/runner/work/sbornik/sbornik/subs/vless_001.txt
2026-08-25 20:38:18,754 | INFO | 
--- STATS BY PROTOCOL ---
2026-08-25 20:38:18,754 | INFO | reality: 99
2026-08-25 20:38:18,754 | INFO | ws: 4
2026-08-25 20:38:18,754 | INFO | other: 1
2026-08-25 20:38:18,754 | INFO | 
--- TOP SNI STATS ---
2026-08-25 20:38:18,754 | INFO | api-maps.yandex.ru: 259 успешных мутаций
2026-08-25 20:38:18,754 | INFO | ozon.ru: 103 успешных мутаций
2026-08-25 20:38:18,754 | INFO | yandex.ru: 96 успешных мутаций
2026-08-25 20:38:18,754 | INFO | vk.com: 91 успешных мутаций
2026-08-25 20:38:18,754 | INFO | mail.ru: 90 успешных мутаций
2026-08-25 20:38:18,754 | INFO | wildberries.ru: 84 успешных мутаций
2026-08-25 20:38:18,754 | INFO | ok.ru: 72 успешных мутаций
2026-08-25 20:38:18,754 | INFO | storage.yandex.net: 16 успешных мутаций
2026-08-25 20:38:18,754 | INFO | dzen.ru: 8 успешных мутаций
2026-08-25 20:38:18,754 | INFO | rutube.ru: 7 успешных мутаций
2026-08-25 20:38:18,755 | INFO | 💾 Статистика SNI сохранена
