2026-09-17 22:42:41,626 | INFO | 📊 Загружена статистика SNI: 26 доменов
2026-09-17 22:42:41,626 | INFO | === SING-BOX STATUS ===
2026-09-17 22:42:41,661 | INFO | sing-box version 1.14.1

Environment: go1.26.8 linux/amd64
Tags: with_gvisor,with_quic,with_dhcp,with_wireguard,with_utls,with_acme,with_clash_api,with_tailscale,with_ccm,with_ocm,with_cloudflared,with_naive_outbound,with_usbip,with_openvpn,with_openconnect,badlinkname,tfogo_checklinkname0,with_musl
Revision: 1ac1a339cb1223e9c70eae14c44411c75033c02d
CGO: enabled
2026-09-17 22:42:41,661 | INFO | 
--- STEP 1: FETCHING SOURCES ---
2026-09-17 22:42:41,697 | INFO | Loaded 65 lines from https://raw.githubusercontent.com/igareck/vpn-conf...
2026-09-17 22:42:41,773 | INFO | Loaded 0 lines from https://raw.githubusercontent.com/igareck/vpn-conf...
2026-09-17 22:42:41,852 | INFO | Loaded 19 lines from https://raw.githubusercontent.com/igareck/vpn-conf...
2026-09-17 22:42:41,882 | INFO | Loaded 3 lines from https://raw.githubusercontent.com/igareck/vpn-conf...
2026-09-17 22:42:41,911 | INFO | Loaded 71 lines from https://raw.githubusercontent.com/igareck/vpn-conf...
2026-09-17 22:42:41,995 | INFO | Loaded 100 lines from https://raw.githubusercontent.com/igareck/vpn-conf...
2026-09-17 22:42:42,067 | INFO | Loaded 136 lines from https://raw.githubusercontent.com/igareck/vpn-conf...
2026-09-17 22:42:42,170 | INFO | Loaded 23 lines from https://raw.githubusercontent.com/FLAT447/v2ray-li...
2026-09-17 22:42:42,171 | INFO | 
--- STEP 2: VALIDATION ---
2026-09-17 22:42:42,171 | INFO | Unique VLESS configs: 156
2026-09-17 22:42:42,195 | INFO | Archive updated: 10000 nodes (limit 10000)
2026-09-17 22:42:42,196 | INFO | 
--- STEP 3: LIVE CHECK (156 nodes, threads: 40) ---
2026-09-17 22:50:49,100 | INFO | ⏱️ Время проверки: 486.9 сек
2026-09-17 22:50:49,100 | INFO | 
--- RESULT: Found 58 live nodes ---
2026-09-17 22:50:49,100 | INFO | After dedup: 58
2026-09-17 22:50:49,101 | INFO | Filled from archive (+42), total: 100
2026-09-17 22:50:49,112 | INFO | alive_archive.txt updated: 5000 nodes (limit 5000)
2026-09-17 22:50:49,113 | INFO | Subscription updated: /home/runner/work/sbornik/sbornik/subs/vless_001.txt
2026-09-17 22:50:49,113 | INFO | 
--- STATS BY PROTOCOL ---
2026-09-17 22:50:49,113 | INFO | reality: 98
2026-09-17 22:50:49,113 | INFO | ws: 1
2026-09-17 22:50:49,113 | INFO | other: 1
2026-09-17 22:50:49,113 | INFO | 
--- TOP SNI STATS ---
2026-09-17 22:50:49,113 | INFO | api-maps.yandex.ru: 268 успешных мутаций
2026-09-17 22:50:49,113 | INFO | ozon.ru: 108 успешных мутаций
2026-09-17 22:50:49,113 | INFO | yandex.ru: 98 успешных мутаций
2026-09-17 22:50:49,113 | INFO | vk.com: 94 успешных мутаций
2026-09-17 22:50:49,113 | INFO | mail.ru: 90 успешных мутаций
2026-09-17 22:50:49,113 | INFO | wildberries.ru: 86 успешных мутаций
2026-09-17 22:50:49,113 | INFO | ok.ru: 72 успешных мутаций
2026-09-17 22:50:49,113 | INFO | storage.yandex.net: 16 успешных мутаций
2026-09-17 22:50:49,113 | INFO | dzen.ru: 9 успешных мутаций
2026-09-17 22:50:49,113 | INFO | rutube.ru: 8 успешных мутаций
2026-09-17 22:50:49,114 | INFO | 💾 Статистика SNI сохранена
