2026-08-10 20:43:24,073 | INFO | 📊 Загружена статистика SNI: 26 доменов
2026-08-10 20:43:24,073 | INFO | === SING-BOX STATUS ===
2026-08-10 20:43:24,084 | INFO | sing-box version 1.13.18

Environment: go1.25.12 linux/amd64
Tags: with_gvisor,with_quic,with_dhcp,with_wireguard,with_utls,with_acme,with_clash_api,with_tailscale,with_ccm,with_ocm,with_naive_outbound,badlinkname,tfogo_checklinkname0,with_musl
Revision: 45ca32dcb966f07f97fc888fe8586e359dbe8405
CGO: enabled
2026-08-10 20:43:24,084 | INFO | 
--- STEP 1: FETCHING SOURCES ---
2026-08-10 20:43:24,118 | INFO | Loaded 55 lines from https://raw.githubusercontent.com/igareck/vpn-conf...
2026-08-10 20:43:24,176 | INFO | Loaded 0 lines from https://raw.githubusercontent.com/igareck/vpn-conf...
2026-08-10 20:43:24,205 | INFO | Loaded 8 lines from https://raw.githubusercontent.com/igareck/vpn-conf...
2026-08-10 20:43:24,260 | INFO | Loaded 14 lines from https://raw.githubusercontent.com/igareck/vpn-conf...
2026-08-10 20:43:24,293 | INFO | Loaded 55 lines from https://raw.githubusercontent.com/igareck/vpn-conf...
2026-08-10 20:43:24,409 | INFO | Loaded 128 lines from https://raw.githubusercontent.com/igareck/vpn-conf...
2026-08-10 20:43:24,503 | INFO | Loaded 146 lines from https://raw.githubusercontent.com/igareck/vpn-conf...
2026-08-10 20:43:24,591 | INFO | Loaded 385 lines from https://raw.githubusercontent.com/FLAT447/v2ray-li...
2026-08-10 20:43:24,591 | INFO | 
--- STEP 2: VALIDATION ---
2026-08-10 20:43:24,593 | INFO | Unique VLESS configs: 551
2026-08-10 20:43:24,623 | INFO | Archive updated: 10000 nodes (limit 10000)
2026-08-10 20:43:24,626 | INFO | 
--- STEP 3: LIVE CHECK (551 nodes, threads: 40) ---
2026-08-10 20:43:31,877 | INFO | [🎉 SNI WORKED] Нода ожила с SNI: ok.ru (порт 11016)
2026-08-10 20:43:34,501 | INFO | [🎉 SNI WORKED] Нода ожила с SNI: wildberries.ru (порт 11007)
2026-08-10 20:43:35,102 | INFO | [🎉 SNI WORKED] Нода ожила с SNI: ozon.ru (порт 11003)
2026-08-10 20:43:36,070 | INFO | [🎉 SNI WORKED] Нода ожила с SNI: ozon.ru (порт 11019)
2026-08-10 20:43:38,943 | INFO | [🎉 SNI WORKED] Нода ожила с SNI: mail.ru (порт 11026)
2026-08-10 20:43:39,401 | INFO | [🎉 SNI WORKED] Нода ожила с SNI: ok.ru (порт 11017)
2026-08-10 20:43:40,305 | INFO | [🎉 SNI WORKED] Нода ожила с SNI: vk.com (порт 11001)
2026-08-10 20:43:41,059 | INFO | [🎉 SNI WORKED] Нода ожила с SNI: ok.ru (порт 11024)
2026-08-10 20:43:42,927 | INFO | [🎉 SNI WORKED] Нода ожила с SNI: wildberries.ru (порт 11015)
2026-08-10 20:43:43,615 | INFO | [🎉 SNI WORKED] Нода ожила с SNI: ozon.ru (порт 11005)
2026-08-10 20:43:45,124 | INFO | [🎉 SNI WORKED] Нода ожила с SNI: ok.ru (порт 11025)
2026-08-10 20:43:47,678 | INFO | [🎉 SNI WORKED] Нода ожила с SNI: ozon.ru (порт 11006)
2026-08-10 20:43:47,787 | INFO | [🎉 SNI WORKED] Нода ожила с SNI: ozon.ru (порт 11000)
2026-08-10 20:43:50,091 | INFO | [🎉 SNI WORKED] Нода ожила с SNI: vk.com (порт 11018)
2026-08-10 20:43:52,341 | INFO | [🎉 SNI WORKED] Нода ожила с SNI: vk.com (порт 11002)
2026-08-10 20:43:53,994 | INFO | [🎉 SNI WORKED] Нода ожила с SNI: wildberries.ru (порт 11004)
2026-08-10 20:44:06,399 | INFO | [🎉 SNI WORKED] Нода ожила с SNI: vk.com (порт 11022)
2026-08-10 20:44:37,270 | INFO | [🎉 SNI WORKED] Нода ожила с SNI: api-maps.yandex.ru (порт 11023)
2026-08-10 20:44:47,233 | INFO | [🎉 SNI WORKED] Нода ожила с SNI: api-maps.yandex.ru (порт 11013)
2026-08-10 20:44:50,281 | INFO | [🎉 SNI WORKED] Нода ожила с SNI: yandex.ru (порт 11004)
2026-08-10 20:44:58,422 | INFO | [🎉 SNI WORKED] Нода ожила с SNI: vk.com (порт 11013)
2026-08-10 20:45:05,024 | INFO | [🎉 SNI WORKED] Нода ожила с SNI: ok.ru (порт 11013)
2026-08-10 20:45:21,899 | INFO | [🎉 SNI WORKED] Нода ожила с SNI: api-maps.yandex.ru (порт 11016)
2026-08-10 20:45:52,159 | INFO | [🎉 SNI WORKED] Нода ожила с SNI: storage.yandex.net (порт 11000)
2026-08-10 20:46:35,164 | INFO | [🎉 SNI WORKED] Нода ожила с SNI: ozon.ru (порт 11020)
2026-08-10 20:46:45,794 | INFO | [🎉 SNI WORKED] Нода ожила с SNI: yandex.ru (порт 11000)
2026-08-10 20:46:56,258 | INFO | [🎉 SNI WORKED] Нода ожила с SNI: api-maps.yandex.ru (порт 11000)
2026-08-10 20:46:57,415 | INFO | [🎉 SNI WORKED] Нода ожила с SNI: wildberries.ru (порт 11018)
2026-08-10 20:47:19,149 | INFO | [🎉 SNI WORKED] Нода ожила с SNI: storage.yandex.net (порт 11000)
2026-08-10 20:47:27,822 | INFO | [🎉 SNI WORKED] Нода ожила с SNI: api-maps.yandex.ru (порт 11018)
2026-08-10 20:47:29,549 | INFO | [🎉 SNI WORKED] Нода ожила с SNI: storage.yandex.net (порт 11000)
2026-08-10 20:47:38,905 | INFO | [🎉 SNI WORKED] Нода ожила с SNI: storage.yandex.net (порт 11009)
2026-08-10 20:47:41,387 | INFO | [🎉 SNI WORKED] Нода ожила с SNI: ok.ru (порт 11037)
2026-08-10 20:47:42,959 | INFO | [🎉 SNI WORKED] Нода ожила с SNI: vk.com (порт 11038)
2026-08-10 20:47:43,586 | INFO | [🎉 SNI WORKED] Нода ожила с SNI: ozon.ru (порт 11018)
2026-08-10 20:47:46,224 | INFO | [🎉 SNI WORKED] Нода ожила с SNI: wildberries.ru (порт 11009)
2026-08-10 20:47:46,396 | INFO | [🎉 SNI WORKED] Нода ожила с SNI: yandex.ru (порт 11012)
2026-08-10 20:47:50,365 | INFO | [🎉 SNI WORKED] Нода ожила с SNI: api-maps.yandex.ru (порт 11036)
2026-08-10 20:47:51,682 | INFO | [🎉 SNI WORKED] Нода ожила с SNI: api-maps.yandex.ru (порт 11008)
2026-08-10 20:47:56,467 | INFO | [🎉 SNI WORKED] Нода ожила с SNI: ozon.ru (порт 11019)
2026-08-10 20:48:02,263 | INFO | [🎉 SNI WORKED] Нода ожила с SNI: api-maps.yandex.ru (порт 11026)
2026-08-10 20:48:06,036 | INFO | [🎉 SNI WORKED] Нода ожила с SNI: storage.yandex.net (порт 11000)
2026-08-10 20:48:06,893 | INFO | [🎉 SNI WORKED] Нода ожила с SNI: ok.ru (порт 11017)
2026-08-10 20:48:07,999 | INFO | ⏱️ Время проверки: 283.4 сек
2026-08-10 20:48:07,999 | INFO | 
--- RESULT: Found 101 live nodes ---
2026-08-10 20:48:08,000 | INFO | After dedup: 101
2026-08-10 20:48:08,009 | INFO | alive_archive.txt updated: 5000 nodes (limit 5000)
2026-08-10 20:48:08,009 | INFO | Subscription updated: /home/runner/work/sbornik/sbornik/subs/vless_001.txt
2026-08-10 20:48:08,009 | INFO | 
--- STATS BY PROTOCOL ---
2026-08-10 20:48:08,009 | INFO | reality: 97
2026-08-10 20:48:08,010 | INFO | tls: 1
2026-08-10 20:48:08,010 | INFO | grpc: 1
2026-08-10 20:48:08,010 | INFO | ws: 1
2026-08-10 20:48:08,010 | INFO | other: 1
2026-08-10 20:48:08,010 | INFO | 
--- TOP SNI STATS ---
2026-08-10 20:48:08,010 | INFO | api-maps.yandex.ru: 245 успешных мутаций
2026-08-10 20:48:08,010 | INFO | yandex.ru: 87 успешных мутаций
2026-08-10 20:48:08,010 | INFO | ozon.ru: 87 успешных мутаций
2026-08-10 20:48:08,010 | INFO | mail.ru: 81 успешных мутаций
2026-08-10 20:48:08,010 | INFO | wildberries.ru: 79 успешных мутаций
2026-08-10 20:48:08,010 | INFO | vk.com: 78 успешных мутаций
2026-08-10 20:48:08,010 | INFO | ok.ru: 68 успешных мутаций
2026-08-10 20:48:08,010 | INFO | dzen.ru: 7 успешных мутаций
2026-08-10 20:48:08,010 | INFO | rutube.ru: 5 успешных мутаций
2026-08-10 20:48:08,010 | INFO | storage.yandex.net: 5 успешных мутаций
2026-08-10 20:48:08,010 | INFO | 💾 Статистика SNI сохранена
