2026-09-01 04:04:47,043 | INFO | 📊 Загружена статистика SNI: 26 доменов
2026-09-01 04:04:47,043 | INFO | === SING-BOX STATUS ===
2026-09-01 04:04:47,099 | INFO | sing-box version 1.14.0

Environment: go1.26.7 linux/amd64
Tags: with_gvisor,with_quic,with_dhcp,with_wireguard,with_utls,with_acme,with_clash_api,with_tailscale,with_ccm,with_ocm,with_cloudflared,with_naive_outbound,with_usbip,with_openvpn,with_openconnect,badlinkname,tfogo_checklinkname0,with_musl
Revision: 0b8995879f29a9b98ee027bc17b75e101445b238
CGO: enabled
2026-09-01 04:04:47,099 | INFO | 
--- STEP 1: FETCHING SOURCES ---
2026-09-01 04:04:47,135 | INFO | Loaded 108 lines from https://raw.githubusercontent.com/igareck/vpn-conf...
2026-09-01 04:04:47,195 | INFO | Loaded 0 lines from https://raw.githubusercontent.com/igareck/vpn-conf...
2026-09-01 04:04:47,253 | INFO | Loaded 7 lines from https://raw.githubusercontent.com/igareck/vpn-conf...
2026-09-01 04:04:47,305 | INFO | Loaded 34 lines from https://raw.githubusercontent.com/igareck/vpn-conf...
2026-09-01 04:04:47,367 | INFO | Loaded 108 lines from https://raw.githubusercontent.com/igareck/vpn-conf...
2026-09-01 04:04:47,465 | INFO | Loaded 148 lines from https://raw.githubusercontent.com/igareck/vpn-conf...
2026-09-01 04:04:47,557 | INFO | Loaded 153 lines from https://raw.githubusercontent.com/igareck/vpn-conf...
2026-09-01 04:04:47,779 | INFO | Loaded 2027 lines from https://raw.githubusercontent.com/FLAT447/v2ray-li...
2026-09-01 04:04:47,779 | INFO | 
--- STEP 2: VALIDATION ---
2026-09-01 04:04:47,784 | INFO | Unique VLESS configs: 2205
2026-09-01 04:04:47,813 | INFO | Archive updated: 10000 nodes (limit 10000)
2026-09-01 04:04:47,833 | INFO | 
--- STEP 3: LIVE CHECK (2205 nodes, threads: 40) ---
2026-09-01 04:11:18,088 | INFO | [🎉 SNI WORKED] Нода ожила с SNI: ozon.ru (порт 11003)
2026-09-01 04:12:05,716 | INFO | ⏱️ Время проверки: 437.9 сек
2026-09-01 04:12:05,716 | INFO | 
--- RESULT: Found 100 live nodes ---
2026-09-01 04:12:05,716 | INFO | After dedup: 100
2026-09-01 04:12:05,727 | INFO | alive_archive.txt updated: 5000 nodes (limit 5000)
2026-09-01 04:12:05,727 | INFO | Subscription updated: /home/runner/work/sbornik/sbornik/subs/vless_001.txt
2026-09-01 04:12:05,727 | INFO | 
--- STATS BY PROTOCOL ---
2026-09-01 04:12:05,727 | INFO | reality: 58
2026-09-01 04:12:05,727 | INFO | tls: 3
2026-09-01 04:12:05,727 | INFO | ws: 34
2026-09-01 04:12:05,728 | INFO | other: 5
2026-09-01 04:12:05,728 | INFO | 
--- TOP SNI STATS ---
2026-09-01 04:12:05,728 | INFO | api-maps.yandex.ru: 262 успешных мутаций
2026-09-01 04:12:05,728 | INFO | ozon.ru: 108 успешных мутаций
2026-09-01 04:12:05,728 | INFO | yandex.ru: 98 успешных мутаций
2026-09-01 04:12:05,728 | INFO | vk.com: 91 успешных мутаций
2026-09-01 04:12:05,728 | INFO | mail.ru: 90 успешных мутаций
2026-09-01 04:12:05,728 | INFO | wildberries.ru: 86 успешных мутаций
2026-09-01 04:12:05,728 | INFO | ok.ru: 72 успешных мутаций
2026-09-01 04:12:05,728 | INFO | storage.yandex.net: 16 успешных мутаций
2026-09-01 04:12:05,728 | INFO | rutube.ru: 8 успешных мутаций
2026-09-01 04:12:05,728 | INFO | dzen.ru: 8 успешных мутаций
2026-09-01 04:12:05,728 | INFO | 💾 Статистика SNI сохранена
