2026-08-30 22:28:35,510 | INFO | 📊 Загружена статистика SNI: 26 доменов
2026-08-30 22:28:35,511 | INFO | === SING-BOX STATUS ===
2026-08-30 22:28:35,517 | INFO | sing-box version 1.13.21

Environment: go1.25.12 linux/amd64
Tags: with_gvisor,with_quic,with_dhcp,with_wireguard,with_utls,with_acme,with_clash_api,with_tailscale,with_ccm,with_ocm,with_naive_outbound,badlinkname,tfogo_checklinkname0,with_musl
Revision: 628cb31ffa79cffffd34c2f9cde6cae044e4fc12
CGO: enabled
2026-08-30 22:28:35,517 | INFO | 
--- STEP 1: FETCHING SOURCES ---
2026-08-30 22:28:35,643 | INFO | Loaded 41 lines from https://raw.githubusercontent.com/igareck/vpn-conf...
2026-08-30 22:28:35,748 | INFO | Loaded 0 lines from https://raw.githubusercontent.com/igareck/vpn-conf...
2026-08-30 22:28:35,852 | INFO | Loaded 13 lines from https://raw.githubusercontent.com/igareck/vpn-conf...
2026-08-30 22:28:35,959 | INFO | Loaded 20 lines from https://raw.githubusercontent.com/igareck/vpn-conf...
2026-08-30 22:28:36,065 | INFO | Loaded 44 lines from https://raw.githubusercontent.com/igareck/vpn-conf...
2026-08-30 22:28:36,202 | INFO | Loaded 103 lines from https://raw.githubusercontent.com/igareck/vpn-conf...
2026-08-30 22:28:36,337 | INFO | Loaded 153 lines from https://raw.githubusercontent.com/igareck/vpn-conf...
2026-08-30 22:28:36,572 | INFO | Loaded 2908 lines from https://raw.githubusercontent.com/FLAT447/v2ray-li...
2026-08-30 22:28:36,572 | INFO | 
--- STEP 2: VALIDATION ---
2026-08-30 22:28:36,578 | INFO | Unique VLESS configs: 2889
2026-08-30 22:28:36,602 | INFO | Archive updated: 10000 nodes (limit 10000)
2026-08-30 22:28:36,626 | INFO | 
--- STEP 3: LIVE CHECK (2889 nodes, threads: 40) ---
2026-08-30 22:31:00,699 | INFO | ⏱️ Время проверки: 144.1 сек
2026-08-30 22:31:00,699 | INFO | 
--- RESULT: Found 100 live nodes ---
2026-08-30 22:31:00,699 | INFO | After dedup: 100
2026-08-30 22:31:00,709 | INFO | alive_archive.txt updated: 5000 nodes (limit 5000)
2026-08-30 22:31:00,709 | INFO | Subscription updated: /home/runner/work/sbornik/sbornik/subs/vless_001.txt
2026-08-30 22:31:00,709 | INFO | 
--- STATS BY PROTOCOL ---
2026-08-30 22:31:00,709 | INFO | reality: 44
2026-08-30 22:31:00,709 | INFO | ws: 48
2026-08-30 22:31:00,709 | INFO | other: 8
2026-08-30 22:31:00,709 | INFO | 
--- TOP SNI STATS ---
2026-08-30 22:31:00,710 | INFO | api-maps.yandex.ru: 262 успешных мутаций
2026-08-30 22:31:00,710 | INFO | ozon.ru: 107 успешных мутаций
2026-08-30 22:31:00,710 | INFO | yandex.ru: 98 успешных мутаций
2026-08-30 22:31:00,710 | INFO | vk.com: 91 успешных мутаций
2026-08-30 22:31:00,710 | INFO | mail.ru: 90 успешных мутаций
2026-08-30 22:31:00,710 | INFO | wildberries.ru: 86 успешных мутаций
2026-08-30 22:31:00,710 | INFO | ok.ru: 72 успешных мутаций
2026-08-30 22:31:00,710 | INFO | storage.yandex.net: 16 успешных мутаций
2026-08-30 22:31:00,710 | INFO | rutube.ru: 8 успешных мутаций
2026-08-30 22:31:00,710 | INFO | dzen.ru: 8 успешных мутаций
2026-08-30 22:31:00,710 | INFO | 💾 Статистика SNI сохранена
