2026-07-30 14:06:16,145 | INFO | 📊 Загружена статистика SNI: 26 доменов
2026-07-30 14:06:16,145 | INFO | === SING-BOX STATUS ===
2026-07-30 14:06:16,152 | INFO | sing-box version 1.13.15

Environment: go1.25.12 linux/amd64
Tags: with_gvisor,with_quic,with_dhcp,with_wireguard,with_utls,with_acme,with_clash_api,with_tailscale,with_ccm,with_ocm,with_naive_outbound,badlinkname,tfogo_checklinkname0,with_musl
Revision: 3708fa18766cda1f11b77f6ed9c7bd61688f17df
CGO: enabled
2026-07-30 14:06:16,152 | INFO | 
--- STEP 1: FETCHING SOURCES ---
2026-07-30 14:06:16,254 | INFO | Loaded 153 lines from https://raw.githubusercontent.com/igareck/vpn-conf...
2026-07-30 14:06:16,324 | INFO | Loaded 0 lines from https://raw.githubusercontent.com/igareck/vpn-conf...
2026-07-30 14:06:16,426 | INFO | Loaded 238 lines from https://raw.githubusercontent.com/igareck/vpn-conf...
2026-07-30 14:06:16,481 | INFO | Loaded 11 lines from https://raw.githubusercontent.com/igareck/vpn-conf...
2026-07-30 14:06:16,507 | INFO | Loaded 285 lines from https://raw.githubusercontent.com/igareck/vpn-conf...
2026-07-30 14:06:16,581 | INFO | Loaded 152 lines from https://raw.githubusercontent.com/igareck/vpn-conf...
2026-07-30 14:06:16,605 | INFO | Loaded 153 lines from https://raw.githubusercontent.com/igareck/vpn-conf...
2026-07-30 14:06:16,692 | INFO | Loaded 397 lines from https://raw.githubusercontent.com/FLAT447/v2ray-li...
2026-07-30 14:06:16,693 | INFO | 
--- STEP 2: VALIDATION ---
2026-07-30 14:06:16,694 | INFO | Unique VLESS configs: 775
2026-07-30 14:06:16,728 | INFO | Archive updated: 10000 nodes (limit 10000)
2026-07-30 14:06:16,731 | INFO | 
--- STEP 3: LIVE CHECK (775 nodes, threads: 40) ---
2026-07-30 14:06:33,932 | INFO | [🎉 SNI WORKED] Нода ожила с SNI: api-maps.yandex.ru (порт 11001)
2026-07-30 14:06:39,590 | INFO | ⏱️ Время проверки: 22.9 сек
2026-07-30 14:06:39,590 | INFO | 
--- RESULT: Found 114 live nodes ---
2026-07-30 14:06:39,590 | INFO | After dedup: 114
2026-07-30 14:06:39,601 | INFO | alive_archive.txt updated: 5000 nodes (limit 5000)
2026-07-30 14:06:39,602 | INFO | Subscription updated: /home/runner/work/sbornik/sbornik/subs/vless_001.txt
2026-07-30 14:06:39,602 | INFO | 
--- STATS BY PROTOCOL ---
2026-07-30 14:06:39,602 | INFO | reality: 70
2026-07-30 14:06:39,602 | INFO | ws: 38
2026-07-30 14:06:39,602 | INFO | other: 6
2026-07-30 14:06:39,602 | INFO | 
--- TOP SNI STATS ---
2026-07-30 14:06:39,602 | INFO | api-maps.yandex.ru: 95 успешных мутаций
2026-07-30 14:06:39,602 | INFO | ozon.ru: 37 успешных мутаций
2026-07-30 14:06:39,602 | INFO | mail.ru: 32 успешных мутаций
2026-07-30 14:06:39,602 | INFO | ok.ru: 28 успешных мутаций
2026-07-30 14:06:39,602 | INFO | yandex.ru: 28 успешных мутаций
2026-07-30 14:06:39,602 | INFO | vk.com: 26 успешных мутаций
2026-07-30 14:06:39,602 | INFO | wildberries.ru: 25 успешных мутаций
2026-07-30 14:06:39,602 | INFO | rutube.ru: 2 успешных мутаций
2026-07-30 14:06:39,602 | INFO | dzen.ru: 2 успешных мутаций
2026-07-30 14:06:39,602 | INFO | cdn.x5.ru: 1 успешных мутаций
2026-07-30 14:06:39,602 | INFO | 💾 Статистика SNI сохранена
