2026-08-03 14:42:03,026 | INFO | 📊 Загружена статистика SNI: 26 доменов
2026-08-03 14:42:03,026 | INFO | === SING-BOX STATUS ===
2026-08-03 14:42:03,034 | INFO | sing-box version 1.13.16

Environment: go1.25.12 linux/amd64
Tags: with_gvisor,with_quic,with_dhcp,with_wireguard,with_utls,with_acme,with_clash_api,with_tailscale,with_ccm,with_ocm,with_naive_outbound,badlinkname,tfogo_checklinkname0,with_musl
Revision: 17ec3c71af8ca946dc50bf0d927c39fc77322aec
CGO: enabled
2026-08-03 14:42:03,035 | INFO | 
--- STEP 1: FETCHING SOURCES ---
2026-08-03 14:42:03,160 | INFO | Loaded 131 lines from https://raw.githubusercontent.com/igareck/vpn-conf...
2026-08-03 14:42:03,288 | INFO | Loaded 0 lines from https://raw.githubusercontent.com/igareck/vpn-conf...
2026-08-03 14:42:03,418 | INFO | Loaded 88 lines from https://raw.githubusercontent.com/igareck/vpn-conf...
2026-08-03 14:42:03,553 | INFO | Loaded 3 lines from https://raw.githubusercontent.com/igareck/vpn-conf...
2026-08-03 14:42:03,690 | INFO | Loaded 135 lines from https://raw.githubusercontent.com/igareck/vpn-conf...
2026-08-03 14:42:03,731 | INFO | Loaded 126 lines from https://raw.githubusercontent.com/igareck/vpn-conf...
2026-08-03 14:42:03,846 | INFO | Loaded 153 lines from https://raw.githubusercontent.com/igareck/vpn-conf...
2026-08-03 14:42:04,026 | INFO | Loaded 458 lines from https://raw.githubusercontent.com/FLAT447/v2ray-li...
2026-08-03 14:42:04,026 | INFO | 
--- STEP 2: VALIDATION ---
2026-08-03 14:42:04,028 | INFO | Unique VLESS configs: 735
2026-08-03 14:42:04,057 | INFO | Archive updated: 10000 nodes (limit 10000)
2026-08-03 14:42:04,060 | INFO | 
--- STEP 3: LIVE CHECK (735 nodes, threads: 40) ---
2026-08-03 15:06:19,235 | INFO | [🎉 SNI WORKED] Нода ожила с SNI: dzen.ru (порт 11006)
2026-08-03 15:08:45,298 | INFO | ⏱️ Время проверки: 1601.2 сек
2026-08-03 15:08:45,298 | INFO | 
--- RESULT: Found 50 live nodes ---
2026-08-03 15:08:45,298 | INFO | After dedup: 50
2026-08-03 15:08:45,299 | INFO | Filled from archive (+50), total: 100
2026-08-03 15:08:45,312 | INFO | alive_archive.txt updated: 5000 nodes (limit 5000)
2026-08-03 15:08:45,312 | INFO | Subscription updated: /home/runner/work/sbornik/sbornik/subs/vless_001.txt
2026-08-03 15:08:45,313 | INFO | 
--- STATS BY PROTOCOL ---
2026-08-03 15:08:45,313 | INFO | reality: 37
2026-08-03 15:08:45,313 | INFO | tls: 2
2026-08-03 15:08:45,313 | INFO | ws: 59
2026-08-03 15:08:45,313 | INFO | other: 2
2026-08-03 15:08:45,313 | INFO | 
--- TOP SNI STATS ---
2026-08-03 15:08:45,313 | INFO | api-maps.yandex.ru: 180 успешных мутаций
2026-08-03 15:08:45,313 | INFO | ozon.ru: 37 успешных мутаций
2026-08-03 15:08:45,313 | INFO | mail.ru: 32 успешных мутаций
2026-08-03 15:08:45,313 | INFO | ok.ru: 28 успешных мутаций
2026-08-03 15:08:45,313 | INFO | yandex.ru: 28 успешных мутаций
2026-08-03 15:08:45,313 | INFO | vk.com: 26 успешных мутаций
2026-08-03 15:08:45,313 | INFO | wildberries.ru: 25 успешных мутаций
2026-08-03 15:08:45,313 | INFO | dzen.ru: 5 успешных мутаций
2026-08-03 15:08:45,314 | INFO | rutube.ru: 3 успешных мутаций
2026-08-03 15:08:45,314 | INFO | cdn.x5.ru: 1 успешных мутаций
2026-08-03 15:08:45,314 | INFO | 💾 Статистика SNI сохранена
