2026-09-10 19:05:10,397 | INFO | 📊 Загружена статистика SNI: 26 доменов
2026-09-10 19:05:10,397 | INFO | === SING-BOX STATUS ===
2026-09-10 19:05:10,424 | INFO | sing-box version 1.14.0

Environment: go1.26.7 linux/amd64
Tags: with_gvisor,with_quic,with_dhcp,with_wireguard,with_utls,with_acme,with_clash_api,with_tailscale,with_ccm,with_ocm,with_cloudflared,with_naive_outbound,with_usbip,with_openvpn,with_openconnect,badlinkname,tfogo_checklinkname0,with_musl
Revision: 0b8995879f29a9b98ee027bc17b75e101445b238
CGO: enabled
2026-09-10 19:05:10,424 | INFO | 
--- STEP 1: FETCHING SOURCES ---
2026-09-10 19:05:10,531 | INFO | Loaded 76 lines from https://raw.githubusercontent.com/igareck/vpn-conf...
2026-09-10 19:05:10,641 | INFO | Loaded 0 lines from https://raw.githubusercontent.com/igareck/vpn-conf...
2026-09-10 19:05:10,784 | INFO | Loaded 13 lines from https://raw.githubusercontent.com/igareck/vpn-conf...
2026-09-10 19:05:11,118 | INFO | Loaded 93 lines from https://raw.githubusercontent.com/igareck/vpn-conf...
2026-09-10 19:05:11,412 | INFO | Loaded 77 lines from https://raw.githubusercontent.com/igareck/vpn-conf...
2026-09-10 19:05:11,739 | INFO | Loaded 183 lines from https://raw.githubusercontent.com/igareck/vpn-conf...
2026-09-10 19:05:11,847 | INFO | Loaded 153 lines from https://raw.githubusercontent.com/igareck/vpn-conf...
2026-09-10 19:05:12,012 | INFO | Loaded 233 lines from https://raw.githubusercontent.com/FLAT447/v2ray-li...
2026-09-10 19:05:12,012 | INFO | 
--- STEP 2: VALIDATION ---
2026-09-10 19:05:12,013 | INFO | Unique VLESS configs: 582
2026-09-10 19:05:12,038 | INFO | Archive updated: 10000 nodes (limit 10000)
2026-09-10 19:05:12,040 | INFO | 
--- STEP 3: LIVE CHECK (582 nodes, threads: 40) ---
2026-09-10 19:09:42,718 | INFO | [🎉 SNI WORKED] Нода ожила с SNI: api-maps.yandex.ru (порт 11036)
2026-09-10 19:09:54,257 | INFO | [🎉 SNI WORKED] Нода ожила с SNI: api-maps.yandex.ru (порт 11023)
2026-09-10 19:10:16,522 | INFO | [🎉 SNI WORKED] Нода ожила с SNI: api-maps.yandex.ru (порт 11012)
2026-09-10 19:10:19,687 | INFO | [🎉 SNI WORKED] Нода ожила с SNI: api-maps.yandex.ru (порт 11001)
2026-09-10 19:13:13,388 | INFO | ⏱️ Время проверки: 481.3 сек
2026-09-10 19:13:13,388 | INFO | 
--- RESULT: Found 100 live nodes ---
2026-09-10 19:13:13,388 | INFO | After dedup: 100
2026-09-10 19:13:13,395 | INFO | alive_archive.txt updated: 5000 nodes (limit 5000)
2026-09-10 19:13:13,395 | INFO | Subscription updated: /home/runner/work/sbornik/sbornik/subs/vless_001.txt
2026-09-10 19:13:13,395 | INFO | 
--- STATS BY PROTOCOL ---
2026-09-10 19:13:13,395 | INFO | reality: 99
2026-09-10 19:13:13,395 | INFO | other: 1
2026-09-10 19:13:13,395 | INFO | 
--- TOP SNI STATS ---
2026-09-10 19:13:13,395 | INFO | api-maps.yandex.ru: 268 успешных мутаций
2026-09-10 19:13:13,395 | INFO | ozon.ru: 108 успешных мутаций
2026-09-10 19:13:13,396 | INFO | yandex.ru: 98 успешных мутаций
2026-09-10 19:13:13,396 | INFO | vk.com: 94 успешных мутаций
2026-09-10 19:13:13,396 | INFO | mail.ru: 90 успешных мутаций
2026-09-10 19:13:13,396 | INFO | wildberries.ru: 86 успешных мутаций
2026-09-10 19:13:13,396 | INFO | ok.ru: 72 успешных мутаций
2026-09-10 19:13:13,396 | INFO | storage.yandex.net: 16 успешных мутаций
2026-09-10 19:13:13,396 | INFO | dzen.ru: 9 успешных мутаций
2026-09-10 19:13:13,396 | INFO | rutube.ru: 8 успешных мутаций
2026-09-10 19:13:13,396 | INFO | 💾 Статистика SNI сохранена
