2026-07-31 21:06:35,398 | INFO | 📊 Загружена статистика SNI: 26 доменов
2026-07-31 21:06:35,399 | INFO | === SING-BOX STATUS ===
2026-07-31 21:06:35,409 | INFO | sing-box version 1.13.15

Environment: go1.25.12 linux/amd64
Tags: with_gvisor,with_quic,with_dhcp,with_wireguard,with_utls,with_acme,with_clash_api,with_tailscale,with_ccm,with_ocm,with_naive_outbound,badlinkname,tfogo_checklinkname0,with_musl
Revision: 3708fa18766cda1f11b77f6ed9c7bd61688f17df
CGO: enabled
2026-07-31 21:06:35,410 | INFO | 
--- STEP 1: FETCHING SOURCES ---
2026-07-31 21:06:35,533 | INFO | Loaded 98 lines from https://raw.githubusercontent.com/igareck/vpn-conf...
2026-07-31 21:06:35,651 | INFO | Loaded 0 lines from https://raw.githubusercontent.com/igareck/vpn-conf...
2026-07-31 21:06:35,892 | INFO | Loaded 31 lines from https://raw.githubusercontent.com/igareck/vpn-conf...
2026-07-31 21:06:36,037 | INFO | Loaded 15 lines from https://raw.githubusercontent.com/igareck/vpn-conf...
2026-07-31 21:06:36,170 | INFO | Loaded 103 lines from https://raw.githubusercontent.com/igareck/vpn-conf...
2026-07-31 21:06:36,318 | INFO | Loaded 129 lines from https://raw.githubusercontent.com/igareck/vpn-conf...
2026-07-31 21:06:36,438 | INFO | Loaded 153 lines from https://raw.githubusercontent.com/igareck/vpn-conf...
2026-07-31 21:06:36,707 | INFO | Loaded 455 lines from https://raw.githubusercontent.com/FLAT447/v2ray-li...
2026-07-31 21:06:36,708 | INFO | 
--- STEP 2: VALIDATION ---
2026-07-31 21:06:36,709 | INFO | Unique VLESS configs: 710
2026-07-31 21:06:36,740 | INFO | Archive updated: 10000 nodes (limit 10000)
2026-07-31 21:06:36,743 | INFO | 
--- STEP 3: LIVE CHECK (710 nodes, threads: 40) ---
2026-07-31 21:07:04,098 | INFO | [🎉 SNI WORKED] Нода ожила с SNI: api-maps.yandex.ru (порт 11003)
2026-07-31 21:07:09,841 | INFO | [🎉 SNI WORKED] Нода ожила с SNI: api-maps.yandex.ru (порт 11025)
2026-07-31 21:07:13,028 | INFO | [🎉 SNI WORKED] Нода ожила с SNI: api-maps.yandex.ru (порт 11028)
2026-07-31 21:07:20,521 | INFO | [🎉 SNI WORKED] Нода ожила с SNI: api-maps.yandex.ru (порт 11004)
2026-07-31 21:07:26,016 | INFO | [🎉 SNI WORKED] Нода ожила с SNI: api-maps.yandex.ru (порт 11006)
2026-07-31 21:07:27,382 | INFO | [🎉 SNI WORKED] Нода ожила с SNI: api-maps.yandex.ru (порт 11018)
2026-07-31 21:07:27,908 | INFO | [🎉 SNI WORKED] Нода ожила с SNI: api-maps.yandex.ru (порт 11022)
2026-07-31 21:07:33,948 | INFO | [🎉 SNI WORKED] Нода ожила с SNI: api-maps.yandex.ru (порт 11002)
2026-07-31 21:07:35,262 | INFO | [🎉 SNI WORKED] Нода ожила с SNI: api-maps.yandex.ru (порт 11006)
2026-07-31 21:07:36,917 | INFO | [🎉 SNI WORKED] Нода ожила с SNI: api-maps.yandex.ru (порт 11028)
2026-07-31 21:07:39,920 | INFO | [🎉 SNI WORKED] Нода ожила с SNI: api-maps.yandex.ru (порт 11015)
2026-07-31 21:07:42,955 | INFO | [🎉 SNI WORKED] Нода ожила с SNI: api-maps.yandex.ru (порт 11025)
2026-07-31 21:07:43,507 | INFO | [🎉 SNI WORKED] Нода ожила с SNI: api-maps.yandex.ru (порт 11003)
2026-07-31 21:07:45,098 | INFO | [🎉 SNI WORKED] Нода ожила с SNI: api-maps.yandex.ru (порт 11022)
2026-07-31 21:07:59,002 | INFO | [🎉 SNI WORKED] Нода ожила с SNI: api-maps.yandex.ru (порт 11004)
2026-07-31 21:08:03,086 | INFO | [🎉 SNI WORKED] Нода ожила с SNI: api-maps.yandex.ru (порт 11028)
2026-07-31 21:08:03,153 | INFO | [🎉 SNI WORKED] Нода ожила с SNI: api-maps.yandex.ru (порт 11015)
2026-07-31 21:08:07,293 | INFO | [🎉 SNI WORKED] Нода ожила с SNI: api-maps.yandex.ru (порт 11020)
2026-07-31 21:08:09,879 | INFO | [🎉 SNI WORKED] Нода ожила с SNI: api-maps.yandex.ru (порт 11025)
2026-07-31 21:08:11,763 | INFO | [🎉 SNI WORKED] Нода ожила с SNI: api-maps.yandex.ru (порт 11022)
2026-07-31 21:08:12,347 | INFO | [🎉 SNI WORKED] Нода ожила с SNI: api-maps.yandex.ru (порт 11002)
2026-07-31 21:08:13,489 | INFO | [🎉 SNI WORKED] Нода ожила с SNI: api-maps.yandex.ru (порт 11006)
2026-07-31 21:08:15,845 | INFO | [🎉 SNI WORKED] Нода ожила с SNI: api-maps.yandex.ru (порт 11018)
2026-07-31 21:08:16,374 | INFO | [🎉 SNI WORKED] Нода ожила с SNI: api-maps.yandex.ru (порт 11004)
2026-07-31 21:08:17,386 | INFO | [🎉 SNI WORKED] Нода ожила с SNI: api-maps.yandex.ru (порт 11028)
2026-07-31 21:08:17,878 | INFO | [🎉 SNI WORKED] Нода ожила с SNI: api-maps.yandex.ru (порт 11016)
2026-07-31 21:08:21,407 | INFO | [🎉 SNI WORKED] Нода ожила с SNI: api-maps.yandex.ru (порт 11003)
2026-07-31 21:08:26,275 | INFO | [🎉 SNI WORKED] Нода ожила с SNI: api-maps.yandex.ru (порт 11035)
2026-07-31 21:08:30,075 | INFO | [🎉 SNI WORKED] Нода ожила с SNI: api-maps.yandex.ru (порт 11015)
2026-07-31 21:08:34,063 | INFO | [🎉 SNI WORKED] Нода ожила с SNI: api-maps.yandex.ru (порт 11020)
2026-07-31 21:08:34,976 | INFO | [🎉 SNI WORKED] Нода ожила с SNI: api-maps.yandex.ru (порт 11005)
2026-07-31 21:11:21,010 | INFO | [🎉 SNI WORKED] Нода ожила с SNI: api-maps.yandex.ru (порт 11030)
2026-07-31 21:11:42,255 | INFO | [🎉 SNI WORKED] Нода ожила с SNI: api-maps.yandex.ru (порт 11014)
2026-07-31 21:11:46,398 | INFO | [🎉 SNI WORKED] Нода ожила с SNI: api-maps.yandex.ru (порт 11036)
2026-07-31 21:11:48,362 | INFO | ⏱️ Время проверки: 311.6 сек
2026-07-31 21:11:48,362 | INFO | 
--- RESULT: Found 103 live nodes ---
2026-07-31 21:11:48,362 | INFO | After dedup: 103
2026-07-31 21:11:48,374 | INFO | alive_archive.txt updated: 5000 nodes (limit 5000)
2026-07-31 21:11:48,374 | INFO | Subscription updated: /home/runner/work/sbornik/sbornik/subs/vless_001.txt
2026-07-31 21:11:48,374 | INFO | 
--- STATS BY PROTOCOL ---
2026-07-31 21:11:48,375 | INFO | reality: 45
2026-07-31 21:11:48,375 | INFO | ws: 57
2026-07-31 21:11:48,375 | INFO | other: 1
2026-07-31 21:11:48,375 | INFO | 
--- TOP SNI STATS ---
2026-07-31 21:11:48,375 | INFO | api-maps.yandex.ru: 157 успешных мутаций
2026-07-31 21:11:48,375 | INFO | ozon.ru: 37 успешных мутаций
2026-07-31 21:11:48,375 | INFO | mail.ru: 32 успешных мутаций
2026-07-31 21:11:48,375 | INFO | ok.ru: 28 успешных мутаций
2026-07-31 21:11:48,375 | INFO | yandex.ru: 28 успешных мутаций
2026-07-31 21:11:48,375 | INFO | vk.com: 26 успешных мутаций
2026-07-31 21:11:48,375 | INFO | wildberries.ru: 25 успешных мутаций
2026-07-31 21:11:48,375 | INFO | dzen.ru: 3 успешных мутаций
2026-07-31 21:11:48,375 | INFO | rutube.ru: 2 успешных мутаций
2026-07-31 21:11:48,375 | INFO | cdn.x5.ru: 1 успешных мутаций
2026-07-31 21:11:48,376 | INFO | 💾 Статистика SNI сохранена
