2026-08-29 13:40:17,628 | INFO | 📊 Загружена статистика SNI: 26 доменов
2026-08-29 13:40:17,629 | INFO | === SING-BOX STATUS ===
2026-08-29 13:40:17,637 | INFO | sing-box version 1.13.20

Environment: go1.25.12 linux/amd64
Tags: with_gvisor,with_quic,with_dhcp,with_wireguard,with_utls,with_acme,with_clash_api,with_tailscale,with_ccm,with_ocm,with_naive_outbound,badlinkname,tfogo_checklinkname0,with_musl
Revision: 56f91dfeabd6f4edbd437dfcc1e5b0ebc856b778
CGO: enabled
2026-08-29 13:40:17,637 | INFO | 
--- STEP 1: FETCHING SOURCES ---
2026-08-29 13:40:17,671 | INFO | Loaded 26 lines from https://raw.githubusercontent.com/igareck/vpn-conf...
2026-08-29 13:40:17,728 | INFO | Loaded 0 lines from https://raw.githubusercontent.com/igareck/vpn-conf...
2026-08-29 13:40:17,758 | INFO | Loaded 8 lines from https://raw.githubusercontent.com/igareck/vpn-conf...
2026-08-29 13:40:17,785 | INFO | Loaded 24 lines from https://raw.githubusercontent.com/igareck/vpn-conf...
2026-08-29 13:40:17,816 | INFO | Loaded 29 lines from https://raw.githubusercontent.com/igareck/vpn-conf...
2026-08-29 13:40:17,890 | INFO | Loaded 138 lines from https://raw.githubusercontent.com/igareck/vpn-conf...
2026-08-29 13:40:18,042 | INFO | Loaded 153 lines from https://raw.githubusercontent.com/igareck/vpn-conf...
2026-08-29 13:40:18,167 | INFO | Loaded 1820 lines from https://raw.githubusercontent.com/FLAT447/v2ray-li...
2026-08-29 13:40:18,168 | INFO | 
--- STEP 2: VALIDATION ---
2026-08-29 13:40:18,172 | INFO | Unique VLESS configs: 1925
2026-08-29 13:40:18,198 | INFO | Archive updated: 10000 nodes (limit 10000)
2026-08-29 13:40:18,214 | INFO | 
--- STEP 3: LIVE CHECK (1925 nodes, threads: 40) ---
2026-08-29 14:36:42,513 | INFO | ⏱️ Время проверки: 3384.3 сек
2026-08-29 14:36:42,513 | INFO | 
--- RESULT: Found 77 live nodes ---
2026-08-29 14:36:42,513 | INFO | After dedup: 77
2026-08-29 14:36:42,513 | INFO | Filled from archive (+23), total: 100
2026-08-29 14:36:42,524 | INFO | alive_archive.txt updated: 5000 nodes (limit 5000)
2026-08-29 14:36:42,524 | INFO | Subscription updated: /home/runner/work/sbornik/sbornik/subs/vless_001.txt
2026-08-29 14:36:42,524 | INFO | 
--- STATS BY PROTOCOL ---
2026-08-29 14:36:42,524 | INFO | reality: 54
2026-08-29 14:36:42,524 | INFO | ws: 40
2026-08-29 14:36:42,524 | INFO | other: 6
2026-08-29 14:36:42,524 | INFO | 
--- TOP SNI STATS ---
2026-08-29 14:36:42,525 | INFO | api-maps.yandex.ru: 259 успешных мутаций
2026-08-29 14:36:42,525 | INFO | ozon.ru: 107 успешных мутаций
2026-08-29 14:36:42,525 | INFO | yandex.ru: 97 успешных мутаций
2026-08-29 14:36:42,525 | INFO | vk.com: 91 успешных мутаций
2026-08-29 14:36:42,525 | INFO | mail.ru: 90 успешных мутаций
2026-08-29 14:36:42,525 | INFO | wildberries.ru: 86 успешных мутаций
2026-08-29 14:36:42,525 | INFO | ok.ru: 72 успешных мутаций
2026-08-29 14:36:42,525 | INFO | storage.yandex.net: 16 успешных мутаций
2026-08-29 14:36:42,525 | INFO | dzen.ru: 8 успешных мутаций
2026-08-29 14:36:42,525 | INFO | rutube.ru: 7 успешных мутаций
2026-08-29 14:36:42,525 | INFO | 💾 Статистика SNI сохранена
