2026-09-07 09:03:06,011 | INFO | 📊 Загружена статистика SNI: 26 доменов
2026-09-07 09:03:06,012 | INFO | === SING-BOX STATUS ===
2026-09-07 09:03:06,039 | INFO | sing-box version 1.14.0

Environment: go1.26.7 linux/amd64
Tags: with_gvisor,with_quic,with_dhcp,with_wireguard,with_utls,with_acme,with_clash_api,with_tailscale,with_ccm,with_ocm,with_cloudflared,with_naive_outbound,with_usbip,with_openvpn,with_openconnect,badlinkname,tfogo_checklinkname0,with_musl
Revision: 0b8995879f29a9b98ee027bc17b75e101445b238
CGO: enabled
2026-09-07 09:03:06,039 | INFO | 
--- STEP 1: FETCHING SOURCES ---
2026-09-07 09:03:06,069 | INFO | Loaded 27 lines from https://raw.githubusercontent.com/igareck/vpn-conf...
2026-09-07 09:03:06,176 | INFO | Loaded 0 lines from https://raw.githubusercontent.com/igareck/vpn-conf...
2026-09-07 09:03:06,307 | INFO | Loaded 13 lines from https://raw.githubusercontent.com/igareck/vpn-conf...
2026-09-07 09:03:06,422 | INFO | Loaded 4 lines from https://raw.githubusercontent.com/igareck/vpn-conf...
2026-09-07 09:03:06,532 | INFO | Loaded 27 lines from https://raw.githubusercontent.com/igareck/vpn-conf...
2026-09-07 09:03:06,641 | INFO | Loaded 98 lines from https://raw.githubusercontent.com/igareck/vpn-conf...
2026-09-07 09:03:06,896 | INFO | Loaded 153 lines from https://raw.githubusercontent.com/igareck/vpn-conf...
2026-09-07 09:03:07,211 | INFO | Loaded 208 lines from https://raw.githubusercontent.com/FLAT447/v2ray-li...
2026-09-07 09:03:07,211 | INFO | 
--- STEP 2: VALIDATION ---
2026-09-07 09:03:07,212 | INFO | Unique VLESS configs: 370
2026-09-07 09:03:07,240 | INFO | Archive updated: 10000 nodes (limit 10000)
2026-09-07 09:03:07,241 | INFO | 
--- STEP 3: LIVE CHECK (370 nodes, threads: 40) ---
2026-09-07 09:11:18,845 | INFO | ⏱️ Время проверки: 491.6 сек
2026-09-07 09:11:18,846 | INFO | 
--- RESULT: Found 69 live nodes ---
2026-09-07 09:11:18,846 | INFO | After dedup: 69
2026-09-07 09:11:18,846 | INFO | Filled from archive (+31), total: 100
2026-09-07 09:11:18,855 | INFO | alive_archive.txt updated: 5000 nodes (limit 5000)
2026-09-07 09:11:18,855 | INFO | Subscription updated: /home/runner/work/sbornik/sbornik/subs/vless_001.txt
2026-09-07 09:11:18,855 | INFO | 
--- STATS BY PROTOCOL ---
2026-09-07 09:11:18,855 | INFO | reality: 39
2026-09-07 09:11:18,855 | INFO | tls: 8
2026-09-07 09:11:18,855 | INFO | ws: 53
2026-09-07 09:11:18,855 | INFO | 
--- TOP SNI STATS ---
2026-09-07 09:11:18,855 | INFO | api-maps.yandex.ru: 262 успешных мутаций
2026-09-07 09:11:18,855 | INFO | ozon.ru: 108 успешных мутаций
2026-09-07 09:11:18,855 | INFO | yandex.ru: 98 успешных мутаций
2026-09-07 09:11:18,855 | INFO | vk.com: 94 успешных мутаций
2026-09-07 09:11:18,855 | INFO | mail.ru: 90 успешных мутаций
2026-09-07 09:11:18,855 | INFO | wildberries.ru: 86 успешных мутаций
2026-09-07 09:11:18,855 | INFO | ok.ru: 72 успешных мутаций
2026-09-07 09:11:18,855 | INFO | storage.yandex.net: 16 успешных мутаций
2026-09-07 09:11:18,855 | INFO | dzen.ru: 9 успешных мутаций
2026-09-07 09:11:18,855 | INFO | rutube.ru: 8 успешных мутаций
2026-09-07 09:11:18,856 | INFO | 💾 Статистика SNI сохранена
