2026-08-26 16:48:53,645 | INFO | 📊 Загружена статистика SNI: 26 доменов
2026-08-26 16:48:53,645 | INFO | === SING-BOX STATUS ===
2026-08-26 16:48:53,654 | INFO | sing-box version 1.13.19

Environment: go1.25.12 linux/amd64
Tags: with_gvisor,with_quic,with_dhcp,with_wireguard,with_utls,with_acme,with_clash_api,with_tailscale,with_ccm,with_ocm,with_naive_outbound,badlinkname,tfogo_checklinkname0,with_musl
Revision: b5ebaa1fc0f2b94256180b95468e73ef53caa27d
CGO: enabled
2026-08-26 16:48:53,654 | INFO | 
--- STEP 1: FETCHING SOURCES ---
2026-08-26 16:48:53,693 | INFO | Loaded 55 lines from https://raw.githubusercontent.com/igareck/vpn-conf...
2026-08-26 16:48:53,750 | INFO | Loaded 0 lines from https://raw.githubusercontent.com/igareck/vpn-conf...
2026-08-26 16:48:53,781 | INFO | Loaded 28 lines from https://raw.githubusercontent.com/igareck/vpn-conf...
2026-08-26 16:48:53,813 | INFO | Loaded 53 lines from https://raw.githubusercontent.com/igareck/vpn-conf...
2026-08-26 16:48:53,847 | INFO | Loaded 59 lines from https://raw.githubusercontent.com/igareck/vpn-conf...
2026-08-26 16:48:53,887 | INFO | Loaded 151 lines from https://raw.githubusercontent.com/igareck/vpn-conf...
2026-08-26 16:48:53,956 | INFO | Loaded 153 lines from https://raw.githubusercontent.com/igareck/vpn-conf...
2026-08-26 16:48:54,125 | INFO | Loaded 1804 lines from https://raw.githubusercontent.com/FLAT447/v2ray-li...
2026-08-26 16:48:54,125 | INFO | 
--- STEP 2: VALIDATION ---
2026-08-26 16:48:54,130 | INFO | Unique VLESS configs: 1933
2026-08-26 16:48:54,156 | INFO | Archive updated: 10000 nodes (limit 10000)
2026-08-26 16:48:54,171 | INFO | 
--- STEP 3: LIVE CHECK (1933 nodes, threads: 40) ---
2026-08-26 17:55:54,810 | INFO | ⏱️ Время проверки: 4020.6 сек
2026-08-26 17:55:54,810 | INFO | 
--- RESULT: Found 97 live nodes ---
2026-08-26 17:55:54,810 | INFO | After dedup: 97
2026-08-26 17:55:54,810 | INFO | Filled from archive (+3), total: 100
2026-08-26 17:55:54,820 | INFO | alive_archive.txt updated: 5000 nodes (limit 5000)
2026-08-26 17:55:54,821 | INFO | Subscription updated: /home/runner/work/sbornik/sbornik/subs/vless_001.txt
2026-08-26 17:55:54,821 | INFO | 
--- STATS BY PROTOCOL ---
2026-08-26 17:55:54,821 | INFO | reality: 65
2026-08-26 17:55:54,821 | INFO | ws: 27
2026-08-26 17:55:54,821 | INFO | other: 8
2026-08-26 17:55:54,821 | INFO | 
--- TOP SNI STATS ---
2026-08-26 17:55:54,821 | INFO | api-maps.yandex.ru: 259 успешных мутаций
2026-08-26 17:55:54,821 | INFO | ozon.ru: 107 успешных мутаций
2026-08-26 17:55:54,821 | INFO | yandex.ru: 97 успешных мутаций
2026-08-26 17:55:54,821 | INFO | vk.com: 91 успешных мутаций
2026-08-26 17:55:54,821 | INFO | mail.ru: 90 успешных мутаций
2026-08-26 17:55:54,821 | INFO | wildberries.ru: 86 успешных мутаций
2026-08-26 17:55:54,821 | INFO | ok.ru: 72 успешных мутаций
2026-08-26 17:55:54,821 | INFO | storage.yandex.net: 16 успешных мутаций
2026-08-26 17:55:54,821 | INFO | dzen.ru: 8 успешных мутаций
2026-08-26 17:55:54,822 | INFO | rutube.ru: 7 успешных мутаций
2026-08-26 17:55:54,822 | INFO | 💾 Статистика SNI сохранена
