2026-09-14 22:59:09,555 | INFO | 📊 Загружена статистика SNI: 26 доменов
2026-09-14 22:59:09,556 | INFO | === SING-BOX STATUS ===
2026-09-14 22:59:09,602 | INFO | sing-box version 1.14.0

Environment: go1.26.7 linux/amd64
Tags: with_gvisor,with_quic,with_dhcp,with_wireguard,with_utls,with_acme,with_clash_api,with_tailscale,with_ccm,with_ocm,with_cloudflared,with_naive_outbound,with_usbip,with_openvpn,with_openconnect,badlinkname,tfogo_checklinkname0,with_musl
Revision: 0b8995879f29a9b98ee027bc17b75e101445b238
CGO: enabled
2026-09-14 22:59:09,602 | INFO | 
--- STEP 1: FETCHING SOURCES ---
2026-09-14 22:59:09,737 | INFO | Loaded 101 lines from https://raw.githubusercontent.com/igareck/vpn-conf...
2026-09-14 22:59:09,868 | INFO | Loaded 0 lines from https://raw.githubusercontent.com/igareck/vpn-conf...
2026-09-14 22:59:09,999 | INFO | Loaded 3 lines from https://raw.githubusercontent.com/igareck/vpn-conf...
2026-09-14 22:59:10,099 | INFO | Loaded 3 lines from https://raw.githubusercontent.com/igareck/vpn-conf...
2026-09-14 22:59:10,227 | INFO | Loaded 103 lines from https://raw.githubusercontent.com/igareck/vpn-conf...
2026-09-14 22:59:10,359 | INFO | Loaded 174 lines from https://raw.githubusercontent.com/igareck/vpn-conf...
2026-09-14 22:59:10,470 | INFO | Loaded 148 lines from https://raw.githubusercontent.com/igareck/vpn-conf...
2026-09-14 22:59:10,649 | INFO | Loaded 24 lines from https://raw.githubusercontent.com/FLAT447/v2ray-li...
2026-09-14 22:59:10,649 | INFO | 
--- STEP 2: VALIDATION ---
2026-09-14 22:59:10,650 | INFO | Unique VLESS configs: 271
2026-09-14 22:59:10,674 | INFO | Archive updated: 10000 nodes (limit 10000)
2026-09-14 22:59:10,675 | INFO | 
--- STEP 3: LIVE CHECK (271 nodes, threads: 40) ---
2026-09-14 23:01:21,773 | INFO | ⏱️ Время проверки: 131.1 сек
2026-09-14 23:01:21,774 | INFO | 
--- RESULT: Found 100 live nodes ---
2026-09-14 23:01:21,774 | INFO | After dedup: 100
2026-09-14 23:01:21,784 | INFO | alive_archive.txt updated: 5000 nodes (limit 5000)
2026-09-14 23:01:21,784 | INFO | Subscription updated: /home/runner/work/sbornik/sbornik/subs/vless_001.txt
2026-09-14 23:01:21,784 | INFO | 
--- STATS BY PROTOCOL ---
2026-09-14 23:01:21,785 | INFO | reality: 81
2026-09-14 23:01:21,785 | INFO | ws: 19
2026-09-14 23:01:21,785 | INFO | 
--- TOP SNI STATS ---
2026-09-14 23:01:21,785 | INFO | api-maps.yandex.ru: 268 успешных мутаций
2026-09-14 23:01:21,785 | INFO | ozon.ru: 108 успешных мутаций
2026-09-14 23:01:21,785 | INFO | yandex.ru: 98 успешных мутаций
2026-09-14 23:01:21,785 | INFO | vk.com: 94 успешных мутаций
2026-09-14 23:01:21,785 | INFO | mail.ru: 90 успешных мутаций
2026-09-14 23:01:21,785 | INFO | wildberries.ru: 86 успешных мутаций
2026-09-14 23:01:21,785 | INFO | ok.ru: 72 успешных мутаций
2026-09-14 23:01:21,785 | INFO | storage.yandex.net: 16 успешных мутаций
2026-09-14 23:01:21,785 | INFO | dzen.ru: 9 успешных мутаций
2026-09-14 23:01:21,785 | INFO | rutube.ru: 8 успешных мутаций
2026-09-14 23:01:21,785 | INFO | 💾 Статистика SNI сохранена
