2026-08-21 16:35:48,174 | INFO | 📊 Загружена статистика SNI: 26 доменов
2026-08-21 16:35:48,175 | INFO | === SING-BOX STATUS ===
2026-08-21 16:35:48,183 | INFO | sing-box version 1.13.19

Environment: go1.25.12 linux/amd64
Tags: with_gvisor,with_quic,with_dhcp,with_wireguard,with_utls,with_acme,with_clash_api,with_tailscale,with_ccm,with_ocm,with_naive_outbound,badlinkname,tfogo_checklinkname0,with_musl
Revision: b5ebaa1fc0f2b94256180b95468e73ef53caa27d
CGO: enabled
2026-08-21 16:35:48,183 | INFO | 
--- STEP 1: FETCHING SOURCES ---
2026-08-21 16:35:48,263 | INFO | Loaded 69 lines from https://raw.githubusercontent.com/igareck/vpn-conf...
2026-08-21 16:35:48,398 | INFO | Loaded 0 lines from https://raw.githubusercontent.com/igareck/vpn-conf...
2026-08-21 16:35:48,629 | INFO | Loaded 7 lines from https://raw.githubusercontent.com/igareck/vpn-conf...
2026-08-21 16:35:48,747 | INFO | Loaded 39 lines from https://raw.githubusercontent.com/igareck/vpn-conf...
2026-08-21 16:35:48,891 | INFO | Loaded 69 lines from https://raw.githubusercontent.com/igareck/vpn-conf...
2026-08-21 16:35:49,044 | INFO | Loaded 188 lines from https://raw.githubusercontent.com/igareck/vpn-conf...
2026-08-21 16:35:49,122 | INFO | Loaded 153 lines from https://raw.githubusercontent.com/igareck/vpn-conf...
2026-08-21 16:35:49,319 | INFO | Loaded 446 lines from https://raw.githubusercontent.com/FLAT447/v2ray-li...
2026-08-21 16:35:49,319 | INFO | 
--- STEP 2: VALIDATION ---
2026-08-21 16:35:49,321 | INFO | Unique VLESS configs: 704
2026-08-21 16:35:49,349 | INFO | Archive updated: 10000 nodes (limit 10000)
2026-08-21 16:35:49,353 | INFO | 
--- STEP 3: LIVE CHECK (704 nodes, threads: 40) ---
2026-08-21 16:48:16,981 | INFO | [🎉 SNI WORKED] Нода ожила с SNI: api-maps.yandex.ru (порт 11020)
2026-08-21 17:05:43,004 | INFO | ⏱️ Время проверки: 1793.7 сек
2026-08-21 17:05:43,004 | INFO | 
--- RESULT: Found 65 live nodes ---
2026-08-21 17:05:43,004 | INFO | After dedup: 65
2026-08-21 17:05:43,004 | INFO | Filled from archive (+35), total: 100
2026-08-21 17:05:43,015 | INFO | alive_archive.txt updated: 5000 nodes (limit 5000)
2026-08-21 17:05:43,015 | INFO | Subscription updated: /home/runner/work/sbornik/sbornik/subs/vless_001.txt
2026-08-21 17:05:43,015 | INFO | 
--- STATS BY PROTOCOL ---
2026-08-21 17:05:43,015 | INFO | reality: 52
2026-08-21 17:05:43,015 | INFO | tls: 33
2026-08-21 17:05:43,015 | INFO | ws: 14
2026-08-21 17:05:43,015 | INFO | other: 1
2026-08-21 17:05:43,016 | INFO | 
--- TOP SNI STATS ---
2026-08-21 17:05:43,016 | INFO | api-maps.yandex.ru: 258 успешных мутаций
2026-08-21 17:05:43,016 | INFO | yandex.ru: 96 успешных мутаций
2026-08-21 17:05:43,016 | INFO | ozon.ru: 93 успешных мутаций
2026-08-21 17:05:43,016 | INFO | vk.com: 90 успешных мутаций
2026-08-21 17:05:43,016 | INFO | mail.ru: 90 успешных мутаций
2026-08-21 17:05:43,016 | INFO | wildberries.ru: 84 успешных мутаций
2026-08-21 17:05:43,016 | INFO | ok.ru: 72 успешных мутаций
2026-08-21 17:05:43,016 | INFO | storage.yandex.net: 15 успешных мутаций
2026-08-21 17:05:43,016 | INFO | dzen.ru: 8 успешных мутаций
2026-08-21 17:05:43,016 | INFO | rutube.ru: 7 успешных мутаций
2026-08-21 17:05:43,016 | INFO | 💾 Статистика SNI сохранена
