2026-09-20 03:55:46,939 | INFO | 📊 Загружена статистика SNI: 26 доменов
2026-09-20 03:55:46,940 | INFO | === SING-BOX STATUS ===
2026-09-20 03:55:46,980 | INFO | sing-box version 1.14.1

Environment: go1.26.8 linux/amd64
Tags: with_gvisor,with_quic,with_dhcp,with_wireguard,with_utls,with_acme,with_clash_api,with_tailscale,with_ccm,with_ocm,with_cloudflared,with_naive_outbound,with_usbip,with_openvpn,with_openconnect,badlinkname,tfogo_checklinkname0,with_musl
Revision: 1ac1a339cb1223e9c70eae14c44411c75033c02d
CGO: enabled
2026-09-20 03:55:46,981 | INFO | 
--- STEP 1: FETCHING SOURCES ---
2026-09-20 03:55:47,035 | INFO | Loaded 45 lines from https://raw.githubusercontent.com/igareck/vpn-conf...
2026-09-20 03:55:47,111 | INFO | Loaded 0 lines from https://raw.githubusercontent.com/igareck/vpn-conf...
2026-09-20 03:55:47,215 | INFO | Loaded 5 lines from https://raw.githubusercontent.com/igareck/vpn-conf...
2026-09-20 03:55:47,273 | INFO | Loaded 18 lines from https://raw.githubusercontent.com/igareck/vpn-conf...
2026-09-20 03:55:47,324 | INFO | Loaded 50 lines from https://raw.githubusercontent.com/igareck/vpn-conf...
2026-09-20 03:55:47,430 | INFO | Loaded 250 lines from https://raw.githubusercontent.com/igareck/vpn-conf...
2026-09-20 03:55:47,489 | INFO | Loaded 151 lines from https://raw.githubusercontent.com/igareck/vpn-conf...
2026-09-20 03:55:47,630 | INFO | Loaded 23 lines from https://raw.githubusercontent.com/FLAT447/v2ray-li...
2026-09-20 03:55:47,630 | INFO | 
--- STEP 2: VALIDATION ---
2026-09-20 03:55:47,630 | INFO | Unique VLESS configs: 308
2026-09-20 03:55:47,651 | INFO | Archive updated: 10000 nodes (limit 10000)
2026-09-20 03:55:47,653 | INFO | 
--- STEP 3: LIVE CHECK (308 nodes, threads: 40) ---
2026-09-20 03:56:09,150 | INFO | ⏱️ Время проверки: 21.5 сек
2026-09-20 03:56:09,150 | INFO | 
--- RESULT: Found 111 live nodes ---
2026-09-20 03:56:09,150 | INFO | After dedup: 111
2026-09-20 03:56:09,165 | INFO | alive_archive.txt updated: 5000 nodes (limit 5000)
2026-09-20 03:56:09,165 | INFO | Subscription updated: /home/runner/work/sbornik/sbornik/subs/vless_001.txt
2026-09-20 03:56:09,165 | INFO | 
--- STATS BY PROTOCOL ---
2026-09-20 03:56:09,165 | INFO | reality: 96
2026-09-20 03:56:09,165 | INFO | tls: 8
2026-09-20 03:56:09,165 | INFO | ws: 7
2026-09-20 03:56:09,165 | INFO | 
--- TOP SNI STATS ---
2026-09-20 03:56:09,165 | INFO | api-maps.yandex.ru: 268 успешных мутаций
2026-09-20 03:56:09,165 | INFO | ozon.ru: 108 успешных мутаций
2026-09-20 03:56:09,165 | INFO | yandex.ru: 98 успешных мутаций
2026-09-20 03:56:09,166 | INFO | vk.com: 94 успешных мутаций
2026-09-20 03:56:09,166 | INFO | mail.ru: 90 успешных мутаций
2026-09-20 03:56:09,166 | INFO | wildberries.ru: 86 успешных мутаций
2026-09-20 03:56:09,166 | INFO | ok.ru: 72 успешных мутаций
2026-09-20 03:56:09,166 | INFO | storage.yandex.net: 16 успешных мутаций
2026-09-20 03:56:09,166 | INFO | dzen.ru: 9 успешных мутаций
2026-09-20 03:56:09,166 | INFO | rutube.ru: 8 успешных мутаций
2026-09-20 03:56:09,166 | INFO | 💾 Статистика SNI сохранена
