2026-08-31 21:23:00,155 | INFO | 📊 Загружена статистика SNI: 26 доменов
2026-08-31 21:23:00,155 | INFO | === SING-BOX STATUS ===
2026-08-31 21:23:00,182 | INFO | sing-box version 1.14.0

Environment: go1.26.7 linux/amd64
Tags: with_gvisor,with_quic,with_dhcp,with_wireguard,with_utls,with_acme,with_clash_api,with_tailscale,with_ccm,with_ocm,with_cloudflared,with_naive_outbound,with_usbip,with_openvpn,with_openconnect,badlinkname,tfogo_checklinkname0,with_musl
Revision: 0b8995879f29a9b98ee027bc17b75e101445b238
CGO: enabled
2026-08-31 21:23:00,182 | INFO | 
--- STEP 1: FETCHING SOURCES ---
2026-08-31 21:23:00,264 | INFO | Loaded 43 lines from https://raw.githubusercontent.com/igareck/vpn-conf...
2026-08-31 21:23:00,366 | INFO | Loaded 0 lines from https://raw.githubusercontent.com/igareck/vpn-conf...
2026-08-31 21:23:00,458 | INFO | Loaded 18 lines from https://raw.githubusercontent.com/igareck/vpn-conf...
2026-08-31 21:23:00,563 | INFO | Loaded 23 lines from https://raw.githubusercontent.com/igareck/vpn-conf...
2026-08-31 21:23:00,619 | INFO | Loaded 44 lines from https://raw.githubusercontent.com/igareck/vpn-conf...
2026-08-31 21:23:00,750 | INFO | Loaded 93 lines from https://raw.githubusercontent.com/igareck/vpn-conf...
2026-08-31 21:23:00,883 | INFO | Loaded 153 lines from https://raw.githubusercontent.com/igareck/vpn-conf...
2026-08-31 21:23:01,476 | INFO | Loaded 1616 lines from https://raw.githubusercontent.com/FLAT447/v2ray-li...
2026-08-31 21:23:01,476 | INFO | 
--- STEP 2: VALIDATION ---
2026-08-31 21:23:01,479 | INFO | Unique VLESS configs: 1679
2026-08-31 21:23:01,504 | INFO | Archive updated: 10000 nodes (limit 10000)
2026-08-31 21:23:01,513 | INFO | 
--- STEP 3: LIVE CHECK (1679 nodes, threads: 40) ---
2026-08-31 21:24:02,779 | INFO | ⏱️ Время проверки: 61.3 сек
2026-08-31 21:24:02,779 | INFO | 
--- RESULT: Found 101 live nodes ---
2026-08-31 21:24:02,779 | INFO | After dedup: 101
2026-08-31 21:24:02,788 | INFO | alive_archive.txt updated: 5000 nodes (limit 5000)
2026-08-31 21:24:02,788 | INFO | Subscription updated: /home/runner/work/sbornik/sbornik/subs/vless_001.txt
2026-08-31 21:24:02,788 | INFO | 
--- STATS BY PROTOCOL ---
2026-08-31 21:24:02,788 | INFO | reality: 72
2026-08-31 21:24:02,788 | INFO | ws: 28
2026-08-31 21:24:02,788 | INFO | other: 1
2026-08-31 21:24:02,788 | INFO | 
--- TOP SNI STATS ---
2026-08-31 21:24:02,788 | INFO | api-maps.yandex.ru: 262 успешных мутаций
2026-08-31 21:24:02,788 | INFO | ozon.ru: 107 успешных мутаций
2026-08-31 21:24:02,788 | INFO | yandex.ru: 98 успешных мутаций
2026-08-31 21:24:02,788 | INFO | vk.com: 91 успешных мутаций
2026-08-31 21:24:02,788 | INFO | mail.ru: 90 успешных мутаций
2026-08-31 21:24:02,788 | INFO | wildberries.ru: 86 успешных мутаций
2026-08-31 21:24:02,788 | INFO | ok.ru: 72 успешных мутаций
2026-08-31 21:24:02,788 | INFO | storage.yandex.net: 16 успешных мутаций
2026-08-31 21:24:02,788 | INFO | rutube.ru: 8 успешных мутаций
2026-08-31 21:24:02,788 | INFO | dzen.ru: 8 успешных мутаций
2026-08-31 21:24:02,788 | INFO | 💾 Статистика SNI сохранена
