2026-08-27 08:05:26,235 | INFO | 📊 Загружена статистика SNI: 26 доменов
2026-08-27 08:05:26,235 | INFO | === SING-BOX STATUS ===
2026-08-27 08:05:26,243 | INFO | sing-box version 1.13.19

Environment: go1.25.12 linux/amd64
Tags: with_gvisor,with_quic,with_dhcp,with_wireguard,with_utls,with_acme,with_clash_api,with_tailscale,with_ccm,with_ocm,with_naive_outbound,badlinkname,tfogo_checklinkname0,with_musl
Revision: b5ebaa1fc0f2b94256180b95468e73ef53caa27d
CGO: enabled
2026-08-27 08:05:26,243 | INFO | 
--- STEP 1: FETCHING SOURCES ---
2026-08-27 08:05:26,365 | INFO | Loaded 37 lines from https://raw.githubusercontent.com/igareck/vpn-conf...
2026-08-27 08:05:26,462 | INFO | Loaded 0 lines from https://raw.githubusercontent.com/igareck/vpn-conf...
2026-08-27 08:05:26,584 | INFO | Loaded 13 lines from https://raw.githubusercontent.com/igareck/vpn-conf...
2026-08-27 08:05:26,710 | INFO | Loaded 22 lines from https://raw.githubusercontent.com/igareck/vpn-conf...
2026-08-27 08:05:26,842 | INFO | Loaded 37 lines from https://raw.githubusercontent.com/igareck/vpn-conf...
2026-08-27 08:05:26,997 | INFO | Loaded 196 lines from https://raw.githubusercontent.com/igareck/vpn-conf...
2026-08-27 08:05:27,155 | INFO | Loaded 153 lines from https://raw.githubusercontent.com/igareck/vpn-conf...
2026-08-27 08:05:27,301 | INFO | Loaded 4 lines from https://raw.githubusercontent.com/FLAT447/v2ray-li...
2026-08-27 08:05:27,302 | INFO | 
--- STEP 2: VALIDATION ---
2026-08-27 08:05:27,302 | INFO | Unique VLESS configs: 268
2026-08-27 08:05:27,329 | INFO | Archive updated: 10000 nodes (limit 10000)
2026-08-27 08:05:27,330 | INFO | 
--- STEP 3: LIVE CHECK (268 nodes, threads: 40) ---
2026-08-27 08:14:25,285 | INFO | ⏱️ Время проверки: 538.0 сек
2026-08-27 08:14:25,285 | INFO | 
--- RESULT: Found 85 live nodes ---
2026-08-27 08:14:25,285 | INFO | After dedup: 85
2026-08-27 08:14:25,286 | INFO | Filled from archive (+15), total: 100
2026-08-27 08:14:25,296 | INFO | alive_archive.txt updated: 5000 nodes (limit 5000)
2026-08-27 08:14:25,296 | INFO | Subscription updated: /home/runner/work/sbornik/sbornik/subs/vless_001.txt
2026-08-27 08:14:25,296 | INFO | 
--- STATS BY PROTOCOL ---
2026-08-27 08:14:25,297 | INFO | reality: 75
2026-08-27 08:14:25,297 | INFO | ws: 22
2026-08-27 08:14:25,297 | INFO | other: 3
2026-08-27 08:14:25,297 | INFO | 
--- TOP SNI STATS ---
2026-08-27 08:14:25,297 | INFO | api-maps.yandex.ru: 259 успешных мутаций
2026-08-27 08:14:25,297 | INFO | ozon.ru: 107 успешных мутаций
2026-08-27 08:14:25,297 | INFO | yandex.ru: 97 успешных мутаций
2026-08-27 08:14:25,297 | INFO | vk.com: 91 успешных мутаций
2026-08-27 08:14:25,297 | INFO | mail.ru: 90 успешных мутаций
2026-08-27 08:14:25,297 | INFO | wildberries.ru: 86 успешных мутаций
2026-08-27 08:14:25,297 | INFO | ok.ru: 72 успешных мутаций
2026-08-27 08:14:25,297 | INFO | storage.yandex.net: 16 успешных мутаций
2026-08-27 08:14:25,297 | INFO | dzen.ru: 8 успешных мутаций
2026-08-27 08:14:25,297 | INFO | rutube.ru: 7 успешных мутаций
2026-08-27 08:14:25,298 | INFO | 💾 Статистика SNI сохранена
