2026-08-06 02:42:05,206 | INFO | 📊 Загружена статистика SNI: 26 доменов
2026-08-06 02:42:05,206 | INFO | === SING-BOX STATUS ===
2026-08-06 02:42:05,219 | INFO | sing-box version 1.13.16

Environment: go1.25.12 linux/amd64
Tags: with_gvisor,with_quic,with_dhcp,with_wireguard,with_utls,with_acme,with_clash_api,with_tailscale,with_ccm,with_ocm,with_naive_outbound,badlinkname,tfogo_checklinkname0,with_musl
Revision: 17ec3c71af8ca946dc50bf0d927c39fc77322aec
CGO: enabled
2026-08-06 02:42:05,220 | INFO | 
--- STEP 1: FETCHING SOURCES ---
2026-08-06 02:42:05,307 | INFO | Loaded 153 lines from https://raw.githubusercontent.com/igareck/vpn-conf...
2026-08-06 02:42:05,348 | INFO | Loaded 0 lines from https://raw.githubusercontent.com/igareck/vpn-conf...
2026-08-06 02:42:05,389 | INFO | Loaded 195 lines from https://raw.githubusercontent.com/igareck/vpn-conf...
2026-08-06 02:42:05,435 | INFO | Loaded 6 lines from https://raw.githubusercontent.com/igareck/vpn-conf...
2026-08-06 02:42:05,482 | INFO | Loaded 327 lines from https://raw.githubusercontent.com/igareck/vpn-conf...
2026-08-06 02:42:05,555 | INFO | Loaded 262 lines from https://raw.githubusercontent.com/igareck/vpn-conf...
2026-08-06 02:42:05,616 | INFO | Loaded 153 lines from https://raw.githubusercontent.com/igareck/vpn-conf...
2026-08-06 02:42:05,723 | INFO | Loaded 398 lines from https://raw.githubusercontent.com/FLAT447/v2ray-li...
2026-08-06 02:42:05,723 | INFO | 
--- STEP 2: VALIDATION ---
2026-08-06 02:42:05,725 | INFO | Unique VLESS configs: 964
2026-08-06 02:42:05,755 | INFO | Archive updated: 10000 nodes (limit 10000)
2026-08-06 02:42:05,761 | INFO | 
--- STEP 3: LIVE CHECK (964 nodes, threads: 40) ---
2026-08-06 02:42:19,260 | INFO | ⏱️ Время проверки: 13.5 сек
2026-08-06 02:42:19,260 | INFO | 
--- RESULT: Found 121 live nodes ---
2026-08-06 02:42:19,260 | INFO | After dedup: 121
2026-08-06 02:42:19,275 | INFO | alive_archive.txt updated: 5000 nodes (limit 5000)
2026-08-06 02:42:19,275 | INFO | Subscription updated: /home/runner/work/sbornik/sbornik/subs/vless_001.txt
2026-08-06 02:42:19,275 | INFO | 
--- STATS BY PROTOCOL ---
2026-08-06 02:42:19,275 | INFO | reality: 86
2026-08-06 02:42:19,275 | INFO | ws: 33
2026-08-06 02:42:19,275 | INFO | other: 2
2026-08-06 02:42:19,275 | INFO | 
--- TOP SNI STATS ---
2026-08-06 02:42:19,275 | INFO | api-maps.yandex.ru: 180 успешных мутаций
2026-08-06 02:42:19,275 | INFO | ozon.ru: 38 успешных мутаций
2026-08-06 02:42:19,276 | INFO | mail.ru: 33 успешных мутаций
2026-08-06 02:42:19,276 | INFO | yandex.ru: 30 успешных мутаций
2026-08-06 02:42:19,276 | INFO | ok.ru: 28 успешных мутаций
2026-08-06 02:42:19,276 | INFO | vk.com: 26 успешных мутаций
2026-08-06 02:42:19,276 | INFO | wildberries.ru: 25 успешных мутаций
2026-08-06 02:42:19,276 | INFO | dzen.ru: 7 успешных мутаций
2026-08-06 02:42:19,276 | INFO | rutube.ru: 3 успешных мутаций
2026-08-06 02:42:19,276 | INFO | cdn.x5.ru: 1 успешных мутаций
2026-08-06 02:42:19,276 | INFO | 💾 Статистика SNI сохранена
