2026-09-29 11:05:43,489 | INFO | 📊 Загружена статистика SNI: 26 доменов
2026-09-29 11:05:43,489 | INFO | === SING-BOX STATUS ===
2026-09-29 11:05:43,518 | INFO | sing-box version 1.14.2

Environment: go1.26.8 linux/amd64
Tags: with_gvisor,with_quic,with_dhcp,with_wireguard,with_utls,with_acme,with_clash_api,with_tailscale,with_ccm,with_ocm,with_cloudflared,with_naive_outbound,with_usbip,with_openvpn,with_openconnect,badlinkname,tfogo_checklinkname0,with_musl
Revision: af6e64c3b69e6132ebaee0e1a3d24e93903f6709
CGO: enabled
2026-09-29 11:05:43,518 | INFO | 
--- STEP 1: FETCHING SOURCES ---
2026-09-29 11:05:43,820 | INFO | Loaded 28 lines from https://raw.githubusercontent.com/igareck/vpn-conf...
2026-09-29 11:05:43,933 | INFO | Loaded 0 lines from https://raw.githubusercontent.com/igareck/vpn-conf...
2026-09-29 11:05:43,975 | INFO | Loaded 15 lines from https://raw.githubusercontent.com/igareck/vpn-conf...
2026-09-29 11:05:44,021 | INFO | Loaded 3 lines from https://raw.githubusercontent.com/igareck/vpn-conf...
2026-09-29 11:05:44,138 | INFO | Loaded 39 lines from https://raw.githubusercontent.com/igareck/vpn-conf...
2026-09-29 11:05:44,298 | INFO | Loaded 82 lines from https://raw.githubusercontent.com/igareck/vpn-conf...
2026-09-29 11:05:44,430 | INFO | Loaded 119 lines from https://raw.githubusercontent.com/igareck/vpn-conf...
2026-09-29 11:05:44,760 | INFO | Loaded 51 lines from https://raw.githubusercontent.com/FLAT447/v2ray-li...
2026-09-29 11:05:44,760 | INFO | 
--- STEP 2: VALIDATION ---
2026-09-29 11:05:44,760 | INFO | Unique VLESS configs: 163
2026-09-29 11:05:44,777 | INFO | Archive updated: 10000 nodes (limit 10000)
2026-09-29 11:05:44,779 | INFO | 
--- STEP 3: LIVE CHECK (163 nodes, threads: 40) ---
2026-09-29 11:11:19,023 | INFO | ⏱️ Время проверки: 334.2 сек
2026-09-29 11:11:19,023 | INFO | 
--- RESULT: Found 38 live nodes ---
2026-09-29 11:11:19,023 | INFO | After dedup: 38
2026-09-29 11:11:19,024 | INFO | Filled from archive (+62), total: 100
2026-09-29 11:11:19,034 | INFO | alive_archive.txt updated: 5000 nodes (limit 5000)
2026-09-29 11:11:19,034 | INFO | Subscription updated: /home/runner/work/sbornik/sbornik/subs/vless_001.txt
2026-09-29 11:11:19,034 | INFO | 
--- STATS BY PROTOCOL ---
2026-09-29 11:11:19,034 | INFO | reality: 53
2026-09-29 11:11:19,035 | INFO | tls: 2
2026-09-29 11:11:19,035 | INFO | ws: 44
2026-09-29 11:11:19,035 | INFO | other: 1
2026-09-29 11:11:19,035 | INFO | 
--- TOP SNI STATS ---
2026-09-29 11:11:19,035 | INFO | api-maps.yandex.ru: 268 успешных мутаций
2026-09-29 11:11:19,035 | INFO | ozon.ru: 108 успешных мутаций
2026-09-29 11:11:19,035 | INFO | yandex.ru: 99 успешных мутаций
2026-09-29 11:11:19,035 | INFO | vk.com: 94 успешных мутаций
2026-09-29 11:11:19,035 | INFO | mail.ru: 90 успешных мутаций
2026-09-29 11:11:19,035 | INFO | wildberries.ru: 86 успешных мутаций
2026-09-29 11:11:19,035 | INFO | ok.ru: 73 успешных мутаций
2026-09-29 11:11:19,035 | INFO | storage.yandex.net: 16 успешных мутаций
2026-09-29 11:11:19,035 | INFO | dzen.ru: 9 успешных мутаций
2026-09-29 11:11:19,035 | INFO | rutube.ru: 8 успешных мутаций
2026-09-29 11:11:19,035 | INFO | 💾 Статистика SNI сохранена
