2026-07-25 06:19:38,456 | INFO | 📊 Загружена статистика SNI: 26 доменов
2026-07-25 06:19:38,456 | INFO | === SING-BOX STATUS ===
2026-07-25 06:19:38,465 | INFO | sing-box version 1.13.14

Environment: go1.25.11 linux/amd64
Tags: with_gvisor,with_quic,with_dhcp,with_wireguard,with_utls,with_acme,with_clash_api,with_tailscale,with_ccm,with_ocm,with_naive_outbound,badlinkname,tfogo_checklinkname0,with_musl
Revision: 25a600db24f7680ad9806ce5427bd0ab8afe1114
CGO: enabled
2026-07-25 06:19:38,465 | INFO | 
--- STEP 1: FETCHING SOURCES ---
2026-07-25 06:19:38,502 | INFO | Loaded 111 lines from https://raw.githubusercontent.com/igareck/vpn-conf...
2026-07-25 06:19:38,532 | INFO | Loaded 0 lines from https://raw.githubusercontent.com/igareck/vpn-conf...
2026-07-25 06:19:38,565 | INFO | Loaded 48 lines from https://raw.githubusercontent.com/igareck/vpn-conf...
2026-07-25 06:19:38,596 | INFO | Loaded 3 lines from https://raw.githubusercontent.com/igareck/vpn-conf...
2026-07-25 06:19:38,626 | INFO | Loaded 117 lines from https://raw.githubusercontent.com/igareck/vpn-conf...
2026-07-25 06:19:38,679 | INFO | Loaded 341 lines from https://raw.githubusercontent.com/igareck/vpn-conf...
2026-07-25 06:19:38,712 | INFO | Loaded 153 lines from https://raw.githubusercontent.com/igareck/vpn-conf...
2026-07-25 06:19:38,783 | INFO | Loaded 484 lines from https://raw.githubusercontent.com/FLAT447/v2ray-li...
2026-07-25 06:19:38,783 | INFO | 
--- STEP 2: VALIDATION ---
2026-07-25 06:19:38,785 | INFO | Unique VLESS configs: 859
2026-07-25 06:19:38,815 | INFO | Archive updated: 10000 nodes (limit 10000)
2026-07-25 06:19:38,823 | INFO | 
--- STEP 3: LIVE CHECK (859 nodes, threads: 40) ---
2026-07-25 06:20:22,754 | INFO | ⏱️ Время проверки: 43.9 сек
2026-07-25 06:20:22,754 | INFO | 
--- RESULT: Found 100 live nodes ---
2026-07-25 06:20:22,754 | INFO | After dedup: 100
2026-07-25 06:20:22,767 | INFO | alive_archive.txt updated: 5000 nodes (limit 5000)
2026-07-25 06:20:22,768 | INFO | Subscription updated: /home/runner/work/sbornik/sbornik/subs/vless_001.txt
2026-07-25 06:20:22,768 | INFO | 
--- STATS BY PROTOCOL ---
2026-07-25 06:20:22,768 | INFO | reality: 59
2026-07-25 06:20:22,768 | INFO | ws: 27
2026-07-25 06:20:22,768 | INFO | other: 14
2026-07-25 06:20:22,768 | INFO | 
--- TOP SNI STATS ---
2026-07-25 06:20:22,768 | INFO | ozon.ru: 34 успешных мутаций
2026-07-25 06:20:22,768 | INFO | api-maps.yandex.ru: 31 успешных мутаций
2026-07-25 06:20:22,768 | INFO | mail.ru: 28 успешных мутаций
2026-07-25 06:20:22,768 | INFO | yandex.ru: 26 успешных мутаций
2026-07-25 06:20:22,768 | INFO | wildberries.ru: 23 успешных мутаций
2026-07-25 06:20:22,768 | INFO | ok.ru: 22 успешных мутаций
2026-07-25 06:20:22,768 | INFO | vk.com: 21 успешных мутаций
2026-07-25 06:20:22,769 | INFO | dzen.ru: 2 успешных мутаций
2026-07-25 06:20:22,769 | INFO | rutube.ru: 1 успешных мутаций
2026-07-25 06:20:22,769 | INFO | cdn.x5.ru: 1 успешных мутаций
2026-07-25 06:20:22,769 | INFO | 💾 Статистика SNI сохранена
