2026-08-21 08:42:05,923 | INFO | 📊 Загружена статистика SNI: 26 доменов
2026-08-21 08:42:05,924 | INFO | === SING-BOX STATUS ===
2026-08-21 08:42:05,932 | INFO | sing-box version 1.13.19

Environment: go1.25.12 linux/amd64
Tags: with_gvisor,with_quic,with_dhcp,with_wireguard,with_utls,with_acme,with_clash_api,with_tailscale,with_ccm,with_ocm,with_naive_outbound,badlinkname,tfogo_checklinkname0,with_musl
Revision: b5ebaa1fc0f2b94256180b95468e73ef53caa27d
CGO: enabled
2026-08-21 08:42:05,932 | INFO | 
--- STEP 1: FETCHING SOURCES ---
2026-08-21 08:42:05,966 | INFO | Loaded 67 lines from https://raw.githubusercontent.com/igareck/vpn-conf...
2026-08-21 08:42:05,995 | INFO | Loaded 0 lines from https://raw.githubusercontent.com/igareck/vpn-conf...
2026-08-21 08:42:06,023 | INFO | Loaded 10 lines from https://raw.githubusercontent.com/igareck/vpn-conf...
2026-08-21 08:42:06,053 | INFO | Loaded 28 lines from https://raw.githubusercontent.com/igareck/vpn-conf...
2026-08-21 08:42:06,084 | INFO | Loaded 67 lines from https://raw.githubusercontent.com/igareck/vpn-conf...
2026-08-21 08:42:06,125 | INFO | Loaded 147 lines from https://raw.githubusercontent.com/igareck/vpn-conf...
2026-08-21 08:42:06,154 | INFO | Loaded 153 lines from https://raw.githubusercontent.com/igareck/vpn-conf...
2026-08-21 08:42:06,249 | INFO | Loaded 423 lines from https://raw.githubusercontent.com/FLAT447/v2ray-li...
2026-08-21 08:42:06,249 | INFO | 
--- STEP 2: VALIDATION ---
2026-08-21 08:42:06,250 | INFO | Unique VLESS configs: 614
2026-08-21 08:42:06,277 | INFO | Archive updated: 10000 nodes (limit 10000)
2026-08-21 08:42:06,280 | INFO | 
--- STEP 3: LIVE CHECK (614 nodes, threads: 40) ---
2026-08-21 08:45:28,884 | INFO | [🎉 SNI WORKED] Нода ожила с SNI: storage.yandex.net (порт 11028)
2026-08-21 09:05:37,469 | INFO | ⏱️ Время проверки: 1411.2 сек
2026-08-21 09:05:37,469 | INFO | 
--- RESULT: Found 81 live nodes ---
2026-08-21 09:05:37,469 | INFO | After dedup: 81
2026-08-21 09:05:37,469 | INFO | Filled from archive (+19), total: 100
2026-08-21 09:05:37,481 | INFO | alive_archive.txt updated: 5000 nodes (limit 5000)
2026-08-21 09:05:37,481 | INFO | Subscription updated: /home/runner/work/sbornik/sbornik/subs/vless_001.txt
2026-08-21 09:05:37,481 | INFO | 
--- STATS BY PROTOCOL ---
2026-08-21 09:05:37,481 | INFO | reality: 64
2026-08-21 09:05:37,481 | INFO | tls: 5
2026-08-21 09:05:37,481 | INFO | ws: 29
2026-08-21 09:05:37,481 | INFO | other: 2
2026-08-21 09:05:37,481 | INFO | 
--- TOP SNI STATS ---
2026-08-21 09:05:37,481 | INFO | api-maps.yandex.ru: 257 успешных мутаций
2026-08-21 09:05:37,481 | INFO | yandex.ru: 96 успешных мутаций
2026-08-21 09:05:37,481 | INFO | ozon.ru: 93 успешных мутаций
2026-08-21 09:05:37,482 | INFO | vk.com: 90 успешных мутаций
2026-08-21 09:05:37,482 | INFO | mail.ru: 90 успешных мутаций
2026-08-21 09:05:37,482 | INFO | wildberries.ru: 84 успешных мутаций
2026-08-21 09:05:37,482 | INFO | ok.ru: 72 успешных мутаций
2026-08-21 09:05:37,482 | INFO | storage.yandex.net: 15 успешных мутаций
2026-08-21 09:05:37,482 | INFO | dzen.ru: 8 успешных мутаций
2026-08-21 09:05:37,482 | INFO | rutube.ru: 7 успешных мутаций
2026-08-21 09:05:37,482 | INFO | 💾 Статистика SNI сохранена
