2026-08-14 20:32:33,795 | INFO | 📊 Загружена статистика SNI: 26 доменов
2026-08-14 20:32:33,795 | INFO | === SING-BOX STATUS ===
2026-08-14 20:32:33,804 | INFO | sing-box version 1.13.18

Environment: go1.25.12 linux/amd64
Tags: with_gvisor,with_quic,with_dhcp,with_wireguard,with_utls,with_acme,with_clash_api,with_tailscale,with_ccm,with_ocm,with_naive_outbound,badlinkname,tfogo_checklinkname0,with_musl
Revision: 45ca32dcb966f07f97fc888fe8586e359dbe8405
CGO: enabled
2026-08-14 20:32:33,804 | INFO | 
--- STEP 1: FETCHING SOURCES ---
2026-08-14 20:32:33,844 | INFO | Loaded 27 lines from https://raw.githubusercontent.com/igareck/vpn-conf...
2026-08-14 20:32:33,898 | INFO | Loaded 0 lines from https://raw.githubusercontent.com/igareck/vpn-conf...
2026-08-14 20:32:33,932 | INFO | Loaded 8 lines from https://raw.githubusercontent.com/igareck/vpn-conf...
2026-08-14 20:32:33,962 | INFO | Loaded 8 lines from https://raw.githubusercontent.com/igareck/vpn-conf...
2026-08-14 20:32:33,994 | INFO | Loaded 27 lines from https://raw.githubusercontent.com/igareck/vpn-conf...
2026-08-14 20:32:34,043 | INFO | Loaded 83 lines from https://raw.githubusercontent.com/igareck/vpn-conf...
2026-08-14 20:32:34,129 | INFO | Loaded 153 lines from https://raw.githubusercontent.com/igareck/vpn-conf...
2026-08-14 20:32:34,256 | INFO | Loaded 504 lines from https://raw.githubusercontent.com/FLAT447/v2ray-li...
2026-08-14 20:32:34,257 | INFO | 
--- STEP 2: VALIDATION ---
2026-08-14 20:32:34,257 | INFO | Unique VLESS configs: 632
2026-08-14 20:32:34,283 | INFO | Archive updated: 10000 nodes (limit 10000)
2026-08-14 20:32:34,286 | INFO | 
--- STEP 3: LIVE CHECK (632 nodes, threads: 40) ---
2026-08-14 20:35:43,071 | INFO | ⏱️ Время проверки: 188.8 сек
2026-08-14 20:35:43,071 | INFO | 
--- RESULT: Found 102 live nodes ---
2026-08-14 20:35:43,071 | INFO | After dedup: 102
2026-08-14 20:35:43,081 | INFO | alive_archive.txt updated: 5000 nodes (limit 5000)
2026-08-14 20:35:43,082 | INFO | Subscription updated: /home/runner/work/sbornik/sbornik/subs/vless_001.txt
2026-08-14 20:35:43,082 | INFO | 
--- STATS BY PROTOCOL ---
2026-08-14 20:35:43,082 | INFO | reality: 50
2026-08-14 20:35:43,082 | INFO | tls: 13
2026-08-14 20:35:43,082 | INFO | ws: 39
2026-08-14 20:35:43,082 | INFO | 
--- TOP SNI STATS ---
2026-08-14 20:35:43,082 | INFO | api-maps.yandex.ru: 253 успешных мутаций
2026-08-14 20:35:43,082 | INFO | yandex.ru: 96 успешных мутаций
2026-08-14 20:35:43,082 | INFO | ozon.ru: 93 успешных мутаций
2026-08-14 20:35:43,082 | INFO | vk.com: 90 успешных мутаций
2026-08-14 20:35:43,082 | INFO | mail.ru: 90 успешных мутаций
2026-08-14 20:35:43,082 | INFO | wildberries.ru: 84 успешных мутаций
2026-08-14 20:35:43,082 | INFO | ok.ru: 72 успешных мутаций
2026-08-14 20:35:43,083 | INFO | storage.yandex.net: 14 успешных мутаций
2026-08-14 20:35:43,083 | INFO | dzen.ru: 7 успешных мутаций
2026-08-14 20:35:43,083 | INFO | rutube.ru: 6 успешных мутаций
2026-08-14 20:35:43,083 | INFO | 💾 Статистика SNI сохранена
