2026-08-07 09:00:53,852 | INFO | 📊 Загружена статистика SNI: 26 доменов
2026-08-07 09:00:53,852 | INFO | === SING-BOX STATUS ===
2026-08-07 09:00:53,860 | INFO | sing-box version 1.13.16

Environment: go1.25.12 linux/amd64
Tags: with_gvisor,with_quic,with_dhcp,with_wireguard,with_utls,with_acme,with_clash_api,with_tailscale,with_ccm,with_ocm,with_naive_outbound,badlinkname,tfogo_checklinkname0,with_musl
Revision: 17ec3c71af8ca946dc50bf0d927c39fc77322aec
CGO: enabled
2026-08-07 09:00:53,860 | INFO | 
--- STEP 1: FETCHING SOURCES ---
2026-08-07 09:00:53,999 | INFO | Loaded 153 lines from https://raw.githubusercontent.com/igareck/vpn-conf...
2026-08-07 09:00:54,167 | INFO | Loaded 0 lines from https://raw.githubusercontent.com/igareck/vpn-conf...
2026-08-07 09:00:54,227 | INFO | Loaded 242 lines from https://raw.githubusercontent.com/igareck/vpn-conf...
2026-08-07 09:00:54,288 | INFO | Loaded 8 lines from https://raw.githubusercontent.com/igareck/vpn-conf...
2026-08-07 09:00:54,359 | INFO | Loaded 247 lines from https://raw.githubusercontent.com/igareck/vpn-conf...
2026-08-07 09:00:54,490 | INFO | Loaded 200 lines from https://raw.githubusercontent.com/igareck/vpn-conf...
2026-08-07 09:00:54,565 | INFO | Loaded 153 lines from https://raw.githubusercontent.com/igareck/vpn-conf...
2026-08-07 09:00:54,698 | INFO | Loaded 384 lines from https://raw.githubusercontent.com/FLAT447/v2ray-li...
2026-08-07 09:00:54,698 | INFO | 
--- STEP 2: VALIDATION ---
2026-08-07 09:00:54,699 | INFO | Unique VLESS configs: 807
2026-08-07 09:00:54,720 | INFO | Archive updated: 10000 nodes (limit 10000)
2026-08-07 09:00:54,723 | INFO | 
--- STEP 3: LIVE CHECK (807 nodes, threads: 40) ---
2026-08-07 09:01:17,078 | INFO | [🎉 SNI WORKED] Нода ожила с SNI: ozon.ru (порт 11002)
2026-08-07 09:01:19,857 | INFO | [🎉 SNI WORKED] Нода ожила с SNI: ok.ru (порт 11000)
2026-08-07 09:01:28,099 | INFO | ⏱️ Время проверки: 33.4 сек
2026-08-07 09:01:28,099 | INFO | 
--- RESULT: Found 108 live nodes ---
2026-08-07 09:01:28,099 | INFO | After dedup: 108
2026-08-07 09:01:28,109 | INFO | alive_archive.txt updated: 5000 nodes (limit 5000)
2026-08-07 09:01:28,109 | INFO | Subscription updated: /home/runner/work/sbornik/sbornik/subs/vless_001.txt
2026-08-07 09:01:28,109 | INFO | 
--- STATS BY PROTOCOL ---
2026-08-07 09:01:28,109 | INFO | reality: 37
2026-08-07 09:01:28,109 | INFO | ws: 70
2026-08-07 09:01:28,109 | INFO | other: 1
2026-08-07 09:01:28,109 | INFO | 
--- TOP SNI STATS ---
2026-08-07 09:01:28,109 | INFO | api-maps.yandex.ru: 183 успешных мутаций
2026-08-07 09:01:28,109 | INFO | ozon.ru: 39 успешных мутаций
2026-08-07 09:01:28,110 | INFO | mail.ru: 35 успешных мутаций
2026-08-07 09:01:28,110 | INFO | yandex.ru: 30 успешных мутаций
2026-08-07 09:01:28,110 | INFO | vk.com: 29 успешных мутаций
2026-08-07 09:01:28,110 | INFO | ok.ru: 29 успешных мутаций
2026-08-07 09:01:28,110 | INFO | wildberries.ru: 27 успешных мутаций
2026-08-07 09:01:28,110 | INFO | dzen.ru: 7 успешных мутаций
2026-08-07 09:01:28,110 | INFO | rutube.ru: 3 успешных мутаций
2026-08-07 09:01:28,110 | INFO | cdn.x5.ru: 1 успешных мутаций
2026-08-07 09:01:28,110 | INFO | 💾 Статистика SNI сохранена
