2026-09-12 15:11:12,816 | INFO | 📊 Загружена статистика SNI: 26 доменов
2026-09-12 15:11:12,816 | INFO | === SING-BOX STATUS ===
2026-09-12 15:11:12,851 | INFO | sing-box version 1.14.0

Environment: go1.26.7 linux/amd64
Tags: with_gvisor,with_quic,with_dhcp,with_wireguard,with_utls,with_acme,with_clash_api,with_tailscale,with_ccm,with_ocm,with_cloudflared,with_naive_outbound,with_usbip,with_openvpn,with_openconnect,badlinkname,tfogo_checklinkname0,with_musl
Revision: 0b8995879f29a9b98ee027bc17b75e101445b238
CGO: enabled
2026-09-12 15:11:12,851 | INFO | 
--- STEP 1: FETCHING SOURCES ---
2026-09-12 15:11:12,888 | INFO | Loaded 96 lines from https://raw.githubusercontent.com/igareck/vpn-conf...
2026-09-12 15:11:12,946 | INFO | Loaded 0 lines from https://raw.githubusercontent.com/igareck/vpn-conf...
2026-09-12 15:11:13,001 | INFO | Loaded 18 lines from https://raw.githubusercontent.com/igareck/vpn-conf...
2026-09-12 15:11:13,082 | INFO | Loaded 8 lines from https://raw.githubusercontent.com/igareck/vpn-conf...
2026-09-12 15:11:13,112 | INFO | Loaded 96 lines from https://raw.githubusercontent.com/igareck/vpn-conf...
2026-09-12 15:11:13,274 | INFO | Loaded 157 lines from https://raw.githubusercontent.com/igareck/vpn-conf...
2026-09-12 15:11:13,328 | INFO | Loaded 153 lines from https://raw.githubusercontent.com/igareck/vpn-conf...
2026-09-12 15:11:13,419 | INFO | Loaded 243 lines from https://raw.githubusercontent.com/FLAT447/v2ray-li...
2026-09-12 15:11:13,419 | INFO | 
--- STEP 2: VALIDATION ---
2026-09-12 15:11:13,420 | INFO | Unique VLESS configs: 515
2026-09-12 15:11:13,448 | INFO | Archive updated: 10000 nodes (limit 10000)
2026-09-12 15:11:13,450 | INFO | 
--- STEP 3: LIVE CHECK (515 nodes, threads: 40) ---
2026-09-12 15:21:31,425 | INFO | ⏱️ Время проверки: 618.0 сек
2026-09-12 15:21:31,425 | INFO | 
--- RESULT: Found 55 live nodes ---
2026-09-12 15:21:31,425 | INFO | After dedup: 55
2026-09-12 15:21:31,425 | INFO | Filled from archive (+45), total: 100
2026-09-12 15:21:31,438 | INFO | alive_archive.txt updated: 5000 nodes (limit 5000)
2026-09-12 15:21:31,438 | INFO | Subscription updated: /home/runner/work/sbornik/sbornik/subs/vless_001.txt
2026-09-12 15:21:31,438 | INFO | 
--- STATS BY PROTOCOL ---
2026-09-12 15:21:31,438 | INFO | reality: 52
2026-09-12 15:21:31,438 | INFO | tls: 48
2026-09-12 15:21:31,438 | INFO | 
--- TOP SNI STATS ---
2026-09-12 15:21:31,438 | INFO | api-maps.yandex.ru: 268 успешных мутаций
2026-09-12 15:21:31,439 | INFO | ozon.ru: 108 успешных мутаций
2026-09-12 15:21:31,439 | INFO | yandex.ru: 98 успешных мутаций
2026-09-12 15:21:31,439 | INFO | vk.com: 94 успешных мутаций
2026-09-12 15:21:31,439 | INFO | mail.ru: 90 успешных мутаций
2026-09-12 15:21:31,439 | INFO | wildberries.ru: 86 успешных мутаций
2026-09-12 15:21:31,439 | INFO | ok.ru: 72 успешных мутаций
2026-09-12 15:21:31,439 | INFO | storage.yandex.net: 16 успешных мутаций
2026-09-12 15:21:31,439 | INFO | dzen.ru: 9 успешных мутаций
2026-09-12 15:21:31,439 | INFO | rutube.ru: 8 успешных мутаций
2026-09-12 15:21:31,439 | INFO | 💾 Статистика SNI сохранена
