2026-08-04 02:41:14,548 | INFO | 📊 Загружена статистика SNI: 26 доменов
2026-08-04 02:41:14,549 | INFO | === SING-BOX STATUS ===
2026-08-04 02:41:14,556 | INFO | sing-box version 1.13.16

Environment: go1.25.12 linux/amd64
Tags: with_gvisor,with_quic,with_dhcp,with_wireguard,with_utls,with_acme,with_clash_api,with_tailscale,with_ccm,with_ocm,with_naive_outbound,badlinkname,tfogo_checklinkname0,with_musl
Revision: 17ec3c71af8ca946dc50bf0d927c39fc77322aec
CGO: enabled
2026-08-04 02:41:14,556 | INFO | 
--- STEP 1: FETCHING SOURCES ---
2026-08-04 02:41:14,666 | INFO | Loaded 134 lines from https://raw.githubusercontent.com/igareck/vpn-conf...
2026-08-04 02:41:14,775 | INFO | Loaded 0 lines from https://raw.githubusercontent.com/igareck/vpn-conf...
2026-08-04 02:41:14,900 | INFO | Loaded 21 lines from https://raw.githubusercontent.com/igareck/vpn-conf...
2026-08-04 02:41:15,034 | INFO | Loaded 23 lines from https://raw.githubusercontent.com/igareck/vpn-conf...
2026-08-04 02:41:15,139 | INFO | Loaded 138 lines from https://raw.githubusercontent.com/igareck/vpn-conf...
2026-08-04 02:41:15,281 | INFO | Loaded 262 lines from https://raw.githubusercontent.com/igareck/vpn-conf...
2026-08-04 02:41:15,408 | INFO | Loaded 153 lines from https://raw.githubusercontent.com/igareck/vpn-conf...
2026-08-04 02:41:15,599 | INFO | Loaded 421 lines from https://raw.githubusercontent.com/FLAT447/v2ray-li...
2026-08-04 02:41:15,599 | INFO | 
--- STEP 2: VALIDATION ---
2026-08-04 02:41:15,601 | INFO | Unique VLESS configs: 806
2026-08-04 02:41:15,628 | INFO | Archive updated: 10000 nodes (limit 10000)
2026-08-04 02:41:15,631 | INFO | 
--- STEP 3: LIVE CHECK (806 nodes, threads: 40) ---
2026-08-04 02:41:41,367 | INFO | ⏱️ Время проверки: 25.7 сек
2026-08-04 02:41:41,367 | INFO | 
--- RESULT: Found 104 live nodes ---
2026-08-04 02:41:41,367 | INFO | After dedup: 104
2026-08-04 02:41:41,377 | INFO | alive_archive.txt updated: 5000 nodes (limit 5000)
2026-08-04 02:41:41,378 | INFO | Subscription updated: /home/runner/work/sbornik/sbornik/subs/vless_001.txt
2026-08-04 02:41:41,378 | INFO | 
--- STATS BY PROTOCOL ---
2026-08-04 02:41:41,378 | INFO | reality: 20
2026-08-04 02:41:41,378 | INFO | tls: 1
2026-08-04 02:41:41,378 | INFO | ws: 83
2026-08-04 02:41:41,378 | INFO | 
--- TOP SNI STATS ---
2026-08-04 02:41:41,378 | INFO | api-maps.yandex.ru: 180 успешных мутаций
2026-08-04 02:41:41,378 | INFO | ozon.ru: 37 успешных мутаций
2026-08-04 02:41:41,378 | INFO | mail.ru: 32 успешных мутаций
2026-08-04 02:41:41,378 | INFO | ok.ru: 28 успешных мутаций
2026-08-04 02:41:41,378 | INFO | yandex.ru: 28 успешных мутаций
2026-08-04 02:41:41,378 | INFO | vk.com: 26 успешных мутаций
2026-08-04 02:41:41,378 | INFO | wildberries.ru: 25 успешных мутаций
2026-08-04 02:41:41,378 | INFO | dzen.ru: 6 успешных мутаций
2026-08-04 02:41:41,378 | INFO | rutube.ru: 3 успешных мутаций
2026-08-04 02:41:41,378 | INFO | cdn.x5.ru: 1 успешных мутаций
2026-08-04 02:41:41,378 | INFO | 💾 Статистика SNI сохранена
