2026-09-27 04:14:34,720 | INFO | 📊 Загружена статистика SNI: 26 доменов
2026-09-27 04:14:34,720 | INFO | === SING-BOX STATUS ===
2026-09-27 04:14:34,747 | INFO | sing-box version 1.14.2

Environment: go1.26.8 linux/amd64
Tags: with_gvisor,with_quic,with_dhcp,with_wireguard,with_utls,with_acme,with_clash_api,with_tailscale,with_ccm,with_ocm,with_cloudflared,with_naive_outbound,with_usbip,with_openvpn,with_openconnect,badlinkname,tfogo_checklinkname0,with_musl
Revision: af6e64c3b69e6132ebaee0e1a3d24e93903f6709
CGO: enabled
2026-09-27 04:14:34,747 | INFO | 
--- STEP 1: FETCHING SOURCES ---
2026-09-27 04:14:34,889 | INFO | Loaded 94 lines from https://raw.githubusercontent.com/igareck/vpn-conf...
2026-09-27 04:14:34,995 | INFO | Loaded 0 lines from https://raw.githubusercontent.com/igareck/vpn-conf...
2026-09-27 04:14:35,094 | INFO | Loaded 9 lines from https://raw.githubusercontent.com/igareck/vpn-conf...
2026-09-27 04:14:35,224 | INFO | Loaded 4 lines from https://raw.githubusercontent.com/igareck/vpn-conf...
2026-09-27 04:14:35,271 | INFO | Loaded 100 lines from https://raw.githubusercontent.com/igareck/vpn-conf...
2026-09-27 04:14:35,379 | INFO | Loaded 257 lines from https://raw.githubusercontent.com/igareck/vpn-conf...
2026-09-27 04:14:35,502 | INFO | Loaded 153 lines from https://raw.githubusercontent.com/igareck/vpn-conf...
2026-09-27 04:14:35,644 | INFO | Loaded 49 lines from https://raw.githubusercontent.com/FLAT447/v2ray-li...
2026-09-27 04:14:35,644 | INFO | 
--- STEP 2: VALIDATION ---
2026-09-27 04:14:35,645 | INFO | Unique VLESS configs: 376
2026-09-27 04:14:35,659 | INFO | Archive updated: 10000 nodes (limit 10000)
2026-09-27 04:14:35,660 | INFO | 
--- STEP 3: LIVE CHECK (376 nodes, threads: 40) ---
2026-09-27 04:19:28,448 | INFO | ⏱️ Время проверки: 292.8 сек
2026-09-27 04:19:28,448 | INFO | 
--- RESULT: Found 106 live nodes ---
2026-09-27 04:19:28,448 | INFO | After dedup: 106
2026-09-27 04:19:28,457 | INFO | alive_archive.txt updated: 5000 nodes (limit 5000)
2026-09-27 04:19:28,458 | INFO | Subscription updated: /home/runner/work/sbornik/sbornik/subs/vless_001.txt
2026-09-27 04:19:28,458 | INFO | 
--- STATS BY PROTOCOL ---
2026-09-27 04:19:28,458 | INFO | reality: 33
2026-09-27 04:19:28,458 | INFO | tls: 16
2026-09-27 04:19:28,458 | INFO | ws: 56
2026-09-27 04:19:28,458 | INFO | other: 1
2026-09-27 04:19:28,458 | INFO | 
--- TOP SNI STATS ---
2026-09-27 04:19:28,458 | INFO | api-maps.yandex.ru: 268 успешных мутаций
2026-09-27 04:19:28,458 | INFO | ozon.ru: 108 успешных мутаций
2026-09-27 04:19:28,458 | INFO | yandex.ru: 98 успешных мутаций
2026-09-27 04:19:28,458 | INFO | vk.com: 94 успешных мутаций
2026-09-27 04:19:28,458 | INFO | mail.ru: 90 успешных мутаций
2026-09-27 04:19:28,458 | INFO | wildberries.ru: 86 успешных мутаций
2026-09-27 04:19:28,458 | INFO | ok.ru: 73 успешных мутаций
2026-09-27 04:19:28,458 | INFO | storage.yandex.net: 16 успешных мутаций
2026-09-27 04:19:28,458 | INFO | dzen.ru: 9 успешных мутаций
2026-09-27 04:19:28,458 | INFO | rutube.ru: 8 успешных мутаций
2026-09-27 04:19:28,459 | INFO | 💾 Статистика SNI сохранена
