2026-09-16 16:20:54,121 | INFO | 📊 Загружена статистика SNI: 26 доменов
2026-09-16 16:20:54,122 | INFO | === SING-BOX STATUS ===
2026-09-16 16:20:54,156 | INFO | sing-box version 1.14.1

Environment: go1.26.8 linux/amd64
Tags: with_gvisor,with_quic,with_dhcp,with_wireguard,with_utls,with_acme,with_clash_api,with_tailscale,with_ccm,with_ocm,with_cloudflared,with_naive_outbound,with_usbip,with_openvpn,with_openconnect,badlinkname,tfogo_checklinkname0,with_musl
Revision: 1ac1a339cb1223e9c70eae14c44411c75033c02d
CGO: enabled
2026-09-16 16:20:54,156 | INFO | 
--- STEP 1: FETCHING SOURCES ---
2026-09-16 16:20:54,239 | INFO | Loaded 74 lines from https://raw.githubusercontent.com/igareck/vpn-conf...
2026-09-16 16:20:54,316 | INFO | Loaded 0 lines from https://raw.githubusercontent.com/igareck/vpn-conf...
2026-09-16 16:20:54,405 | INFO | Loaded 3 lines from https://raw.githubusercontent.com/igareck/vpn-conf...
2026-09-16 16:20:54,437 | INFO | Loaded 3 lines from https://raw.githubusercontent.com/igareck/vpn-conf...
2026-09-16 16:20:54,495 | INFO | Loaded 75 lines from https://raw.githubusercontent.com/igareck/vpn-conf...
2026-09-16 16:20:54,548 | INFO | Loaded 139 lines from https://raw.githubusercontent.com/igareck/vpn-conf...
2026-09-16 16:20:54,631 | INFO | Loaded 136 lines from https://raw.githubusercontent.com/igareck/vpn-conf...
2026-09-16 16:20:54,778 | INFO | Loaded 20 lines from https://raw.githubusercontent.com/FLAT447/v2ray-li...
2026-09-16 16:20:54,778 | INFO | 
--- STEP 2: VALIDATION ---
2026-09-16 16:20:54,779 | INFO | Unique VLESS configs: 206
2026-09-16 16:20:54,803 | INFO | Archive updated: 10000 nodes (limit 10000)
2026-09-16 16:20:54,805 | INFO | 
--- STEP 3: LIVE CHECK (206 nodes, threads: 40) ---
2026-09-16 16:33:13,121 | INFO | ⏱️ Время проверки: 738.3 сек
2026-09-16 16:33:13,121 | INFO | 
--- RESULT: Found 36 live nodes ---
2026-09-16 16:33:13,121 | INFO | After dedup: 36
2026-09-16 16:33:13,121 | INFO | Filled from archive (+64), total: 100
2026-09-16 16:33:13,133 | INFO | alive_archive.txt updated: 5000 nodes (limit 5000)
2026-09-16 16:33:13,134 | INFO | Subscription updated: /home/runner/work/sbornik/sbornik/subs/vless_001.txt
2026-09-16 16:33:13,134 | INFO | 
--- STATS BY PROTOCOL ---
2026-09-16 16:33:13,134 | INFO | reality: 88
2026-09-16 16:33:13,134 | INFO | ws: 11
2026-09-16 16:33:13,134 | INFO | other: 1
2026-09-16 16:33:13,134 | INFO | 
--- TOP SNI STATS ---
2026-09-16 16:33:13,134 | INFO | api-maps.yandex.ru: 268 успешных мутаций
2026-09-16 16:33:13,134 | INFO | ozon.ru: 108 успешных мутаций
2026-09-16 16:33:13,134 | INFO | yandex.ru: 98 успешных мутаций
2026-09-16 16:33:13,134 | INFO | vk.com: 94 успешных мутаций
2026-09-16 16:33:13,134 | INFO | mail.ru: 90 успешных мутаций
2026-09-16 16:33:13,134 | INFO | wildberries.ru: 86 успешных мутаций
2026-09-16 16:33:13,134 | INFO | ok.ru: 72 успешных мутаций
2026-09-16 16:33:13,134 | INFO | storage.yandex.net: 16 успешных мутаций
2026-09-16 16:33:13,134 | INFO | dzen.ru: 9 успешных мутаций
2026-09-16 16:33:13,134 | INFO | rutube.ru: 8 успешных мутаций
2026-09-16 16:33:13,135 | INFO | 💾 Статистика SNI сохранена
