2026-09-08 16:12:27,546 | INFO | 📊 Загружена статистика SNI: 26 доменов
2026-09-08 16:12:27,547 | INFO | === SING-BOX STATUS ===
2026-09-08 16:12:27,582 | INFO | sing-box version 1.14.0

Environment: go1.26.7 linux/amd64
Tags: with_gvisor,with_quic,with_dhcp,with_wireguard,with_utls,with_acme,with_clash_api,with_tailscale,with_ccm,with_ocm,with_cloudflared,with_naive_outbound,with_usbip,with_openvpn,with_openconnect,badlinkname,tfogo_checklinkname0,with_musl
Revision: 0b8995879f29a9b98ee027bc17b75e101445b238
CGO: enabled
2026-09-08 16:12:27,582 | INFO | 
--- STEP 1: FETCHING SOURCES ---
2026-09-08 16:12:27,633 | INFO | Loaded 26 lines from https://raw.githubusercontent.com/igareck/vpn-conf...
2026-09-08 16:12:27,710 | INFO | Loaded 0 lines from https://raw.githubusercontent.com/igareck/vpn-conf...
2026-09-08 16:12:27,751 | INFO | Loaded 8 lines from https://raw.githubusercontent.com/igareck/vpn-conf...
2026-09-08 16:12:27,792 | INFO | Loaded 3 lines from https://raw.githubusercontent.com/igareck/vpn-conf...
2026-09-08 16:12:27,832 | INFO | Loaded 26 lines from https://raw.githubusercontent.com/igareck/vpn-conf...
2026-09-08 16:12:27,873 | INFO | Loaded 73 lines from https://raw.githubusercontent.com/igareck/vpn-conf...
2026-09-08 16:12:27,919 | INFO | Loaded 153 lines from https://raw.githubusercontent.com/igareck/vpn-conf...
2026-09-08 16:12:28,017 | INFO | Loaded 448 lines from https://raw.githubusercontent.com/FLAT447/v2ray-li...
2026-09-08 16:12:28,017 | INFO | 
--- STEP 2: VALIDATION ---
2026-09-08 16:12:28,018 | INFO | Unique VLESS configs: 460
2026-09-08 16:12:28,052 | INFO | Archive updated: 10000 nodes (limit 10000)
2026-09-08 16:12:28,055 | INFO | 
--- STEP 3: LIVE CHECK (460 nodes, threads: 40) ---
2026-09-08 16:20:50,427 | INFO | ⏱️ Время проверки: 502.4 сек
2026-09-08 16:20:50,427 | INFO | 
--- RESULT: Found 65 live nodes ---
2026-09-08 16:20:50,428 | INFO | After dedup: 65
2026-09-08 16:20:50,428 | INFO | Filled from archive (+35), total: 100
2026-09-08 16:20:50,438 | INFO | alive_archive.txt updated: 5000 nodes (limit 5000)
2026-09-08 16:20:50,439 | INFO | Subscription updated: /home/runner/work/sbornik/sbornik/subs/vless_001.txt
2026-09-08 16:20:50,439 | INFO | 
--- STATS BY PROTOCOL ---
2026-09-08 16:20:50,439 | INFO | reality: 81
2026-09-08 16:20:50,439 | INFO | ws: 18
2026-09-08 16:20:50,439 | INFO | other: 1
2026-09-08 16:20:50,439 | INFO | 
--- TOP SNI STATS ---
2026-09-08 16:20:50,439 | INFO | api-maps.yandex.ru: 264 успешных мутаций
2026-09-08 16:20:50,439 | INFO | ozon.ru: 108 успешных мутаций
2026-09-08 16:20:50,439 | INFO | yandex.ru: 98 успешных мутаций
2026-09-08 16:20:50,439 | INFO | vk.com: 94 успешных мутаций
2026-09-08 16:20:50,439 | INFO | mail.ru: 90 успешных мутаций
2026-09-08 16:20:50,439 | INFO | wildberries.ru: 86 успешных мутаций
2026-09-08 16:20:50,439 | INFO | ok.ru: 72 успешных мутаций
2026-09-08 16:20:50,439 | INFO | storage.yandex.net: 16 успешных мутаций
2026-09-08 16:20:50,439 | INFO | dzen.ru: 9 успешных мутаций
2026-09-08 16:20:50,440 | INFO | rutube.ru: 8 успешных мутаций
2026-09-08 16:20:50,440 | INFO | 💾 Статистика SNI сохранена
