2026-09-24 16:41:57,042 | INFO | 📊 Загружена статистика SNI: 26 доменов
2026-09-24 16:41:57,042 | INFO | === SING-BOX STATUS ===
2026-09-24 16:41:57,069 | INFO | sing-box version 1.14.2

Environment: go1.26.8 linux/amd64
Tags: with_gvisor,with_quic,with_dhcp,with_wireguard,with_utls,with_acme,with_clash_api,with_tailscale,with_ccm,with_ocm,with_cloudflared,with_naive_outbound,with_usbip,with_openvpn,with_openconnect,badlinkname,tfogo_checklinkname0,with_musl
Revision: af6e64c3b69e6132ebaee0e1a3d24e93903f6709
CGO: enabled
2026-09-24 16:41:57,069 | INFO | 
--- STEP 1: FETCHING SOURCES ---
2026-09-24 16:41:57,126 | INFO | Loaded 47 lines from https://raw.githubusercontent.com/igareck/vpn-conf...
2026-09-24 16:41:57,363 | INFO | Loaded 0 lines from https://raw.githubusercontent.com/igareck/vpn-conf...
2026-09-24 16:41:57,418 | INFO | Loaded 3 lines from https://raw.githubusercontent.com/igareck/vpn-conf...
2026-09-24 16:41:57,462 | INFO | Loaded 3 lines from https://raw.githubusercontent.com/igareck/vpn-conf...
2026-09-24 16:41:57,507 | INFO | Loaded 54 lines from https://raw.githubusercontent.com/igareck/vpn-conf...
2026-09-24 16:41:57,582 | INFO | Loaded 30 lines from https://raw.githubusercontent.com/igareck/vpn-conf...
2026-09-24 16:41:57,697 | INFO | Loaded 45 lines from https://raw.githubusercontent.com/igareck/vpn-conf...
2026-09-24 16:41:57,952 | INFO | Loaded 39 lines from https://raw.githubusercontent.com/FLAT447/v2ray-li...
2026-09-24 16:41:57,952 | INFO | 
--- STEP 2: VALIDATION ---
2026-09-24 16:41:57,952 | INFO | Unique VLESS configs: 112
2026-09-24 16:41:57,968 | INFO | Archive updated: 10000 nodes (limit 10000)
2026-09-24 16:41:57,969 | INFO | 
--- STEP 3: LIVE CHECK (112 nodes, threads: 40) ---
2026-09-24 16:47:58,144 | INFO | ⏱️ Время проверки: 360.2 сек
2026-09-24 16:47:58,144 | INFO | 
--- RESULT: Found 17 live nodes ---
2026-09-24 16:47:58,145 | INFO | After dedup: 17
2026-09-24 16:47:58,145 | INFO | Filled from archive (+83), total: 100
2026-09-24 16:47:58,154 | INFO | alive_archive.txt updated: 5000 nodes (limit 5000)
2026-09-24 16:47:58,155 | INFO | Subscription updated: /home/runner/work/sbornik/sbornik/subs/vless_001.txt
2026-09-24 16:47:58,155 | INFO | 
--- STATS BY PROTOCOL ---
2026-09-24 16:47:58,156 | INFO | reality: 80
2026-09-24 16:47:58,156 | INFO | tls: 1
2026-09-24 16:47:58,156 | INFO | ws: 15
2026-09-24 16:47:58,156 | INFO | other: 4
2026-09-24 16:47:58,156 | INFO | 
--- TOP SNI STATS ---
2026-09-24 16:47:58,156 | INFO | api-maps.yandex.ru: 268 успешных мутаций
2026-09-24 16:47:58,156 | INFO | ozon.ru: 108 успешных мутаций
2026-09-24 16:47:58,156 | INFO | yandex.ru: 98 успешных мутаций
2026-09-24 16:47:58,156 | INFO | vk.com: 94 успешных мутаций
2026-09-24 16:47:58,156 | INFO | mail.ru: 90 успешных мутаций
2026-09-24 16:47:58,156 | INFO | wildberries.ru: 86 успешных мутаций
2026-09-24 16:47:58,156 | INFO | ok.ru: 73 успешных мутаций
2026-09-24 16:47:58,156 | INFO | storage.yandex.net: 16 успешных мутаций
2026-09-24 16:47:58,156 | INFO | dzen.ru: 9 успешных мутаций
2026-09-24 16:47:58,156 | INFO | rutube.ru: 8 успешных мутаций
2026-09-24 16:47:58,156 | INFO | 💾 Статистика SNI сохранена
