2026-08-13 02:06:10,525 | INFO | 📊 Загружена статистика SNI: 26 доменов
2026-08-13 02:06:10,525 | INFO | === SING-BOX STATUS ===
2026-08-13 02:06:10,532 | INFO | sing-box version 1.13.18

Environment: go1.25.12 linux/amd64
Tags: with_gvisor,with_quic,with_dhcp,with_wireguard,with_utls,with_acme,with_clash_api,with_tailscale,with_ccm,with_ocm,with_naive_outbound,badlinkname,tfogo_checklinkname0,with_musl
Revision: 45ca32dcb966f07f97fc888fe8586e359dbe8405
CGO: enabled
2026-08-13 02:06:10,532 | INFO | 
--- STEP 1: FETCHING SOURCES ---
2026-08-13 02:06:10,646 | INFO | Loaded 136 lines from https://raw.githubusercontent.com/igareck/vpn-conf...
2026-08-13 02:06:10,759 | INFO | Loaded 0 lines from https://raw.githubusercontent.com/igareck/vpn-conf...
2026-08-13 02:06:10,876 | INFO | Loaded 30 lines from https://raw.githubusercontent.com/igareck/vpn-conf...
2026-08-13 02:06:10,981 | INFO | Loaded 21 lines from https://raw.githubusercontent.com/igareck/vpn-conf...
2026-08-13 02:06:11,044 | INFO | Loaded 136 lines from https://raw.githubusercontent.com/igareck/vpn-conf...
2026-08-13 02:06:11,157 | INFO | Loaded 115 lines from https://raw.githubusercontent.com/igareck/vpn-conf...
2026-08-13 02:06:11,217 | INFO | Loaded 153 lines from https://raw.githubusercontent.com/igareck/vpn-conf...
2026-08-13 02:06:11,399 | INFO | Loaded 380 lines from https://raw.githubusercontent.com/FLAT447/v2ray-li...
2026-08-13 02:06:11,400 | INFO | 
--- STEP 2: VALIDATION ---
2026-08-13 02:06:11,401 | INFO | Unique VLESS configs: 636
2026-08-13 02:06:11,526 | INFO | Archive updated: 10000 nodes (limit 10000)
2026-08-13 02:06:11,529 | INFO | 
--- STEP 3: LIVE CHECK (636 nodes, threads: 40) ---
2026-08-13 02:06:35,681 | INFO | ⏱️ Время проверки: 24.2 сек
2026-08-13 02:06:35,682 | INFO | 
--- RESULT: Found 106 live nodes ---
2026-08-13 02:06:35,682 | INFO | After dedup: 106
2026-08-13 02:06:35,690 | INFO | alive_archive.txt updated: 5000 nodes (limit 5000)
2026-08-13 02:06:35,690 | INFO | Subscription updated: /home/runner/work/sbornik/sbornik/subs/vless_001.txt
2026-08-13 02:06:35,690 | INFO | 
--- STATS BY PROTOCOL ---
2026-08-13 02:06:35,690 | INFO | reality: 57
2026-08-13 02:06:35,690 | INFO | ws: 46
2026-08-13 02:06:35,690 | INFO | other: 3
2026-08-13 02:06:35,690 | INFO | 
--- TOP SNI STATS ---
2026-08-13 02:06:35,690 | INFO | api-maps.yandex.ru: 253 успешных мутаций
2026-08-13 02:06:35,690 | INFO | yandex.ru: 95 успешных мутаций
2026-08-13 02:06:35,690 | INFO | ozon.ru: 93 успешных мутаций
2026-08-13 02:06:35,690 | INFO | mail.ru: 90 успешных мутаций
2026-08-13 02:06:35,690 | INFO | vk.com: 89 успешных мутаций
2026-08-13 02:06:35,690 | INFO | wildberries.ru: 84 успешных мутаций
2026-08-13 02:06:35,690 | INFO | ok.ru: 71 успешных мутаций
2026-08-13 02:06:35,690 | INFO | storage.yandex.net: 12 успешных мутаций
2026-08-13 02:06:35,690 | INFO | dzen.ru: 7 успешных мутаций
2026-08-13 02:06:35,690 | INFO | rutube.ru: 5 успешных мутаций
2026-08-13 02:06:35,691 | INFO | 💾 Статистика SNI сохранена
