2026-09-05 17:58:34,195 | INFO | 📊 Загружена статистика SNI: 26 доменов
2026-09-05 17:58:34,195 | INFO | === SING-BOX STATUS ===
2026-09-05 17:58:34,231 | INFO | sing-box version 1.14.0

Environment: go1.26.7 linux/amd64
Tags: with_gvisor,with_quic,with_dhcp,with_wireguard,with_utls,with_acme,with_clash_api,with_tailscale,with_ccm,with_ocm,with_cloudflared,with_naive_outbound,with_usbip,with_openvpn,with_openconnect,badlinkname,tfogo_checklinkname0,with_musl
Revision: 0b8995879f29a9b98ee027bc17b75e101445b238
CGO: enabled
2026-09-05 17:58:34,231 | INFO | 
--- STEP 1: FETCHING SOURCES ---
2026-09-05 17:58:34,297 | INFO | Loaded 11 lines from https://raw.githubusercontent.com/igareck/vpn-conf...
2026-09-05 17:58:34,341 | INFO | Loaded 0 lines from https://raw.githubusercontent.com/igareck/vpn-conf...
2026-09-05 17:58:34,394 | INFO | Loaded 3 lines from https://raw.githubusercontent.com/igareck/vpn-conf...
2026-09-05 17:58:34,436 | INFO | Loaded 10 lines from https://raw.githubusercontent.com/igareck/vpn-conf...
2026-09-05 17:58:34,477 | INFO | Loaded 11 lines from https://raw.githubusercontent.com/igareck/vpn-conf...
2026-09-05 17:58:34,518 | INFO | Loaded 34 lines from https://raw.githubusercontent.com/igareck/vpn-conf...
2026-09-05 17:58:34,593 | INFO | Loaded 59 lines from https://raw.githubusercontent.com/igareck/vpn-conf...
2026-09-05 17:58:34,684 | INFO | Loaded 461 lines from https://raw.githubusercontent.com/FLAT447/v2ray-li...
2026-09-05 17:58:34,684 | INFO | 
--- STEP 2: VALIDATION ---
2026-09-05 17:58:34,685 | INFO | Unique VLESS configs: 444
2026-09-05 17:58:34,721 | INFO | Archive updated: 10000 nodes (limit 10000)
2026-09-05 17:58:34,724 | INFO | 
--- STEP 3: LIVE CHECK (444 nodes, threads: 40) ---
2026-09-05 18:15:55,263 | INFO | ⏱️ Время проверки: 1040.5 сек
2026-09-05 18:15:55,263 | INFO | 
--- RESULT: Found 23 live nodes ---
2026-09-05 18:15:55,263 | INFO | After dedup: 23
2026-09-05 18:15:55,263 | INFO | Filled from archive (+77), total: 100
2026-09-05 18:15:55,276 | INFO | alive_archive.txt updated: 5000 nodes (limit 5000)
2026-09-05 18:15:55,276 | INFO | Subscription updated: /home/runner/work/sbornik/sbornik/subs/vless_001.txt
2026-09-05 18:15:55,276 | INFO | 
--- STATS BY PROTOCOL ---
2026-09-05 18:15:55,276 | INFO | reality: 69
2026-09-05 18:15:55,276 | INFO | ws: 26
2026-09-05 18:15:55,276 | INFO | other: 5
2026-09-05 18:15:55,276 | INFO | 
--- TOP SNI STATS ---
2026-09-05 18:15:55,277 | INFO | api-maps.yandex.ru: 262 успешных мутаций
2026-09-05 18:15:55,277 | INFO | ozon.ru: 108 успешных мутаций
2026-09-05 18:15:55,277 | INFO | yandex.ru: 98 успешных мутаций
2026-09-05 18:15:55,277 | INFO | vk.com: 92 успешных мутаций
2026-09-05 18:15:55,277 | INFO | mail.ru: 90 успешных мутаций
2026-09-05 18:15:55,277 | INFO | wildberries.ru: 86 успешных мутаций
2026-09-05 18:15:55,277 | INFO | ok.ru: 72 успешных мутаций
2026-09-05 18:15:55,277 | INFO | storage.yandex.net: 16 успешных мутаций
2026-09-05 18:15:55,277 | INFO | rutube.ru: 8 успешных мутаций
2026-09-05 18:15:55,277 | INFO | dzen.ru: 8 успешных мутаций
2026-09-05 18:15:55,277 | INFO | 💾 Статистика SNI сохранена
