2026-09-18 18:59:41,780 | INFO | 📊 Загружена статистика SNI: 26 доменов
2026-09-18 18:59:41,781 | INFO | === SING-BOX STATUS ===
2026-09-18 18:59:41,817 | INFO | sing-box version 1.14.1

Environment: go1.26.8 linux/amd64
Tags: with_gvisor,with_quic,with_dhcp,with_wireguard,with_utls,with_acme,with_clash_api,with_tailscale,with_ccm,with_ocm,with_cloudflared,with_naive_outbound,with_usbip,with_openvpn,with_openconnect,badlinkname,tfogo_checklinkname0,with_musl
Revision: 1ac1a339cb1223e9c70eae14c44411c75033c02d
CGO: enabled
2026-09-18 18:59:41,817 | INFO | 
--- STEP 1: FETCHING SOURCES ---
2026-09-18 18:59:41,862 | INFO | Loaded 60 lines from https://raw.githubusercontent.com/igareck/vpn-conf...
2026-09-18 18:59:41,902 | INFO | Loaded 0 lines from https://raw.githubusercontent.com/igareck/vpn-conf...
2026-09-18 18:59:41,946 | INFO | Loaded 43 lines from https://raw.githubusercontent.com/igareck/vpn-conf...
2026-09-18 18:59:41,993 | INFO | Loaded 3 lines from https://raw.githubusercontent.com/igareck/vpn-conf...
2026-09-18 18:59:42,037 | INFO | Loaded 63 lines from https://raw.githubusercontent.com/igareck/vpn-conf...
2026-09-18 18:59:42,079 | INFO | Loaded 155 lines from https://raw.githubusercontent.com/igareck/vpn-conf...
2026-09-18 18:59:42,154 | INFO | Loaded 153 lines from https://raw.githubusercontent.com/igareck/vpn-conf...
2026-09-18 18:59:42,247 | INFO | Loaded 23 lines from https://raw.githubusercontent.com/FLAT447/v2ray-li...
2026-09-18 18:59:42,247 | INFO | 
--- STEP 2: VALIDATION ---
2026-09-18 18:59:42,247 | INFO | Unique VLESS configs: 247
2026-09-18 18:59:42,270 | INFO | Archive updated: 10000 nodes (limit 10000)
2026-09-18 18:59:42,272 | INFO | 
--- STEP 3: LIVE CHECK (247 nodes, threads: 40) ---
2026-09-18 19:04:30,857 | INFO | ⏱️ Время проверки: 288.6 сек
2026-09-18 19:04:30,857 | INFO | 
--- RESULT: Found 104 live nodes ---
2026-09-18 19:04:30,858 | INFO | After dedup: 104
2026-09-18 19:04:30,867 | INFO | alive_archive.txt updated: 5000 nodes (limit 5000)
2026-09-18 19:04:30,868 | INFO | Subscription updated: /home/runner/work/sbornik/sbornik/subs/vless_001.txt
2026-09-18 19:04:30,868 | INFO | 
--- STATS BY PROTOCOL ---
2026-09-18 19:04:30,868 | INFO | reality: 91
2026-09-18 19:04:30,868 | INFO | tls: 10
2026-09-18 19:04:30,868 | INFO | ws: 2
2026-09-18 19:04:30,868 | INFO | other: 1
2026-09-18 19:04:30,868 | INFO | 
--- TOP SNI STATS ---
2026-09-18 19:04:30,868 | INFO | api-maps.yandex.ru: 268 успешных мутаций
2026-09-18 19:04:30,868 | INFO | ozon.ru: 108 успешных мутаций
2026-09-18 19:04:30,868 | INFO | yandex.ru: 98 успешных мутаций
2026-09-18 19:04:30,868 | INFO | vk.com: 94 успешных мутаций
2026-09-18 19:04:30,868 | INFO | mail.ru: 90 успешных мутаций
2026-09-18 19:04:30,868 | INFO | wildberries.ru: 86 успешных мутаций
2026-09-18 19:04:30,868 | INFO | ok.ru: 72 успешных мутаций
2026-09-18 19:04:30,868 | INFO | storage.yandex.net: 16 успешных мутаций
2026-09-18 19:04:30,868 | INFO | dzen.ru: 9 успешных мутаций
2026-09-18 19:04:30,868 | INFO | rutube.ru: 8 успешных мутаций
2026-09-18 19:04:30,869 | INFO | 💾 Статистика SNI сохранена
