2026-09-23 22:47:06,732 | INFO | 📊 Загружена статистика SNI: 26 доменов
2026-09-23 22:47:06,732 | INFO | === SING-BOX STATUS ===
2026-09-23 22:47:06,766 | INFO | sing-box version 1.14.1

Environment: go1.26.8 linux/amd64
Tags: with_gvisor,with_quic,with_dhcp,with_wireguard,with_utls,with_acme,with_clash_api,with_tailscale,with_ccm,with_ocm,with_cloudflared,with_naive_outbound,with_usbip,with_openvpn,with_openconnect,badlinkname,tfogo_checklinkname0,with_musl
Revision: 1ac1a339cb1223e9c70eae14c44411c75033c02d
CGO: enabled
2026-09-23 22:47:06,766 | INFO | 
--- STEP 1: FETCHING SOURCES ---
2026-09-23 22:47:06,821 | INFO | Loaded 35 lines from https://raw.githubusercontent.com/igareck/vpn-conf...
2026-09-23 22:47:06,888 | INFO | Loaded 0 lines from https://raw.githubusercontent.com/igareck/vpn-conf...
2026-09-23 22:47:06,930 | INFO | Loaded 14 lines from https://raw.githubusercontent.com/igareck/vpn-conf...
2026-09-23 22:47:06,982 | INFO | Loaded 3 lines from https://raw.githubusercontent.com/igareck/vpn-conf...
2026-09-23 22:47:07,025 | INFO | Loaded 38 lines from https://raw.githubusercontent.com/igareck/vpn-conf...
2026-09-23 22:47:07,090 | INFO | Loaded 72 lines from https://raw.githubusercontent.com/igareck/vpn-conf...
2026-09-23 22:47:07,133 | INFO | Loaded 115 lines from https://raw.githubusercontent.com/igareck/vpn-conf...
2026-09-23 22:47:07,227 | INFO | Loaded 41 lines from https://raw.githubusercontent.com/FLAT447/v2ray-li...
2026-09-23 22:47:07,227 | INFO | 
--- STEP 2: VALIDATION ---
2026-09-23 22:47:07,228 | INFO | Unique VLESS configs: 162
2026-09-23 22:47:07,246 | INFO | Archive updated: 10000 nodes (limit 10000)
2026-09-23 22:47:07,248 | INFO | 
--- STEP 3: LIVE CHECK (162 nodes, threads: 40) ---
2026-09-23 22:51:43,818 | INFO | ⏱️ Время проверки: 276.6 сек
2026-09-23 22:51:43,818 | INFO | 
--- RESULT: Found 93 live nodes ---
2026-09-23 22:51:43,819 | INFO | After dedup: 93
2026-09-23 22:51:43,819 | INFO | Filled from archive (+7), total: 100
2026-09-23 22:51:43,830 | INFO | alive_archive.txt updated: 5000 nodes (limit 5000)
2026-09-23 22:51:43,831 | INFO | Subscription updated: /home/runner/work/sbornik/sbornik/subs/vless_001.txt
2026-09-23 22:51:43,831 | INFO | 
--- STATS BY PROTOCOL ---
2026-09-23 22:51:43,831 | INFO | reality: 89
2026-09-23 22:51:43,831 | INFO | tls: 1
2026-09-23 22:51:43,831 | INFO | ws: 10
2026-09-23 22:51:43,831 | INFO | 
--- TOP SNI STATS ---
2026-09-23 22:51:43,831 | INFO | api-maps.yandex.ru: 268 успешных мутаций
2026-09-23 22:51:43,831 | INFO | ozon.ru: 108 успешных мутаций
2026-09-23 22:51:43,831 | INFO | yandex.ru: 98 успешных мутаций
2026-09-23 22:51:43,832 | INFO | vk.com: 94 успешных мутаций
2026-09-23 22:51:43,832 | INFO | mail.ru: 90 успешных мутаций
2026-09-23 22:51:43,832 | INFO | wildberries.ru: 86 успешных мутаций
2026-09-23 22:51:43,832 | INFO | ok.ru: 73 успешных мутаций
2026-09-23 22:51:43,832 | INFO | storage.yandex.net: 16 успешных мутаций
2026-09-23 22:51:43,832 | INFO | dzen.ru: 9 успешных мутаций
2026-09-23 22:51:43,832 | INFO | rutube.ru: 8 успешных мутаций
2026-09-23 22:51:43,832 | INFO | 💾 Статистика SNI сохранена
