2026-08-17 20:28:35,419 | INFO | 📊 Загружена статистика SNI: 26 доменов
2026-08-17 20:28:35,419 | INFO | === SING-BOX STATUS ===
2026-08-17 20:28:35,428 | INFO | sing-box version 1.13.19

Environment: go1.25.12 linux/amd64
Tags: with_gvisor,with_quic,with_dhcp,with_wireguard,with_utls,with_acme,with_clash_api,with_tailscale,with_ccm,with_ocm,with_naive_outbound,badlinkname,tfogo_checklinkname0,with_musl
Revision: b5ebaa1fc0f2b94256180b95468e73ef53caa27d
CGO: enabled
2026-08-17 20:28:35,428 | INFO | 
--- STEP 1: FETCHING SOURCES ---
2026-08-17 20:28:35,460 | INFO | Loaded 99 lines from https://raw.githubusercontent.com/igareck/vpn-conf...
2026-08-17 20:28:35,488 | INFO | Loaded 0 lines from https://raw.githubusercontent.com/igareck/vpn-conf...
2026-08-17 20:28:35,517 | INFO | Loaded 3 lines from https://raw.githubusercontent.com/igareck/vpn-conf...
2026-08-17 20:28:35,547 | INFO | Loaded 5 lines from https://raw.githubusercontent.com/igareck/vpn-conf...
2026-08-17 20:28:35,586 | INFO | Loaded 72 lines from https://raw.githubusercontent.com/igareck/vpn-conf...
2026-08-17 20:28:35,684 | INFO | Loaded 186 lines from https://raw.githubusercontent.com/igareck/vpn-conf...
2026-08-17 20:28:35,804 | INFO | Loaded 153 lines from https://raw.githubusercontent.com/igareck/vpn-conf...
2026-08-17 20:28:35,955 | INFO | Loaded 401 lines from https://raw.githubusercontent.com/FLAT447/v2ray-li...
2026-08-17 20:28:35,956 | INFO | 
--- STEP 2: VALIDATION ---
2026-08-17 20:28:35,958 | INFO | Unique VLESS configs: 697
2026-08-17 20:28:35,989 | INFO | Archive updated: 10000 nodes (limit 10000)
2026-08-17 20:28:35,993 | INFO | 
--- STEP 3: LIVE CHECK (697 nodes, threads: 40) ---
2026-08-17 20:35:15,736 | INFO | ⏱️ Время проверки: 399.7 сек
2026-08-17 20:35:15,736 | INFO | 
--- RESULT: Found 101 live nodes ---
2026-08-17 20:35:15,736 | INFO | After dedup: 101
2026-08-17 20:35:15,747 | INFO | alive_archive.txt updated: 5000 nodes (limit 5000)
2026-08-17 20:35:15,747 | INFO | Subscription updated: /home/runner/work/sbornik/sbornik/subs/vless_001.txt
2026-08-17 20:35:15,748 | INFO | 
--- STATS BY PROTOCOL ---
2026-08-17 20:35:15,748 | INFO | reality: 63
2026-08-17 20:35:15,748 | INFO | tls: 21
2026-08-17 20:35:15,748 | INFO | ws: 10
2026-08-17 20:35:15,748 | INFO | other: 7
2026-08-17 20:35:15,748 | INFO | 
--- TOP SNI STATS ---
2026-08-17 20:35:15,748 | INFO | api-maps.yandex.ru: 257 успешных мутаций
2026-08-17 20:35:15,748 | INFO | yandex.ru: 96 успешных мутаций
2026-08-17 20:35:15,748 | INFO | ozon.ru: 93 успешных мутаций
2026-08-17 20:35:15,748 | INFO | vk.com: 90 успешных мутаций
2026-08-17 20:35:15,748 | INFO | mail.ru: 90 успешных мутаций
2026-08-17 20:35:15,748 | INFO | wildberries.ru: 84 успешных мутаций
2026-08-17 20:35:15,748 | INFO | ok.ru: 72 успешных мутаций
2026-08-17 20:35:15,748 | INFO | storage.yandex.net: 14 успешных мутаций
2026-08-17 20:35:15,748 | INFO | dzen.ru: 7 успешных мутаций
2026-08-17 20:35:15,748 | INFO | rutube.ru: 6 успешных мутаций
2026-08-17 20:35:15,748 | INFO | 💾 Статистика SNI сохранена
