2026-09-26 04:01:58,576 | INFO | 📊 Загружена статистика SNI: 26 доменов
2026-09-26 04:01:58,576 | INFO | === SING-BOX STATUS ===
2026-09-26 04:01:58,609 | INFO | sing-box version 1.14.2

Environment: go1.26.8 linux/amd64
Tags: with_gvisor,with_quic,with_dhcp,with_wireguard,with_utls,with_acme,with_clash_api,with_tailscale,with_ccm,with_ocm,with_cloudflared,with_naive_outbound,with_usbip,with_openvpn,with_openconnect,badlinkname,tfogo_checklinkname0,with_musl
Revision: af6e64c3b69e6132ebaee0e1a3d24e93903f6709
CGO: enabled
2026-09-26 04:01:58,609 | INFO | 
--- STEP 1: FETCHING SOURCES ---
2026-09-26 04:01:58,672 | INFO | Loaded 70 lines from https://raw.githubusercontent.com/igareck/vpn-conf...
2026-09-26 04:01:58,747 | INFO | Loaded 0 lines from https://raw.githubusercontent.com/igareck/vpn-conf...
2026-09-26 04:01:58,842 | INFO | Loaded 8 lines from https://raw.githubusercontent.com/igareck/vpn-conf...
2026-09-26 04:01:58,906 | INFO | Loaded 24 lines from https://raw.githubusercontent.com/igareck/vpn-conf...
2026-09-26 04:01:58,953 | INFO | Loaded 77 lines from https://raw.githubusercontent.com/igareck/vpn-conf...
2026-09-26 04:01:59,003 | INFO | Loaded 244 lines from https://raw.githubusercontent.com/igareck/vpn-conf...
2026-09-26 04:01:59,073 | INFO | Loaded 151 lines from https://raw.githubusercontent.com/igareck/vpn-conf...
2026-09-26 04:01:59,187 | INFO | Loaded 113 lines from https://raw.githubusercontent.com/FLAT447/v2ray-li...
2026-09-26 04:01:59,187 | INFO | 
--- STEP 2: VALIDATION ---
2026-09-26 04:01:59,188 | INFO | Unique VLESS configs: 431
2026-09-26 04:01:59,204 | INFO | Archive updated: 10000 nodes (limit 10000)
2026-09-26 04:01:59,205 | INFO | 
--- STEP 3: LIVE CHECK (431 nodes, threads: 40) ---
2026-09-26 04:10:35,953 | INFO | ⏱️ Время проверки: 516.7 сек
2026-09-26 04:10:35,953 | INFO | 
--- RESULT: Found 101 live nodes ---
2026-09-26 04:10:35,953 | INFO | After dedup: 101
2026-09-26 04:10:35,962 | INFO | alive_archive.txt updated: 5000 nodes (limit 5000)
2026-09-26 04:10:35,963 | INFO | Subscription updated: /home/runner/work/sbornik/sbornik/subs/vless_001.txt
2026-09-26 04:10:35,963 | INFO | 
--- STATS BY PROTOCOL ---
2026-09-26 04:10:35,963 | INFO | reality: 46
2026-09-26 04:10:35,963 | INFO | ws: 54
2026-09-26 04:10:35,963 | INFO | other: 1
2026-09-26 04:10:35,963 | INFO | 
--- TOP SNI STATS ---
2026-09-26 04:10:35,963 | INFO | api-maps.yandex.ru: 268 успешных мутаций
2026-09-26 04:10:35,963 | INFO | ozon.ru: 108 успешных мутаций
2026-09-26 04:10:35,963 | INFO | yandex.ru: 98 успешных мутаций
2026-09-26 04:10:35,963 | INFO | vk.com: 94 успешных мутаций
2026-09-26 04:10:35,963 | INFO | mail.ru: 90 успешных мутаций
2026-09-26 04:10:35,963 | INFO | wildberries.ru: 86 успешных мутаций
2026-09-26 04:10:35,963 | INFO | ok.ru: 73 успешных мутаций
2026-09-26 04:10:35,964 | INFO | storage.yandex.net: 16 успешных мутаций
2026-09-26 04:10:35,964 | INFO | dzen.ru: 9 успешных мутаций
2026-09-26 04:10:35,964 | INFO | rutube.ru: 8 успешных мутаций
2026-09-26 04:10:35,964 | INFO | 💾 Статистика SNI сохранена
