2026-10-07 04:52:35,670 | INFO | === SING-BOX STATUS ===
2026-10-07 04:52:35,728 | INFO | sing-box version 1.14.2

Environment: go1.26.8 linux/amd64
Tags: with_gvisor,with_quic,with_dhcp,with_wireguard,with_utls,with_acme,with_clash_api,with_tailscale,with_ccm,with_ocm,with_cloudflared,with_naive_outbound,with_usbip,with_openvpn,with_openconnect,badlinkname,tfogo_checklinkname0,with_musl
Revision: af6e64c3b69e6132ebaee0e1a3d24e93903f6709
CGO: enabled
2026-10-07 04:52:35,728 | INFO | 
--- STEP 1: FETCHING SOURCES ---
2026-10-07 04:52:35,862 | INFO | Loaded 93 lines from https://raw.githubusercontent.com/igareck/vpn-configs-for-russia/refs/heads/main...
2026-10-07 04:52:35,968 | INFO | Loaded 3 lines from https://raw.githubusercontent.com/igareck/vpn-configs-for-russia/refs/heads/main...
2026-10-07 04:52:36,061 | INFO | Loaded 5 lines from https://raw.githubusercontent.com/igareck/vpn-configs-for-russia/refs/heads/main...
2026-10-07 04:52:36,167 | INFO | Loaded 100 lines from https://raw.githubusercontent.com/igareck/vpn-configs-for-russia/refs/heads/main...
2026-10-07 04:52:36,270 | INFO | Loaded 311 lines from https://raw.githubusercontent.com/igareck/vpn-configs-for-russia/main/BLACK_VLES...
2026-10-07 04:52:36,361 | INFO | Loaded 153 lines from https://raw.githubusercontent.com/igareck/vpn-configs-for-russia/main/BLACK_VLES...
2026-10-07 04:52:36,468 | INFO | Loaded 136 lines from https://raw.githubusercontent.com/FLAT447/v2ray-lists/main/WHITE_LITE.txt...
2026-10-07 04:52:36,468 | INFO | 
--- STEP 2: VALIDATION ---
2026-10-07 04:52:36,469 | INFO | Unique VLESS configs: 440
2026-10-07 04:52:36,470 | INFO | archive.txt loaded: 547 nodes
2026-10-07 04:52:36,470 | INFO | 
--- ARCHIVE TCP CLEANUP (547 nodes, threads: 40) ---
2026-10-07 04:52:40,649 | INFO | ARCHIVE TCP CLEANUP done: alive=532, removed=15, time=4.2с
2026-10-07 04:52:40,650 | INFO | 
--- STEP 3: LIVE CHECK (440 nodes, threads: 40, min_sites_ok=2) ---
2026-10-07 04:53:45,731 | INFO | ⏱️ Время проверки: 65.1 сек
2026-10-07 04:53:45,731 | INFO | 
--- RESULT: Found 202 live nodes ---
2026-10-07 04:53:45,734 | INFO | archive.txt updated: 688 nodes
2026-10-07 04:53:45,734 | INFO | Subscription updated: /home/runner/work/sbornik/sbornik/subs/vless_001.txt (100 nodes)
2026-10-07 04:53:45,734 | INFO | 
--- STATS BY TRANSPORT (live_total / dead_total | live_last / dead_last) ---
2026-10-07 04:53:45,734 | INFO | tcp: 1462 / 1594 | 84 / 37
2026-10-07 04:53:45,734 | INFO | ws: 932 / 1538 | 118 / 62
2026-10-07 04:53:45,734 | INFO | grpc: 23 / 669 | 0 / 73
2026-10-07 04:53:45,734 | INFO | xhttp: 0 / 864 | 0 / 81
2026-10-07 04:53:45,734 | INFO | 
--- STATS BY SECURITY (live_total / dead_total | live_last / dead_last) ---
2026-10-07 04:53:45,734 | INFO | none: 217 / 361 | 52 / 26
2026-10-07 04:53:45,734 | INFO | tls: 1187 / 2056 | 92 / 127
2026-10-07 04:53:45,734 | INFO | reality: 1013 / 2248 | 58 / 100
2026-10-07 04:53:45,735 | INFO | 💾 Статистика источников сохранена: source_stats.json
2026-10-07 04:53:45,735 | INFO | 💾 Статистика протоколов сохранена: protocol_stats.json
2026-10-07 04:53:45,735 | INFO | 
============ ИТОГ ЗАПУСКА ============
Живых из источников:          202
Оживлено из архива:           0
Удалено из архива (мёртвых):  15
Итого в подписке:             100
Итого в архиве:               688

--- ДЕТАЛИЗАЦИЯ ОШИБОК ---
dead_tcp (TCP не открылся):    51
dead_config (битый конфиг):    0
dead_start (sing-box упал):    78
dead_sites (мало сайтов):      109
dead_parse (URI не парсится):  0
======================================
2026-10-07 04:53:45,735 | INFO | 
--- ПРОВЕРКА САЙТОВ (за текущий запуск) ---
2026-10-07 04:53:45,735 | INFO | https://telegram.org: 201/311 (64.6%)
2026-10-07 04:53:45,735 | INFO | https://www.instagram.com: 216/311 (69.5%)
2026-10-07 04:53:45,736 | INFO | https://www.youtube.com: 192/311 (61.7%)
2026-10-07 04:53:45,736 | INFO | 💾 Статистика запуска сохранена: run_stats.json
