2026-09-02 03:26:44,758 | INFO | 📊 Загружена статистика SNI: 26 доменов
2026-09-02 03:26:44,759 | INFO | === SING-BOX STATUS ===
2026-09-02 03:26:44,793 | INFO | sing-box version 1.14.0

Environment: go1.26.7 linux/amd64
Tags: with_gvisor,with_quic,with_dhcp,with_wireguard,with_utls,with_acme,with_clash_api,with_tailscale,with_ccm,with_ocm,with_cloudflared,with_naive_outbound,with_usbip,with_openvpn,with_openconnect,badlinkname,tfogo_checklinkname0,with_musl
Revision: 0b8995879f29a9b98ee027bc17b75e101445b238
CGO: enabled
2026-09-02 03:26:44,793 | INFO | 
--- STEP 1: FETCHING SOURCES ---
2026-09-02 03:26:44,830 | INFO | Loaded 44 lines from https://raw.githubusercontent.com/igareck/vpn-conf...
2026-09-02 03:26:44,891 | INFO | Loaded 0 lines from https://raw.githubusercontent.com/igareck/vpn-conf...
2026-09-02 03:26:44,941 | INFO | Loaded 18 lines from https://raw.githubusercontent.com/igareck/vpn-conf...
2026-09-02 03:26:44,972 | INFO | Loaded 21 lines from https://raw.githubusercontent.com/igareck/vpn-conf...
2026-09-02 03:26:45,015 | INFO | Loaded 45 lines from https://raw.githubusercontent.com/igareck/vpn-conf...
2026-09-02 03:26:45,051 | INFO | Loaded 109 lines from https://raw.githubusercontent.com/igareck/vpn-conf...
2026-09-02 03:26:45,085 | INFO | Loaded 153 lines from https://raw.githubusercontent.com/igareck/vpn-conf...
2026-09-02 03:26:45,419 | INFO | Loaded 1946 lines from https://raw.githubusercontent.com/FLAT447/v2ray-li...
2026-09-02 03:26:45,419 | INFO | 
--- STEP 2: VALIDATION ---
2026-09-02 03:26:45,424 | INFO | Unique VLESS configs: 2023
2026-09-02 03:26:45,456 | INFO | Archive updated: 10000 nodes (limit 10000)
2026-09-02 03:26:45,473 | INFO | 
--- STEP 3: LIVE CHECK (2023 nodes, threads: 40) ---
2026-09-02 03:30:16,137 | INFO | ⏱️ Время проверки: 210.7 сек
2026-09-02 03:30:16,138 | INFO | 
--- RESULT: Found 101 live nodes ---
2026-09-02 03:30:16,138 | INFO | After dedup: 101
2026-09-02 03:30:16,150 | INFO | alive_archive.txt updated: 5000 nodes (limit 5000)
2026-09-02 03:30:16,150 | INFO | Subscription updated: /home/runner/work/sbornik/sbornik/subs/vless_001.txt
2026-09-02 03:30:16,151 | INFO | 
--- STATS BY PROTOCOL ---
2026-09-02 03:30:16,151 | INFO | reality: 33
2026-09-02 03:30:16,151 | INFO | ws: 62
2026-09-02 03:30:16,151 | INFO | other: 6
2026-09-02 03:30:16,151 | INFO | 
--- TOP SNI STATS ---
2026-09-02 03:30:16,151 | INFO | api-maps.yandex.ru: 262 успешных мутаций
2026-09-02 03:30:16,151 | INFO | ozon.ru: 108 успешных мутаций
2026-09-02 03:30:16,151 | INFO | yandex.ru: 98 успешных мутаций
2026-09-02 03:30:16,151 | INFO | vk.com: 92 успешных мутаций
2026-09-02 03:30:16,151 | INFO | mail.ru: 90 успешных мутаций
2026-09-02 03:30:16,151 | INFO | wildberries.ru: 86 успешных мутаций
2026-09-02 03:30:16,151 | INFO | ok.ru: 72 успешных мутаций
2026-09-02 03:30:16,151 | INFO | storage.yandex.net: 16 успешных мутаций
2026-09-02 03:30:16,151 | INFO | rutube.ru: 8 успешных мутаций
2026-09-02 03:30:16,151 | INFO | dzen.ru: 8 успешных мутаций
2026-09-02 03:30:16,151 | INFO | 💾 Статистика SNI сохранена
