2026-07-27 11:25:24,273 | INFO | 📊 Загружена статистика SNI: 26 доменов
2026-07-27 11:25:24,273 | INFO | === SING-BOX STATUS ===
2026-07-27 11:25:24,281 | INFO | sing-box version 1.13.14

Environment: go1.25.11 linux/amd64
Tags: with_gvisor,with_quic,with_dhcp,with_wireguard,with_utls,with_acme,with_clash_api,with_tailscale,with_ccm,with_ocm,with_naive_outbound,badlinkname,tfogo_checklinkname0,with_musl
Revision: 25a600db24f7680ad9806ce5427bd0ab8afe1114
CGO: enabled
2026-07-27 11:25:24,281 | INFO | 
--- STEP 1: FETCHING SOURCES ---
2026-07-27 11:25:24,409 | INFO | Loaded 93 lines from https://raw.githubusercontent.com/igareck/vpn-conf...
2026-07-27 11:25:24,463 | INFO | Loaded 0 lines from https://raw.githubusercontent.com/igareck/vpn-conf...
2026-07-27 11:25:24,492 | INFO | Loaded 18 lines from https://raw.githubusercontent.com/igareck/vpn-conf...
2026-07-27 11:25:24,520 | INFO | Loaded 33 lines from https://raw.githubusercontent.com/igareck/vpn-conf...
2026-07-27 11:25:24,606 | INFO | Loaded 99 lines from https://raw.githubusercontent.com/igareck/vpn-conf...
2026-07-27 11:25:24,726 | INFO | Loaded 234 lines from https://raw.githubusercontent.com/igareck/vpn-conf...
2026-07-27 11:25:24,803 | INFO | Loaded 153 lines from https://raw.githubusercontent.com/igareck/vpn-conf...
2026-07-27 11:25:24,897 | INFO | Loaded 443 lines from https://raw.githubusercontent.com/FLAT447/v2ray-li...
2026-07-27 11:25:24,897 | INFO | 
--- STEP 2: VALIDATION ---
2026-07-27 11:25:24,899 | INFO | Unique VLESS configs: 715
2026-07-27 11:25:24,927 | INFO | Archive updated: 10000 nodes (limit 10000)
2026-07-27 11:25:24,930 | INFO | 
--- STEP 3: LIVE CHECK (715 nodes, threads: 40) ---
2026-07-27 11:34:00,475 | INFO | ⏱️ Время проверки: 515.5 сек
2026-07-27 11:34:00,476 | INFO | 
--- RESULT: Found 103 live nodes ---
2026-07-27 11:34:00,476 | INFO | After dedup: 103
2026-07-27 11:34:00,489 | INFO | alive_archive.txt updated: 5000 nodes (limit 5000)
2026-07-27 11:34:00,489 | INFO | Subscription updated: /home/runner/work/sbornik/sbornik/subs/vless_001.txt
2026-07-27 11:34:00,490 | INFO | 
--- STATS BY PROTOCOL ---
2026-07-27 11:34:00,490 | INFO | reality: 66
2026-07-27 11:34:00,490 | INFO | ws: 24
2026-07-27 11:34:00,490 | INFO | other: 13
2026-07-27 11:34:00,490 | INFO | 
--- TOP SNI STATS ---
2026-07-27 11:34:00,490 | INFO | api-maps.yandex.ru: 40 успешных мутаций
2026-07-27 11:34:00,490 | INFO | ozon.ru: 36 успешных мутаций
2026-07-27 11:34:00,490 | INFO | mail.ru: 30 успешных мутаций
2026-07-27 11:34:00,490 | INFO | ok.ru: 28 успешных мутаций
2026-07-27 11:34:00,490 | INFO | yandex.ru: 28 успешных мутаций
2026-07-27 11:34:00,490 | INFO | vk.com: 25 успешных мутаций
2026-07-27 11:34:00,490 | INFO | wildberries.ru: 25 успешных мутаций
2026-07-27 11:34:00,490 | INFO | dzen.ru: 2 успешных мутаций
2026-07-27 11:34:00,490 | INFO | rutube.ru: 1 успешных мутаций
2026-07-27 11:34:00,490 | INFO | cdn.x5.ru: 1 успешных мутаций
2026-07-27 11:34:00,491 | INFO | 💾 Статистика SNI сохранена
