2026-07-27 07:34:32,135 | INFO | 📊 Загружена статистика SNI: 26 доменов
2026-07-27 07:34:32,135 | INFO | === SING-BOX STATUS ===
2026-07-27 07:34:32,144 | INFO | sing-box version 1.13.14

Environment: go1.25.11 linux/amd64
Tags: with_gvisor,with_quic,with_dhcp,with_wireguard,with_utls,with_acme,with_clash_api,with_tailscale,with_ccm,with_ocm,with_naive_outbound,badlinkname,tfogo_checklinkname0,with_musl
Revision: 25a600db24f7680ad9806ce5427bd0ab8afe1114
CGO: enabled
2026-07-27 07:34:32,144 | INFO | 
--- STEP 1: FETCHING SOURCES ---
2026-07-27 07:34:32,273 | INFO | Loaded 91 lines from https://raw.githubusercontent.com/igareck/vpn-conf...
2026-07-27 07:34:32,388 | INFO | Loaded 0 lines from https://raw.githubusercontent.com/igareck/vpn-conf...
2026-07-27 07:34:32,524 | INFO | Loaded 17 lines from https://raw.githubusercontent.com/igareck/vpn-conf...
2026-07-27 07:34:32,637 | INFO | Loaded 41 lines from https://raw.githubusercontent.com/igareck/vpn-conf...
2026-07-27 07:34:32,752 | INFO | Loaded 97 lines from https://raw.githubusercontent.com/igareck/vpn-conf...
2026-07-27 07:34:32,884 | INFO | Loaded 234 lines from https://raw.githubusercontent.com/igareck/vpn-conf...
2026-07-27 07:34:33,013 | INFO | Loaded 153 lines from https://raw.githubusercontent.com/igareck/vpn-conf...
2026-07-27 07:34:33,161 | INFO | Loaded 438 lines from https://raw.githubusercontent.com/FLAT447/v2ray-li...
2026-07-27 07:34:33,161 | INFO | 
--- STEP 2: VALIDATION ---
2026-07-27 07:34:33,162 | INFO | Unique VLESS configs: 728
2026-07-27 07:34:33,190 | INFO | Archive updated: 10000 nodes (limit 10000)
2026-07-27 07:34:33,194 | INFO | 
--- STEP 3: LIVE CHECK (728 nodes, threads: 40) ---
2026-07-27 07:44:57,741 | INFO | ⏱️ Время проверки: 624.5 сек
2026-07-27 07:44:57,741 | INFO | 
--- RESULT: Found 102 live nodes ---
2026-07-27 07:44:57,741 | INFO | After dedup: 102
2026-07-27 07:44:57,752 | INFO | alive_archive.txt updated: 5000 nodes (limit 5000)
2026-07-27 07:44:57,752 | INFO | Subscription updated: /home/runner/work/sbornik/sbornik/subs/vless_001.txt
2026-07-27 07:44:57,752 | INFO | 
--- STATS BY PROTOCOL ---
2026-07-27 07:44:57,752 | INFO | reality: 59
2026-07-27 07:44:57,753 | INFO | tls: 4
2026-07-27 07:44:57,753 | INFO | ws: 25
2026-07-27 07:44:57,753 | INFO | other: 14
2026-07-27 07:44:57,753 | INFO | 
--- TOP SNI STATS ---
2026-07-27 07:44:57,753 | INFO | api-maps.yandex.ru: 40 успешных мутаций
2026-07-27 07:44:57,753 | INFO | ozon.ru: 36 успешных мутаций
2026-07-27 07:44:57,753 | INFO | mail.ru: 30 успешных мутаций
2026-07-27 07:44:57,753 | INFO | ok.ru: 28 успешных мутаций
2026-07-27 07:44:57,753 | INFO | yandex.ru: 28 успешных мутаций
2026-07-27 07:44:57,753 | INFO | vk.com: 25 успешных мутаций
2026-07-27 07:44:57,753 | INFO | wildberries.ru: 25 успешных мутаций
2026-07-27 07:44:57,753 | INFO | dzen.ru: 2 успешных мутаций
2026-07-27 07:44:57,753 | INFO | rutube.ru: 1 успешных мутаций
2026-07-27 07:44:57,753 | INFO | cdn.x5.ru: 1 успешных мутаций
2026-07-27 07:44:57,754 | INFO | 💾 Статистика SNI сохранена
