2026-07-31 10:41:13,421 | INFO | 📊 Загружена статистика SNI: 26 доменов
2026-07-31 10:41:13,421 | INFO | === SING-BOX STATUS ===
2026-07-31 10:41:13,430 | INFO | sing-box version 1.13.15

Environment: go1.25.12 linux/amd64
Tags: with_gvisor,with_quic,with_dhcp,with_wireguard,with_utls,with_acme,with_clash_api,with_tailscale,with_ccm,with_ocm,with_naive_outbound,badlinkname,tfogo_checklinkname0,with_musl
Revision: 3708fa18766cda1f11b77f6ed9c7bd61688f17df
CGO: enabled
2026-07-31 10:41:13,430 | INFO | 
--- STEP 1: FETCHING SOURCES ---
2026-07-31 10:41:13,466 | INFO | Loaded 153 lines from https://raw.githubusercontent.com/igareck/vpn-conf...
2026-07-31 10:41:13,514 | INFO | Loaded 0 lines from https://raw.githubusercontent.com/igareck/vpn-conf...
2026-07-31 10:41:13,544 | INFO | Loaded 251 lines from https://raw.githubusercontent.com/igareck/vpn-conf...
2026-07-31 10:41:13,574 | INFO | Loaded 4 lines from https://raw.githubusercontent.com/igareck/vpn-conf...
2026-07-31 10:41:13,606 | INFO | Loaded 285 lines from https://raw.githubusercontent.com/igareck/vpn-conf...
2026-07-31 10:41:13,642 | INFO | Loaded 158 lines from https://raw.githubusercontent.com/igareck/vpn-conf...
2026-07-31 10:41:13,675 | INFO | Loaded 152 lines from https://raw.githubusercontent.com/igareck/vpn-conf...
2026-07-31 10:41:13,766 | INFO | Loaded 371 lines from https://raw.githubusercontent.com/FLAT447/v2ray-li...
2026-07-31 10:41:13,766 | INFO | 
--- STEP 2: VALIDATION ---
2026-07-31 10:41:13,768 | INFO | Unique VLESS configs: 760
2026-07-31 10:41:13,796 | INFO | Archive updated: 10000 nodes (limit 10000)
2026-07-31 10:41:13,800 | INFO | 
--- STEP 3: LIVE CHECK (760 nodes, threads: 40) ---
2026-07-31 10:41:46,369 | INFO | [🎉 SNI WORKED] Нода ожила с SNI: api-maps.yandex.ru (порт 11021)
2026-07-31 10:41:56,846 | INFO | [🎉 SNI WORKED] Нода ожила с SNI: api-maps.yandex.ru (порт 11037)
2026-07-31 10:42:09,253 | INFO | [🎉 SNI WORKED] Нода ожила с SNI: api-maps.yandex.ru (порт 11039)
2026-07-31 10:43:02,856 | INFO | [🎉 SNI WORKED] Нода ожила с SNI: api-maps.yandex.ru (порт 11029)
2026-07-31 10:43:22,019 | INFO | [🎉 SNI WORKED] Нода ожила с SNI: api-maps.yandex.ru (порт 11026)
2026-07-31 10:46:03,792 | INFO | [🎉 SNI WORKED] Нода ожила с SNI: api-maps.yandex.ru (порт 11039)
2026-07-31 10:47:19,951 | INFO | ⏱️ Время проверки: 366.2 сек
2026-07-31 10:47:19,952 | INFO | 
--- RESULT: Found 102 live nodes ---
2026-07-31 10:47:19,952 | INFO | After dedup: 102
2026-07-31 10:47:19,965 | INFO | alive_archive.txt updated: 5000 nodes (limit 5000)
2026-07-31 10:47:19,965 | INFO | Subscription updated: /home/runner/work/sbornik/sbornik/subs/vless_001.txt
2026-07-31 10:47:19,965 | INFO | 
--- STATS BY PROTOCOL ---
2026-07-31 10:47:19,965 | INFO | reality: 61
2026-07-31 10:47:19,965 | INFO | tls: 6
2026-07-31 10:47:19,965 | INFO | ws: 29
2026-07-31 10:47:19,965 | INFO | other: 6
2026-07-31 10:47:19,965 | INFO | 
--- TOP SNI STATS ---
2026-07-31 10:47:19,965 | INFO | api-maps.yandex.ru: 119 успешных мутаций
2026-07-31 10:47:19,965 | INFO | ozon.ru: 37 успешных мутаций
2026-07-31 10:47:19,965 | INFO | mail.ru: 32 успешных мутаций
2026-07-31 10:47:19,966 | INFO | ok.ru: 28 успешных мутаций
2026-07-31 10:47:19,966 | INFO | yandex.ru: 28 успешных мутаций
2026-07-31 10:47:19,966 | INFO | vk.com: 26 успешных мутаций
2026-07-31 10:47:19,966 | INFO | wildberries.ru: 25 успешных мутаций
2026-07-31 10:47:19,966 | INFO | rutube.ru: 2 успешных мутаций
2026-07-31 10:47:19,966 | INFO | dzen.ru: 2 успешных мутаций
2026-07-31 10:47:19,966 | INFO | cdn.x5.ru: 1 успешных мутаций
2026-07-31 10:47:19,966 | INFO | 💾 Статистика SNI сохранена
