2026-09-12 08:27:46,478 | INFO | 📊 Загружена статистика SNI: 26 доменов
2026-09-12 08:27:46,478 | INFO | === SING-BOX STATUS ===
2026-09-12 08:27:46,512 | INFO | sing-box version 1.14.0

Environment: go1.26.7 linux/amd64
Tags: with_gvisor,with_quic,with_dhcp,with_wireguard,with_utls,with_acme,with_clash_api,with_tailscale,with_ccm,with_ocm,with_cloudflared,with_naive_outbound,with_usbip,with_openvpn,with_openconnect,badlinkname,tfogo_checklinkname0,with_musl
Revision: 0b8995879f29a9b98ee027bc17b75e101445b238
CGO: enabled
2026-09-12 08:27:46,512 | INFO | 
--- STEP 1: FETCHING SOURCES ---
2026-09-12 08:27:46,545 | INFO | Loaded 45 lines from https://raw.githubusercontent.com/igareck/vpn-conf...
2026-09-12 08:27:46,605 | INFO | Loaded 0 lines from https://raw.githubusercontent.com/igareck/vpn-conf...
2026-09-12 08:27:46,635 | INFO | Loaded 18 lines from https://raw.githubusercontent.com/igareck/vpn-conf...
2026-09-12 08:27:46,662 | INFO | Loaded 3 lines from https://raw.githubusercontent.com/igareck/vpn-conf...
2026-09-12 08:27:46,691 | INFO | Loaded 45 lines from https://raw.githubusercontent.com/igareck/vpn-conf...
2026-09-12 08:27:46,719 | INFO | Loaded 158 lines from https://raw.githubusercontent.com/igareck/vpn-conf...
2026-09-12 08:27:46,753 | INFO | Loaded 153 lines from https://raw.githubusercontent.com/igareck/vpn-conf...
2026-09-12 08:27:46,816 | INFO | Loaded 196 lines from https://raw.githubusercontent.com/FLAT447/v2ray-li...
2026-09-12 08:27:46,817 | INFO | 
--- STEP 2: VALIDATION ---
2026-09-12 08:27:46,817 | INFO | Unique VLESS configs: 407
2026-09-12 08:27:46,845 | INFO | Archive updated: 10000 nodes (limit 10000)
2026-09-12 08:27:46,847 | INFO | 
--- STEP 3: LIVE CHECK (407 nodes, threads: 40) ---
2026-09-12 08:28:55,273 | INFO | ⏱️ Время проверки: 68.4 сек
2026-09-12 08:28:55,273 | INFO | 
--- RESULT: Found 102 live nodes ---
2026-09-12 08:28:55,273 | INFO | After dedup: 102
2026-09-12 08:28:55,286 | INFO | alive_archive.txt updated: 5000 nodes (limit 5000)
2026-09-12 08:28:55,286 | INFO | Subscription updated: /home/runner/work/sbornik/sbornik/subs/vless_001.txt
2026-09-12 08:28:55,286 | INFO | 
--- STATS BY PROTOCOL ---
2026-09-12 08:28:55,286 | INFO | reality: 43
2026-09-12 08:28:55,286 | INFO | tls: 32
2026-09-12 08:28:55,286 | INFO | ws: 27
2026-09-12 08:28:55,287 | INFO | 
--- TOP SNI STATS ---
2026-09-12 08:28:55,287 | INFO | api-maps.yandex.ru: 268 успешных мутаций
2026-09-12 08:28:55,287 | INFO | ozon.ru: 108 успешных мутаций
2026-09-12 08:28:55,287 | INFO | yandex.ru: 98 успешных мутаций
2026-09-12 08:28:55,287 | INFO | vk.com: 94 успешных мутаций
2026-09-12 08:28:55,287 | INFO | mail.ru: 90 успешных мутаций
2026-09-12 08:28:55,287 | INFO | wildberries.ru: 86 успешных мутаций
2026-09-12 08:28:55,287 | INFO | ok.ru: 72 успешных мутаций
2026-09-12 08:28:55,287 | INFO | storage.yandex.net: 16 успешных мутаций
2026-09-12 08:28:55,287 | INFO | dzen.ru: 9 успешных мутаций
2026-09-12 08:28:55,287 | INFO | rutube.ru: 8 успешных мутаций
2026-09-12 08:28:55,287 | INFO | 💾 Статистика SNI сохранена
