2026-09-28 16:32:45,398 | INFO | 📊 Загружена статистика SNI: 26 доменов
2026-09-28 16:32:45,399 | INFO | === SING-BOX STATUS ===
2026-09-28 16:32:45,426 | INFO | sing-box version 1.14.2

Environment: go1.26.8 linux/amd64
Tags: with_gvisor,with_quic,with_dhcp,with_wireguard,with_utls,with_acme,with_clash_api,with_tailscale,with_ccm,with_ocm,with_cloudflared,with_naive_outbound,with_usbip,with_openvpn,with_openconnect,badlinkname,tfogo_checklinkname0,with_musl
Revision: af6e64c3b69e6132ebaee0e1a3d24e93903f6709
CGO: enabled
2026-09-28 16:32:45,426 | INFO | 
--- STEP 1: FETCHING SOURCES ---
2026-09-28 16:32:45,475 | INFO | Loaded 107 lines from https://raw.githubusercontent.com/igareck/vpn-conf...
2026-09-28 16:32:45,579 | INFO | Loaded 0 lines from https://raw.githubusercontent.com/igareck/vpn-conf...
2026-09-28 16:32:45,622 | INFO | Loaded 35 lines from https://raw.githubusercontent.com/igareck/vpn-conf...
2026-09-28 16:32:45,729 | INFO | Loaded 3 lines from https://raw.githubusercontent.com/igareck/vpn-conf...
2026-09-28 16:32:45,856 | INFO | Loaded 115 lines from https://raw.githubusercontent.com/igareck/vpn-conf...
2026-09-28 16:32:45,907 | INFO | Loaded 113 lines from https://raw.githubusercontent.com/igareck/vpn-conf...
2026-09-28 16:32:46,218 | INFO | Loaded 153 lines from https://raw.githubusercontent.com/igareck/vpn-conf...
2026-09-28 16:32:46,567 | INFO | Loaded 18 lines from https://raw.githubusercontent.com/FLAT447/v2ray-li...
2026-09-28 16:32:46,567 | INFO | 
--- STEP 2: VALIDATION ---
2026-09-28 16:32:46,567 | INFO | Unique VLESS configs: 256
2026-09-28 16:32:46,583 | INFO | Archive updated: 10000 nodes (limit 10000)
2026-09-28 16:32:46,585 | INFO | 
--- STEP 3: LIVE CHECK (256 nodes, threads: 40) ---
2026-09-28 16:34:30,451 | INFO | [🎉 SNI WORKED] Нода ожила с SNI: yandex.ru (порт 11033)
2026-09-28 16:45:55,616 | INFO | ⏱️ Время проверки: 789.0 сек
2026-09-28 16:45:55,616 | INFO | 
--- RESULT: Found 41 live nodes ---
2026-09-28 16:45:55,616 | INFO | After dedup: 41
2026-09-28 16:45:55,616 | INFO | Filled from archive (+59), total: 100
2026-09-28 16:45:55,625 | INFO | alive_archive.txt updated: 5000 nodes (limit 5000)
2026-09-28 16:45:55,626 | INFO | Subscription updated: /home/runner/work/sbornik/sbornik/subs/vless_001.txt
2026-09-28 16:45:55,626 | INFO | 
--- STATS BY PROTOCOL ---
2026-09-28 16:45:55,626 | INFO | reality: 76
2026-09-28 16:45:55,626 | INFO | tls: 5
2026-09-28 16:45:55,626 | INFO | ws: 19
2026-09-28 16:45:55,626 | INFO | 
--- TOP SNI STATS ---
2026-09-28 16:45:55,626 | INFO | api-maps.yandex.ru: 268 успешных мутаций
2026-09-28 16:45:55,626 | INFO | ozon.ru: 108 успешных мутаций
2026-09-28 16:45:55,626 | INFO | yandex.ru: 99 успешных мутаций
2026-09-28 16:45:55,626 | INFO | vk.com: 94 успешных мутаций
2026-09-28 16:45:55,626 | INFO | mail.ru: 90 успешных мутаций
2026-09-28 16:45:55,626 | INFO | wildberries.ru: 86 успешных мутаций
2026-09-28 16:45:55,626 | INFO | ok.ru: 73 успешных мутаций
2026-09-28 16:45:55,626 | INFO | storage.yandex.net: 16 успешных мутаций
2026-09-28 16:45:55,626 | INFO | dzen.ru: 9 успешных мутаций
2026-09-28 16:45:55,626 | INFO | rutube.ru: 8 успешных мутаций
2026-09-28 16:45:55,627 | INFO | 💾 Статистика SNI сохранена
