2026-09-04 18:54:00,890 | INFO | 📊 Загружена статистика SNI: 26 доменов
2026-09-04 18:54:00,890 | INFO | === SING-BOX STATUS ===
2026-09-04 18:54:00,927 | INFO | sing-box version 1.14.0

Environment: go1.26.7 linux/amd64
Tags: with_gvisor,with_quic,with_dhcp,with_wireguard,with_utls,with_acme,with_clash_api,with_tailscale,with_ccm,with_ocm,with_cloudflared,with_naive_outbound,with_usbip,with_openvpn,with_openconnect,badlinkname,tfogo_checklinkname0,with_musl
Revision: 0b8995879f29a9b98ee027bc17b75e101445b238
CGO: enabled
2026-09-04 18:54:00,927 | INFO | 
--- STEP 1: FETCHING SOURCES ---
2026-09-04 18:54:00,963 | INFO | Loaded 73 lines from https://raw.githubusercontent.com/igareck/vpn-conf...
2026-09-04 18:54:01,000 | INFO | Loaded 0 lines from https://raw.githubusercontent.com/igareck/vpn-conf...
2026-09-04 18:54:01,031 | INFO | Loaded 3 lines from https://raw.githubusercontent.com/igareck/vpn-conf...
2026-09-04 18:54:01,062 | INFO | Loaded 8 lines from https://raw.githubusercontent.com/igareck/vpn-conf...
2026-09-04 18:54:01,092 | INFO | Loaded 74 lines from https://raw.githubusercontent.com/igareck/vpn-conf...
2026-09-04 18:54:01,152 | INFO | Loaded 158 lines from https://raw.githubusercontent.com/igareck/vpn-conf...
2026-09-04 18:54:01,222 | INFO | Loaded 153 lines from https://raw.githubusercontent.com/igareck/vpn-conf...
2026-09-04 18:54:01,354 | INFO | Loaded 2105 lines from https://raw.githubusercontent.com/FLAT447/v2ray-li...
2026-09-04 18:54:01,354 | INFO | 
--- STEP 2: VALIDATION ---
2026-09-04 18:54:01,359 | INFO | Unique VLESS configs: 2285
2026-09-04 18:54:01,395 | INFO | Archive updated: 10000 nodes (limit 10000)
2026-09-04 18:54:01,426 | INFO | 
--- STEP 3: LIVE CHECK (2285 nodes, threads: 40) ---
2026-09-04 18:58:46,257 | INFO | ⏱️ Время проверки: 284.8 сек
2026-09-04 18:58:46,257 | INFO | 
--- RESULT: Found 100 live nodes ---
2026-09-04 18:58:46,258 | INFO | After dedup: 100
2026-09-04 18:58:46,267 | INFO | alive_archive.txt updated: 5000 nodes (limit 5000)
2026-09-04 18:58:46,267 | INFO | Subscription updated: /home/runner/work/sbornik/sbornik/subs/vless_001.txt
2026-09-04 18:58:46,267 | INFO | 
--- STATS BY PROTOCOL ---
2026-09-04 18:58:46,267 | INFO | reality: 34
2026-09-04 18:58:46,267 | INFO | tls: 22
2026-09-04 18:58:46,268 | INFO | ws: 40
2026-09-04 18:58:46,268 | INFO | other: 4
2026-09-04 18:58:46,268 | INFO | 
--- TOP SNI STATS ---
2026-09-04 18:58:46,268 | INFO | api-maps.yandex.ru: 262 успешных мутаций
2026-09-04 18:58:46,268 | INFO | ozon.ru: 108 успешных мутаций
2026-09-04 18:58:46,268 | INFO | yandex.ru: 98 успешных мутаций
2026-09-04 18:58:46,268 | INFO | vk.com: 92 успешных мутаций
2026-09-04 18:58:46,268 | INFO | mail.ru: 90 успешных мутаций
2026-09-04 18:58:46,268 | INFO | wildberries.ru: 86 успешных мутаций
2026-09-04 18:58:46,268 | INFO | ok.ru: 72 успешных мутаций
2026-09-04 18:58:46,268 | INFO | storage.yandex.net: 16 успешных мутаций
2026-09-04 18:58:46,268 | INFO | rutube.ru: 8 успешных мутаций
2026-09-04 18:58:46,268 | INFO | dzen.ru: 8 успешных мутаций
2026-09-04 18:58:46,268 | INFO | 💾 Статистика SNI сохранена
