2026-10-04 22:51:01,463 | INFO | === SING-BOX STATUS ===
2026-10-04 22:51:01,499 | INFO | sing-box version 1.14.2

Environment: go1.26.8 linux/amd64
Tags: with_gvisor,with_quic,with_dhcp,with_wireguard,with_utls,with_acme,with_clash_api,with_tailscale,with_ccm,with_ocm,with_cloudflared,with_naive_outbound,with_usbip,with_openvpn,with_openconnect,badlinkname,tfogo_checklinkname0,with_musl
Revision: af6e64c3b69e6132ebaee0e1a3d24e93903f6709
CGO: enabled
2026-10-04 22:51:01,499 | INFO | 
--- STEP 1: FETCHING SOURCES ---
2026-10-04 22:51:01,547 | INFO | Loaded 60 lines from https://raw.githubusercontent.com/igareck/vpn-configs-for-russia/refs/heads/main...
2026-10-04 22:51:01,591 | INFO | Loaded 15 lines from https://raw.githubusercontent.com/igareck/vpn-configs-for-russia/refs/heads/main...
2026-10-04 22:51:01,634 | INFO | Loaded 14 lines from https://raw.githubusercontent.com/igareck/vpn-configs-for-russia/refs/heads/main...
2026-10-04 22:51:01,677 | INFO | Loaded 63 lines from https://raw.githubusercontent.com/igareck/vpn-configs-for-russia/refs/heads/main...
2026-10-04 22:51:01,727 | INFO | Loaded 231 lines from https://raw.githubusercontent.com/igareck/vpn-configs-for-russia/main/BLACK_VLES...
2026-10-04 22:51:01,776 | INFO | Loaded 148 lines from https://raw.githubusercontent.com/igareck/vpn-configs-for-russia/main/BLACK_VLES...
2026-10-04 22:51:01,845 | INFO | Loaded 42 lines from https://raw.githubusercontent.com/FLAT447/v2ray-lists/main/WHITE_LITE.txt...
2026-10-04 22:51:01,846 | INFO | 
--- STEP 2: VALIDATION ---
2026-10-04 22:51:01,846 | INFO | Unique VLESS configs: 325
2026-10-04 22:51:01,847 | INFO | archive.txt loaded: 123 nodes
2026-10-04 22:51:01,847 | INFO | 
--- ARCHIVE TCP CLEANUP (123 nodes, threads: 40) ---
2026-10-04 22:51:02,473 | INFO | ARCHIVE TCP CLEANUP done: alive=123, removed=0, time=0.6с
2026-10-04 22:51:02,473 | INFO | 
--- STEP 3: LIVE CHECK (325 nodes, threads: 40, min_sites_ok=2) ---
2026-10-04 22:51:47,648 | INFO | ⏱️ Время проверки: 45.2 сек
2026-10-04 22:51:47,648 | INFO | 
--- RESULT: Found 154 live nodes ---
2026-10-04 22:51:47,649 | INFO | archive.txt updated: 247 nodes
2026-10-04 22:51:47,649 | INFO | Subscription updated: /home/runner/work/sbornik/sbornik/subs/vless_001.txt (100 nodes)
2026-10-04 22:51:47,649 | INFO | 
--- STATS BY TRANSPORT (live_total / dead_total | live_last / dead_last) ---
2026-10-04 22:51:47,649 | INFO | tcp: 655 / 669 | 131 / 39
2026-10-04 22:51:47,649 | INFO | ws: 182 / 207 | 23 / 8
2026-10-04 22:51:47,649 | INFO | grpc: 0 / 89 | 0 / 20
2026-10-04 22:51:47,649 | INFO | xhttp: 0 / 428 | 0 / 104
2026-10-04 22:51:47,649 | INFO | 
--- STATS BY SECURITY (live_total / dead_total | live_last / dead_last) ---
2026-10-04 22:51:47,649 | INFO | none: 67 / 35 | 11 / 4
2026-10-04 22:51:47,649 | INFO | tls: 322 / 549 | 42 / 93
2026-10-04 22:51:47,649 | INFO | reality: 448 / 809 | 101 / 74
2026-10-04 22:51:47,650 | INFO | 💾 Статистика источников сохранена: source_stats.json
2026-10-04 22:51:47,650 | INFO | 💾 Статистика протоколов сохранена: protocol_stats.json
2026-10-04 22:51:47,650 | INFO | 
============ ИТОГ ЗАПУСКА ============
Живых из источников:          154
Оживлено из архива:           0
Удалено из архива (мёртвых):  0
Итого в подписке:             100
Итого в архиве:               247

--- ДЕТАЛИЗАЦИЯ ОШИБОК ---
dead_tcp (TCP не открылся):    5
dead_config (битый конфиг):    0
dead_start (sing-box упал):    101
dead_sites (мало сайтов):      65
dead_parse (URI не парсится):  0
======================================
2026-10-04 22:51:47,651 | INFO | 
--- ПРОВЕРКА САЙТОВ (за текущий запуск) ---
2026-10-04 22:51:47,651 | INFO | https://telegram.org: 124/219 (56.6%)
2026-10-04 22:51:47,651 | INFO | https://www.instagram.com: 157/219 (71.7%)
2026-10-04 22:51:47,651 | INFO | https://www.youtube.com: 162/219 (74.0%)
2026-10-04 22:51:47,651 | INFO | 💾 Статистика запуска сохранена: run_stats.json
