2026-08-25 01:20:05,618 | INFO | 📊 Загружена статистика SNI: 26 доменов
2026-08-25 01:20:05,618 | INFO | === SING-BOX STATUS ===
2026-08-25 01:20:05,625 | INFO | sing-box version 1.13.19

Environment: go1.25.12 linux/amd64
Tags: with_gvisor,with_quic,with_dhcp,with_wireguard,with_utls,with_acme,with_clash_api,with_tailscale,with_ccm,with_ocm,with_naive_outbound,badlinkname,tfogo_checklinkname0,with_musl
Revision: b5ebaa1fc0f2b94256180b95468e73ef53caa27d
CGO: enabled
2026-08-25 01:20:05,626 | INFO | 
--- STEP 1: FETCHING SOURCES ---
2026-08-25 01:20:05,722 | INFO | Loaded 153 lines from https://raw.githubusercontent.com/igareck/vpn-conf...
2026-08-25 01:20:05,845 | INFO | Loaded 0 lines from https://raw.githubusercontent.com/igareck/vpn-conf...
2026-08-25 01:20:05,974 | INFO | Loaded 32 lines from https://raw.githubusercontent.com/igareck/vpn-conf...
2026-08-25 01:20:06,143 | INFO | Loaded 49 lines from https://raw.githubusercontent.com/igareck/vpn-conf...
2026-08-25 01:20:06,247 | INFO | Loaded 254 lines from https://raw.githubusercontent.com/igareck/vpn-conf...
2026-08-25 01:20:06,337 | INFO | Loaded 309 lines from https://raw.githubusercontent.com/igareck/vpn-conf...
2026-08-25 01:20:06,470 | INFO | Loaded 153 lines from https://raw.githubusercontent.com/igareck/vpn-conf...
2026-08-25 01:20:06,824 | INFO | Loaded 402 lines from https://raw.githubusercontent.com/FLAT447/v2ray-li...
2026-08-25 01:20:06,824 | INFO | 
--- STEP 2: VALIDATION ---
2026-08-25 01:20:06,825 | INFO | Unique VLESS configs: 960
2026-08-25 01:20:06,848 | INFO | Archive updated: 10000 nodes (limit 10000)
2026-08-25 01:20:06,854 | INFO | 
--- STEP 3: LIVE CHECK (960 nodes, threads: 40) ---
2026-08-25 01:24:19,119 | INFO | ⏱️ Время проверки: 252.3 сек
2026-08-25 01:24:19,119 | INFO | 
--- RESULT: Found 104 live nodes ---
2026-08-25 01:24:19,119 | INFO | After dedup: 104
2026-08-25 01:24:19,130 | INFO | alive_archive.txt updated: 5000 nodes (limit 5000)
2026-08-25 01:24:19,131 | INFO | Subscription updated: /home/runner/work/sbornik/sbornik/subs/vless_001.txt
2026-08-25 01:24:19,131 | INFO | 
--- STATS BY PROTOCOL ---
2026-08-25 01:24:19,131 | INFO | reality: 74
2026-08-25 01:24:19,131 | INFO | tls: 14
2026-08-25 01:24:19,131 | INFO | ws: 15
2026-08-25 01:24:19,131 | INFO | other: 1
2026-08-25 01:24:19,131 | INFO | 
--- TOP SNI STATS ---
2026-08-25 01:24:19,131 | INFO | api-maps.yandex.ru: 259 успешных мутаций
2026-08-25 01:24:19,131 | INFO | ozon.ru: 100 успешных мутаций
2026-08-25 01:24:19,131 | INFO | yandex.ru: 96 успешных мутаций
2026-08-25 01:24:19,131 | INFO | vk.com: 91 успешных мутаций
2026-08-25 01:24:19,131 | INFO | mail.ru: 90 успешных мутаций
2026-08-25 01:24:19,131 | INFO | wildberries.ru: 84 успешных мутаций
2026-08-25 01:24:19,131 | INFO | ok.ru: 72 успешных мутаций
2026-08-25 01:24:19,131 | INFO | storage.yandex.net: 16 успешных мутаций
2026-08-25 01:24:19,131 | INFO | dzen.ru: 8 успешных мутаций
2026-08-25 01:24:19,131 | INFO | rutube.ru: 7 успешных мутаций
2026-08-25 01:24:19,131 | INFO | 💾 Статистика SNI сохранена
