2026-09-07 17:27:53,633 | INFO | 📊 Загружена статистика SNI: 26 доменов
2026-09-07 17:27:53,633 | INFO | === SING-BOX STATUS ===
2026-09-07 17:27:53,668 | INFO | sing-box version 1.14.0

Environment: go1.26.7 linux/amd64
Tags: with_gvisor,with_quic,with_dhcp,with_wireguard,with_utls,with_acme,with_clash_api,with_tailscale,with_ccm,with_ocm,with_cloudflared,with_naive_outbound,with_usbip,with_openvpn,with_openconnect,badlinkname,tfogo_checklinkname0,with_musl
Revision: 0b8995879f29a9b98ee027bc17b75e101445b238
CGO: enabled
2026-09-07 17:27:53,668 | INFO | 
--- STEP 1: FETCHING SOURCES ---
2026-09-07 17:27:53,705 | INFO | Loaded 30 lines from https://raw.githubusercontent.com/igareck/vpn-conf...
2026-09-07 17:27:53,754 | INFO | Loaded 0 lines from https://raw.githubusercontent.com/igareck/vpn-conf...
2026-09-07 17:27:53,790 | INFO | Loaded 18 lines from https://raw.githubusercontent.com/igareck/vpn-conf...
2026-09-07 17:27:53,832 | INFO | Loaded 14 lines from https://raw.githubusercontent.com/igareck/vpn-conf...
2026-09-07 17:27:53,864 | INFO | Loaded 30 lines from https://raw.githubusercontent.com/igareck/vpn-conf...
2026-09-07 17:27:53,895 | INFO | Loaded 35 lines from https://raw.githubusercontent.com/igareck/vpn-conf...
2026-09-07 17:27:53,923 | INFO | Loaded 76 lines from https://raw.githubusercontent.com/igareck/vpn-conf...
2026-09-07 17:27:54,015 | INFO | Loaded 30 lines from https://raw.githubusercontent.com/FLAT447/v2ray-li...
2026-09-07 17:27:54,015 | INFO | 
--- STEP 2: VALIDATION ---
2026-09-07 17:27:54,015 | INFO | Unique VLESS configs: 85
2026-09-07 17:27:54,047 | INFO | Archive updated: 10000 nodes (limit 10000)
2026-09-07 17:27:54,048 | INFO | 
--- STEP 3: LIVE CHECK (85 nodes, threads: 40) ---
2026-09-07 17:29:05,182 | INFO | [🎉 SNI WORKED] Нода ожила с SNI: api-maps.yandex.ru (порт 11028)
2026-09-07 17:29:40,129 | INFO | [🎉 SNI WORKED] Нода ожила с SNI: api-maps.yandex.ru (порт 11030)
2026-09-07 17:29:58,968 | INFO | [🎉 SNI WORKED] Нода ожила с SNI: avito.ru (порт 11029)
2026-09-07 17:32:53,114 | INFO | ⏱️ Время проверки: 299.1 сек
2026-09-07 17:32:53,114 | INFO | 
--- RESULT: Found 17 live nodes ---
2026-09-07 17:32:53,114 | INFO | After dedup: 17
2026-09-07 17:32:53,115 | INFO | Filled from archive (+83), total: 100
2026-09-07 17:32:53,128 | INFO | alive_archive.txt updated: 5000 nodes (limit 5000)
2026-09-07 17:32:53,128 | INFO | Subscription updated: /home/runner/work/sbornik/sbornik/subs/vless_001.txt
2026-09-07 17:32:53,129 | INFO | 
--- STATS BY PROTOCOL ---
2026-09-07 17:32:53,129 | INFO | reality: 44
2026-09-07 17:32:53,129 | INFO | tls: 8
2026-09-07 17:32:53,129 | INFO | ws: 48
2026-09-07 17:32:53,129 | INFO | 
--- TOP SNI STATS ---
2026-09-07 17:32:53,129 | INFO | api-maps.yandex.ru: 264 успешных мутаций
2026-09-07 17:32:53,129 | INFO | ozon.ru: 108 успешных мутаций
2026-09-07 17:32:53,129 | INFO | yandex.ru: 98 успешных мутаций
2026-09-07 17:32:53,129 | INFO | vk.com: 94 успешных мутаций
2026-09-07 17:32:53,129 | INFO | mail.ru: 90 успешных мутаций
2026-09-07 17:32:53,129 | INFO | wildberries.ru: 86 успешных мутаций
2026-09-07 17:32:53,129 | INFO | ok.ru: 72 успешных мутаций
2026-09-07 17:32:53,129 | INFO | storage.yandex.net: 16 успешных мутаций
2026-09-07 17:32:53,129 | INFO | dzen.ru: 9 успешных мутаций
2026-09-07 17:32:53,129 | INFO | rutube.ru: 8 успешных мутаций
2026-09-07 17:32:53,130 | INFO | 💾 Статистика SNI сохранена
