2026-09-01 13:12:22,547 | INFO | 📊 Загружена статистика SNI: 26 доменов
2026-09-01 13:12:22,547 | INFO | === SING-BOX STATUS ===
2026-09-01 13:12:22,592 | INFO | sing-box version 1.14.0

Environment: go1.26.7 linux/amd64
Tags: with_gvisor,with_quic,with_dhcp,with_wireguard,with_utls,with_acme,with_clash_api,with_tailscale,with_ccm,with_ocm,with_cloudflared,with_naive_outbound,with_usbip,with_openvpn,with_openconnect,badlinkname,tfogo_checklinkname0,with_musl
Revision: 0b8995879f29a9b98ee027bc17b75e101445b238
CGO: enabled
2026-09-01 13:12:22,592 | INFO | 
--- STEP 1: FETCHING SOURCES ---
2026-09-01 13:12:22,675 | INFO | Loaded 12 lines from https://raw.githubusercontent.com/igareck/vpn-conf...
2026-09-01 13:12:22,822 | INFO | Loaded 0 lines from https://raw.githubusercontent.com/igareck/vpn-conf...
2026-09-01 13:12:22,951 | INFO | Loaded 3 lines from https://raw.githubusercontent.com/igareck/vpn-conf...
2026-09-01 13:12:23,027 | INFO | Loaded 17 lines from https://raw.githubusercontent.com/igareck/vpn-conf...
2026-09-01 13:12:23,101 | INFO | Loaded 12 lines from https://raw.githubusercontent.com/igareck/vpn-conf...
2026-09-01 13:12:23,269 | INFO | Loaded 110 lines from https://raw.githubusercontent.com/igareck/vpn-conf...
2026-09-01 13:12:23,343 | INFO | Loaded 153 lines from https://raw.githubusercontent.com/igareck/vpn-conf...
2026-09-01 13:12:23,950 | INFO | Loaded 1560 lines from https://raw.githubusercontent.com/FLAT447/v2ray-li...
2026-09-01 13:12:23,950 | INFO | 
--- STEP 2: VALIDATION ---
2026-09-01 13:12:23,954 | INFO | Unique VLESS configs: 1611
2026-09-01 13:12:23,987 | INFO | Archive updated: 10000 nodes (limit 10000)
2026-09-01 13:12:23,999 | INFO | 
--- STEP 3: LIVE CHECK (1611 nodes, threads: 40) ---
2026-09-01 13:49:26,011 | INFO | ⏱️ Время проверки: 2222.0 сек
2026-09-01 13:49:26,012 | INFO | 
--- RESULT: Found 100 live nodes ---
2026-09-01 13:49:26,012 | INFO | After dedup: 100
2026-09-01 13:49:26,022 | INFO | alive_archive.txt updated: 5000 nodes (limit 5000)
2026-09-01 13:49:26,022 | INFO | Subscription updated: /home/runner/work/sbornik/sbornik/subs/vless_001.txt
2026-09-01 13:49:26,022 | INFO | 
--- STATS BY PROTOCOL ---
2026-09-01 13:49:26,022 | INFO | reality: 52
2026-09-01 13:49:26,022 | INFO | tls: 1
2026-09-01 13:49:26,022 | INFO | ws: 36
2026-09-01 13:49:26,022 | INFO | other: 11
2026-09-01 13:49:26,022 | INFO | 
--- TOP SNI STATS ---
2026-09-01 13:49:26,022 | INFO | api-maps.yandex.ru: 262 успешных мутаций
2026-09-01 13:49:26,023 | INFO | ozon.ru: 108 успешных мутаций
2026-09-01 13:49:26,023 | INFO | yandex.ru: 98 успешных мутаций
2026-09-01 13:49:26,023 | INFO | vk.com: 91 успешных мутаций
2026-09-01 13:49:26,023 | INFO | mail.ru: 90 успешных мутаций
2026-09-01 13:49:26,023 | INFO | wildberries.ru: 86 успешных мутаций
2026-09-01 13:49:26,023 | INFO | ok.ru: 72 успешных мутаций
2026-09-01 13:49:26,023 | INFO | storage.yandex.net: 16 успешных мутаций
2026-09-01 13:49:26,023 | INFO | rutube.ru: 8 успешных мутаций
2026-09-01 13:49:26,023 | INFO | dzen.ru: 8 успешных мутаций
2026-09-01 13:49:26,023 | INFO | 💾 Статистика SNI сохранена
