2026-09-04 08:34:20,046 | INFO | 📊 Загружена статистика SNI: 26 доменов
2026-09-04 08:34:20,046 | INFO | === SING-BOX STATUS ===
2026-09-04 08:34:20,081 | INFO | sing-box version 1.14.0

Environment: go1.26.7 linux/amd64
Tags: with_gvisor,with_quic,with_dhcp,with_wireguard,with_utls,with_acme,with_clash_api,with_tailscale,with_ccm,with_ocm,with_cloudflared,with_naive_outbound,with_usbip,with_openvpn,with_openconnect,badlinkname,tfogo_checklinkname0,with_musl
Revision: 0b8995879f29a9b98ee027bc17b75e101445b238
CGO: enabled
2026-09-04 08:34:20,081 | INFO | 
--- STEP 1: FETCHING SOURCES ---
2026-09-04 08:34:20,182 | INFO | Loaded 80 lines from https://raw.githubusercontent.com/igareck/vpn-conf...
2026-09-04 08:34:20,300 | INFO | Loaded 0 lines from https://raw.githubusercontent.com/igareck/vpn-conf...
2026-09-04 08:34:20,405 | INFO | Loaded 3 lines from https://raw.githubusercontent.com/igareck/vpn-conf...
2026-09-04 08:34:20,541 | INFO | Loaded 3 lines from https://raw.githubusercontent.com/igareck/vpn-conf...
2026-09-04 08:34:20,568 | INFO | Loaded 80 lines from https://raw.githubusercontent.com/igareck/vpn-conf...
2026-09-04 08:34:20,695 | INFO | Loaded 155 lines from https://raw.githubusercontent.com/igareck/vpn-conf...
2026-09-04 08:34:20,813 | INFO | Loaded 153 lines from https://raw.githubusercontent.com/igareck/vpn-conf...
2026-09-04 08:34:21,056 | INFO | Loaded 2223 lines from https://raw.githubusercontent.com/FLAT447/v2ray-li...
2026-09-04 08:34:21,056 | INFO | 
--- STEP 2: VALIDATION ---
2026-09-04 08:34:21,062 | INFO | Unique VLESS configs: 2413
2026-09-04 08:34:21,093 | INFO | Archive updated: 10000 nodes (limit 10000)
2026-09-04 08:34:21,118 | INFO | 
--- STEP 3: LIVE CHECK (2413 nodes, threads: 40) ---
2026-09-04 08:42:16,754 | INFO | ⏱️ Время проверки: 475.6 сек
2026-09-04 08:42:16,754 | INFO | 
--- RESULT: Found 103 live nodes ---
2026-09-04 08:42:16,754 | INFO | After dedup: 103
2026-09-04 08:42:16,766 | INFO | alive_archive.txt updated: 5000 nodes (limit 5000)
2026-09-04 08:42:16,767 | INFO | Subscription updated: /home/runner/work/sbornik/sbornik/subs/vless_001.txt
2026-09-04 08:42:16,767 | INFO | 
--- STATS BY PROTOCOL ---
2026-09-04 08:42:16,767 | INFO | reality: 47
2026-09-04 08:42:16,767 | INFO | ws: 49
2026-09-04 08:42:16,767 | INFO | other: 7
2026-09-04 08:42:16,767 | INFO | 
--- TOP SNI STATS ---
2026-09-04 08:42:16,767 | INFO | api-maps.yandex.ru: 262 успешных мутаций
2026-09-04 08:42:16,767 | INFO | ozon.ru: 108 успешных мутаций
2026-09-04 08:42:16,767 | INFO | yandex.ru: 98 успешных мутаций
2026-09-04 08:42:16,767 | INFO | vk.com: 92 успешных мутаций
2026-09-04 08:42:16,767 | INFO | mail.ru: 90 успешных мутаций
2026-09-04 08:42:16,768 | INFO | wildberries.ru: 86 успешных мутаций
2026-09-04 08:42:16,768 | INFO | ok.ru: 72 успешных мутаций
2026-09-04 08:42:16,768 | INFO | storage.yandex.net: 16 успешных мутаций
2026-09-04 08:42:16,768 | INFO | rutube.ru: 8 успешных мутаций
2026-09-04 08:42:16,768 | INFO | dzen.ru: 8 успешных мутаций
2026-09-04 08:42:16,768 | INFO | 💾 Статистика SNI сохранена
