2026-07-29 02:46:36,861 | INFO | 📊 Загружена статистика SNI: 26 доменов
2026-07-29 02:46:36,862 | INFO | === SING-BOX STATUS ===
2026-07-29 02:46:36,870 | INFO | sing-box version 1.13.14

Environment: go1.25.11 linux/amd64
Tags: with_gvisor,with_quic,with_dhcp,with_wireguard,with_utls,with_acme,with_clash_api,with_tailscale,with_ccm,with_ocm,with_naive_outbound,badlinkname,tfogo_checklinkname0,with_musl
Revision: 25a600db24f7680ad9806ce5427bd0ab8afe1114
CGO: enabled
2026-07-29 02:46:36,870 | INFO | 
--- STEP 1: FETCHING SOURCES ---
2026-07-29 02:46:36,957 | INFO | Loaded 135 lines from https://raw.githubusercontent.com/igareck/vpn-conf...
2026-07-29 02:46:37,023 | INFO | Loaded 0 lines from https://raw.githubusercontent.com/igareck/vpn-conf...
2026-07-29 02:46:37,078 | INFO | Loaded 32 lines from https://raw.githubusercontent.com/igareck/vpn-conf...
2026-07-29 02:46:37,129 | INFO | Loaded 19 lines from https://raw.githubusercontent.com/igareck/vpn-conf...
2026-07-29 02:46:37,185 | INFO | Loaded 140 lines from https://raw.githubusercontent.com/igareck/vpn-conf...
2026-07-29 02:46:37,315 | INFO | Loaded 288 lines from https://raw.githubusercontent.com/igareck/vpn-conf...
2026-07-29 02:46:37,455 | INFO | Loaded 153 lines from https://raw.githubusercontent.com/igareck/vpn-conf...
2026-07-29 02:46:37,570 | INFO | Loaded 430 lines from https://raw.githubusercontent.com/FLAT447/v2ray-li...
2026-07-29 02:46:37,570 | INFO | 
--- STEP 2: VALIDATION ---
2026-07-29 02:46:37,572 | INFO | Unique VLESS configs: 777
2026-07-29 02:46:37,602 | INFO | Archive updated: 10000 nodes (limit 10000)
2026-07-29 02:46:37,606 | INFO | 
--- STEP 3: LIVE CHECK (777 nodes, threads: 40) ---
2026-07-29 02:53:38,195 | INFO | ⏱️ Время проверки: 420.6 сек
2026-07-29 02:53:38,195 | INFO | 
--- RESULT: Found 100 live nodes ---
2026-07-29 02:53:38,195 | INFO | After dedup: 100
2026-07-29 02:53:38,207 | INFO | alive_archive.txt updated: 5000 nodes (limit 5000)
2026-07-29 02:53:38,207 | INFO | Subscription updated: /home/runner/work/sbornik/sbornik/subs/vless_001.txt
2026-07-29 02:53:38,207 | INFO | 
--- STATS BY PROTOCOL ---
2026-07-29 02:53:38,207 | INFO | reality: 51
2026-07-29 02:53:38,207 | INFO | grpc: 9
2026-07-29 02:53:38,207 | INFO | ws: 37
2026-07-29 02:53:38,207 | INFO | other: 3
2026-07-29 02:53:38,207 | INFO | 
--- TOP SNI STATS ---
2026-07-29 02:53:38,207 | INFO | api-maps.yandex.ru: 55 успешных мутаций
2026-07-29 02:53:38,207 | INFO | ozon.ru: 37 успешных мутаций
2026-07-29 02:53:38,207 | INFO | mail.ru: 32 успешных мутаций
2026-07-29 02:53:38,208 | INFO | ok.ru: 28 успешных мутаций
2026-07-29 02:53:38,208 | INFO | yandex.ru: 28 успешных мутаций
2026-07-29 02:53:38,208 | INFO | vk.com: 26 успешных мутаций
2026-07-29 02:53:38,208 | INFO | wildberries.ru: 25 успешных мутаций
2026-07-29 02:53:38,208 | INFO | dzen.ru: 2 успешных мутаций
2026-07-29 02:53:38,208 | INFO | rutube.ru: 1 успешных мутаций
2026-07-29 02:53:38,208 | INFO | cdn.x5.ru: 1 успешных мутаций
2026-07-29 02:53:38,208 | INFO | 💾 Статистика SNI сохранена
