2026-09-25 23:09:26,137 | INFO | 📊 Загружена статистика SNI: 26 доменов
2026-09-25 23:09:26,137 | INFO | === SING-BOX STATUS ===
2026-09-25 23:09:26,164 | INFO | sing-box version 1.14.2

Environment: go1.26.8 linux/amd64
Tags: with_gvisor,with_quic,with_dhcp,with_wireguard,with_utls,with_acme,with_clash_api,with_tailscale,with_ccm,with_ocm,with_cloudflared,with_naive_outbound,with_usbip,with_openvpn,with_openconnect,badlinkname,tfogo_checklinkname0,with_musl
Revision: af6e64c3b69e6132ebaee0e1a3d24e93903f6709
CGO: enabled
2026-09-25 23:09:26,164 | INFO | 
--- STEP 1: FETCHING SOURCES ---
2026-09-25 23:09:26,225 | INFO | Loaded 48 lines from https://raw.githubusercontent.com/igareck/vpn-conf...
2026-09-25 23:09:26,296 | INFO | Loaded 0 lines from https://raw.githubusercontent.com/igareck/vpn-conf...
2026-09-25 23:09:26,341 | INFO | Loaded 23 lines from https://raw.githubusercontent.com/igareck/vpn-conf...
2026-09-25 23:09:26,402 | INFO | Loaded 18 lines from https://raw.githubusercontent.com/igareck/vpn-conf...
2026-09-25 23:09:26,455 | INFO | Loaded 55 lines from https://raw.githubusercontent.com/igareck/vpn-conf...
2026-09-25 23:09:26,535 | INFO | Loaded 126 lines from https://raw.githubusercontent.com/igareck/vpn-conf...
2026-09-25 23:09:26,635 | INFO | Loaded 153 lines from https://raw.githubusercontent.com/igareck/vpn-conf...
2026-09-25 23:09:26,783 | INFO | Loaded 27 lines from https://raw.githubusercontent.com/FLAT447/v2ray-li...
2026-09-25 23:09:26,783 | INFO | 
--- STEP 2: VALIDATION ---
2026-09-25 23:09:26,784 | INFO | Unique VLESS configs: 257
2026-09-25 23:09:26,801 | INFO | Archive updated: 10000 nodes (limit 10000)
2026-09-25 23:09:26,803 | INFO | 
--- STEP 3: LIVE CHECK (257 nodes, threads: 40) ---
2026-09-25 23:18:22,299 | INFO | ⏱️ Время проверки: 535.5 сек
2026-09-25 23:18:22,299 | INFO | 
--- RESULT: Found 98 live nodes ---
2026-09-25 23:18:22,299 | INFO | After dedup: 98
2026-09-25 23:18:22,299 | INFO | Filled from archive (+2), total: 100
2026-09-25 23:18:22,308 | INFO | alive_archive.txt updated: 5000 nodes (limit 5000)
2026-09-25 23:18:22,309 | INFO | Subscription updated: /home/runner/work/sbornik/sbornik/subs/vless_001.txt
2026-09-25 23:18:22,309 | INFO | 
--- STATS BY PROTOCOL ---
2026-09-25 23:18:22,309 | INFO | reality: 52
2026-09-25 23:18:22,309 | INFO | tls: 16
2026-09-25 23:18:22,309 | INFO | ws: 30
2026-09-25 23:18:22,309 | INFO | other: 2
2026-09-25 23:18:22,309 | INFO | 
--- TOP SNI STATS ---
2026-09-25 23:18:22,309 | INFO | api-maps.yandex.ru: 268 успешных мутаций
2026-09-25 23:18:22,309 | INFO | ozon.ru: 108 успешных мутаций
2026-09-25 23:18:22,309 | INFO | yandex.ru: 98 успешных мутаций
2026-09-25 23:18:22,309 | INFO | vk.com: 94 успешных мутаций
2026-09-25 23:18:22,309 | INFO | mail.ru: 90 успешных мутаций
2026-09-25 23:18:22,309 | INFO | wildberries.ru: 86 успешных мутаций
2026-09-25 23:18:22,309 | INFO | ok.ru: 73 успешных мутаций
2026-09-25 23:18:22,309 | INFO | storage.yandex.net: 16 успешных мутаций
2026-09-25 23:18:22,310 | INFO | dzen.ru: 9 успешных мутаций
2026-09-25 23:18:22,310 | INFO | rutube.ru: 8 успешных мутаций
2026-09-25 23:18:22,310 | INFO | 💾 Статистика SNI сохранена
