2026-07-31 14:11:19,075 | INFO | 📊 Загружена статистика SNI: 26 доменов
2026-07-31 14:11:19,075 | INFO | === SING-BOX STATUS ===
2026-07-31 14:11:19,084 | INFO | sing-box version 1.13.15

Environment: go1.25.12 linux/amd64
Tags: with_gvisor,with_quic,with_dhcp,with_wireguard,with_utls,with_acme,with_clash_api,with_tailscale,with_ccm,with_ocm,with_naive_outbound,badlinkname,tfogo_checklinkname0,with_musl
Revision: 3708fa18766cda1f11b77f6ed9c7bd61688f17df
CGO: enabled
2026-07-31 14:11:19,084 | INFO | 
--- STEP 1: FETCHING SOURCES ---
2026-07-31 14:11:19,121 | INFO | Loaded 118 lines from https://raw.githubusercontent.com/igareck/vpn-conf...
2026-07-31 14:11:19,154 | INFO | Loaded 0 lines from https://raw.githubusercontent.com/igareck/vpn-conf...
2026-07-31 14:11:19,188 | INFO | Loaded 72 lines from https://raw.githubusercontent.com/igareck/vpn-conf...
2026-07-31 14:11:19,217 | INFO | Loaded 3 lines from https://raw.githubusercontent.com/igareck/vpn-conf...
2026-07-31 14:11:19,248 | INFO | Loaded 123 lines from https://raw.githubusercontent.com/igareck/vpn-conf...
2026-07-31 14:11:19,306 | INFO | Loaded 181 lines from https://raw.githubusercontent.com/igareck/vpn-conf...
2026-07-31 14:11:19,342 | INFO | Loaded 153 lines from https://raw.githubusercontent.com/igareck/vpn-conf...
2026-07-31 14:11:19,431 | INFO | Loaded 392 lines from https://raw.githubusercontent.com/FLAT447/v2ray-li...
2026-07-31 14:11:19,431 | INFO | 
--- STEP 2: VALIDATION ---
2026-07-31 14:11:19,433 | INFO | Unique VLESS configs: 721
2026-07-31 14:11:19,465 | INFO | Archive updated: 10000 nodes (limit 10000)
2026-07-31 14:11:19,469 | INFO | 
--- STEP 3: LIVE CHECK (721 nodes, threads: 40) ---
2026-07-31 14:11:44,518 | INFO | [🎉 SNI WORKED] Нода ожила с SNI: api-maps.yandex.ru (порт 11039)
2026-07-31 14:11:55,937 | INFO | [🎉 SNI WORKED] Нода ожила с SNI: api-maps.yandex.ru (порт 11016)
2026-07-31 14:12:11,574 | INFO | [🎉 SNI WORKED] Нода ожила с SNI: api-maps.yandex.ru (порт 11038)
2026-07-31 14:12:12,437 | INFO | [🎉 SNI WORKED] Нода ожила с SNI: api-maps.yandex.ru (порт 11015)
2026-07-31 14:20:12,725 | INFO | ⏱️ Время проверки: 533.3 сек
2026-07-31 14:20:12,725 | INFO | 
--- RESULT: Found 106 live nodes ---
2026-07-31 14:20:12,725 | INFO | After dedup: 106
2026-07-31 14:20:12,735 | INFO | alive_archive.txt updated: 5000 nodes (limit 5000)
2026-07-31 14:20:12,736 | INFO | Subscription updated: /home/runner/work/sbornik/sbornik/subs/vless_001.txt
2026-07-31 14:20:12,736 | INFO | 
--- STATS BY PROTOCOL ---
2026-07-31 14:20:12,736 | INFO | reality: 32
2026-07-31 14:20:12,736 | INFO | tls: 3
2026-07-31 14:20:12,736 | INFO | ws: 69
2026-07-31 14:20:12,736 | INFO | other: 2
2026-07-31 14:20:12,736 | INFO | 
--- TOP SNI STATS ---
2026-07-31 14:20:12,736 | INFO | api-maps.yandex.ru: 123 успешных мутаций
2026-07-31 14:20:12,736 | INFO | ozon.ru: 37 успешных мутаций
2026-07-31 14:20:12,736 | INFO | mail.ru: 32 успешных мутаций
2026-07-31 14:20:12,736 | INFO | ok.ru: 28 успешных мутаций
2026-07-31 14:20:12,736 | INFO | yandex.ru: 28 успешных мутаций
2026-07-31 14:20:12,736 | INFO | vk.com: 26 успешных мутаций
2026-07-31 14:20:12,736 | INFO | wildberries.ru: 25 успешных мутаций
2026-07-31 14:20:12,736 | INFO | rutube.ru: 2 успешных мутаций
2026-07-31 14:20:12,736 | INFO | dzen.ru: 2 успешных мутаций
2026-07-31 14:20:12,736 | INFO | cdn.x5.ru: 1 успешных мутаций
2026-07-31 14:20:12,737 | INFO | 💾 Статистика SNI сохранена
