2026-10-04 16:46:36,014 | INFO | === SING-BOX STATUS ===
2026-10-04 16:46:36,015 | INFO | 🧹 Удалён устаревший service_stats.json (накопительная статистика сервисов больше не ведётся)
2026-10-04 16:46:36,047 | INFO | sing-box version 1.14.2

Environment: go1.26.8 linux/amd64
Tags: with_gvisor,with_quic,with_dhcp,with_wireguard,with_utls,with_acme,with_clash_api,with_tailscale,with_ccm,with_ocm,with_cloudflared,with_naive_outbound,with_usbip,with_openvpn,with_openconnect,badlinkname,tfogo_checklinkname0,with_musl
Revision: af6e64c3b69e6132ebaee0e1a3d24e93903f6709
CGO: enabled
2026-10-04 16:46:36,047 | INFO | 
--- STEP 1: FETCHING SOURCES ---
2026-10-04 16:46:36,082 | INFO | Loaded 80 lines from https://raw.githubusercontent.com/igareck/vpn-configs-for-russia/refs/heads/main...
2026-10-04 16:46:36,112 | INFO | Loaded 18 lines from https://raw.githubusercontent.com/igareck/vpn-configs-for-russia/refs/heads/main...
2026-10-04 16:46:36,141 | INFO | Loaded 5 lines from https://raw.githubusercontent.com/igareck/vpn-configs-for-russia/refs/heads/main...
2026-10-04 16:46:36,170 | INFO | Loaded 82 lines from https://raw.githubusercontent.com/igareck/vpn-configs-for-russia/refs/heads/main...
2026-10-04 16:46:36,206 | INFO | Loaded 143 lines from https://raw.githubusercontent.com/igareck/vpn-configs-for-russia/main/BLACK_VLES...
2026-10-04 16:46:36,275 | INFO | Loaded 133 lines from https://raw.githubusercontent.com/igareck/vpn-configs-for-russia/main/BLACK_VLES...
2026-10-04 16:46:36,347 | INFO | Loaded 18 lines from https://raw.githubusercontent.com/FLAT447/v2ray-lists/main/WHITE_LITE.txt...
2026-10-04 16:46:36,348 | INFO | 
--- STEP 2: VALIDATION ---
2026-10-04 16:46:36,348 | INFO | Unique VLESS configs: 223
2026-10-04 16:46:36,349 | INFO | archive.txt loaded: 161 nodes
2026-10-04 16:46:36,349 | INFO | 
--- ARCHIVE TCP CLEANUP (161 nodes, threads: 40) ---
2026-10-04 16:46:38,640 | INFO | ARCHIVE TCP CLEANUP done: alive=161, removed=0, time=2.3с
2026-10-04 16:46:38,640 | INFO | 
--- STEP 3: LIVE CHECK (223 nodes, threads: 40, min_sites_ok=2) ---
2026-10-04 16:47:17,194 | INFO | ⏱️ Время проверки: 38.6 сек
2026-10-04 16:47:17,194 | INFO | 
--- RESULT: Found 49 live nodes ---
2026-10-04 16:47:17,194 | INFO | 
--- FILL FROM ARCHIVE (need 51 more, threads: 40) ---
2026-10-04 16:47:20,135 | INFO | [ARCHIVE LIVE 3/3] Нода из архива рабочая, добавляю
2026-10-04 16:47:20,143 | INFO | [ARCHIVE LIVE 3/3] Нода из архива рабочая, добавляю
2026-10-04 16:47:20,206 | INFO | [ARCHIVE LIVE 3/3] Нода из архива рабочая, добавляю
2026-10-04 16:47:21,683 | INFO | [ARCHIVE LIVE 3/3] Нода из архива рабочая, добавляю
2026-10-04 16:47:21,826 | INFO | [ARCHIVE LIVE 3/3] Нода из архива рабочая, добавляю
2026-10-04 16:47:21,843 | INFO | [ARCHIVE LIVE 3/3] Нода из архива рабочая, добавляю
2026-10-04 16:47:21,875 | INFO | [ARCHIVE LIVE 3/3] Нода из архива рабочая, добавляю
2026-10-04 16:47:21,908 | INFO | [ARCHIVE LIVE 3/3] Нода из архива рабочая, добавляю
2026-10-04 16:47:22,016 | INFO | [ARCHIVE LIVE 3/3] Нода из архива рабочая, добавляю
2026-10-04 16:47:22,069 | INFO | [ARCHIVE LIVE 3/3] Нода из архива рабочая, добавляю
2026-10-04 16:47:22,149 | INFO | [ARCHIVE LIVE 3/3] Нода из архива рабочая, добавляю
2026-10-04 16:47:22,198 | INFO | [ARCHIVE LIVE 3/3] Нода из архива рабочая, добавляю
2026-10-04 16:47:22,219 | INFO | [ARCHIVE LIVE 3/3] Нода из архива рабочая, добавляю
2026-10-04 16:47:22,240 | INFO | [ARCHIVE LIVE 3/3] Нода из архива рабочая, добавляю
2026-10-04 16:47:23,050 | INFO | [ARCHIVE LIVE 3/3] Нода из архива рабочая, добавляю
2026-10-04 16:47:23,071 | INFO | [ARCHIVE LIVE 3/3] Нода из архива рабочая, добавляю
2026-10-04 16:47:23,085 | INFO | [ARCHIVE LIVE 3/3] Нода из архива рабочая, добавляю
2026-10-04 16:47:23,296 | INFO | [ARCHIVE LIVE 3/3] Нода из архива рабочая, добавляю
2026-10-04 16:47:23,878 | INFO | [ARCHIVE TCP FAIL] Нода из архива недоступна, удаляю
2026-10-04 16:47:24,119 | INFO | [ARCHIVE LIVE 3/3] Нода из архива рабочая, добавляю
2026-10-04 16:47:24,205 | INFO | [ARCHIVE LIVE 3/3] Нода из архива рабочая, добавляю
2026-10-04 16:47:24,315 | INFO | [ARCHIVE LIVE 3/3] Нода из архива рабочая, добавляю
2026-10-04 16:47:25,362 | INFO | [ARCHIVE LIVE 3/3] Нода из архива рабочая, добавляю
2026-10-04 16:47:25,375 | INFO | [ARCHIVE LIVE 3/3] Нода из архива рабочая, добавляю
2026-10-04 16:47:25,462 | INFO | [ARCHIVE LIVE 3/3] Нода из архива рабочая, добавляю
2026-10-04 16:47:25,476 | INFO | [ARCHIVE LIVE 3/3] Нода из архива рабочая, добавляю
2026-10-04 16:47:25,482 | INFO | [ARCHIVE LIVE 3/3] Нода из архива рабочая, добавляю
2026-10-04 16:47:25,566 | INFO | [ARCHIVE LIVE 2/3] Нода из архива рабочая, добавляю
2026-10-04 16:47:25,624 | INFO | [ARCHIVE LIVE 3/3] Нода из архива рабочая, добавляю
2026-10-04 16:47:25,669 | INFO | [ARCHIVE LIVE 2/3] Нода из архива рабочая, добавляю
2026-10-04 16:47:25,763 | INFO | [ARCHIVE DEAD 1/3] Нода из архива мертва, удаляю
2026-10-04 16:47:26,040 | INFO | [ARCHIVE LIVE 3/3] Нода из архива рабочая, добавляю
2026-10-04 16:47:26,297 | INFO | [ARCHIVE LIVE 3/3] Нода из архива рабочая, добавляю
2026-10-04 16:47:26,883 | INFO | [ARCHIVE DEAD 0/3] Нода из архива мертва, удаляю
2026-10-04 16:47:26,911 | INFO | [ARCHIVE LIVE 2/3] Нода из архива рабочая, добавляю
2026-10-04 16:47:26,996 | INFO | [ARCHIVE LIVE 3/3] Нода из архива рабочая, добавляю
2026-10-04 16:47:27,122 | INFO | [ARCHIVE LIVE 2/3] Нода из архива рабочая, добавляю
2026-10-04 16:47:27,559 | INFO | [ARCHIVE LIVE 3/3] Нода из архива рабочая, добавляю
2026-10-04 16:47:28,057 | INFO | [ARCHIVE LIVE 2/3] Нода из архива рабочая, добавляю
2026-10-04 16:47:28,177 | INFO | [ARCHIVE DEAD 1/3] Нода из архива мертва, удаляю
2026-10-04 16:47:29,002 | INFO | [ARCHIVE LIVE 2/3] Нода из архива рабочая, добавляю
2026-10-04 16:47:29,065 | INFO | [ARCHIVE LIVE 2/3] Нода из архива рабочая, добавляю
2026-10-04 16:47:29,205 | INFO | [ARCHIVE DEAD 1/3] Нода из архива мертва, удаляю
2026-10-04 16:47:29,630 | INFO | [ARCHIVE LIVE 3/3] Нода из архива рабочая, добавляю
2026-10-04 16:47:29,656 | INFO | [ARCHIVE DEAD 1/3] Нода из архива мертва, удаляю
2026-10-04 16:47:29,765 | INFO | [ARCHIVE LIVE 3/3] Нода из архива рабочая, добавляю
2026-10-04 16:47:29,799 | INFO | [ARCHIVE DEAD 0/3] Нода из архива мертва, удаляю
2026-10-04 16:47:29,862 | INFO | [ARCHIVE DEAD 0/3] Нода из архива мертва, удаляю
2026-10-04 16:47:29,863 | INFO | [ARCHIVE DEAD 0/3] Нода из архива мертва, удаляю
2026-10-04 16:47:29,879 | INFO | [ARCHIVE DEAD 0/3] Нода из архива мертва, удаляю
2026-10-04 16:47:29,924 | INFO | [ARCHIVE DEAD 0/3] Нода из архива мертва, удаляю
2026-10-04 16:47:29,979 | INFO | [ARCHIVE LIVE 3/3] Нода из архива рабочая, добавляю
2026-10-04 16:47:30,042 | INFO | [ARCHIVE LIVE 3/3] Нода из архива рабочая, добавляю
2026-10-04 16:47:30,378 | INFO | [ARCHIVE LIVE 2/3] Нода из архива рабочая, добавляю
2026-10-04 16:47:30,603 | INFO | [ARCHIVE LIVE 3/3] Нода из архива рабочая, добавляю
2026-10-04 16:47:30,710 | INFO | [ARCHIVE DEAD 0/3] Нода из архива мертва, удаляю
2026-10-04 16:47:30,797 | INFO | [ARCHIVE LIVE 3/3] Нода из архива рабочая, добавляю
2026-10-04 16:47:30,992 | INFO | [ARCHIVE DEAD 1/3] Нода из архива мертва, удаляю
2026-10-04 16:47:31,012 | INFO | [ARCHIVE LIVE 2/3] Нода из архива рабочая, добавляю
2026-10-04 16:47:31,447 | INFO | [ARCHIVE LIVE 3/3] Нода из архива рабочая, добавляю
2026-10-04 16:47:31,508 | INFO | [ARCHIVE LIVE 3/3] Нода из архива рабочая, добавляю
2026-10-04 16:47:31,664 | INFO | [ARCHIVE LIVE 2/3] Нода из архива рабочая, добавляю
2026-10-04 16:47:31,900 | INFO | [ARCHIVE TCP FAIL] Нода из архива недоступна, удаляю
2026-10-04 16:47:32,031 | INFO | [ARCHIVE LIVE 3/3] Нода из архива рабочая, добавляю
2026-10-04 16:47:32,241 | INFO | [ARCHIVE LIVE 3/3] Нода из архива рабочая, добавляю
2026-10-04 16:47:32,250 | INFO | [ARCHIVE DEAD 1/3] Нода из архива мертва, удаляю
2026-10-04 16:47:32,263 | INFO | [ARCHIVE DEAD 0/3] Нода из архива мертва, удаляю
2026-10-04 16:47:32,283 | INFO | [ARCHIVE DEAD 0/3] Нода из архива мертва, удаляю
2026-10-04 16:47:32,308 | INFO | [ARCHIVE DEAD 0/3] Нода из архива мертва, удаляю
2026-10-04 16:47:32,311 | INFO | [ARCHIVE DEAD 0/3] Нода из архива мертва, удаляю
2026-10-04 16:47:32,311 | INFO | [ARCHIVE DEAD 0/3] Нода из архива мертва, удаляю
2026-10-04 16:47:32,319 | INFO | [ARCHIVE DEAD 0/3] Нода из архива мертва, удаляю
2026-10-04 16:47:32,326 | INFO | [ARCHIVE DEAD 0/3] Нода из архива мертва, удаляю
2026-10-04 16:47:32,330 | INFO | [ARCHIVE DEAD 0/3] Нода из архива мертва, удаляю
2026-10-04 16:47:32,332 | INFO | [ARCHIVE DEAD 0/3] Нода из архива мертва, удаляю
2026-10-04 16:47:32,354 | INFO | [ARCHIVE DEAD 1/3] Нода из архива мертва, удаляю
2026-10-04 16:47:32,411 | INFO | [ARCHIVE DEAD 1/3] Нода из архива мертва, удаляю
2026-10-04 16:47:32,606 | INFO | [ARCHIVE DEAD 1/3] Нода из архива мертва, удаляю
2026-10-04 16:47:32,739 | INFO | [ARCHIVE DEAD 0/3] Нода из архива мертва, удаляю
2026-10-04 16:47:32,828 | INFO | [ARCHIVE DEAD 1/3] Нода из архива мертва, удаляю
2026-10-04 16:47:32,835 | INFO | [ARCHIVE DEAD 1/3] Нода из архива мертва, удаляю
2026-10-04 16:47:32,865 | INFO | [ARCHIVE DEAD 1/3] Нода из архива мертва, удаляю
2026-10-04 16:47:32,965 | INFO | [ARCHIVE DEAD 1/3] Нода из архива мертва, удаляю
2026-10-04 16:47:32,982 | INFO | [ARCHIVE DEAD 1/3] Нода из архива мертва, удаляю
2026-10-04 16:47:32,986 | INFO | [ARCHIVE DEAD 1/3] Нода из архива мертва, удаляю
2026-10-04 16:47:33,446 | INFO | [ARCHIVE DEAD 1/3] Нода из архива мертва, удаляю
2026-10-04 16:47:39,842 | INFO | [ARCHIVE DEAD 0/3] Нода из архива мертва, удаляю
2026-10-04 16:47:39,843 | INFO | archive.txt updated: 129 nodes
2026-10-04 16:47:39,844 | INFO | Subscription updated: /home/runner/work/sbornik/sbornik/subs/vless_001.txt (100 nodes)
2026-10-04 16:47:39,844 | INFO | 
--- STATS BY TRANSPORT (live_total / dead_total | live_last / dead_last) ---
2026-10-04 16:47:39,844 | INFO | tcp: 440 / 549 | 75 / 134
2026-10-04 16:47:39,844 | INFO | ws: 143 / 179 | 25 / 32
2026-10-04 16:47:39,844 | INFO | grpc: 0 / 55 | 0 / 9
2026-10-04 16:47:39,844 | INFO | xhttp: 0 / 224 | 0 / 35
2026-10-04 16:47:39,844 | INFO | 
--- STATS BY SECURITY (live_total / dead_total | live_last / dead_last) ---
2026-10-04 16:47:39,844 | INFO | none: 45 / 24 | 8 / 5
2026-10-04 16:47:39,844 | INFO | tls: 251 / 363 | 37 / 67
2026-10-04 16:47:39,844 | INFO | reality: 287 / 620 | 55 / 138
2026-10-04 16:47:39,844 | INFO | 💾 Статистика источников сохранена: source_stats.json
2026-10-04 16:47:39,845 | INFO | 💾 Статистика протоколов сохранена: protocol_stats.json
2026-10-04 16:47:39,845 | INFO | 
============ ИТОГ ЗАПУСКА ============
Живых из источников:          49
Оживлено из архива:           51
Удалено из архива (мёртвых):  36
Итого в подписке:             100
Итого в архиве:               129

--- ДЕТАЛИЗАЦИЯ ОШИБОК ---
dead_tcp (TCP не открылся):    41
dead_config (битый конфиг):    0
dead_start (sing-box упал):    31
dead_sites (мало сайтов):      102
dead_parse (URI не парсится):  0
======================================
2026-10-04 16:47:39,845 | INFO | 
--- ПРОВЕРКА САЙТОВ (за текущий запуск) ---
2026-10-04 16:47:39,845 | INFO | https://telegram.org: 102/244 (41.8%)
2026-10-04 16:47:39,845 | INFO | https://www.instagram.com: 128/233 (54.9%)
2026-10-04 16:47:39,845 | INFO | https://www.youtube.com: 114/225 (50.7%)
2026-10-04 16:47:39,845 | INFO | 💾 Статистика запуска сохранена: run_stats.json
