2026-09-25 03:57:24,875 | INFO | 📊 Загружена статистика SNI: 26 доменов
2026-09-25 03:57:24,876 | INFO | === SING-BOX STATUS ===
2026-09-25 03:57:24,910 | INFO | sing-box version 1.14.2

Environment: go1.26.8 linux/amd64
Tags: with_gvisor,with_quic,with_dhcp,with_wireguard,with_utls,with_acme,with_clash_api,with_tailscale,with_ccm,with_ocm,with_cloudflared,with_naive_outbound,with_usbip,with_openvpn,with_openconnect,badlinkname,tfogo_checklinkname0,with_musl
Revision: af6e64c3b69e6132ebaee0e1a3d24e93903f6709
CGO: enabled
2026-09-25 03:57:24,910 | INFO | 
--- STEP 1: FETCHING SOURCES ---
2026-09-25 03:57:24,956 | INFO | Loaded 35 lines from https://raw.githubusercontent.com/igareck/vpn-conf...
2026-09-25 03:57:25,030 | INFO | Loaded 0 lines from https://raw.githubusercontent.com/igareck/vpn-conf...
2026-09-25 03:57:25,072 | INFO | Loaded 8 lines from https://raw.githubusercontent.com/igareck/vpn-conf...
2026-09-25 03:57:25,114 | INFO | Loaded 3 lines from https://raw.githubusercontent.com/igareck/vpn-conf...
2026-09-25 03:57:25,156 | INFO | Loaded 42 lines from https://raw.githubusercontent.com/igareck/vpn-conf...
2026-09-25 03:57:25,219 | INFO | Loaded 94 lines from https://raw.githubusercontent.com/igareck/vpn-conf...
2026-09-25 03:57:25,293 | INFO | Loaded 153 lines from https://raw.githubusercontent.com/igareck/vpn-conf...
2026-09-25 03:57:25,383 | INFO | Loaded 89 lines from https://raw.githubusercontent.com/FLAT447/v2ray-li...
2026-09-25 03:57:25,383 | INFO | 
--- STEP 2: VALIDATION ---
2026-09-25 03:57:25,384 | INFO | Unique VLESS configs: 258
2026-09-25 03:57:25,402 | INFO | Archive updated: 10000 nodes (limit 10000)
2026-09-25 03:57:25,404 | INFO | 
--- STEP 3: LIVE CHECK (258 nodes, threads: 40) ---
2026-09-25 04:06:27,840 | INFO | ⏱️ Время проверки: 542.4 сек
2026-09-25 04:06:27,841 | INFO | 
--- RESULT: Found 58 live nodes ---
2026-09-25 04:06:27,841 | INFO | After dedup: 58
2026-09-25 04:06:27,841 | INFO | Filled from archive (+42), total: 100
2026-09-25 04:06:27,854 | INFO | alive_archive.txt updated: 5000 nodes (limit 5000)
2026-09-25 04:06:27,854 | INFO | Subscription updated: /home/runner/work/sbornik/sbornik/subs/vless_001.txt
2026-09-25 04:06:27,855 | INFO | 
--- STATS BY PROTOCOL ---
2026-09-25 04:06:27,855 | INFO | reality: 43
2026-09-25 04:06:27,855 | INFO | ws: 53
2026-09-25 04:06:27,855 | INFO | other: 4
2026-09-25 04:06:27,855 | INFO | 
--- TOP SNI STATS ---
2026-09-25 04:06:27,855 | INFO | api-maps.yandex.ru: 268 успешных мутаций
2026-09-25 04:06:27,855 | INFO | ozon.ru: 108 успешных мутаций
2026-09-25 04:06:27,855 | INFO | yandex.ru: 98 успешных мутаций
2026-09-25 04:06:27,855 | INFO | vk.com: 94 успешных мутаций
2026-09-25 04:06:27,855 | INFO | mail.ru: 90 успешных мутаций
2026-09-25 04:06:27,855 | INFO | wildberries.ru: 86 успешных мутаций
2026-09-25 04:06:27,855 | INFO | ok.ru: 73 успешных мутаций
2026-09-25 04:06:27,855 | INFO | storage.yandex.net: 16 успешных мутаций
2026-09-25 04:06:27,855 | INFO | dzen.ru: 9 успешных мутаций
2026-09-25 04:06:27,855 | INFO | rutube.ru: 8 успешных мутаций
2026-09-25 04:06:27,855 | INFO | 💾 Статистика SNI сохранена
