2026-08-16 12:41:08,000 | INFO | 📊 Загружена статистика SNI: 26 доменов
2026-08-16 12:41:08,000 | INFO | === SING-BOX STATUS ===
2026-08-16 12:41:08,011 | INFO | sing-box version 1.13.18

Environment: go1.25.12 linux/amd64
Tags: with_gvisor,with_quic,with_dhcp,with_wireguard,with_utls,with_acme,with_clash_api,with_tailscale,with_ccm,with_ocm,with_naive_outbound,badlinkname,tfogo_checklinkname0,with_musl
Revision: 45ca32dcb966f07f97fc888fe8586e359dbe8405
CGO: enabled
2026-08-16 12:41:08,011 | INFO | 
--- STEP 1: FETCHING SOURCES ---
2026-08-16 12:41:08,064 | INFO | Loaded 146 lines from https://raw.githubusercontent.com/igareck/vpn-conf...
2026-08-16 12:41:08,110 | INFO | Loaded 0 lines from https://raw.githubusercontent.com/igareck/vpn-conf...
2026-08-16 12:41:08,204 | INFO | Loaded 4 lines from https://raw.githubusercontent.com/igareck/vpn-conf...
2026-08-16 12:41:08,317 | INFO | Loaded 15 lines from https://raw.githubusercontent.com/igareck/vpn-conf...
2026-08-16 12:41:08,690 | INFO | Loaded 150 lines from https://raw.githubusercontent.com/igareck/vpn-conf...
2026-08-16 12:41:08,821 | INFO | Loaded 277 lines from https://raw.githubusercontent.com/igareck/vpn-conf...
2026-08-16 12:41:08,937 | INFO | Loaded 153 lines from https://raw.githubusercontent.com/igareck/vpn-conf...
2026-08-16 12:41:09,157 | INFO | Loaded 408 lines from https://raw.githubusercontent.com/FLAT447/v2ray-li...
2026-08-16 12:41:09,157 | INFO | 
--- STEP 2: VALIDATION ---
2026-08-16 12:41:09,159 | INFO | Unique VLESS configs: 803
2026-08-16 12:41:09,183 | INFO | Archive updated: 10000 nodes (limit 10000)
2026-08-16 12:41:09,187 | INFO | 
--- STEP 3: LIVE CHECK (803 nodes, threads: 40) ---
2026-08-16 12:45:39,956 | INFO | ⏱️ Время проверки: 270.8 сек
2026-08-16 12:45:39,956 | INFO | 
--- RESULT: Found 101 live nodes ---
2026-08-16 12:45:39,956 | INFO | After dedup: 101
2026-08-16 12:45:39,969 | INFO | alive_archive.txt updated: 5000 nodes (limit 5000)
2026-08-16 12:45:39,969 | INFO | Subscription updated: /home/runner/work/sbornik/sbornik/subs/vless_001.txt
2026-08-16 12:45:39,970 | INFO | 
--- STATS BY PROTOCOL ---
2026-08-16 12:45:39,970 | INFO | reality: 23
2026-08-16 12:45:39,970 | INFO | tls: 54
2026-08-16 12:45:39,970 | INFO | ws: 24
2026-08-16 12:45:39,970 | INFO | 
--- TOP SNI STATS ---
2026-08-16 12:45:39,970 | INFO | api-maps.yandex.ru: 257 успешных мутаций
2026-08-16 12:45:39,970 | INFO | yandex.ru: 96 успешных мутаций
2026-08-16 12:45:39,970 | INFO | ozon.ru: 93 успешных мутаций
2026-08-16 12:45:39,970 | INFO | vk.com: 90 успешных мутаций
2026-08-16 12:45:39,970 | INFO | mail.ru: 90 успешных мутаций
2026-08-16 12:45:39,970 | INFO | wildberries.ru: 84 успешных мутаций
2026-08-16 12:45:39,970 | INFO | ok.ru: 72 успешных мутаций
2026-08-16 12:45:39,970 | INFO | storage.yandex.net: 14 успешных мутаций
2026-08-16 12:45:39,970 | INFO | dzen.ru: 7 успешных мутаций
2026-08-16 12:45:39,970 | INFO | rutube.ru: 6 успешных мутаций
2026-08-16 12:45:39,971 | INFO | 💾 Статистика SNI сохранена
