2026-09-18 03:43:23,383 | INFO | 📊 Загружена статистика SNI: 26 доменов
2026-09-18 03:43:23,383 | INFO | === SING-BOX STATUS ===
2026-09-18 03:43:23,407 | INFO | sing-box version 1.14.1

Environment: go1.26.8 linux/amd64
Tags: with_gvisor,with_quic,with_dhcp,with_wireguard,with_utls,with_acme,with_clash_api,with_tailscale,with_ccm,with_ocm,with_cloudflared,with_naive_outbound,with_usbip,with_openvpn,with_openconnect,badlinkname,tfogo_checklinkname0,with_musl
Revision: 1ac1a339cb1223e9c70eae14c44411c75033c02d
CGO: enabled
2026-09-18 03:43:23,407 | INFO | 
--- STEP 1: FETCHING SOURCES ---
2026-09-18 03:43:23,510 | INFO | Loaded 38 lines from https://raw.githubusercontent.com/igareck/vpn-conf...
2026-09-18 03:43:23,627 | INFO | Loaded 0 lines from https://raw.githubusercontent.com/igareck/vpn-conf...
2026-09-18 03:43:23,713 | INFO | Loaded 7 lines from https://raw.githubusercontent.com/igareck/vpn-conf...
2026-09-18 03:43:23,773 | INFO | Loaded 3 lines from https://raw.githubusercontent.com/igareck/vpn-conf...
2026-09-18 03:43:23,823 | INFO | Loaded 44 lines from https://raw.githubusercontent.com/igareck/vpn-conf...
2026-09-18 03:43:23,944 | INFO | Loaded 108 lines from https://raw.githubusercontent.com/igareck/vpn-conf...
2026-09-18 03:43:24,072 | INFO | Loaded 138 lines from https://raw.githubusercontent.com/igareck/vpn-conf...
2026-09-18 03:43:24,243 | INFO | Loaded 23 lines from https://raw.githubusercontent.com/FLAT447/v2ray-li...
2026-09-18 03:43:24,243 | INFO | 
--- STEP 2: VALIDATION ---
2026-09-18 03:43:24,243 | INFO | Unique VLESS configs: 177
2026-09-18 03:43:24,261 | INFO | Archive updated: 10000 nodes (limit 10000)
2026-09-18 03:43:24,261 | INFO | 
--- STEP 3: LIVE CHECK (177 nodes, threads: 40) ---
2026-09-18 03:50:33,799 | INFO | ⏱️ Время проверки: 429.5 сек
2026-09-18 03:50:33,799 | INFO | 
--- RESULT: Found 63 live nodes ---
2026-09-18 03:50:33,799 | INFO | After dedup: 63
2026-09-18 03:50:33,799 | INFO | Filled from archive (+37), total: 100
2026-09-18 03:50:33,808 | INFO | alive_archive.txt updated: 5000 nodes (limit 5000)
2026-09-18 03:50:33,808 | INFO | Subscription updated: /home/runner/work/sbornik/sbornik/subs/vless_001.txt
2026-09-18 03:50:33,808 | INFO | 
--- STATS BY PROTOCOL ---
2026-09-18 03:50:33,808 | INFO | reality: 89
2026-09-18 03:50:33,808 | INFO | ws: 10
2026-09-18 03:50:33,808 | INFO | other: 1
2026-09-18 03:50:33,808 | INFO | 
--- TOP SNI STATS ---
2026-09-18 03:50:33,808 | INFO | api-maps.yandex.ru: 268 успешных мутаций
2026-09-18 03:50:33,808 | INFO | ozon.ru: 108 успешных мутаций
2026-09-18 03:50:33,808 | INFO | yandex.ru: 98 успешных мутаций
2026-09-18 03:50:33,808 | INFO | vk.com: 94 успешных мутаций
2026-09-18 03:50:33,808 | INFO | mail.ru: 90 успешных мутаций
2026-09-18 03:50:33,808 | INFO | wildberries.ru: 86 успешных мутаций
2026-09-18 03:50:33,808 | INFO | ok.ru: 72 успешных мутаций
2026-09-18 03:50:33,808 | INFO | storage.yandex.net: 16 успешных мутаций
2026-09-18 03:50:33,808 | INFO | dzen.ru: 9 успешных мутаций
2026-09-18 03:50:33,808 | INFO | rutube.ru: 8 успешных мутаций
2026-09-18 03:50:33,808 | INFO | 💾 Статистика SNI сохранена
