2026-09-26 12:44:08,696 | INFO | 📊 Загружена статистика SNI: 26 доменов
2026-09-26 12:44:08,696 | INFO | === SING-BOX STATUS ===
2026-09-26 12:44:08,731 | INFO | sing-box version 1.14.2

Environment: go1.26.8 linux/amd64
Tags: with_gvisor,with_quic,with_dhcp,with_wireguard,with_utls,with_acme,with_clash_api,with_tailscale,with_ccm,with_ocm,with_cloudflared,with_naive_outbound,with_usbip,with_openvpn,with_openconnect,badlinkname,tfogo_checklinkname0,with_musl
Revision: af6e64c3b69e6132ebaee0e1a3d24e93903f6709
CGO: enabled
2026-09-26 12:44:08,731 | INFO | 
--- STEP 1: FETCHING SOURCES ---
2026-09-26 12:44:08,831 | INFO | Loaded 43 lines from https://raw.githubusercontent.com/igareck/vpn-conf...
2026-09-26 12:44:08,924 | INFO | Loaded 0 lines from https://raw.githubusercontent.com/igareck/vpn-conf...
2026-09-26 12:44:09,028 | INFO | Loaded 13 lines from https://raw.githubusercontent.com/igareck/vpn-conf...
2026-09-26 12:44:09,054 | INFO | Loaded 8 lines from https://raw.githubusercontent.com/igareck/vpn-conf...
2026-09-26 12:44:09,144 | INFO | Loaded 49 lines from https://raw.githubusercontent.com/igareck/vpn-conf...
2026-09-26 12:44:09,238 | INFO | Loaded 141 lines from https://raw.githubusercontent.com/igareck/vpn-conf...
2026-09-26 12:44:09,331 | INFO | Loaded 153 lines from https://raw.githubusercontent.com/igareck/vpn-conf...
2026-09-26 12:44:09,452 | INFO | Loaded 88 lines from https://raw.githubusercontent.com/FLAT447/v2ray-li...
2026-09-26 12:44:09,452 | INFO | 
--- STEP 2: VALIDATION ---
2026-09-26 12:44:09,453 | INFO | Unique VLESS configs: 299
2026-09-26 12:44:09,472 | INFO | Archive updated: 10000 nodes (limit 10000)
2026-09-26 12:44:09,474 | INFO | 
--- STEP 3: LIVE CHECK (299 nodes, threads: 40) ---
2026-09-26 12:50:55,048 | INFO | ⏱️ Время проверки: 405.6 сек
2026-09-26 12:50:55,049 | INFO | 
--- RESULT: Found 74 live nodes ---
2026-09-26 12:50:55,049 | INFO | After dedup: 74
2026-09-26 12:50:55,049 | INFO | Filled from archive (+26), total: 100
2026-09-26 12:50:55,061 | INFO | alive_archive.txt updated: 5000 nodes (limit 5000)
2026-09-26 12:50:55,061 | INFO | Subscription updated: /home/runner/work/sbornik/sbornik/subs/vless_001.txt
2026-09-26 12:50:55,061 | INFO | 
--- STATS BY PROTOCOL ---
2026-09-26 12:50:55,061 | INFO | reality: 70
2026-09-26 12:50:55,062 | INFO | tls: 14
2026-09-26 12:50:55,062 | INFO | ws: 14
2026-09-26 12:50:55,062 | INFO | other: 2
2026-09-26 12:50:55,062 | INFO | 
--- TOP SNI STATS ---
2026-09-26 12:50:55,062 | INFO | api-maps.yandex.ru: 268 успешных мутаций
2026-09-26 12:50:55,062 | INFO | ozon.ru: 108 успешных мутаций
2026-09-26 12:50:55,062 | INFO | yandex.ru: 98 успешных мутаций
2026-09-26 12:50:55,062 | INFO | vk.com: 94 успешных мутаций
2026-09-26 12:50:55,062 | INFO | mail.ru: 90 успешных мутаций
2026-09-26 12:50:55,062 | INFO | wildberries.ru: 86 успешных мутаций
2026-09-26 12:50:55,062 | INFO | ok.ru: 73 успешных мутаций
2026-09-26 12:50:55,062 | INFO | storage.yandex.net: 16 успешных мутаций
2026-09-26 12:50:55,062 | INFO | dzen.ru: 9 успешных мутаций
2026-09-26 12:50:55,062 | INFO | rutube.ru: 8 успешных мутаций
2026-09-26 12:50:55,063 | INFO | 💾 Статистика SNI сохранена
