2026-09-16 09:08:53,309 | INFO | 📊 Загружена статистика SNI: 26 доменов
2026-09-16 09:08:53,309 | INFO | === SING-BOX STATUS ===
2026-09-16 09:08:53,344 | INFO | sing-box version 1.14.1

Environment: go1.26.8 linux/amd64
Tags: with_gvisor,with_quic,with_dhcp,with_wireguard,with_utls,with_acme,with_clash_api,with_tailscale,with_ccm,with_ocm,with_cloudflared,with_naive_outbound,with_usbip,with_openvpn,with_openconnect,badlinkname,tfogo_checklinkname0,with_musl
Revision: 1ac1a339cb1223e9c70eae14c44411c75033c02d
CGO: enabled
2026-09-16 09:08:53,344 | INFO | 
--- STEP 1: FETCHING SOURCES ---
2026-09-16 09:08:53,377 | INFO | Loaded 41 lines from https://raw.githubusercontent.com/igareck/vpn-conf...
2026-09-16 09:08:53,431 | INFO | Loaded 0 lines from https://raw.githubusercontent.com/igareck/vpn-conf...
2026-09-16 09:08:53,466 | INFO | Loaded 8 lines from https://raw.githubusercontent.com/igareck/vpn-conf...
2026-09-16 09:08:53,497 | INFO | Loaded 13 lines from https://raw.githubusercontent.com/igareck/vpn-conf...
2026-09-16 09:08:53,528 | INFO | Loaded 44 lines from https://raw.githubusercontent.com/igareck/vpn-conf...
2026-09-16 09:08:53,560 | INFO | Loaded 266 lines from https://raw.githubusercontent.com/igareck/vpn-conf...
2026-09-16 09:08:53,594 | INFO | Loaded 140 lines from https://raw.githubusercontent.com/igareck/vpn-conf...
2026-09-16 09:08:53,683 | INFO | Loaded 98 lines from https://raw.githubusercontent.com/FLAT447/v2ray-li...
2026-09-16 09:08:53,684 | INFO | 
--- STEP 2: VALIDATION ---
2026-09-16 09:08:53,684 | INFO | Unique VLESS configs: 384
2026-09-16 09:08:53,707 | INFO | Archive updated: 10000 nodes (limit 10000)
2026-09-16 09:08:53,709 | INFO | 
--- STEP 3: LIVE CHECK (384 nodes, threads: 40) ---
2026-09-16 09:13:07,249 | INFO | ⏱️ Время проверки: 253.5 сек
2026-09-16 09:13:07,249 | INFO | 
--- RESULT: Found 100 live nodes ---
2026-09-16 09:13:07,249 | INFO | After dedup: 100
2026-09-16 09:13:07,263 | INFO | alive_archive.txt updated: 5000 nodes (limit 5000)
2026-09-16 09:13:07,263 | INFO | Subscription updated: /home/runner/work/sbornik/sbornik/subs/vless_001.txt
2026-09-16 09:13:07,264 | INFO | 
--- STATS BY PROTOCOL ---
2026-09-16 09:13:07,264 | INFO | reality: 83
2026-09-16 09:13:07,264 | INFO | ws: 17
2026-09-16 09:13:07,264 | INFO | 
--- TOP SNI STATS ---
2026-09-16 09:13:07,264 | INFO | api-maps.yandex.ru: 268 успешных мутаций
2026-09-16 09:13:07,264 | INFO | ozon.ru: 108 успешных мутаций
2026-09-16 09:13:07,264 | INFO | yandex.ru: 98 успешных мутаций
2026-09-16 09:13:07,264 | INFO | vk.com: 94 успешных мутаций
2026-09-16 09:13:07,264 | INFO | mail.ru: 90 успешных мутаций
2026-09-16 09:13:07,264 | INFO | wildberries.ru: 86 успешных мутаций
2026-09-16 09:13:07,264 | INFO | ok.ru: 72 успешных мутаций
2026-09-16 09:13:07,264 | INFO | storage.yandex.net: 16 успешных мутаций
2026-09-16 09:13:07,264 | INFO | dzen.ru: 9 успешных мутаций
2026-09-16 09:13:07,264 | INFO | rutube.ru: 8 успешных мутаций
2026-09-16 09:13:07,265 | INFO | 💾 Статистика SNI сохранена
