2026-09-05 03:28:27,970 | INFO | 📊 Загружена статистика SNI: 26 доменов
2026-09-05 03:28:27,970 | INFO | === SING-BOX STATUS ===
2026-09-05 03:28:28,004 | INFO | sing-box version 1.14.0

Environment: go1.26.7 linux/amd64
Tags: with_gvisor,with_quic,with_dhcp,with_wireguard,with_utls,with_acme,with_clash_api,with_tailscale,with_ccm,with_ocm,with_cloudflared,with_naive_outbound,with_usbip,with_openvpn,with_openconnect,badlinkname,tfogo_checklinkname0,with_musl
Revision: 0b8995879f29a9b98ee027bc17b75e101445b238
CGO: enabled
2026-09-05 03:28:28,004 | INFO | 
--- STEP 1: FETCHING SOURCES ---
2026-09-05 03:28:28,042 | INFO | Loaded 25 lines from https://raw.githubusercontent.com/igareck/vpn-conf...
2026-09-05 03:28:28,080 | INFO | Loaded 0 lines from https://raw.githubusercontent.com/igareck/vpn-conf...
2026-09-05 03:28:28,108 | INFO | Loaded 3 lines from https://raw.githubusercontent.com/igareck/vpn-conf...
2026-09-05 03:28:28,139 | INFO | Loaded 9 lines from https://raw.githubusercontent.com/igareck/vpn-conf...
2026-09-05 03:28:28,168 | INFO | Loaded 26 lines from https://raw.githubusercontent.com/igareck/vpn-conf...
2026-09-05 03:28:28,220 | INFO | Loaded 144 lines from https://raw.githubusercontent.com/igareck/vpn-conf...
2026-09-05 03:28:28,284 | INFO | Loaded 153 lines from https://raw.githubusercontent.com/igareck/vpn-conf...
2026-09-05 03:28:28,421 | INFO | Loaded 1702 lines from https://raw.githubusercontent.com/FLAT447/v2ray-li...
2026-09-05 03:28:28,421 | INFO | 
--- STEP 2: VALIDATION ---
2026-09-05 03:28:28,426 | INFO | Unique VLESS configs: 1806
2026-09-05 03:28:28,460 | INFO | Archive updated: 10000 nodes (limit 10000)
2026-09-05 03:28:28,474 | INFO | 
--- STEP 3: LIVE CHECK (1806 nodes, threads: 40) ---
2026-09-05 03:42:49,711 | INFO | ⏱️ Время проверки: 861.2 сек
2026-09-05 03:42:49,711 | INFO | 
--- RESULT: Found 101 live nodes ---
2026-09-05 03:42:49,711 | INFO | After dedup: 101
2026-09-05 03:42:49,722 | INFO | alive_archive.txt updated: 5000 nodes (limit 5000)
2026-09-05 03:42:49,722 | INFO | Subscription updated: /home/runner/work/sbornik/sbornik/subs/vless_001.txt
2026-09-05 03:42:49,723 | INFO | 
--- STATS BY PROTOCOL ---
2026-09-05 03:42:49,723 | INFO | reality: 36
2026-09-05 03:42:49,723 | INFO | tls: 2
2026-09-05 03:42:49,723 | INFO | ws: 59
2026-09-05 03:42:49,723 | INFO | other: 4
2026-09-05 03:42:49,723 | INFO | 
--- TOP SNI STATS ---
2026-09-05 03:42:49,723 | INFO | api-maps.yandex.ru: 262 успешных мутаций
2026-09-05 03:42:49,723 | INFO | ozon.ru: 108 успешных мутаций
2026-09-05 03:42:49,723 | INFO | yandex.ru: 98 успешных мутаций
2026-09-05 03:42:49,723 | INFO | vk.com: 92 успешных мутаций
2026-09-05 03:42:49,723 | INFO | mail.ru: 90 успешных мутаций
2026-09-05 03:42:49,723 | INFO | wildberries.ru: 86 успешных мутаций
2026-09-05 03:42:49,723 | INFO | ok.ru: 72 успешных мутаций
2026-09-05 03:42:49,723 | INFO | storage.yandex.net: 16 успешных мутаций
2026-09-05 03:42:49,723 | INFO | rutube.ru: 8 успешных мутаций
2026-09-05 03:42:49,723 | INFO | dzen.ru: 8 успешных мутаций
2026-09-05 03:42:49,724 | INFO | 💾 Статистика SNI сохранена
