2026-08-06 14:13:35,362 | INFO | 📊 Загружена статистика SNI: 26 доменов
2026-08-06 14:13:35,363 | INFO | === SING-BOX STATUS ===
2026-08-06 14:13:35,371 | INFO | sing-box version 1.13.16

Environment: go1.25.12 linux/amd64
Tags: with_gvisor,with_quic,with_dhcp,with_wireguard,with_utls,with_acme,with_clash_api,with_tailscale,with_ccm,with_ocm,with_naive_outbound,badlinkname,tfogo_checklinkname0,with_musl
Revision: 17ec3c71af8ca946dc50bf0d927c39fc77322aec
CGO: enabled
2026-08-06 14:13:35,371 | INFO | 
--- STEP 1: FETCHING SOURCES ---
2026-08-06 14:13:35,415 | INFO | Loaded 153 lines from https://raw.githubusercontent.com/igareck/vpn-conf...
2026-08-06 14:13:35,446 | INFO | Loaded 0 lines from https://raw.githubusercontent.com/igareck/vpn-conf...
2026-08-06 14:13:35,480 | INFO | Loaded 215 lines from https://raw.githubusercontent.com/igareck/vpn-conf...
2026-08-06 14:13:35,509 | INFO | Loaded 4 lines from https://raw.githubusercontent.com/igareck/vpn-conf...
2026-08-06 14:13:35,540 | INFO | Loaded 272 lines from https://raw.githubusercontent.com/igareck/vpn-conf...
2026-08-06 14:13:35,600 | INFO | Loaded 158 lines from https://raw.githubusercontent.com/igareck/vpn-conf...
2026-08-06 14:13:35,656 | INFO | Loaded 153 lines from https://raw.githubusercontent.com/igareck/vpn-conf...
2026-08-06 14:13:35,759 | INFO | Loaded 384 lines from https://raw.githubusercontent.com/FLAT447/v2ray-li...
2026-08-06 14:13:35,759 | INFO | 
--- STEP 2: VALIDATION ---
2026-08-06 14:13:35,761 | INFO | Unique VLESS configs: 830
2026-08-06 14:13:35,789 | INFO | Archive updated: 10000 nodes (limit 10000)
2026-08-06 14:13:35,793 | INFO | 
--- STEP 3: LIVE CHECK (830 nodes, threads: 40) ---
2026-08-06 14:14:14,926 | INFO | [🎉 SNI WORKED] Нода ожила с SNI: vk.com (порт 11019)
2026-08-06 14:14:37,408 | INFO | [🎉 SNI WORKED] Нода ожила с SNI: wildberries.ru (порт 11020)
2026-08-06 14:15:59,501 | INFO | ⏱️ Время проверки: 143.7 сек
2026-08-06 14:15:59,502 | INFO | 
--- RESULT: Found 107 live nodes ---
2026-08-06 14:15:59,502 | INFO | After dedup: 107
2026-08-06 14:15:59,513 | INFO | alive_archive.txt updated: 5000 nodes (limit 5000)
2026-08-06 14:15:59,514 | INFO | Subscription updated: /home/runner/work/sbornik/sbornik/subs/vless_001.txt
2026-08-06 14:15:59,514 | INFO | 
--- STATS BY PROTOCOL ---
2026-08-06 14:15:59,514 | INFO | reality: 102
2026-08-06 14:15:59,514 | INFO | ws: 3
2026-08-06 14:15:59,514 | INFO | other: 2
2026-08-06 14:15:59,514 | INFO | 
--- TOP SNI STATS ---
2026-08-06 14:15:59,514 | INFO | api-maps.yandex.ru: 182 успешных мутаций
2026-08-06 14:15:59,514 | INFO | ozon.ru: 38 успешных мутаций
2026-08-06 14:15:59,514 | INFO | mail.ru: 35 успешных мутаций
2026-08-06 14:15:59,514 | INFO | yandex.ru: 30 успешных мутаций
2026-08-06 14:15:59,514 | INFO | ok.ru: 28 успешных мутаций
2026-08-06 14:15:59,514 | INFO | vk.com: 27 успешных мутаций
2026-08-06 14:15:59,515 | INFO | wildberries.ru: 26 успешных мутаций
2026-08-06 14:15:59,515 | INFO | dzen.ru: 7 успешных мутаций
2026-08-06 14:15:59,515 | INFO | rutube.ru: 3 успешных мутаций
2026-08-06 14:15:59,515 | INFO | cdn.x5.ru: 1 успешных мутаций
2026-08-06 14:15:59,515 | INFO | 💾 Статистика SNI сохранена
