2026-10-09 15:02:33,806 | INFO | === SING-BOX STATUS ===
2026-10-09 15:02:33,829 | INFO | sing-box version 1.14.3

Environment: go1.26.8 linux/amd64
Tags: with_gvisor,with_quic,with_dhcp,with_wireguard,with_utls,with_acme,with_clash_api,with_tailscale,with_ccm,with_ocm,with_cloudflared,with_naive_outbound,with_usbip,with_openvpn,with_openconnect,badlinkname,tfogo_checklinkname0,with_musl
Revision: 7054cac5124465ffdb145870d7c01885566711b1
CGO: enabled
2026-10-09 15:02:33,829 | INFO | 
--- STEP 1: FETCHING SOURCES ---
2026-10-09 15:02:33,912 | INFO | Loaded 52 lines from https://raw.githubusercontent.com/igareck/vpn-configs-for-russia/refs/heads/main...
2026-10-09 15:02:33,963 | INFO | Loaded 3 lines from https://raw.githubusercontent.com/igareck/vpn-configs-for-russia/refs/heads/main...
2026-10-09 15:02:34,089 | INFO | Loaded 3 lines from https://raw.githubusercontent.com/igareck/vpn-configs-for-russia/refs/heads/main...
2026-10-09 15:02:34,135 | INFO | Loaded 58 lines from https://raw.githubusercontent.com/igareck/vpn-configs-for-russia/refs/heads/main...
2026-10-09 15:02:34,188 | INFO | Loaded 228 lines from https://raw.githubusercontent.com/igareck/vpn-configs-for-russia/main/BLACK_VLES...
2026-10-09 15:02:34,234 | INFO | Loaded 152 lines from https://raw.githubusercontent.com/igareck/vpn-configs-for-russia/main/BLACK_VLES...
2026-10-09 15:02:34,385 | INFO | Loaded 45 lines from https://raw.githubusercontent.com/FLAT447/v2ray-lists/main/WHITE_LITE.txt...
2026-10-09 15:02:34,386 | INFO | 
--- STEP 2: VALIDATION ---
2026-10-09 15:02:34,386 | INFO | Unique VLESS configs: 313
2026-10-09 15:02:34,390 | INFO | archive.txt loaded: 2553 nodes
2026-10-09 15:02:34,390 | INFO | 
--- ARCHIVE TCP CLEANUP (2553 nodes, threads: 40) ---
2026-10-09 15:02:43,687 | INFO | ARCHIVE TCP CLEANUP done: alive=2477, removed=76, time=9.3с
2026-10-09 15:02:43,688 | INFO | 
--- STEP 3: LIVE CHECK (313 nodes, threads: 40, min_sites_ok=2) ---
2026-10-09 15:03:35,714 | INFO | ⏱️ Время проверки: 52.0 сек
2026-10-09 15:03:35,714 | INFO | 
--- RESULT: Found 163 live nodes ---
2026-10-09 15:03:35,719 | INFO | archive.txt updated: 2535 nodes
2026-10-09 15:03:35,720 | INFO | Subscription updated: /home/runner/work/sbornik/sbornik/subs/vless_001.txt (100 nodes)
2026-10-09 15:03:35,720 | INFO | 
--- STATS BY TRANSPORT (live_total / dead_total | live_last / dead_last) ---
2026-10-09 15:03:35,720 | INFO | tcp: 1614 / 2092 | 23 / 95
2026-10-09 15:03:35,720 | INFO | ws: 4094 / 3626 | 140 / 82
2026-10-09 15:03:35,720 | INFO | grpc: 23 / 869 | 0 / 27
2026-10-09 15:03:35,720 | INFO | xhttp: 0 / 1044 | 0 / 22
2026-10-09 15:03:35,720 | INFO | 
--- STATS BY SECURITY (live_total / dead_total | live_last / dead_last) ---
2026-10-09 15:03:35,720 | INFO | none: 456 / 607 | 11 / 7
2026-10-09 15:03:35,720 | INFO | tls: 4171 / 4284 | 148 / 125
2026-10-09 15:03:35,720 | INFO | reality: 1104 / 2740 | 4 / 94
2026-10-09 15:03:35,720 | INFO | 💾 Статистика источников сохранена: source_stats.json
2026-10-09 15:03:35,721 | INFO | 💾 Статистика протоколов сохранена: protocol_stats.json
2026-10-09 15:03:35,721 | INFO | 
============ ИТОГ ЗАПУСКА ============
Живых из источников:          163
Оживлено из архива:           0
Удалено из архива (мёртвых):  76
Итого в подписке:             100
Итого в архиве:               2535

--- ДЕТАЛИЗАЦИЯ ОШИБОК ---
dead_tcp (TCP не открылся):    13
dead_config (битый конфиг):    0
dead_start (sing-box упал):    32
dead_sites (мало сайтов):      105
dead_parse (URI не парсится):  0
======================================
2026-10-09 15:03:35,721 | INFO | 
--- ПРОВЕРКА САЙТОВ (за текущий запуск) ---
2026-10-09 15:03:35,721 | INFO | https://telegram.org: 154/268 (57.5%)
2026-10-09 15:03:35,721 | INFO | https://www.instagram.com: 180/268 (67.2%)
2026-10-09 15:03:35,721 | INFO | https://www.youtube.com: 166/268 (61.9%)
2026-10-09 15:03:35,721 | INFO | 💾 Статистика запуска сохранена: run_stats.json
