2026-09-01 22:26:35,454 | INFO | 📊 Загружена статистика SNI: 26 доменов
2026-09-01 22:26:35,454 | INFO | === SING-BOX STATUS ===
2026-09-01 22:26:35,489 | INFO | sing-box version 1.14.0

Environment: go1.26.7 linux/amd64
Tags: with_gvisor,with_quic,with_dhcp,with_wireguard,with_utls,with_acme,with_clash_api,with_tailscale,with_ccm,with_ocm,with_cloudflared,with_naive_outbound,with_usbip,with_openvpn,with_openconnect,badlinkname,tfogo_checklinkname0,with_musl
Revision: 0b8995879f29a9b98ee027bc17b75e101445b238
CGO: enabled
2026-09-01 22:26:35,490 | INFO | 
--- STEP 1: FETCHING SOURCES ---
2026-09-01 22:26:35,618 | INFO | Loaded 51 lines from https://raw.githubusercontent.com/igareck/vpn-conf...
2026-09-01 22:26:35,754 | INFO | Loaded 0 lines from https://raw.githubusercontent.com/igareck/vpn-conf...
2026-09-01 22:26:35,864 | INFO | Loaded 8 lines from https://raw.githubusercontent.com/igareck/vpn-conf...
2026-09-01 22:26:35,930 | INFO | Loaded 21 lines from https://raw.githubusercontent.com/igareck/vpn-conf...
2026-09-01 22:26:36,072 | INFO | Loaded 52 lines from https://raw.githubusercontent.com/igareck/vpn-conf...
2026-09-01 22:26:36,138 | INFO | Loaded 148 lines from https://raw.githubusercontent.com/igareck/vpn-conf...
2026-09-01 22:26:36,256 | INFO | Loaded 153 lines from https://raw.githubusercontent.com/igareck/vpn-conf...
2026-09-01 22:26:36,465 | INFO | Loaded 1468 lines from https://raw.githubusercontent.com/FLAT447/v2ray-li...
2026-09-01 22:26:36,465 | INFO | 
--- STEP 2: VALIDATION ---
2026-09-01 22:26:36,469 | INFO | Unique VLESS configs: 1590
2026-09-01 22:26:36,503 | INFO | Archive updated: 10000 nodes (limit 10000)
2026-09-01 22:26:36,516 | INFO | 
--- STEP 3: LIVE CHECK (1590 nodes, threads: 40) ---
2026-09-01 22:30:28,925 | INFO | ⏱️ Время проверки: 232.4 сек
2026-09-01 22:30:28,925 | INFO | 
--- RESULT: Found 100 live nodes ---
2026-09-01 22:30:28,926 | INFO | After dedup: 100
2026-09-01 22:30:28,938 | INFO | alive_archive.txt updated: 5000 nodes (limit 5000)
2026-09-01 22:30:28,939 | INFO | Subscription updated: /home/runner/work/sbornik/sbornik/subs/vless_001.txt
2026-09-01 22:30:28,939 | INFO | 
--- STATS BY PROTOCOL ---
2026-09-01 22:30:28,939 | INFO | reality: 25
2026-09-01 22:30:28,939 | INFO | tls: 6
2026-09-01 22:30:28,939 | INFO | ws: 60
2026-09-01 22:30:28,939 | INFO | other: 9
2026-09-01 22:30:28,939 | INFO | 
--- TOP SNI STATS ---
2026-09-01 22:30:28,939 | INFO | api-maps.yandex.ru: 262 успешных мутаций
2026-09-01 22:30:28,939 | INFO | ozon.ru: 108 успешных мутаций
2026-09-01 22:30:28,939 | INFO | yandex.ru: 98 успешных мутаций
2026-09-01 22:30:28,939 | INFO | vk.com: 92 успешных мутаций
2026-09-01 22:30:28,939 | INFO | mail.ru: 90 успешных мутаций
2026-09-01 22:30:28,939 | INFO | wildberries.ru: 86 успешных мутаций
2026-09-01 22:30:28,939 | INFO | ok.ru: 72 успешных мутаций
2026-09-01 22:30:28,939 | INFO | storage.yandex.net: 16 успешных мутаций
2026-09-01 22:30:28,939 | INFO | rutube.ru: 8 успешных мутаций
2026-09-01 22:30:28,939 | INFO | dzen.ru: 8 успешных мутаций
2026-09-01 22:30:28,940 | INFO | 💾 Статистика SNI сохранена
