2026-07-27 21:12:28,160 | INFO | 📊 Загружена статистика SNI: 26 доменов
2026-07-27 21:12:28,160 | INFO | === SING-BOX STATUS ===
2026-07-27 21:12:28,169 | INFO | sing-box version 1.13.14

Environment: go1.25.11 linux/amd64
Tags: with_gvisor,with_quic,with_dhcp,with_wireguard,with_utls,with_acme,with_clash_api,with_tailscale,with_ccm,with_ocm,with_naive_outbound,badlinkname,tfogo_checklinkname0,with_musl
Revision: 25a600db24f7680ad9806ce5427bd0ab8afe1114
CGO: enabled
2026-07-27 21:12:28,169 | INFO | 
--- STEP 1: FETCHING SOURCES ---
2026-07-27 21:12:28,214 | INFO | Loaded 124 lines from https://raw.githubusercontent.com/igareck/vpn-conf...
2026-07-27 21:12:28,327 | INFO | Loaded 0 lines from https://raw.githubusercontent.com/igareck/vpn-conf...
2026-07-27 21:12:28,449 | INFO | Loaded 24 lines from https://raw.githubusercontent.com/igareck/vpn-conf...
2026-07-27 21:12:28,576 | INFO | Loaded 13 lines from https://raw.githubusercontent.com/igareck/vpn-conf...
2026-07-27 21:12:28,624 | INFO | Loaded 130 lines from https://raw.githubusercontent.com/igareck/vpn-conf...
2026-07-27 21:12:28,724 | INFO | Loaded 191 lines from https://raw.githubusercontent.com/igareck/vpn-conf...
2026-07-27 21:12:28,878 | INFO | Loaded 153 lines from https://raw.githubusercontent.com/igareck/vpn-conf...
2026-07-27 21:12:29,036 | INFO | Loaded 463 lines from https://raw.githubusercontent.com/FLAT447/v2ray-li...
2026-07-27 21:12:29,036 | INFO | 
--- STEP 2: VALIDATION ---
2026-07-27 21:12:29,037 | INFO | Unique VLESS configs: 695
2026-07-27 21:12:29,064 | INFO | Archive updated: 10000 nodes (limit 10000)
2026-07-27 21:12:29,067 | INFO | 
--- STEP 3: LIVE CHECK (695 nodes, threads: 40) ---
2026-07-27 21:12:41,471 | INFO | [🎉 SNI WORKED] Нода ожила с SNI: vk.com (порт 11010)
2026-07-27 21:12:41,584 | INFO | [🎉 SNI WORKED] Нода ожила с SNI: mail.ru (порт 11013)
2026-07-27 21:12:45,911 | INFO | [🎉 SNI WORKED] Нода ожила с SNI: ozon.ru (порт 11016)
2026-07-27 21:17:01,969 | INFO | ⏱️ Время проверки: 272.9 сек
2026-07-27 21:17:01,970 | INFO | 
--- RESULT: Found 103 live nodes ---
2026-07-27 21:17:01,970 | INFO | After dedup: 103
2026-07-27 21:17:01,982 | INFO | alive_archive.txt updated: 5000 nodes (limit 5000)
2026-07-27 21:17:01,982 | INFO | Subscription updated: /home/runner/work/sbornik/sbornik/subs/vless_001.txt
2026-07-27 21:17:01,982 | INFO | 
--- STATS BY PROTOCOL ---
2026-07-27 21:17:01,982 | INFO | reality: 52
2026-07-27 21:17:01,982 | INFO | grpc: 4
2026-07-27 21:17:01,982 | INFO | ws: 34
2026-07-27 21:17:01,983 | INFO | other: 13
2026-07-27 21:17:01,983 | INFO | 
--- TOP SNI STATS ---
2026-07-27 21:17:01,983 | INFO | api-maps.yandex.ru: 40 успешных мутаций
2026-07-27 21:17:01,983 | INFO | ozon.ru: 37 успешных мутаций
2026-07-27 21:17:01,983 | INFO | mail.ru: 32 успешных мутаций
2026-07-27 21:17:01,983 | INFO | ok.ru: 28 успешных мутаций
2026-07-27 21:17:01,983 | INFO | yandex.ru: 28 успешных мутаций
2026-07-27 21:17:01,983 | INFO | vk.com: 26 успешных мутаций
2026-07-27 21:17:01,983 | INFO | wildberries.ru: 25 успешных мутаций
2026-07-27 21:17:01,983 | INFO | dzen.ru: 2 успешных мутаций
2026-07-27 21:17:01,983 | INFO | rutube.ru: 1 успешных мутаций
2026-07-27 21:17:01,983 | INFO | cdn.x5.ru: 1 успешных мутаций
2026-07-27 21:17:01,983 | INFO | 💾 Статистика SNI сохранена
