2026-09-19 22:12:22,397 | INFO | 📊 Загружена статистика SNI: 26 доменов
2026-09-19 22:12:22,398 | INFO | === SING-BOX STATUS ===
2026-09-19 22:12:22,432 | INFO | sing-box version 1.14.1

Environment: go1.26.8 linux/amd64
Tags: with_gvisor,with_quic,with_dhcp,with_wireguard,with_utls,with_acme,with_clash_api,with_tailscale,with_ccm,with_ocm,with_cloudflared,with_naive_outbound,with_usbip,with_openvpn,with_openconnect,badlinkname,tfogo_checklinkname0,with_musl
Revision: 1ac1a339cb1223e9c70eae14c44411c75033c02d
CGO: enabled
2026-09-19 22:12:22,432 | INFO | 
--- STEP 1: FETCHING SOURCES ---
2026-09-19 22:12:22,478 | INFO | Loaded 53 lines from https://raw.githubusercontent.com/igareck/vpn-conf...
2026-09-19 22:12:22,547 | INFO | Loaded 0 lines from https://raw.githubusercontent.com/igareck/vpn-conf...
2026-09-19 22:12:22,591 | INFO | Loaded 5 lines from https://raw.githubusercontent.com/igareck/vpn-conf...
2026-09-19 22:12:22,631 | INFO | Loaded 15 lines from https://raw.githubusercontent.com/igareck/vpn-conf...
2026-09-19 22:12:22,674 | INFO | Loaded 58 lines from https://raw.githubusercontent.com/igareck/vpn-conf...
2026-09-19 22:12:22,717 | INFO | Loaded 157 lines from https://raw.githubusercontent.com/igareck/vpn-conf...
2026-09-19 22:12:22,775 | INFO | Loaded 141 lines from https://raw.githubusercontent.com/igareck/vpn-conf...
2026-09-19 22:12:22,861 | INFO | Loaded 23 lines from https://raw.githubusercontent.com/FLAT447/v2ray-li...
2026-09-19 22:12:22,862 | INFO | 
--- STEP 2: VALIDATION ---
2026-09-19 22:12:22,862 | INFO | Unique VLESS configs: 217
2026-09-19 22:12:22,882 | INFO | Archive updated: 10000 nodes (limit 10000)
2026-09-19 22:12:22,883 | INFO | 
--- STEP 3: LIVE CHECK (217 nodes, threads: 40) ---
2026-09-19 22:12:47,866 | INFO | ⏱️ Время проверки: 25.0 сек
2026-09-19 22:12:47,866 | INFO | 
--- RESULT: Found 106 live nodes ---
2026-09-19 22:12:47,866 | INFO | After dedup: 106
2026-09-19 22:12:47,879 | INFO | alive_archive.txt updated: 5000 nodes (limit 5000)
2026-09-19 22:12:47,879 | INFO | Subscription updated: /home/runner/work/sbornik/sbornik/subs/vless_001.txt
2026-09-19 22:12:47,880 | INFO | 
--- STATS BY PROTOCOL ---
2026-09-19 22:12:47,880 | INFO | reality: 91
2026-09-19 22:12:47,880 | INFO | tls: 3
2026-09-19 22:12:47,880 | INFO | ws: 12
2026-09-19 22:12:47,880 | INFO | 
--- TOP SNI STATS ---
2026-09-19 22:12:47,880 | INFO | api-maps.yandex.ru: 268 успешных мутаций
2026-09-19 22:12:47,880 | INFO | ozon.ru: 108 успешных мутаций
2026-09-19 22:12:47,880 | INFO | yandex.ru: 98 успешных мутаций
2026-09-19 22:12:47,880 | INFO | vk.com: 94 успешных мутаций
2026-09-19 22:12:47,880 | INFO | mail.ru: 90 успешных мутаций
2026-09-19 22:12:47,880 | INFO | wildberries.ru: 86 успешных мутаций
2026-09-19 22:12:47,880 | INFO | ok.ru: 72 успешных мутаций
2026-09-19 22:12:47,880 | INFO | storage.yandex.net: 16 успешных мутаций
2026-09-19 22:12:47,880 | INFO | dzen.ru: 9 успешных мутаций
2026-09-19 22:12:47,880 | INFO | rutube.ru: 8 успешных мутаций
2026-09-19 22:12:47,881 | INFO | 💾 Статистика SNI сохранена
