2026-08-04 17:50:13,535 | INFO | 📊 Загружена статистика SNI: 26 доменов
2026-08-04 17:50:13,535 | INFO | === SING-BOX STATUS ===
2026-08-04 17:50:13,543 | INFO | sing-box version 1.13.16

Environment: go1.25.12 linux/amd64
Tags: with_gvisor,with_quic,with_dhcp,with_wireguard,with_utls,with_acme,with_clash_api,with_tailscale,with_ccm,with_ocm,with_naive_outbound,badlinkname,tfogo_checklinkname0,with_musl
Revision: 17ec3c71af8ca946dc50bf0d927c39fc77322aec
CGO: enabled
2026-08-04 17:50:13,543 | INFO | 
--- STEP 1: FETCHING SOURCES ---
2026-08-04 17:50:13,598 | INFO | Loaded 64 lines from https://raw.githubusercontent.com/igareck/vpn-conf...
2026-08-04 17:50:13,732 | INFO | Loaded 0 lines from https://raw.githubusercontent.com/igareck/vpn-conf...
2026-08-04 17:50:13,812 | INFO | Loaded 3 lines from https://raw.githubusercontent.com/igareck/vpn-conf...
2026-08-04 17:50:13,886 | INFO | Loaded 23 lines from https://raw.githubusercontent.com/igareck/vpn-conf...
2026-08-04 17:50:13,915 | INFO | Loaded 64 lines from https://raw.githubusercontent.com/igareck/vpn-conf...
2026-08-04 17:50:13,978 | INFO | Loaded 129 lines from https://raw.githubusercontent.com/igareck/vpn-conf...
2026-08-04 17:50:14,102 | INFO | Loaded 153 lines from https://raw.githubusercontent.com/igareck/vpn-conf...
2026-08-04 17:50:14,272 | INFO | Loaded 377 lines from https://raw.githubusercontent.com/FLAT447/v2ray-li...
2026-08-04 17:50:14,272 | INFO | 
--- STEP 2: VALIDATION ---
2026-08-04 17:50:14,273 | INFO | Unique VLESS configs: 574
2026-08-04 17:50:14,302 | INFO | Archive updated: 10000 nodes (limit 10000)
2026-08-04 17:50:14,305 | INFO | 
--- STEP 3: LIVE CHECK (574 nodes, threads: 40) ---
2026-08-04 18:10:50,559 | INFO | [🎉 SNI WORKED] Нода ожила с SNI: dzen.ru (порт 11039)
2026-08-04 18:14:01,725 | INFO | ⏱️ Время проверки: 1427.4 сек
2026-08-04 18:14:01,725 | INFO | 
--- RESULT: Found 69 live nodes ---
2026-08-04 18:14:01,725 | INFO | After dedup: 69
2026-08-04 18:14:01,725 | INFO | Filled from archive (+31), total: 100
2026-08-04 18:14:01,737 | INFO | alive_archive.txt updated: 5000 nodes (limit 5000)
2026-08-04 18:14:01,738 | INFO | Subscription updated: /home/runner/work/sbornik/sbornik/subs/vless_001.txt
2026-08-04 18:14:01,738 | INFO | 
--- STATS BY PROTOCOL ---
2026-08-04 18:14:01,738 | INFO | reality: 57
2026-08-04 18:14:01,738 | INFO | ws: 43
2026-08-04 18:14:01,738 | INFO | 
--- TOP SNI STATS ---
2026-08-04 18:14:01,738 | INFO | api-maps.yandex.ru: 180 успешных мутаций
2026-08-04 18:14:01,738 | INFO | ozon.ru: 37 успешных мутаций
2026-08-04 18:14:01,738 | INFO | mail.ru: 32 успешных мутаций
2026-08-04 18:14:01,738 | INFO | ok.ru: 28 успешных мутаций
2026-08-04 18:14:01,738 | INFO | yandex.ru: 28 успешных мутаций
2026-08-04 18:14:01,738 | INFO | vk.com: 26 успешных мутаций
2026-08-04 18:14:01,739 | INFO | wildberries.ru: 25 успешных мутаций
2026-08-04 18:14:01,739 | INFO | dzen.ru: 7 успешных мутаций
2026-08-04 18:14:01,739 | INFO | rutube.ru: 3 успешных мутаций
2026-08-04 18:14:01,739 | INFO | cdn.x5.ru: 1 успешных мутаций
2026-08-04 18:14:01,739 | INFO | 💾 Статистика SNI сохранена
