2026-07-30 21:11:46,515 | INFO | 📊 Загружена статистика SNI: 26 доменов
2026-07-30 21:11:46,516 | INFO | === SING-BOX STATUS ===
2026-07-30 21:11:46,525 | INFO | sing-box version 1.13.15

Environment: go1.25.12 linux/amd64
Tags: with_gvisor,with_quic,with_dhcp,with_wireguard,with_utls,with_acme,with_clash_api,with_tailscale,with_ccm,with_ocm,with_naive_outbound,badlinkname,tfogo_checklinkname0,with_musl
Revision: 3708fa18766cda1f11b77f6ed9c7bd61688f17df
CGO: enabled
2026-07-30 21:11:46,525 | INFO | 
--- STEP 1: FETCHING SOURCES ---
2026-07-30 21:11:46,564 | INFO | Loaded 153 lines from https://raw.githubusercontent.com/igareck/vpn-conf...
2026-07-30 21:11:46,594 | INFO | Loaded 0 lines from https://raw.githubusercontent.com/igareck/vpn-conf...
2026-07-30 21:11:46,626 | INFO | Loaded 218 lines from https://raw.githubusercontent.com/igareck/vpn-conf...
2026-07-30 21:11:46,655 | INFO | Loaded 15 lines from https://raw.githubusercontent.com/igareck/vpn-conf...
2026-07-30 21:11:46,690 | INFO | Loaded 278 lines from https://raw.githubusercontent.com/igareck/vpn-conf...
2026-07-30 21:11:46,749 | INFO | Loaded 183 lines from https://raw.githubusercontent.com/igareck/vpn-conf...
2026-07-30 21:11:46,833 | INFO | Loaded 153 lines from https://raw.githubusercontent.com/igareck/vpn-conf...
2026-07-30 21:11:46,915 | INFO | Loaded 392 lines from https://raw.githubusercontent.com/FLAT447/v2ray-li...
2026-07-30 21:11:46,915 | INFO | 
--- STEP 2: VALIDATION ---
2026-07-30 21:11:46,917 | INFO | Unique VLESS configs: 806
2026-07-30 21:11:46,945 | INFO | Archive updated: 10000 nodes (limit 10000)
2026-07-30 21:11:46,950 | INFO | 
--- STEP 3: LIVE CHECK (806 nodes, threads: 40) ---
2026-07-30 21:12:44,184 | INFO | [🎉 SNI WORKED] Нода ожила с SNI: api-maps.yandex.ru (порт 11010)
2026-07-30 21:13:00,866 | INFO | [🎉 SNI WORKED] Нода ожила с SNI: api-maps.yandex.ru (порт 11018)
2026-07-30 21:13:16,417 | INFO | [🎉 SNI WORKED] Нода ожила с SNI: api-maps.yandex.ru (порт 11011)
2026-07-30 21:13:20,457 | INFO | [🎉 SNI WORKED] Нода ожила с SNI: api-maps.yandex.ru (порт 11027)
2026-07-30 21:13:32,381 | INFO | ⏱️ Время проверки: 105.4 сек
2026-07-30 21:13:32,382 | INFO | 
--- RESULT: Found 100 live nodes ---
2026-07-30 21:13:32,382 | INFO | After dedup: 100
2026-07-30 21:13:32,395 | INFO | alive_archive.txt updated: 5000 nodes (limit 5000)
2026-07-30 21:13:32,395 | INFO | Subscription updated: /home/runner/work/sbornik/sbornik/subs/vless_001.txt
2026-07-30 21:13:32,395 | INFO | 
--- STATS BY PROTOCOL ---
2026-07-30 21:13:32,396 | INFO | reality: 55
2026-07-30 21:13:32,396 | INFO | tls: 2
2026-07-30 21:13:32,396 | INFO | ws: 38
2026-07-30 21:13:32,396 | INFO | other: 5
2026-07-30 21:13:32,396 | INFO | 
--- TOP SNI STATS ---
2026-07-30 21:13:32,396 | INFO | api-maps.yandex.ru: 107 успешных мутаций
2026-07-30 21:13:32,396 | INFO | ozon.ru: 37 успешных мутаций
2026-07-30 21:13:32,396 | INFO | mail.ru: 32 успешных мутаций
2026-07-30 21:13:32,396 | INFO | ok.ru: 28 успешных мутаций
2026-07-30 21:13:32,396 | INFO | yandex.ru: 28 успешных мутаций
2026-07-30 21:13:32,396 | INFO | vk.com: 26 успешных мутаций
2026-07-30 21:13:32,396 | INFO | wildberries.ru: 25 успешных мутаций
2026-07-30 21:13:32,396 | INFO | rutube.ru: 2 успешных мутаций
2026-07-30 21:13:32,396 | INFO | dzen.ru: 2 успешных мутаций
2026-07-30 21:13:32,396 | INFO | cdn.x5.ru: 1 успешных мутаций
2026-07-30 21:13:32,397 | INFO | 💾 Статистика SNI сохранена
