2026-09-08 22:25:53,212 | INFO | 📊 Загружена статистика SNI: 26 доменов
2026-09-08 22:25:53,212 | INFO | === SING-BOX STATUS ===
2026-09-08 22:25:53,246 | INFO | sing-box version 1.14.0

Environment: go1.26.7 linux/amd64
Tags: with_gvisor,with_quic,with_dhcp,with_wireguard,with_utls,with_acme,with_clash_api,with_tailscale,with_ccm,with_ocm,with_cloudflared,with_naive_outbound,with_usbip,with_openvpn,with_openconnect,badlinkname,tfogo_checklinkname0,with_musl
Revision: 0b8995879f29a9b98ee027bc17b75e101445b238
CGO: enabled
2026-09-08 22:25:53,246 | INFO | 
--- STEP 1: FETCHING SOURCES ---
2026-09-08 22:25:53,327 | INFO | Loaded 81 lines from https://raw.githubusercontent.com/igareck/vpn-conf...
2026-09-08 22:25:53,469 | INFO | Loaded 0 lines from https://raw.githubusercontent.com/igareck/vpn-conf...
2026-09-08 22:25:53,616 | INFO | Loaded 25 lines from https://raw.githubusercontent.com/igareck/vpn-conf...
2026-09-08 22:25:53,779 | INFO | Loaded 3 lines from https://raw.githubusercontent.com/igareck/vpn-conf...
2026-09-08 22:25:53,855 | INFO | Loaded 81 lines from https://raw.githubusercontent.com/igareck/vpn-conf...
2026-09-08 22:25:54,038 | INFO | Loaded 71 lines from https://raw.githubusercontent.com/igareck/vpn-conf...
2026-09-08 22:25:54,199 | INFO | Loaded 91 lines from https://raw.githubusercontent.com/igareck/vpn-conf...
2026-09-08 22:25:54,402 | INFO | Loaded 85 lines from https://raw.githubusercontent.com/FLAT447/v2ray-li...
2026-09-08 22:25:54,403 | INFO | 
--- STEP 2: VALIDATION ---
2026-09-08 22:25:54,403 | INFO | Unique VLESS configs: 203
2026-09-08 22:25:54,433 | INFO | Archive updated: 10000 nodes (limit 10000)
2026-09-08 22:25:54,434 | INFO | 
--- STEP 3: LIVE CHECK (203 nodes, threads: 40) ---
2026-09-08 22:37:56,023 | INFO | ⏱️ Время проверки: 721.6 сек
2026-09-08 22:37:56,023 | INFO | 
--- RESULT: Found 62 live nodes ---
2026-09-08 22:37:56,023 | INFO | After dedup: 62
2026-09-08 22:37:56,023 | INFO | Filled from archive (+38), total: 100
2026-09-08 22:37:56,035 | INFO | alive_archive.txt updated: 5000 nodes (limit 5000)
2026-09-08 22:37:56,035 | INFO | Subscription updated: /home/runner/work/sbornik/sbornik/subs/vless_001.txt
2026-09-08 22:37:56,036 | INFO | 
--- STATS BY PROTOCOL ---
2026-09-08 22:37:56,036 | INFO | reality: 88
2026-09-08 22:37:56,036 | INFO | ws: 9
2026-09-08 22:37:56,036 | INFO | other: 3
2026-09-08 22:37:56,036 | INFO | 
--- TOP SNI STATS ---
2026-09-08 22:37:56,036 | INFO | api-maps.yandex.ru: 264 успешных мутаций
2026-09-08 22:37:56,036 | INFO | ozon.ru: 108 успешных мутаций
2026-09-08 22:37:56,036 | INFO | yandex.ru: 98 успешных мутаций
2026-09-08 22:37:56,036 | INFO | vk.com: 94 успешных мутаций
2026-09-08 22:37:56,036 | INFO | mail.ru: 90 успешных мутаций
2026-09-08 22:37:56,036 | INFO | wildberries.ru: 86 успешных мутаций
2026-09-08 22:37:56,036 | INFO | ok.ru: 72 успешных мутаций
2026-09-08 22:37:56,036 | INFO | storage.yandex.net: 16 успешных мутаций
2026-09-08 22:37:56,036 | INFO | dzen.ru: 9 успешных мутаций
2026-09-08 22:37:56,036 | INFO | rutube.ru: 8 успешных мутаций
2026-09-08 22:37:56,037 | INFO | 💾 Статистика SNI сохранена
