2026-09-03 22:22:23,719 | INFO | 📊 Загружена статистика SNI: 26 доменов
2026-09-03 22:22:23,719 | INFO | === SING-BOX STATUS ===
2026-09-03 22:22:23,750 | INFO | sing-box version 1.14.0

Environment: go1.26.7 linux/amd64
Tags: with_gvisor,with_quic,with_dhcp,with_wireguard,with_utls,with_acme,with_clash_api,with_tailscale,with_ccm,with_ocm,with_cloudflared,with_naive_outbound,with_usbip,with_openvpn,with_openconnect,badlinkname,tfogo_checklinkname0,with_musl
Revision: 0b8995879f29a9b98ee027bc17b75e101445b238
CGO: enabled
2026-09-03 22:22:23,750 | INFO | 
--- STEP 1: FETCHING SOURCES ---
2026-09-03 22:22:24,455 | INFO | Loaded 142 lines from https://raw.githubusercontent.com/igareck/vpn-conf...
2026-09-03 22:22:24,581 | INFO | Loaded 0 lines from https://raw.githubusercontent.com/igareck/vpn-conf...
2026-09-03 22:22:24,728 | INFO | Loaded 11 lines from https://raw.githubusercontent.com/igareck/vpn-conf...
2026-09-03 22:22:24,779 | INFO | Loaded 3 lines from https://raw.githubusercontent.com/igareck/vpn-conf...
2026-09-03 22:22:25,221 | INFO | Loaded 143 lines from https://raw.githubusercontent.com/igareck/vpn-conf...
2026-09-03 22:22:25,357 | INFO | Loaded 50 lines from https://raw.githubusercontent.com/igareck/vpn-conf...
2026-09-03 22:22:25,467 | INFO | Loaded 93 lines from https://raw.githubusercontent.com/igareck/vpn-conf...
2026-09-03 22:22:25,736 | INFO | Loaded 2118 lines from https://raw.githubusercontent.com/FLAT447/v2ray-li...
2026-09-03 22:22:25,736 | INFO | 
--- STEP 2: VALIDATION ---
2026-09-03 22:22:25,742 | INFO | Unique VLESS configs: 2231
2026-09-03 22:22:25,774 | INFO | Archive updated: 10000 nodes (limit 10000)
2026-09-03 22:22:25,796 | INFO | 
--- STEP 3: LIVE CHECK (2231 nodes, threads: 40) ---
2026-09-03 23:15:17,254 | INFO | ⏱️ Время проверки: 3171.5 сек
2026-09-03 23:15:17,254 | INFO | 
--- RESULT: Found 90 live nodes ---
2026-09-03 23:15:17,254 | INFO | After dedup: 90
2026-09-03 23:15:17,254 | INFO | Filled from archive (+10), total: 100
2026-09-03 23:15:17,265 | INFO | alive_archive.txt updated: 5000 nodes (limit 5000)
2026-09-03 23:15:17,266 | INFO | Subscription updated: /home/runner/work/sbornik/sbornik/subs/vless_001.txt
2026-09-03 23:15:17,266 | INFO | 
--- STATS BY PROTOCOL ---
2026-09-03 23:15:17,266 | INFO | reality: 23
2026-09-03 23:15:17,266 | INFO | tls: 14
2026-09-03 23:15:17,266 | INFO | ws: 57
2026-09-03 23:15:17,266 | INFO | other: 6
2026-09-03 23:15:17,266 | INFO | 
--- TOP SNI STATS ---
2026-09-03 23:15:17,266 | INFO | api-maps.yandex.ru: 262 успешных мутаций
2026-09-03 23:15:17,266 | INFO | ozon.ru: 108 успешных мутаций
2026-09-03 23:15:17,266 | INFO | yandex.ru: 98 успешных мутаций
2026-09-03 23:15:17,266 | INFO | vk.com: 92 успешных мутаций
2026-09-03 23:15:17,266 | INFO | mail.ru: 90 успешных мутаций
2026-09-03 23:15:17,266 | INFO | wildberries.ru: 86 успешных мутаций
2026-09-03 23:15:17,266 | INFO | ok.ru: 72 успешных мутаций
2026-09-03 23:15:17,266 | INFO | storage.yandex.net: 16 успешных мутаций
2026-09-03 23:15:17,266 | INFO | rutube.ru: 8 успешных мутаций
2026-09-03 23:15:17,266 | INFO | dzen.ru: 8 успешных мутаций
2026-09-03 23:15:17,267 | INFO | 💾 Статистика SNI сохранена
