2026-09-12 21:58:41,384 | INFO | 📊 Загружена статистика SNI: 26 доменов
2026-09-12 21:58:41,384 | INFO | === SING-BOX STATUS ===
2026-09-12 21:58:41,411 | INFO | sing-box version 1.14.0

Environment: go1.26.7 linux/amd64
Tags: with_gvisor,with_quic,with_dhcp,with_wireguard,with_utls,with_acme,with_clash_api,with_tailscale,with_ccm,with_ocm,with_cloudflared,with_naive_outbound,with_usbip,with_openvpn,with_openconnect,badlinkname,tfogo_checklinkname0,with_musl
Revision: 0b8995879f29a9b98ee027bc17b75e101445b238
CGO: enabled
2026-09-12 21:58:41,411 | INFO | 
--- STEP 1: FETCHING SOURCES ---
2026-09-12 21:58:41,465 | INFO | Loaded 85 lines from https://raw.githubusercontent.com/igareck/vpn-conf...
2026-09-12 21:58:41,507 | INFO | Loaded 0 lines from https://raw.githubusercontent.com/igareck/vpn-conf...
2026-09-12 21:58:41,551 | INFO | Loaded 16 lines from https://raw.githubusercontent.com/igareck/vpn-conf...
2026-09-12 21:58:41,574 | INFO | Loaded 9 lines from https://raw.githubusercontent.com/igareck/vpn-conf...
2026-09-12 21:58:41,967 | INFO | Loaded 85 lines from https://raw.githubusercontent.com/igareck/vpn-conf...
2026-09-12 21:58:42,097 | INFO | Loaded 142 lines from https://raw.githubusercontent.com/igareck/vpn-conf...
2026-09-12 21:58:42,233 | INFO | Loaded 107 lines from https://raw.githubusercontent.com/igareck/vpn-conf...
2026-09-12 21:58:42,469 | INFO | Loaded 172 lines from https://raw.githubusercontent.com/FLAT447/v2ray-li...
2026-09-12 21:58:42,469 | INFO | 
--- STEP 2: VALIDATION ---
2026-09-12 21:58:42,470 | INFO | Unique VLESS configs: 371
2026-09-12 21:58:42,493 | INFO | Archive updated: 10000 nodes (limit 10000)
2026-09-12 21:58:42,495 | INFO | 
--- STEP 3: LIVE CHECK (371 nodes, threads: 40) ---
2026-09-12 22:11:16,513 | INFO | ⏱️ Время проверки: 754.0 сек
2026-09-12 22:11:16,513 | INFO | 
--- RESULT: Found 78 live nodes ---
2026-09-12 22:11:16,513 | INFO | After dedup: 78
2026-09-12 22:11:16,514 | INFO | Filled from archive (+22), total: 100
2026-09-12 22:11:16,522 | INFO | alive_archive.txt updated: 5000 nodes (limit 5000)
2026-09-12 22:11:16,523 | INFO | Subscription updated: /home/runner/work/sbornik/sbornik/subs/vless_001.txt
2026-09-12 22:11:16,523 | INFO | 
--- STATS BY PROTOCOL ---
2026-09-12 22:11:16,523 | INFO | reality: 58
2026-09-12 22:11:16,523 | INFO | tls: 40
2026-09-12 22:11:16,523 | INFO | other: 2
2026-09-12 22:11:16,523 | INFO | 
--- TOP SNI STATS ---
2026-09-12 22:11:16,523 | INFO | api-maps.yandex.ru: 268 успешных мутаций
2026-09-12 22:11:16,523 | INFO | ozon.ru: 108 успешных мутаций
2026-09-12 22:11:16,523 | INFO | yandex.ru: 98 успешных мутаций
2026-09-12 22:11:16,523 | INFO | vk.com: 94 успешных мутаций
2026-09-12 22:11:16,523 | INFO | mail.ru: 90 успешных мутаций
2026-09-12 22:11:16,523 | INFO | wildberries.ru: 86 успешных мутаций
2026-09-12 22:11:16,523 | INFO | ok.ru: 72 успешных мутаций
2026-09-12 22:11:16,523 | INFO | storage.yandex.net: 16 успешных мутаций
2026-09-12 22:11:16,523 | INFO | dzen.ru: 9 успешных мутаций
2026-09-12 22:11:16,523 | INFO | rutube.ru: 8 успешных мутаций
2026-09-12 22:11:16,523 | INFO | 💾 Статистика SNI сохранена
