2026-10-06 23:38:25,413 | INFO | === SING-BOX STATUS ===
2026-10-06 23:38:25,448 | INFO | sing-box version 1.14.2

Environment: go1.26.8 linux/amd64
Tags: with_gvisor,with_quic,with_dhcp,with_wireguard,with_utls,with_acme,with_clash_api,with_tailscale,with_ccm,with_ocm,with_cloudflared,with_naive_outbound,with_usbip,with_openvpn,with_openconnect,badlinkname,tfogo_checklinkname0,with_musl
Revision: af6e64c3b69e6132ebaee0e1a3d24e93903f6709
CGO: enabled
2026-10-06 23:38:25,448 | INFO | 
--- STEP 1: FETCHING SOURCES ---
2026-10-06 23:38:25,592 | INFO | Loaded 120 lines from https://raw.githubusercontent.com/igareck/vpn-configs-for-russia/refs/heads/main...
2026-10-06 23:38:25,747 | INFO | Loaded 22 lines from https://raw.githubusercontent.com/igareck/vpn-configs-for-russia/refs/heads/main...
2026-10-06 23:38:25,887 | INFO | Loaded 3 lines from https://raw.githubusercontent.com/igareck/vpn-configs-for-russia/refs/heads/main...
2026-10-06 23:38:26,020 | INFO | Loaded 125 lines from https://raw.githubusercontent.com/igareck/vpn-configs-for-russia/refs/heads/main...
2026-10-06 23:38:26,101 | INFO | Loaded 135 lines from https://raw.githubusercontent.com/igareck/vpn-configs-for-russia/main/BLACK_VLES...
2026-10-06 23:38:26,177 | INFO | Loaded 145 lines from https://raw.githubusercontent.com/igareck/vpn-configs-for-russia/main/BLACK_VLES...
2026-10-06 23:38:26,253 | INFO | Loaded 130 lines from https://raw.githubusercontent.com/FLAT447/v2ray-lists/main/WHITE_LITE.txt...
2026-10-06 23:38:26,253 | INFO | 
--- STEP 2: VALIDATION ---
2026-10-06 23:38:26,254 | INFO | Unique VLESS configs: 355
2026-10-06 23:38:26,255 | INFO | archive.txt loaded: 472 nodes
2026-10-06 23:38:26,255 | INFO | 
--- ARCHIVE TCP CLEANUP (472 nodes, threads: 40) ---
2026-10-06 23:38:29,742 | INFO | ARCHIVE TCP CLEANUP done: alive=460, removed=12, time=3.5с
2026-10-06 23:38:29,742 | INFO | 
--- STEP 3: LIVE CHECK (355 nodes, threads: 40, min_sites_ok=2) ---
2026-10-06 23:39:23,718 | INFO | ⏱️ Время проверки: 54.0 сек
2026-10-06 23:39:23,718 | INFO | 
--- RESULT: Found 104 live nodes ---
2026-10-06 23:39:23,720 | INFO | archive.txt updated: 547 nodes
2026-10-06 23:39:23,721 | INFO | Subscription updated: /home/runner/work/sbornik/sbornik/subs/vless_001.txt (100 nodes)
2026-10-06 23:39:23,721 | INFO | 
--- STATS BY TRANSPORT (live_total / dead_total | live_last / dead_last) ---
2026-10-06 23:39:23,721 | INFO | tcp: 1378 / 1557 | 76 / 51
2026-10-06 23:39:23,721 | INFO | ws: 814 / 1476 | 18 / 42
2026-10-06 23:39:23,721 | INFO | grpc: 23 / 596 | 10 / 62
2026-10-06 23:39:23,721 | INFO | xhttp: 0 / 783 | 0 / 108
2026-10-06 23:39:23,721 | INFO | 
--- STATS BY SECURITY (live_total / dead_total | live_last / dead_last) ---
2026-10-06 23:39:23,721 | INFO | none: 165 / 335 | 9 / 3
2026-10-06 23:39:23,721 | INFO | tls: 1095 / 1929 | 14 / 142
2026-10-06 23:39:23,721 | INFO | reality: 955 / 2148 | 81 / 118
2026-10-06 23:39:23,722 | INFO | 💾 Статистика источников сохранена: source_stats.json
2026-10-06 23:39:23,722 | INFO | 💾 Статистика протоколов сохранена: protocol_stats.json
2026-10-06 23:39:23,722 | INFO | 
============ ИТОГ ЗАПУСКА ============
Живых из источников:          104
Оживлено из архива:           0
Удалено из архива (мёртвых):  12
Итого в подписке:             100
Итого в архиве:               547

--- ДЕТАЛИЗАЦИЯ ОШИБОК ---
dead_tcp (TCP не открылся):    52
dead_config (битый конфиг):    0
dead_start (sing-box упал):    107
dead_sites (мало сайтов):      92
dead_parse (URI не парсится):  0
======================================
2026-10-06 23:39:23,722 | INFO | 
--- ПРОВЕРКА САЙТОВ (за текущий запуск) ---
2026-10-06 23:39:23,723 | INFO | https://telegram.org: 95/196 (48.5%)
2026-10-06 23:39:23,723 | INFO | https://www.instagram.com: 107/196 (54.6%)
2026-10-06 23:39:23,723 | INFO | https://www.youtube.com: 108/196 (55.1%)
2026-10-06 23:39:23,723 | INFO | 💾 Статистика запуска сохранена: run_stats.json
