2026-09-03 15:58:42,227 | INFO | 📊 Загружена статистика SNI: 26 доменов
2026-09-03 15:58:42,227 | INFO | === SING-BOX STATUS ===
2026-09-03 15:58:42,262 | INFO | sing-box version 1.14.0

Environment: go1.26.7 linux/amd64
Tags: with_gvisor,with_quic,with_dhcp,with_wireguard,with_utls,with_acme,with_clash_api,with_tailscale,with_ccm,with_ocm,with_cloudflared,with_naive_outbound,with_usbip,with_openvpn,with_openconnect,badlinkname,tfogo_checklinkname0,with_musl
Revision: 0b8995879f29a9b98ee027bc17b75e101445b238
CGO: enabled
2026-09-03 15:58:42,263 | INFO | 
--- STEP 1: FETCHING SOURCES ---
2026-09-03 15:58:42,307 | INFO | Loaded 16 lines from https://raw.githubusercontent.com/igareck/vpn-conf...
2026-09-03 15:58:42,371 | INFO | Loaded 0 lines from https://raw.githubusercontent.com/igareck/vpn-conf...
2026-09-03 15:58:42,402 | INFO | Loaded 3 lines from https://raw.githubusercontent.com/igareck/vpn-conf...
2026-09-03 15:58:42,435 | INFO | Loaded 3 lines from https://raw.githubusercontent.com/igareck/vpn-conf...
2026-09-03 15:58:42,475 | INFO | Loaded 17 lines from https://raw.githubusercontent.com/igareck/vpn-conf...
2026-09-03 15:58:42,507 | INFO | Loaded 56 lines from https://raw.githubusercontent.com/igareck/vpn-conf...
2026-09-03 15:58:42,538 | INFO | Loaded 113 lines from https://raw.githubusercontent.com/igareck/vpn-conf...
2026-09-03 15:58:42,661 | INFO | Loaded 1874 lines from https://raw.githubusercontent.com/FLAT447/v2ray-li...
2026-09-03 15:58:42,661 | INFO | 
--- STEP 2: VALIDATION ---
2026-09-03 15:58:42,666 | INFO | Unique VLESS configs: 1881
2026-09-03 15:58:42,699 | INFO | Archive updated: 10000 nodes (limit 10000)
2026-09-03 15:58:42,715 | INFO | 
--- STEP 3: LIVE CHECK (1881 nodes, threads: 40) ---
2026-09-03 16:34:44,924 | INFO | ⏱️ Время проверки: 2162.2 сек
2026-09-03 16:34:44,924 | INFO | 
--- RESULT: Found 53 live nodes ---
2026-09-03 16:34:44,924 | INFO | After dedup: 53
2026-09-03 16:34:44,924 | INFO | Filled from archive (+47), total: 100
2026-09-03 16:34:44,937 | INFO | alive_archive.txt updated: 5000 nodes (limit 5000)
2026-09-03 16:34:44,938 | INFO | Subscription updated: /home/runner/work/sbornik/sbornik/subs/vless_001.txt
2026-09-03 16:34:44,938 | INFO | 
--- STATS BY PROTOCOL ---
2026-09-03 16:34:44,938 | INFO | reality: 10
2026-09-03 16:34:44,938 | INFO | tls: 35
2026-09-03 16:34:44,938 | INFO | ws: 50
2026-09-03 16:34:44,938 | INFO | other: 5
2026-09-03 16:34:44,938 | INFO | 
--- TOP SNI STATS ---
2026-09-03 16:34:44,938 | INFO | api-maps.yandex.ru: 262 успешных мутаций
2026-09-03 16:34:44,938 | INFO | ozon.ru: 108 успешных мутаций
2026-09-03 16:34:44,938 | INFO | yandex.ru: 98 успешных мутаций
2026-09-03 16:34:44,938 | INFO | vk.com: 92 успешных мутаций
2026-09-03 16:34:44,939 | INFO | mail.ru: 90 успешных мутаций
2026-09-03 16:34:44,939 | INFO | wildberries.ru: 86 успешных мутаций
2026-09-03 16:34:44,939 | INFO | ok.ru: 72 успешных мутаций
2026-09-03 16:34:44,939 | INFO | storage.yandex.net: 16 успешных мутаций
2026-09-03 16:34:44,939 | INFO | rutube.ru: 8 успешных мутаций
2026-09-03 16:34:44,939 | INFO | dzen.ru: 8 успешных мутаций
2026-09-03 16:34:44,939 | INFO | 💾 Статистика SNI сохранена
